/home/impulse/wang2/msa/.mmsa-reference/env/shim/transformers/deepspeed.py:24: FutureWarning: transformers.deepspeed module is deprecated and will be removed in a future version. Please import deepspeed modules directly from transformers.integrations
  warnings.warn(
/home/impulse/wang2/msa/.venv/lib/python3.12/site-packages/torch/__init__.py:1323: UserWarning: torch.set_default_tensor_type() is deprecated as of PyTorch 2.1, please use torch.set_default_dtype() and torch.set_default_device() as alternatives. (Triggered internally at /pytorch/torch/csrc/tensor/python_tensor.cpp:434.)
  _C._set_default_tensor_type(t)
Start loading the data....
loading file vocab.txt from cache at /home/impulse/.cache/huggingface/hub/models--bert-base-uncased/snapshots/86b5e0934494bd15c9632b12f734a8a67f723594/vocab.txt
loading file added_tokens.json from cache at None
loading file special_tokens_map.json from cache at None
loading file tokenizer_config.json from cache at /home/impulse/.cache/huggingface/hub/models--bert-base-uncased/snapshots/86b5e0934494bd15c9632b12f734a8a67f723594/tokenizer_config.json
loading file tokenizer.json from cache at /home/impulse/.cache/huggingface/hub/models--bert-base-uncased/snapshots/86b5e0934494bd15c9632b12f734a8a67f723594/tokenizer.json
loading configuration file config.json from cache at /home/impulse/.cache/huggingface/hub/models--bert-base-uncased/snapshots/86b5e0934494bd15c9632b12f734a8a67f723594/config.json
Model config BertConfig {
  "_name_or_path": "bert-base-uncased",
  "architectures": [
    "BertForMaskedLM"
  ],
  "attention_probs_dropout_prob": 0.1,
  "classifier_dropout": null,
  "gradient_checkpointing": false,
  "hidden_act": "gelu",
  "hidden_dropout_prob": 0.1,
  "hidden_size": 768,
  "initializer_range": 0.02,
  "intermediate_size": 3072,
  "layer_norm_eps": 1e-12,
  "max_position_embeddings": 512,
  "model_type": "bert",
  "num_attention_heads": 12,
  "num_hidden_layers": 12,
  "pad_token_id": 0,
  "position_embedding_type": "absolute",
  "transformers_version": "4.44.2",
  "type_vocab_size": 2,
  "use_cache": true,
  "vocab_size": 30522
}

/home/impulse/wang2/msa/.mmsa-reference/env/shim/transformers/tokenization_utils_base.py:1601: FutureWarning: `clean_up_tokenization_spaces` was not set. It will be set to `True` by default. This behavior will be depracted in transformers v4.45, and will be then set to `False` by default. For more details check this issue: https://github.com/huggingface/transformers/issues/31884
  warnings.warn(
train
Training data loaded!
loading file vocab.txt from cache at /home/impulse/.cache/huggingface/hub/models--bert-base-uncased/snapshots/86b5e0934494bd15c9632b12f734a8a67f723594/vocab.txt
loading file added_tokens.json from cache at None
loading file special_tokens_map.json from cache at None
loading file tokenizer_config.json from cache at /home/impulse/.cache/huggingface/hub/models--bert-base-uncased/snapshots/86b5e0934494bd15c9632b12f734a8a67f723594/tokenizer_config.json
loading file tokenizer.json from cache at /home/impulse/.cache/huggingface/hub/models--bert-base-uncased/snapshots/86b5e0934494bd15c9632b12f734a8a67f723594/tokenizer.json
loading configuration file config.json from cache at /home/impulse/.cache/huggingface/hub/models--bert-base-uncased/snapshots/86b5e0934494bd15c9632b12f734a8a67f723594/config.json
Model config BertConfig {
  "_name_or_path": "bert-base-uncased",
  "architectures": [
    "BertForMaskedLM"
  ],
  "attention_probs_dropout_prob": 0.1,
  "classifier_dropout": null,
  "gradient_checkpointing": false,
  "hidden_act": "gelu",
  "hidden_dropout_prob": 0.1,
  "hidden_size": 768,
  "initializer_range": 0.02,
  "intermediate_size": 3072,
  "layer_norm_eps": 1e-12,
  "max_position_embeddings": 512,
  "model_type": "bert",
  "num_attention_heads": 12,
  "num_hidden_layers": 12,
  "pad_token_id": 0,
  "position_embedding_type": "absolute",
  "transformers_version": "4.44.2",
  "type_vocab_size": 2,
  "use_cache": true,
  "vocab_size": 30522
}

valid
Validation data loaded!
loading file vocab.txt from cache at /home/impulse/.cache/huggingface/hub/models--bert-base-uncased/snapshots/86b5e0934494bd15c9632b12f734a8a67f723594/vocab.txt
loading file added_tokens.json from cache at None
loading file special_tokens_map.json from cache at None
loading file tokenizer_config.json from cache at /home/impulse/.cache/huggingface/hub/models--bert-base-uncased/snapshots/86b5e0934494bd15c9632b12f734a8a67f723594/tokenizer_config.json
loading file tokenizer.json from cache at /home/impulse/.cache/huggingface/hub/models--bert-base-uncased/snapshots/86b5e0934494bd15c9632b12f734a8a67f723594/tokenizer.json
loading configuration file config.json from cache at /home/impulse/.cache/huggingface/hub/models--bert-base-uncased/snapshots/86b5e0934494bd15c9632b12f734a8a67f723594/config.json
Model config BertConfig {
  "_name_or_path": "bert-base-uncased",
  "architectures": [
    "BertForMaskedLM"
  ],
  "attention_probs_dropout_prob": 0.1,
  "classifier_dropout": null,
  "gradient_checkpointing": false,
  "hidden_act": "gelu",
  "hidden_dropout_prob": 0.1,
  "hidden_size": 768,
  "initializer_range": 0.02,
  "intermediate_size": 3072,
  "layer_norm_eps": 1e-12,
  "max_position_embeddings": 512,
  "model_type": "bert",
  "num_attention_heads": 12,
  "num_hidden_layers": 12,
  "pad_token_id": 0,
  "position_embedding_type": "absolute",
  "transformers_version": "4.44.2",
  "type_vocab_size": 2,
  "use_cache": true,
  "vocab_size": 30522
}

test
Test data loaded!
Finish loading the data....
loading configuration file config.json from cache at /home/impulse/.cache/huggingface/hub/models--bert-base-uncased/snapshots/86b5e0934494bd15c9632b12f734a8a67f723594/config.json
Model config BertConfig {
  "architectures": [
    "BertForMaskedLM"
  ],
  "attention_probs_dropout_prob": 0.1,
  "classifier_dropout": null,
  "gradient_checkpointing": false,
  "hidden_act": "gelu",
  "hidden_dropout_prob": 0.1,
  "hidden_size": 768,
  "initializer_range": 0.02,
  "intermediate_size": 3072,
  "layer_norm_eps": 1e-12,
  "max_position_embeddings": 512,
  "model_type": "bert",
  "num_attention_heads": 12,
  "num_hidden_layers": 12,
  "pad_token_id": 0,
  "position_embedding_type": "absolute",
  "transformers_version": "4.44.2",
  "type_vocab_size": 2,
  "use_cache": true,
  "vocab_size": 30522
}

loading weights file model.safetensors from cache at /home/impulse/.cache/huggingface/hub/models--bert-base-uncased/snapshots/86b5e0934494bd15c9632b12f734a8a67f723594/model.safetensors
A pretrained model of type `BertModel` contains parameters that have been renamed internally (a few are listed below but more are present in the model):
* `bert.embeddings.LayerNorm.gamma` -> `bert.embeddings.LayerNorm.weight`
* `bert.encoder.layer.0.attention.output.LayerNorm.gamma` -> `{'bert.embeddings.LayerNorm.gamma': 'bert.embeddings.LayerNorm.weight', 'bert.encoder.layer.0.attention.output.LayerNorm.gamma': {...}, 'bert.encoder.layer.0.output.LayerNorm.gamma': {...}, 'bert.encoder.layer.1.attention.output.LayerNorm.gamma': {...}, 'bert.encoder.layer.1.output.LayerNorm.gamma': {...}, 'bert.encoder.layer.10.attention.output.LayerNorm.gamma': {...}, 'bert.encoder.layer.10.output.LayerNorm.gamma': {...}, 'bert.encoder.layer.11.attention.output.LayerNorm.gamma': {...}, 'bert.encoder.layer.11.output.LayerNorm.gamma': {...}, 'bert.encoder.layer.2.attention.output.LayerNorm.gamma': {...}, 'bert.encoder.layer.2.output.LayerNorm.gamma': {...}, 'bert.encoder.layer.3.attention.output.LayerNorm.gamma': {...}, 'bert.encoder.layer.3.output.LayerNorm.gamma': {...}, 'bert.encoder.layer.4.attention.output.LayerNorm.gamma': {...}, 'bert.encoder.layer.4.output.LayerNorm.gamma': {...}, 'bert.encoder.layer.5.attention.output.LayerNorm.gamma': {...}, 'bert.encoder.layer.5.output.LayerNorm.gamma': {...}, 'bert.encoder.layer.6.attention.output.LayerNorm.gamma': {...}, 'bert.encoder.layer.6.output.LayerNorm.gamma': {...}, 'bert.encoder.layer.7.attention.output.LayerNorm.gamma': {...}, 'bert.encoder.layer.7.output.LayerNorm.gamma': {...}, 'bert.encoder.layer.8.attention.output.LayerNorm.gamma': {...}, 'bert.encoder.layer.8.output.LayerNorm.gamma': {...}, 'bert.encoder.layer.9.attention.output.LayerNorm.gamma': {...}, 'bert.encoder.layer.9.output.LayerNorm.gamma': {...}, 'cls.predictions.transform.LayerNorm.gamma': {...}}`
* `bert.encoder.layer.0.output.LayerNorm.gamma` -> `{'bert.embeddings.LayerNorm.gamma': 'bert.embeddings.LayerNorm.weight', 'bert.encoder.layer.0.attention.output.LayerNorm.gamma': {...}, 'bert.encoder.layer.0.output.LayerNorm.gamma': {...}, 'bert.encoder.layer.1.attention.output.LayerNorm.gamma': {...}, 'bert.encoder.layer.1.output.LayerNorm.gamma': {...}, 'bert.encoder.layer.10.attention.output.LayerNorm.gamma': {...}, 'bert.encoder.layer.10.output.LayerNorm.gamma': {...}, 'bert.encoder.layer.11.attention.output.LayerNorm.gamma': {...}, 'bert.encoder.layer.11.output.LayerNorm.gamma': {...}, 'bert.encoder.layer.2.attention.output.LayerNorm.gamma': {...}, 'bert.encoder.layer.2.output.LayerNorm.gamma': {...}, 'bert.encoder.layer.3.attention.output.LayerNorm.gamma': {...}, 'bert.encoder.layer.3.output.LayerNorm.gamma': {...}, 'bert.encoder.layer.4.attention.output.LayerNorm.gamma': {...}, 'bert.encoder.layer.4.output.LayerNorm.gamma': {...}, 'bert.encoder.layer.5.attention.output.LayerNorm.gamma': {...}, 'bert.encoder.layer.5.output.LayerNorm.gamma': {...}, 'bert.encoder.layer.6.attention.output.LayerNorm.gamma': {...}, 'bert.encoder.layer.6.output.LayerNorm.gamma': {...}, 'bert.encoder.layer.7.attention.output.LayerNorm.gamma': {...}, 'bert.encoder.layer.7.output.LayerNorm.gamma': {...}, 'bert.encoder.layer.8.attention.output.LayerNorm.gamma': {...}, 'bert.encoder.layer.8.output.LayerNorm.gamma': {...}, 'bert.encoder.layer.9.attention.output.LayerNorm.gamma': {...}, 'bert.encoder.layer.9.output.LayerNorm.gamma': {...}, 'cls.predictions.transform.LayerNorm.gamma': {...}}`
* `bert.encoder.layer.1.attention.output.LayerNorm.gamma` -> `{'bert.embeddings.LayerNorm.gamma': 'bert.embeddings.LayerNorm.weight', 'bert.encoder.layer.0.attention.output.LayerNorm.gamma': {...}, 'bert.encoder.layer.0.output.LayerNorm.gamma': {...}, 'bert.encoder.layer.1.attention.output.LayerNorm.gamma': {...}, 'bert.encoder.layer.1.output.LayerNorm.gamma': {...}, 'bert.encoder.layer.10.attention.output.LayerNorm.gamma': {...}, 'bert.encoder.layer.10.output.LayerNorm.gamma': {...}, 'bert.encoder.layer.11.attention.output.LayerNorm.gamma': {...}, 'bert.encoder.layer.11.output.LayerNorm.gamma': {...}, 'bert.encoder.layer.2.attention.output.LayerNorm.gamma': {...}, 'bert.encoder.layer.2.output.LayerNorm.gamma': {...}, 'bert.encoder.layer.3.attention.output.LayerNorm.gamma': {...}, 'bert.encoder.layer.3.output.LayerNorm.gamma': {...}, 'bert.encoder.layer.4.attention.output.LayerNorm.gamma': {...}, 'bert.encoder.layer.4.output.LayerNorm.gamma': {...}, 'bert.encoder.layer.5.attention.output.LayerNorm.gamma': {...}, 'bert.encoder.layer.5.output.LayerNorm.gamma': {...}, 'bert.encoder.layer.6.attention.output.LayerNorm.gamma': {...}, 'bert.encoder.layer.6.output.LayerNorm.gamma': {...}, 'bert.encoder.layer.7.attention.output.LayerNorm.gamma': {...}, 'bert.encoder.layer.7.output.LayerNorm.gamma': {...}, 'bert.encoder.layer.8.attention.output.LayerNorm.gamma': {...}, 'bert.encoder.layer.8.output.LayerNorm.gamma': {...}, 'bert.encoder.layer.9.attention.output.LayerNorm.gamma': {...}, 'bert.encoder.layer.9.output.LayerNorm.gamma': {...}, 'cls.predictions.transform.LayerNorm.gamma': {...}}`
* `bert.encoder.layer.1.output.LayerNorm.gamma` -> `{'bert.embeddings.LayerNorm.gamma': 'bert.embeddings.LayerNorm.weight', 'bert.encoder.layer.0.attention.output.LayerNorm.gamma': {...}, 'bert.encoder.layer.0.output.LayerNorm.gamma': {...}, 'bert.encoder.layer.1.attention.output.LayerNorm.gamma': {...}, 'bert.encoder.layer.1.output.LayerNorm.gamma': {...}, 'bert.encoder.layer.10.attention.output.LayerNorm.gamma': {...}, 'bert.encoder.layer.10.output.LayerNorm.gamma': {...}, 'bert.encoder.layer.11.attention.output.LayerNorm.gamma': {...}, 'bert.encoder.layer.11.output.LayerNorm.gamma': {...}, 'bert.encoder.layer.2.attention.output.LayerNorm.gamma': {...}, 'bert.encoder.layer.2.output.LayerNorm.gamma': {...}, 'bert.encoder.layer.3.attention.output.LayerNorm.gamma': {...}, 'bert.encoder.layer.3.output.LayerNorm.gamma': {...}, 'bert.encoder.layer.4.attention.output.LayerNorm.gamma': {...}, 'bert.encoder.layer.4.output.LayerNorm.gamma': {...}, 'bert.encoder.layer.5.attention.output.LayerNorm.gamma': {...}, 'bert.encoder.layer.5.output.LayerNorm.gamma': {...}, 'bert.encoder.layer.6.attention.output.LayerNorm.gamma': {...}, 'bert.encoder.layer.6.output.LayerNorm.gamma': {...}, 'bert.encoder.layer.7.attention.output.LayerNorm.gamma': {...}, 'bert.encoder.layer.7.output.LayerNorm.gamma': {...}, 'bert.encoder.layer.8.attention.output.LayerNorm.gamma': {...}, 'bert.encoder.layer.8.output.LayerNorm.gamma': {...}, 'bert.encoder.layer.9.attention.output.LayerNorm.gamma': {...}, 'bert.encoder.layer.9.output.LayerNorm.gamma': {...}, 'cls.predictions.transform.LayerNorm.gamma': {...}}`
* `bert.encoder.layer.10.attention.output.LayerNorm.gamma` -> `{'bert.embeddings.LayerNorm.gamma': 'bert.embeddings.LayerNorm.weight', 'bert.encoder.layer.0.attention.output.LayerNorm.gamma': {...}, 'bert.encoder.layer.0.output.LayerNorm.gamma': {...}, 'bert.encoder.layer.1.attention.output.LayerNorm.gamma': {...}, 'bert.encoder.layer.1.output.LayerNorm.gamma': {...}, 'bert.encoder.layer.10.attention.output.LayerNorm.gamma': {...}, 'bert.encoder.layer.10.output.LayerNorm.gamma': {...}, 'bert.encoder.layer.11.attention.output.LayerNorm.gamma': {...}, 'bert.encoder.layer.11.output.LayerNorm.gamma': {...}, 'bert.encoder.layer.2.attention.output.LayerNorm.gamma': {...}, 'bert.encoder.layer.2.output.LayerNorm.gamma': {...}, 'bert.encoder.layer.3.attention.output.LayerNorm.gamma': {...}, 'bert.encoder.layer.3.output.LayerNorm.gamma': {...}, 'bert.encoder.layer.4.attention.output.LayerNorm.gamma': {...}, 'bert.encoder.layer.4.output.LayerNorm.gamma': {...}, 'bert.encoder.layer.5.attention.output.LayerNorm.gamma': {...}, 'bert.encoder.layer.5.output.LayerNorm.gamma': {...}, 'bert.encoder.layer.6.attention.output.LayerNorm.gamma': {...}, 'bert.encoder.layer.6.output.LayerNorm.gamma': {...}, 'bert.encoder.layer.7.attention.output.LayerNorm.gamma': {...}, 'bert.encoder.layer.7.output.LayerNorm.gamma': {...}, 'bert.encoder.layer.8.attention.output.LayerNorm.gamma': {...}, 'bert.encoder.layer.8.output.LayerNorm.gamma': {...}, 'bert.encoder.layer.9.attention.output.LayerNorm.gamma': {...}, 'bert.encoder.layer.9.output.LayerNorm.gamma': {...}, 'cls.predictions.transform.LayerNorm.gamma': {...}}`
* `bert.encoder.layer.10.output.LayerNorm.gamma` -> `{'bert.embeddings.LayerNorm.gamma': 'bert.embeddings.LayerNorm.weight', 'bert.encoder.layer.0.attention.output.LayerNorm.gamma': {...}, 'bert.encoder.layer.0.output.LayerNorm.gamma': {...}, 'bert.encoder.layer.1.attention.output.LayerNorm.gamma': {...}, 'bert.encoder.layer.1.output.LayerNorm.gamma': {...}, 'bert.encoder.layer.10.attention.output.LayerNorm.gamma': {...}, 'bert.encoder.layer.10.output.LayerNorm.gamma': {...}, 'bert.encoder.layer.11.attention.output.LayerNorm.gamma': {...}, 'bert.encoder.layer.11.output.LayerNorm.gamma': {...}, 'bert.encoder.layer.2.attention.output.LayerNorm.gamma': {...}, 'bert.encoder.layer.2.output.LayerNorm.gamma': {...}, 'bert.encoder.layer.3.attention.output.LayerNorm.gamma': {...}, 'bert.encoder.layer.3.output.LayerNorm.gamma': {...}, 'bert.encoder.layer.4.attention.output.LayerNorm.gamma': {...}, 'bert.encoder.layer.4.output.LayerNorm.gamma': {...}, 'bert.encoder.layer.5.attention.output.LayerNorm.gamma': {...}, 'bert.encoder.layer.5.output.LayerNorm.gamma': {...}, 'bert.encoder.layer.6.attention.output.LayerNorm.gamma': {...}, 'bert.encoder.layer.6.output.LayerNorm.gamma': {...}, 'bert.encoder.layer.7.attention.output.LayerNorm.gamma': {...}, 'bert.encoder.layer.7.output.LayerNorm.gamma': {...}, 'bert.encoder.layer.8.attention.output.LayerNorm.gamma': {...}, 'bert.encoder.layer.8.output.LayerNorm.gamma': {...}, 'bert.encoder.layer.9.attention.output.LayerNorm.gamma': {...}, 'bert.encoder.layer.9.output.LayerNorm.gamma': {...}, 'cls.predictions.transform.LayerNorm.gamma': {...}}`
* `bert.encoder.layer.11.attention.output.LayerNorm.gamma` -> `{'bert.embeddings.LayerNorm.gamma': 'bert.embeddings.LayerNorm.weight', 'bert.encoder.layer.0.attention.output.LayerNorm.gamma': {...}, 'bert.encoder.layer.0.output.LayerNorm.gamma': {...}, 'bert.encoder.layer.1.attention.output.LayerNorm.gamma': {...}, 'bert.encoder.layer.1.output.LayerNorm.gamma': {...}, 'bert.encoder.layer.10.attention.output.LayerNorm.gamma': {...}, 'bert.encoder.layer.10.output.LayerNorm.gamma': {...}, 'bert.encoder.layer.11.attention.output.LayerNorm.gamma': {...}, 'bert.encoder.layer.11.output.LayerNorm.gamma': {...}, 'bert.encoder.layer.2.attention.output.LayerNorm.gamma': {...}, 'bert.encoder.layer.2.output.LayerNorm.gamma': {...}, 'bert.encoder.layer.3.attention.output.LayerNorm.gamma': {...}, 'bert.encoder.layer.3.output.LayerNorm.gamma': {...}, 'bert.encoder.layer.4.attention.output.LayerNorm.gamma': {...}, 'bert.encoder.layer.4.output.LayerNorm.gamma': {...}, 'bert.encoder.layer.5.attention.output.LayerNorm.gamma': {...}, 'bert.encoder.layer.5.output.LayerNorm.gamma': {...}, 'bert.encoder.layer.6.attention.output.LayerNorm.gamma': {...}, 'bert.encoder.layer.6.output.LayerNorm.gamma': {...}, 'bert.encoder.layer.7.attention.output.LayerNorm.gamma': {...}, 'bert.encoder.layer.7.output.LayerNorm.gamma': {...}, 'bert.encoder.layer.8.attention.output.LayerNorm.gamma': {...}, 'bert.encoder.layer.8.output.LayerNorm.gamma': {...}, 'bert.encoder.layer.9.attention.output.LayerNorm.gamma': {...}, 'bert.encoder.layer.9.output.LayerNorm.gamma': {...}, 'cls.predictions.transform.LayerNorm.gamma': {...}}`
* `bert.encoder.layer.11.output.LayerNorm.gamma` -> `{'bert.embeddings.LayerNorm.gamma': 'bert.embeddings.LayerNorm.weight', 'bert.encoder.layer.0.attention.output.LayerNorm.gamma': {...}, 'bert.encoder.layer.0.output.LayerNorm.gamma': {...}, 'bert.encoder.layer.1.attention.output.LayerNorm.gamma': {...}, 'bert.encoder.layer.1.output.LayerNorm.gamma': {...}, 'bert.encoder.layer.10.attention.output.LayerNorm.gamma': {...}, 'bert.encoder.layer.10.output.LayerNorm.gamma': {...}, 'bert.encoder.layer.11.attention.output.LayerNorm.gamma': {...}, 'bert.encoder.layer.11.output.LayerNorm.gamma': {...}, 'bert.encoder.layer.2.attention.output.LayerNorm.gamma': {...}, 'bert.encoder.layer.2.output.LayerNorm.gamma': {...}, 'bert.encoder.layer.3.attention.output.LayerNorm.gamma': {...}, 'bert.encoder.layer.3.output.LayerNorm.gamma': {...}, 'bert.encoder.layer.4.attention.output.LayerNorm.gamma': {...}, 'bert.encoder.layer.4.output.LayerNorm.gamma': {...}, 'bert.encoder.layer.5.attention.output.LayerNorm.gamma': {...}, 'bert.encoder.layer.5.output.LayerNorm.gamma': {...}, 'bert.encoder.layer.6.attention.output.LayerNorm.gamma': {...}, 'bert.encoder.layer.6.output.LayerNorm.gamma': {...}, 'bert.encoder.layer.7.attention.output.LayerNorm.gamma': {...}, 'bert.encoder.layer.7.output.LayerNorm.gamma': {...}, 'bert.encoder.layer.8.attention.output.LayerNorm.gamma': {...}, 'bert.encoder.layer.8.output.LayerNorm.gamma': {...}, 'bert.encoder.layer.9.attention.output.LayerNorm.gamma': {...}, 'bert.encoder.layer.9.output.LayerNorm.gamma': {...}, 'cls.predictions.transform.LayerNorm.gamma': {...}}`
* `bert.encoder.layer.2.attention.output.LayerNorm.gamma` -> `{'bert.embeddings.LayerNorm.gamma': 'bert.embeddings.LayerNorm.weight', 'bert.encoder.layer.0.attention.output.LayerNorm.gamma': {...}, 'bert.encoder.layer.0.output.LayerNorm.gamma': {...}, 'bert.encoder.layer.1.attention.output.LayerNorm.gamma': {...}, 'bert.encoder.layer.1.output.LayerNorm.gamma': {...}, 'bert.encoder.layer.10.attention.output.LayerNorm.gamma': {...}, 'bert.encoder.layer.10.output.LayerNorm.gamma': {...}, 'bert.encoder.layer.11.attention.output.LayerNorm.gamma': {...}, 'bert.encoder.layer.11.output.LayerNorm.gamma': {...}, 'bert.encoder.layer.2.attention.output.LayerNorm.gamma': {...}, 'bert.encoder.layer.2.output.LayerNorm.gamma': {...}, 'bert.encoder.layer.3.attention.output.LayerNorm.gamma': {...}, 'bert.encoder.layer.3.output.LayerNorm.gamma': {...}, 'bert.encoder.layer.4.attention.output.LayerNorm.gamma': {...}, 'bert.encoder.layer.4.output.LayerNorm.gamma': {...}, 'bert.encoder.layer.5.attention.output.LayerNorm.gamma': {...}, 'bert.encoder.layer.5.output.LayerNorm.gamma': {...}, 'bert.encoder.layer.6.attention.output.LayerNorm.gamma': {...}, 'bert.encoder.layer.6.output.LayerNorm.gamma': {...}, 'bert.encoder.layer.7.attention.output.LayerNorm.gamma': {...}, 'bert.encoder.layer.7.output.LayerNorm.gamma': {...}, 'bert.encoder.layer.8.attention.output.LayerNorm.gamma': {...}, 'bert.encoder.layer.8.output.LayerNorm.gamma': {...}, 'bert.encoder.layer.9.attention.output.LayerNorm.gamma': {...}, 'bert.encoder.layer.9.output.LayerNorm.gamma': {...}, 'cls.predictions.transform.LayerNorm.gamma': {...}}`
* `bert.encoder.layer.2.output.LayerNorm.gamma` -> `{'bert.embeddings.LayerNorm.gamma': 'bert.embeddings.LayerNorm.weight', 'bert.encoder.layer.0.attention.output.LayerNorm.gamma': {...}, 'bert.encoder.layer.0.output.LayerNorm.gamma': {...}, 'bert.encoder.layer.1.attention.output.LayerNorm.gamma': {...}, 'bert.encoder.layer.1.output.LayerNorm.gamma': {...}, 'bert.encoder.layer.10.attention.output.LayerNorm.gamma': {...}, 'bert.encoder.layer.10.output.LayerNorm.gamma': {...}, 'bert.encoder.layer.11.attention.output.LayerNorm.gamma': {...}, 'bert.encoder.layer.11.output.LayerNorm.gamma': {...}, 'bert.encoder.layer.2.attention.output.LayerNorm.gamma': {...}, 'bert.encoder.layer.2.output.LayerNorm.gamma': {...}, 'bert.encoder.layer.3.attention.output.LayerNorm.gamma': {...}, 'bert.encoder.layer.3.output.LayerNorm.gamma': {...}, 'bert.encoder.layer.4.attention.output.LayerNorm.gamma': {...}, 'bert.encoder.layer.4.output.LayerNorm.gamma': {...}, 'bert.encoder.layer.5.attention.output.LayerNorm.gamma': {...}, 'bert.encoder.layer.5.output.LayerNorm.gamma': {...}, 'bert.encoder.layer.6.attention.output.LayerNorm.gamma': {...}, 'bert.encoder.layer.6.output.LayerNorm.gamma': {...}, 'bert.encoder.layer.7.attention.output.LayerNorm.gamma': {...}, 'bert.encoder.layer.7.output.LayerNorm.gamma': {...}, 'bert.encoder.layer.8.attention.output.LayerNorm.gamma': {...}, 'bert.encoder.layer.8.output.LayerNorm.gamma': {...}, 'bert.encoder.layer.9.attention.output.LayerNorm.gamma': {...}, 'bert.encoder.layer.9.output.LayerNorm.gamma': {...}, 'cls.predictions.transform.LayerNorm.gamma': {...}}`
* `bert.encoder.layer.3.attention.output.LayerNorm.gamma` -> `{'bert.embeddings.LayerNorm.gamma': 'bert.embeddings.LayerNorm.weight', 'bert.encoder.layer.0.attention.output.LayerNorm.gamma': {...}, 'bert.encoder.layer.0.output.LayerNorm.gamma': {...}, 'bert.encoder.layer.1.attention.output.LayerNorm.gamma': {...}, 'bert.encoder.layer.1.output.LayerNorm.gamma': {...}, 'bert.encoder.layer.10.attention.output.LayerNorm.gamma': {...}, 'bert.encoder.layer.10.output.LayerNorm.gamma': {...}, 'bert.encoder.layer.11.attention.output.LayerNorm.gamma': {...}, 'bert.encoder.layer.11.output.LayerNorm.gamma': {...}, 'bert.encoder.layer.2.attention.output.LayerNorm.gamma': {...}, 'bert.encoder.layer.2.output.LayerNorm.gamma': {...}, 'bert.encoder.layer.3.attention.output.LayerNorm.gamma': {...}, 'bert.encoder.layer.3.output.LayerNorm.gamma': {...}, 'bert.encoder.layer.4.attention.output.LayerNorm.gamma': {...}, 'bert.encoder.layer.4.output.LayerNorm.gamma': {...}, 'bert.encoder.layer.5.attention.output.LayerNorm.gamma': {...}, 'bert.encoder.layer.5.output.LayerNorm.gamma': {...}, 'bert.encoder.layer.6.attention.output.LayerNorm.gamma': {...}, 'bert.encoder.layer.6.output.LayerNorm.gamma': {...}, 'bert.encoder.layer.7.attention.output.LayerNorm.gamma': {...}, 'bert.encoder.layer.7.output.LayerNorm.gamma': {...}, 'bert.encoder.layer.8.attention.output.LayerNorm.gamma': {...}, 'bert.encoder.layer.8.output.LayerNorm.gamma': {...}, 'bert.encoder.layer.9.attention.output.LayerNorm.gamma': {...}, 'bert.encoder.layer.9.output.LayerNorm.gamma': {...}, 'cls.predictions.transform.LayerNorm.gamma': {...}}`
* `bert.encoder.layer.3.output.LayerNorm.gamma` -> `{'bert.embeddings.LayerNorm.gamma': 'bert.embeddings.LayerNorm.weight', 'bert.encoder.layer.0.attention.output.LayerNorm.gamma': {...}, 'bert.encoder.layer.0.output.LayerNorm.gamma': {...}, 'bert.encoder.layer.1.attention.output.LayerNorm.gamma': {...}, 'bert.encoder.layer.1.output.LayerNorm.gamma': {...}, 'bert.encoder.layer.10.attention.output.LayerNorm.gamma': {...}, 'bert.encoder.layer.10.output.LayerNorm.gamma': {...}, 'bert.encoder.layer.11.attention.output.LayerNorm.gamma': {...}, 'bert.encoder.layer.11.output.LayerNorm.gamma': {...}, 'bert.encoder.layer.2.attention.output.LayerNorm.gamma': {...}, 'bert.encoder.layer.2.output.LayerNorm.gamma': {...}, 'bert.encoder.layer.3.attention.output.LayerNorm.gamma': {...}, 'bert.encoder.layer.3.output.LayerNorm.gamma': {...}, 'bert.encoder.layer.4.attention.output.LayerNorm.gamma': {...}, 'bert.encoder.layer.4.output.LayerNorm.gamma': {...}, 'bert.encoder.layer.5.attention.output.LayerNorm.gamma': {...}, 'bert.encoder.layer.5.output.LayerNorm.gamma': {...}, 'bert.encoder.layer.6.attention.output.LayerNorm.gamma': {...}, 'bert.encoder.layer.6.output.LayerNorm.gamma': {...}, 'bert.encoder.layer.7.attention.output.LayerNorm.gamma': {...}, 'bert.encoder.layer.7.output.LayerNorm.gamma': {...}, 'bert.encoder.layer.8.attention.output.LayerNorm.gamma': {...}, 'bert.encoder.layer.8.output.LayerNorm.gamma': {...}, 'bert.encoder.layer.9.attention.output.LayerNorm.gamma': {...}, 'bert.encoder.layer.9.output.LayerNorm.gamma': {...}, 'cls.predictions.transform.LayerNorm.gamma': {...}}`
* `bert.encoder.layer.4.attention.output.LayerNorm.gamma` -> `{'bert.embeddings.LayerNorm.gamma': 'bert.embeddings.LayerNorm.weight', 'bert.encoder.layer.0.attention.output.LayerNorm.gamma': {...}, 'bert.encoder.layer.0.output.LayerNorm.gamma': {...}, 'bert.encoder.layer.1.attention.output.LayerNorm.gamma': {...}, 'bert.encoder.layer.1.output.LayerNorm.gamma': {...}, 'bert.encoder.layer.10.attention.output.LayerNorm.gamma': {...}, 'bert.encoder.layer.10.output.LayerNorm.gamma': {...}, 'bert.encoder.layer.11.attention.output.LayerNorm.gamma': {...}, 'bert.encoder.layer.11.output.LayerNorm.gamma': {...}, 'bert.encoder.layer.2.attention.output.LayerNorm.gamma': {...}, 'bert.encoder.layer.2.output.LayerNorm.gamma': {...}, 'bert.encoder.layer.3.attention.output.LayerNorm.gamma': {...}, 'bert.encoder.layer.3.output.LayerNorm.gamma': {...}, 'bert.encoder.layer.4.attention.output.LayerNorm.gamma': {...}, 'bert.encoder.layer.4.output.LayerNorm.gamma': {...}, 'bert.encoder.layer.5.attention.output.LayerNorm.gamma': {...}, 'bert.encoder.layer.5.output.LayerNorm.gamma': {...}, 'bert.encoder.layer.6.attention.output.LayerNorm.gamma': {...}, 'bert.encoder.layer.6.output.LayerNorm.gamma': {...}, 'bert.encoder.layer.7.attention.output.LayerNorm.gamma': {...}, 'bert.encoder.layer.7.output.LayerNorm.gamma': {...}, 'bert.encoder.layer.8.attention.output.LayerNorm.gamma': {...}, 'bert.encoder.layer.8.output.LayerNorm.gamma': {...}, 'bert.encoder.layer.9.attention.output.LayerNorm.gamma': {...}, 'bert.encoder.layer.9.output.LayerNorm.gamma': {...}, 'cls.predictions.transform.LayerNorm.gamma': {...}}`
* `bert.encoder.layer.4.output.LayerNorm.gamma` -> `{'bert.embeddings.LayerNorm.gamma': 'bert.embeddings.LayerNorm.weight', 'bert.encoder.layer.0.attention.output.LayerNorm.gamma': {...}, 'bert.encoder.layer.0.output.LayerNorm.gamma': {...}, 'bert.encoder.layer.1.attention.output.LayerNorm.gamma': {...}, 'bert.encoder.layer.1.output.LayerNorm.gamma': {...}, 'bert.encoder.layer.10.attention.output.LayerNorm.gamma': {...}, 'bert.encoder.layer.10.output.LayerNorm.gamma': {...}, 'bert.encoder.layer.11.attention.output.LayerNorm.gamma': {...}, 'bert.encoder.layer.11.output.LayerNorm.gamma': {...}, 'bert.encoder.layer.2.attention.output.LayerNorm.gamma': {...}, 'bert.encoder.layer.2.output.LayerNorm.gamma': {...}, 'bert.encoder.layer.3.attention.output.LayerNorm.gamma': {...}, 'bert.encoder.layer.3.output.LayerNorm.gamma': {...}, 'bert.encoder.layer.4.attention.output.LayerNorm.gamma': {...}, 'bert.encoder.layer.4.output.LayerNorm.gamma': {...}, 'bert.encoder.layer.5.attention.output.LayerNorm.gamma': {...}, 'bert.encoder.layer.5.output.LayerNorm.gamma': {...}, 'bert.encoder.layer.6.attention.output.LayerNorm.gamma': {...}, 'bert.encoder.layer.6.output.LayerNorm.gamma': {...}, 'bert.encoder.layer.7.attention.output.LayerNorm.gamma': {...}, 'bert.encoder.layer.7.output.LayerNorm.gamma': {...}, 'bert.encoder.layer.8.attention.output.LayerNorm.gamma': {...}, 'bert.encoder.layer.8.output.LayerNorm.gamma': {...}, 'bert.encoder.layer.9.attention.output.LayerNorm.gamma': {...}, 'bert.encoder.layer.9.output.LayerNorm.gamma': {...}, 'cls.predictions.transform.LayerNorm.gamma': {...}}`
* `bert.encoder.layer.5.attention.output.LayerNorm.gamma` -> `{'bert.embeddings.LayerNorm.gamma': 'bert.embeddings.LayerNorm.weight', 'bert.encoder.layer.0.attention.output.LayerNorm.gamma': {...}, 'bert.encoder.layer.0.output.LayerNorm.gamma': {...}, 'bert.encoder.layer.1.attention.output.LayerNorm.gamma': {...}, 'bert.encoder.layer.1.output.LayerNorm.gamma': {...}, 'bert.encoder.layer.10.attention.output.LayerNorm.gamma': {...}, 'bert.encoder.layer.10.output.LayerNorm.gamma': {...}, 'bert.encoder.layer.11.attention.output.LayerNorm.gamma': {...}, 'bert.encoder.layer.11.output.LayerNorm.gamma': {...}, 'bert.encoder.layer.2.attention.output.LayerNorm.gamma': {...}, 'bert.encoder.layer.2.output.LayerNorm.gamma': {...}, 'bert.encoder.layer.3.attention.output.LayerNorm.gamma': {...}, 'bert.encoder.layer.3.output.LayerNorm.gamma': {...}, 'bert.encoder.layer.4.attention.output.LayerNorm.gamma': {...}, 'bert.encoder.layer.4.output.LayerNorm.gamma': {...}, 'bert.encoder.layer.5.attention.output.LayerNorm.gamma': {...}, 'bert.encoder.layer.5.output.LayerNorm.gamma': {...}, 'bert.encoder.layer.6.attention.output.LayerNorm.gamma': {...}, 'bert.encoder.layer.6.output.LayerNorm.gamma': {...}, 'bert.encoder.layer.7.attention.output.LayerNorm.gamma': {...}, 'bert.encoder.layer.7.output.LayerNorm.gamma': {...}, 'bert.encoder.layer.8.attention.output.LayerNorm.gamma': {...}, 'bert.encoder.layer.8.output.LayerNorm.gamma': {...}, 'bert.encoder.layer.9.attention.output.LayerNorm.gamma': {...}, 'bert.encoder.layer.9.output.LayerNorm.gamma': {...}, 'cls.predictions.transform.LayerNorm.gamma': {...}}`
* `bert.encoder.layer.5.output.LayerNorm.gamma` -> `{'bert.embeddings.LayerNorm.gamma': 'bert.embeddings.LayerNorm.weight', 'bert.encoder.layer.0.attention.output.LayerNorm.gamma': {...}, 'bert.encoder.layer.0.output.LayerNorm.gamma': {...}, 'bert.encoder.layer.1.attention.output.LayerNorm.gamma': {...}, 'bert.encoder.layer.1.output.LayerNorm.gamma': {...}, 'bert.encoder.layer.10.attention.output.LayerNorm.gamma': {...}, 'bert.encoder.layer.10.output.LayerNorm.gamma': {...}, 'bert.encoder.layer.11.attention.output.LayerNorm.gamma': {...}, 'bert.encoder.layer.11.output.LayerNorm.gamma': {...}, 'bert.encoder.layer.2.attention.output.LayerNorm.gamma': {...}, 'bert.encoder.layer.2.output.LayerNorm.gamma': {...}, 'bert.encoder.layer.3.attention.output.LayerNorm.gamma': {...}, 'bert.encoder.layer.3.output.LayerNorm.gamma': {...}, 'bert.encoder.layer.4.attention.output.LayerNorm.gamma': {...}, 'bert.encoder.layer.4.output.LayerNorm.gamma': {...}, 'bert.encoder.layer.5.attention.output.LayerNorm.gamma': {...}, 'bert.encoder.layer.5.output.LayerNorm.gamma': {...}, 'bert.encoder.layer.6.attention.output.LayerNorm.gamma': {...}, 'bert.encoder.layer.6.output.LayerNorm.gamma': {...}, 'bert.encoder.layer.7.attention.output.LayerNorm.gamma': {...}, 'bert.encoder.layer.7.output.LayerNorm.gamma': {...}, 'bert.encoder.layer.8.attention.output.LayerNorm.gamma': {...}, 'bert.encoder.layer.8.output.LayerNorm.gamma': {...}, 'bert.encoder.layer.9.attention.output.LayerNorm.gamma': {...}, 'bert.encoder.layer.9.output.LayerNorm.gamma': {...}, 'cls.predictions.transform.LayerNorm.gamma': {...}}`
* `bert.encoder.layer.6.attention.output.LayerNorm.gamma` -> `{'bert.embeddings.LayerNorm.gamma': 'bert.embeddings.LayerNorm.weight', 'bert.encoder.layer.0.attention.output.LayerNorm.gamma': {...}, 'bert.encoder.layer.0.output.LayerNorm.gamma': {...}, 'bert.encoder.layer.1.attention.output.LayerNorm.gamma': {...}, 'bert.encoder.layer.1.output.LayerNorm.gamma': {...}, 'bert.encoder.layer.10.attention.output.LayerNorm.gamma': {...}, 'bert.encoder.layer.10.output.LayerNorm.gamma': {...}, 'bert.encoder.layer.11.attention.output.LayerNorm.gamma': {...}, 'bert.encoder.layer.11.output.LayerNorm.gamma': {...}, 'bert.encoder.layer.2.attention.output.LayerNorm.gamma': {...}, 'bert.encoder.layer.2.output.LayerNorm.gamma': {...}, 'bert.encoder.layer.3.attention.output.LayerNorm.gamma': {...}, 'bert.encoder.layer.3.output.LayerNorm.gamma': {...}, 'bert.encoder.layer.4.attention.output.LayerNorm.gamma': {...}, 'bert.encoder.layer.4.output.LayerNorm.gamma': {...}, 'bert.encoder.layer.5.attention.output.LayerNorm.gamma': {...}, 'bert.encoder.layer.5.output.LayerNorm.gamma': {...}, 'bert.encoder.layer.6.attention.output.LayerNorm.gamma': {...}, 'bert.encoder.layer.6.output.LayerNorm.gamma': {...}, 'bert.encoder.layer.7.attention.output.LayerNorm.gamma': {...}, 'bert.encoder.layer.7.output.LayerNorm.gamma': {...}, 'bert.encoder.layer.8.attention.output.LayerNorm.gamma': {...}, 'bert.encoder.layer.8.output.LayerNorm.gamma': {...}, 'bert.encoder.layer.9.attention.output.LayerNorm.gamma': {...}, 'bert.encoder.layer.9.output.LayerNorm.gamma': {...}, 'cls.predictions.transform.LayerNorm.gamma': {...}}`
* `bert.encoder.layer.6.output.LayerNorm.gamma` -> `{'bert.embeddings.LayerNorm.gamma': 'bert.embeddings.LayerNorm.weight', 'bert.encoder.layer.0.attention.output.LayerNorm.gamma': {...}, 'bert.encoder.layer.0.output.LayerNorm.gamma': {...}, 'bert.encoder.layer.1.attention.output.LayerNorm.gamma': {...}, 'bert.encoder.layer.1.output.LayerNorm.gamma': {...}, 'bert.encoder.layer.10.attention.output.LayerNorm.gamma': {...}, 'bert.encoder.layer.10.output.LayerNorm.gamma': {...}, 'bert.encoder.layer.11.attention.output.LayerNorm.gamma': {...}, 'bert.encoder.layer.11.output.LayerNorm.gamma': {...}, 'bert.encoder.layer.2.attention.output.LayerNorm.gamma': {...}, 'bert.encoder.layer.2.output.LayerNorm.gamma': {...}, 'bert.encoder.layer.3.attention.output.LayerNorm.gamma': {...}, 'bert.encoder.layer.3.output.LayerNorm.gamma': {...}, 'bert.encoder.layer.4.attention.output.LayerNorm.gamma': {...}, 'bert.encoder.layer.4.output.LayerNorm.gamma': {...}, 'bert.encoder.layer.5.attention.output.LayerNorm.gamma': {...}, 'bert.encoder.layer.5.output.LayerNorm.gamma': {...}, 'bert.encoder.layer.6.attention.output.LayerNorm.gamma': {...}, 'bert.encoder.layer.6.output.LayerNorm.gamma': {...}, 'bert.encoder.layer.7.attention.output.LayerNorm.gamma': {...}, 'bert.encoder.layer.7.output.LayerNorm.gamma': {...}, 'bert.encoder.layer.8.attention.output.LayerNorm.gamma': {...}, 'bert.encoder.layer.8.output.LayerNorm.gamma': {...}, 'bert.encoder.layer.9.attention.output.LayerNorm.gamma': {...}, 'bert.encoder.layer.9.output.LayerNorm.gamma': {...}, 'cls.predictions.transform.LayerNorm.gamma': {...}}`
* `bert.encoder.layer.7.attention.output.LayerNorm.gamma` -> `{'bert.embeddings.LayerNorm.gamma': 'bert.embeddings.LayerNorm.weight', 'bert.encoder.layer.0.attention.output.LayerNorm.gamma': {...}, 'bert.encoder.layer.0.output.LayerNorm.gamma': {...}, 'bert.encoder.layer.1.attention.output.LayerNorm.gamma': {...}, 'bert.encoder.layer.1.output.LayerNorm.gamma': {...}, 'bert.encoder.layer.10.attention.output.LayerNorm.gamma': {...}, 'bert.encoder.layer.10.output.LayerNorm.gamma': {...}, 'bert.encoder.layer.11.attention.output.LayerNorm.gamma': {...}, 'bert.encoder.layer.11.output.LayerNorm.gamma': {...}, 'bert.encoder.layer.2.attention.output.LayerNorm.gamma': {...}, 'bert.encoder.layer.2.output.LayerNorm.gamma': {...}, 'bert.encoder.layer.3.attention.output.LayerNorm.gamma': {...}, 'bert.encoder.layer.3.output.LayerNorm.gamma': {...}, 'bert.encoder.layer.4.attention.output.LayerNorm.gamma': {...}, 'bert.encoder.layer.4.output.LayerNorm.gamma': {...}, 'bert.encoder.layer.5.attention.output.LayerNorm.gamma': {...}, 'bert.encoder.layer.5.output.LayerNorm.gamma': {...}, 'bert.encoder.layer.6.attention.output.LayerNorm.gamma': {...}, 'bert.encoder.layer.6.output.LayerNorm.gamma': {...}, 'bert.encoder.layer.7.attention.output.LayerNorm.gamma': {...}, 'bert.encoder.layer.7.output.LayerNorm.gamma': {...}, 'bert.encoder.layer.8.attention.output.LayerNorm.gamma': {...}, 'bert.encoder.layer.8.output.LayerNorm.gamma': {...}, 'bert.encoder.layer.9.attention.output.LayerNorm.gamma': {...}, 'bert.encoder.layer.9.output.LayerNorm.gamma': {...}, 'cls.predictions.transform.LayerNorm.gamma': {...}}`
* `bert.encoder.layer.7.output.LayerNorm.gamma` -> `{'bert.embeddings.LayerNorm.gamma': 'bert.embeddings.LayerNorm.weight', 'bert.encoder.layer.0.attention.output.LayerNorm.gamma': {...}, 'bert.encoder.layer.0.output.LayerNorm.gamma': {...}, 'bert.encoder.layer.1.attention.output.LayerNorm.gamma': {...}, 'bert.encoder.layer.1.output.LayerNorm.gamma': {...}, 'bert.encoder.layer.10.attention.output.LayerNorm.gamma': {...}, 'bert.encoder.layer.10.output.LayerNorm.gamma': {...}, 'bert.encoder.layer.11.attention.output.LayerNorm.gamma': {...}, 'bert.encoder.layer.11.output.LayerNorm.gamma': {...}, 'bert.encoder.layer.2.attention.output.LayerNorm.gamma': {...}, 'bert.encoder.layer.2.output.LayerNorm.gamma': {...}, 'bert.encoder.layer.3.attention.output.LayerNorm.gamma': {...}, 'bert.encoder.layer.3.output.LayerNorm.gamma': {...}, 'bert.encoder.layer.4.attention.output.LayerNorm.gamma': {...}, 'bert.encoder.layer.4.output.LayerNorm.gamma': {...}, 'bert.encoder.layer.5.attention.output.LayerNorm.gamma': {...}, 'bert.encoder.layer.5.output.LayerNorm.gamma': {...}, 'bert.encoder.layer.6.attention.output.LayerNorm.gamma': {...}, 'bert.encoder.layer.6.output.LayerNorm.gamma': {...}, 'bert.encoder.layer.7.attention.output.LayerNorm.gamma': {...}, 'bert.encoder.layer.7.output.LayerNorm.gamma': {...}, 'bert.encoder.layer.8.attention.output.LayerNorm.gamma': {...}, 'bert.encoder.layer.8.output.LayerNorm.gamma': {...}, 'bert.encoder.layer.9.attention.output.LayerNorm.gamma': {...}, 'bert.encoder.layer.9.output.LayerNorm.gamma': {...}, 'cls.predictions.transform.LayerNorm.gamma': {...}}`
* `bert.encoder.layer.8.attention.output.LayerNorm.gamma` -> `{'bert.embeddings.LayerNorm.gamma': 'bert.embeddings.LayerNorm.weight', 'bert.encoder.layer.0.attention.output.LayerNorm.gamma': {...}, 'bert.encoder.layer.0.output.LayerNorm.gamma': {...}, 'bert.encoder.layer.1.attention.output.LayerNorm.gamma': {...}, 'bert.encoder.layer.1.output.LayerNorm.gamma': {...}, 'bert.encoder.layer.10.attention.output.LayerNorm.gamma': {...}, 'bert.encoder.layer.10.output.LayerNorm.gamma': {...}, 'bert.encoder.layer.11.attention.output.LayerNorm.gamma': {...}, 'bert.encoder.layer.11.output.LayerNorm.gamma': {...}, 'bert.encoder.layer.2.attention.output.LayerNorm.gamma': {...}, 'bert.encoder.layer.2.output.LayerNorm.gamma': {...}, 'bert.encoder.layer.3.attention.output.LayerNorm.gamma': {...}, 'bert.encoder.layer.3.output.LayerNorm.gamma': {...}, 'bert.encoder.layer.4.attention.output.LayerNorm.gamma': {...}, 'bert.encoder.layer.4.output.LayerNorm.gamma': {...}, 'bert.encoder.layer.5.attention.output.LayerNorm.gamma': {...}, 'bert.encoder.layer.5.output.LayerNorm.gamma': {...}, 'bert.encoder.layer.6.attention.output.LayerNorm.gamma': {...}, 'bert.encoder.layer.6.output.LayerNorm.gamma': {...}, 'bert.encoder.layer.7.attention.output.LayerNorm.gamma': {...}, 'bert.encoder.layer.7.output.LayerNorm.gamma': {...}, 'bert.encoder.layer.8.attention.output.LayerNorm.gamma': {...}, 'bert.encoder.layer.8.output.LayerNorm.gamma': {...}, 'bert.encoder.layer.9.attention.output.LayerNorm.gamma': {...}, 'bert.encoder.layer.9.output.LayerNorm.gamma': {...}, 'cls.predictions.transform.LayerNorm.gamma': {...}}`
* `bert.encoder.layer.8.output.LayerNorm.gamma` -> `{'bert.embeddings.LayerNorm.gamma': 'bert.embeddings.LayerNorm.weight', 'bert.encoder.layer.0.attention.output.LayerNorm.gamma': {...}, 'bert.encoder.layer.0.output.LayerNorm.gamma': {...}, 'bert.encoder.layer.1.attention.output.LayerNorm.gamma': {...}, 'bert.encoder.layer.1.output.LayerNorm.gamma': {...}, 'bert.encoder.layer.10.attention.output.LayerNorm.gamma': {...}, 'bert.encoder.layer.10.output.LayerNorm.gamma': {...}, 'bert.encoder.layer.11.attention.output.LayerNorm.gamma': {...}, 'bert.encoder.layer.11.output.LayerNorm.gamma': {...}, 'bert.encoder.layer.2.attention.output.LayerNorm.gamma': {...}, 'bert.encoder.layer.2.output.LayerNorm.gamma': {...}, 'bert.encoder.layer.3.attention.output.LayerNorm.gamma': {...}, 'bert.encoder.layer.3.output.LayerNorm.gamma': {...}, 'bert.encoder.layer.4.attention.output.LayerNorm.gamma': {...}, 'bert.encoder.layer.4.output.LayerNorm.gamma': {...}, 'bert.encoder.layer.5.attention.output.LayerNorm.gamma': {...}, 'bert.encoder.layer.5.output.LayerNorm.gamma': {...}, 'bert.encoder.layer.6.attention.output.LayerNorm.gamma': {...}, 'bert.encoder.layer.6.output.LayerNorm.gamma': {...}, 'bert.encoder.layer.7.attention.output.LayerNorm.gamma': {...}, 'bert.encoder.layer.7.output.LayerNorm.gamma': {...}, 'bert.encoder.layer.8.attention.output.LayerNorm.gamma': {...}, 'bert.encoder.layer.8.output.LayerNorm.gamma': {...}, 'bert.encoder.layer.9.attention.output.LayerNorm.gamma': {...}, 'bert.encoder.layer.9.output.LayerNorm.gamma': {...}, 'cls.predictions.transform.LayerNorm.gamma': {...}}`
* `bert.encoder.layer.9.attention.output.LayerNorm.gamma` -> `{'bert.embeddings.LayerNorm.gamma': 'bert.embeddings.LayerNorm.weight', 'bert.encoder.layer.0.attention.output.LayerNorm.gamma': {...}, 'bert.encoder.layer.0.output.LayerNorm.gamma': {...}, 'bert.encoder.layer.1.attention.output.LayerNorm.gamma': {...}, 'bert.encoder.layer.1.output.LayerNorm.gamma': {...}, 'bert.encoder.layer.10.attention.output.LayerNorm.gamma': {...}, 'bert.encoder.layer.10.output.LayerNorm.gamma': {...}, 'bert.encoder.layer.11.attention.output.LayerNorm.gamma': {...}, 'bert.encoder.layer.11.output.LayerNorm.gamma': {...}, 'bert.encoder.layer.2.attention.output.LayerNorm.gamma': {...}, 'bert.encoder.layer.2.output.LayerNorm.gamma': {...}, 'bert.encoder.layer.3.attention.output.LayerNorm.gamma': {...}, 'bert.encoder.layer.3.output.LayerNorm.gamma': {...}, 'bert.encoder.layer.4.attention.output.LayerNorm.gamma': {...}, 'bert.encoder.layer.4.output.LayerNorm.gamma': {...}, 'bert.encoder.layer.5.attention.output.LayerNorm.gamma': {...}, 'bert.encoder.layer.5.output.LayerNorm.gamma': {...}, 'bert.encoder.layer.6.attention.output.LayerNorm.gamma': {...}, 'bert.encoder.layer.6.output.LayerNorm.gamma': {...}, 'bert.encoder.layer.7.attention.output.LayerNorm.gamma': {...}, 'bert.encoder.layer.7.output.LayerNorm.gamma': {...}, 'bert.encoder.layer.8.attention.output.LayerNorm.gamma': {...}, 'bert.encoder.layer.8.output.LayerNorm.gamma': {...}, 'bert.encoder.layer.9.attention.output.LayerNorm.gamma': {...}, 'bert.encoder.layer.9.output.LayerNorm.gamma': {...}, 'cls.predictions.transform.LayerNorm.gamma': {...}}`
* `bert.encoder.layer.9.output.LayerNorm.gamma` -> `{'bert.embeddings.LayerNorm.gamma': 'bert.embeddings.LayerNorm.weight', 'bert.encoder.layer.0.attention.output.LayerNorm.gamma': {...}, 'bert.encoder.layer.0.output.LayerNorm.gamma': {...}, 'bert.encoder.layer.1.attention.output.LayerNorm.gamma': {...}, 'bert.encoder.layer.1.output.LayerNorm.gamma': {...}, 'bert.encoder.layer.10.attention.output.LayerNorm.gamma': {...}, 'bert.encoder.layer.10.output.LayerNorm.gamma': {...}, 'bert.encoder.layer.11.attention.output.LayerNorm.gamma': {...}, 'bert.encoder.layer.11.output.LayerNorm.gamma': {...}, 'bert.encoder.layer.2.attention.output.LayerNorm.gamma': {...}, 'bert.encoder.layer.2.output.LayerNorm.gamma': {...}, 'bert.encoder.layer.3.attention.output.LayerNorm.gamma': {...}, 'bert.encoder.layer.3.output.LayerNorm.gamma': {...}, 'bert.encoder.layer.4.attention.output.LayerNorm.gamma': {...}, 'bert.encoder.layer.4.output.LayerNorm.gamma': {...}, 'bert.encoder.layer.5.attention.output.LayerNorm.gamma': {...}, 'bert.encoder.layer.5.output.LayerNorm.gamma': {...}, 'bert.encoder.layer.6.attention.output.LayerNorm.gamma': {...}, 'bert.encoder.layer.6.output.LayerNorm.gamma': {...}, 'bert.encoder.layer.7.attention.output.LayerNorm.gamma': {...}, 'bert.encoder.layer.7.output.LayerNorm.gamma': {...}, 'bert.encoder.layer.8.attention.output.LayerNorm.gamma': {...}, 'bert.encoder.layer.8.output.LayerNorm.gamma': {...}, 'bert.encoder.layer.9.attention.output.LayerNorm.gamma': {...}, 'bert.encoder.layer.9.output.LayerNorm.gamma': {...}, 'cls.predictions.transform.LayerNorm.gamma': {...}}`
* `cls.predictions.transform.LayerNorm.gamma` -> `{'bert.embeddings.LayerNorm.gamma': 'bert.embeddings.LayerNorm.weight', 'bert.encoder.layer.0.attention.output.LayerNorm.gamma': {...}, 'bert.encoder.layer.0.output.LayerNorm.gamma': {...}, 'bert.encoder.layer.1.attention.output.LayerNorm.gamma': {...}, 'bert.encoder.layer.1.output.LayerNorm.gamma': {...}, 'bert.encoder.layer.10.attention.output.LayerNorm.gamma': {...}, 'bert.encoder.layer.10.output.LayerNorm.gamma': {...}, 'bert.encoder.layer.11.attention.output.LayerNorm.gamma': {...}, 'bert.encoder.layer.11.output.LayerNorm.gamma': {...}, 'bert.encoder.layer.2.attention.output.LayerNorm.gamma': {...}, 'bert.encoder.layer.2.output.LayerNorm.gamma': {...}, 'bert.encoder.layer.3.attention.output.LayerNorm.gamma': {...}, 'bert.encoder.layer.3.output.LayerNorm.gamma': {...}, 'bert.encoder.layer.4.attention.output.LayerNorm.gamma': {...}, 'bert.encoder.layer.4.output.LayerNorm.gamma': {...}, 'bert.encoder.layer.5.attention.output.LayerNorm.gamma': {...}, 'bert.encoder.layer.5.output.LayerNorm.gamma': {...}, 'bert.encoder.layer.6.attention.output.LayerNorm.gamma': {...}, 'bert.encoder.layer.6.output.LayerNorm.gamma': {...}, 'bert.encoder.layer.7.attention.output.LayerNorm.gamma': {...}, 'bert.encoder.layer.7.output.LayerNorm.gamma': {...}, 'bert.encoder.layer.8.attention.output.LayerNorm.gamma': {...}, 'bert.encoder.layer.8.output.LayerNorm.gamma': {...}, 'bert.encoder.layer.9.attention.output.LayerNorm.gamma': {...}, 'bert.encoder.layer.9.output.LayerNorm.gamma': {...}, 'cls.predictions.transform.LayerNorm.gamma': {...}}`
* `bert.embeddings.LayerNorm.beta` -> `bert.embeddings.LayerNorm.bias`
* `bert.encoder.layer.0.attention.output.LayerNorm.beta` -> `{'bert.embeddings.LayerNorm.beta': 'bert.embeddings.LayerNorm.bias', 'bert.encoder.layer.0.attention.output.LayerNorm.beta': {...}, 'bert.encoder.layer.0.output.LayerNorm.beta': {...}, 'bert.encoder.layer.1.attention.output.LayerNorm.beta': {...}, 'bert.encoder.layer.1.output.LayerNorm.beta': {...}, 'bert.encoder.layer.10.attention.output.LayerNorm.beta': {...}, 'bert.encoder.layer.10.output.LayerNorm.beta': {...}, 'bert.encoder.layer.11.attention.output.LayerNorm.beta': {...}, 'bert.encoder.layer.11.output.LayerNorm.beta': {...}, 'bert.encoder.layer.2.attention.output.LayerNorm.beta': {...}, 'bert.encoder.layer.2.output.LayerNorm.beta': {...}, 'bert.encoder.layer.3.attention.output.LayerNorm.beta': {...}, 'bert.encoder.layer.3.output.LayerNorm.beta': {...}, 'bert.encoder.layer.4.attention.output.LayerNorm.beta': {...}, 'bert.encoder.layer.4.output.LayerNorm.beta': {...}, 'bert.encoder.layer.5.attention.output.LayerNorm.beta': {...}, 'bert.encoder.layer.5.output.LayerNorm.beta': {...}, 'bert.encoder.layer.6.attention.output.LayerNorm.beta': {...}, 'bert.encoder.layer.6.output.LayerNorm.beta': {...}, 'bert.encoder.layer.7.attention.output.LayerNorm.beta': {...}, 'bert.encoder.layer.7.output.LayerNorm.beta': {...}, 'bert.encoder.layer.8.attention.output.LayerNorm.beta': {...}, 'bert.encoder.layer.8.output.LayerNorm.beta': {...}, 'bert.encoder.layer.9.attention.output.LayerNorm.beta': {...}, 'bert.encoder.layer.9.output.LayerNorm.beta': {...}, 'cls.predictions.transform.LayerNorm.beta': {...}}`
* `bert.encoder.layer.0.output.LayerNorm.beta` -> `{'bert.embeddings.LayerNorm.beta': 'bert.embeddings.LayerNorm.bias', 'bert.encoder.layer.0.attention.output.LayerNorm.beta': {...}, 'bert.encoder.layer.0.output.LayerNorm.beta': {...}, 'bert.encoder.layer.1.attention.output.LayerNorm.beta': {...}, 'bert.encoder.layer.1.output.LayerNorm.beta': {...}, 'bert.encoder.layer.10.attention.output.LayerNorm.beta': {...}, 'bert.encoder.layer.10.output.LayerNorm.beta': {...}, 'bert.encoder.layer.11.attention.output.LayerNorm.beta': {...}, 'bert.encoder.layer.11.output.LayerNorm.beta': {...}, 'bert.encoder.layer.2.attention.output.LayerNorm.beta': {...}, 'bert.encoder.layer.2.output.LayerNorm.beta': {...}, 'bert.encoder.layer.3.attention.output.LayerNorm.beta': {...}, 'bert.encoder.layer.3.output.LayerNorm.beta': {...}, 'bert.encoder.layer.4.attention.output.LayerNorm.beta': {...}, 'bert.encoder.layer.4.output.LayerNorm.beta': {...}, 'bert.encoder.layer.5.attention.output.LayerNorm.beta': {...}, 'bert.encoder.layer.5.output.LayerNorm.beta': {...}, 'bert.encoder.layer.6.attention.output.LayerNorm.beta': {...}, 'bert.encoder.layer.6.output.LayerNorm.beta': {...}, 'bert.encoder.layer.7.attention.output.LayerNorm.beta': {...}, 'bert.encoder.layer.7.output.LayerNorm.beta': {...}, 'bert.encoder.layer.8.attention.output.LayerNorm.beta': {...}, 'bert.encoder.layer.8.output.LayerNorm.beta': {...}, 'bert.encoder.layer.9.attention.output.LayerNorm.beta': {...}, 'bert.encoder.layer.9.output.LayerNorm.beta': {...}, 'cls.predictions.transform.LayerNorm.beta': {...}}`
* `bert.encoder.layer.1.attention.output.LayerNorm.beta` -> `{'bert.embeddings.LayerNorm.beta': 'bert.embeddings.LayerNorm.bias', 'bert.encoder.layer.0.attention.output.LayerNorm.beta': {...}, 'bert.encoder.layer.0.output.LayerNorm.beta': {...}, 'bert.encoder.layer.1.attention.output.LayerNorm.beta': {...}, 'bert.encoder.layer.1.output.LayerNorm.beta': {...}, 'bert.encoder.layer.10.attention.output.LayerNorm.beta': {...}, 'bert.encoder.layer.10.output.LayerNorm.beta': {...}, 'bert.encoder.layer.11.attention.output.LayerNorm.beta': {...}, 'bert.encoder.layer.11.output.LayerNorm.beta': {...}, 'bert.encoder.layer.2.attention.output.LayerNorm.beta': {...}, 'bert.encoder.layer.2.output.LayerNorm.beta': {...}, 'bert.encoder.layer.3.attention.output.LayerNorm.beta': {...}, 'bert.encoder.layer.3.output.LayerNorm.beta': {...}, 'bert.encoder.layer.4.attention.output.LayerNorm.beta': {...}, 'bert.encoder.layer.4.output.LayerNorm.beta': {...}, 'bert.encoder.layer.5.attention.output.LayerNorm.beta': {...}, 'bert.encoder.layer.5.output.LayerNorm.beta': {...}, 'bert.encoder.layer.6.attention.output.LayerNorm.beta': {...}, 'bert.encoder.layer.6.output.LayerNorm.beta': {...}, 'bert.encoder.layer.7.attention.output.LayerNorm.beta': {...}, 'bert.encoder.layer.7.output.LayerNorm.beta': {...}, 'bert.encoder.layer.8.attention.output.LayerNorm.beta': {...}, 'bert.encoder.layer.8.output.LayerNorm.beta': {...}, 'bert.encoder.layer.9.attention.output.LayerNorm.beta': {...}, 'bert.encoder.layer.9.output.LayerNorm.beta': {...}, 'cls.predictions.transform.LayerNorm.beta': {...}}`
* `bert.encoder.layer.1.output.LayerNorm.beta` -> `{'bert.embeddings.LayerNorm.beta': 'bert.embeddings.LayerNorm.bias', 'bert.encoder.layer.0.attention.output.LayerNorm.beta': {...}, 'bert.encoder.layer.0.output.LayerNorm.beta': {...}, 'bert.encoder.layer.1.attention.output.LayerNorm.beta': {...}, 'bert.encoder.layer.1.output.LayerNorm.beta': {...}, 'bert.encoder.layer.10.attention.output.LayerNorm.beta': {...}, 'bert.encoder.layer.10.output.LayerNorm.beta': {...}, 'bert.encoder.layer.11.attention.output.LayerNorm.beta': {...}, 'bert.encoder.layer.11.output.LayerNorm.beta': {...}, 'bert.encoder.layer.2.attention.output.LayerNorm.beta': {...}, 'bert.encoder.layer.2.output.LayerNorm.beta': {...}, 'bert.encoder.layer.3.attention.output.LayerNorm.beta': {...}, 'bert.encoder.layer.3.output.LayerNorm.beta': {...}, 'bert.encoder.layer.4.attention.output.LayerNorm.beta': {...}, 'bert.encoder.layer.4.output.LayerNorm.beta': {...}, 'bert.encoder.layer.5.attention.output.LayerNorm.beta': {...}, 'bert.encoder.layer.5.output.LayerNorm.beta': {...}, 'bert.encoder.layer.6.attention.output.LayerNorm.beta': {...}, 'bert.encoder.layer.6.output.LayerNorm.beta': {...}, 'bert.encoder.layer.7.attention.output.LayerNorm.beta': {...}, 'bert.encoder.layer.7.output.LayerNorm.beta': {...}, 'bert.encoder.layer.8.attention.output.LayerNorm.beta': {...}, 'bert.encoder.layer.8.output.LayerNorm.beta': {...}, 'bert.encoder.layer.9.attention.output.LayerNorm.beta': {...}, 'bert.encoder.layer.9.output.LayerNorm.beta': {...}, 'cls.predictions.transform.LayerNorm.beta': {...}}`
* `bert.encoder.layer.10.attention.output.LayerNorm.beta` -> `{'bert.embeddings.LayerNorm.beta': 'bert.embeddings.LayerNorm.bias', 'bert.encoder.layer.0.attention.output.LayerNorm.beta': {...}, 'bert.encoder.layer.0.output.LayerNorm.beta': {...}, 'bert.encoder.layer.1.attention.output.LayerNorm.beta': {...}, 'bert.encoder.layer.1.output.LayerNorm.beta': {...}, 'bert.encoder.layer.10.attention.output.LayerNorm.beta': {...}, 'bert.encoder.layer.10.output.LayerNorm.beta': {...}, 'bert.encoder.layer.11.attention.output.LayerNorm.beta': {...}, 'bert.encoder.layer.11.output.LayerNorm.beta': {...}, 'bert.encoder.layer.2.attention.output.LayerNorm.beta': {...}, 'bert.encoder.layer.2.output.LayerNorm.beta': {...}, 'bert.encoder.layer.3.attention.output.LayerNorm.beta': {...}, 'bert.encoder.layer.3.output.LayerNorm.beta': {...}, 'bert.encoder.layer.4.attention.output.LayerNorm.beta': {...}, 'bert.encoder.layer.4.output.LayerNorm.beta': {...}, 'bert.encoder.layer.5.attention.output.LayerNorm.beta': {...}, 'bert.encoder.layer.5.output.LayerNorm.beta': {...}, 'bert.encoder.layer.6.attention.output.LayerNorm.beta': {...}, 'bert.encoder.layer.6.output.LayerNorm.beta': {...}, 'bert.encoder.layer.7.attention.output.LayerNorm.beta': {...}, 'bert.encoder.layer.7.output.LayerNorm.beta': {...}, 'bert.encoder.layer.8.attention.output.LayerNorm.beta': {...}, 'bert.encoder.layer.8.output.LayerNorm.beta': {...}, 'bert.encoder.layer.9.attention.output.LayerNorm.beta': {...}, 'bert.encoder.layer.9.output.LayerNorm.beta': {...}, 'cls.predictions.transform.LayerNorm.beta': {...}}`
* `bert.encoder.layer.10.output.LayerNorm.beta` -> `{'bert.embeddings.LayerNorm.beta': 'bert.embeddings.LayerNorm.bias', 'bert.encoder.layer.0.attention.output.LayerNorm.beta': {...}, 'bert.encoder.layer.0.output.LayerNorm.beta': {...}, 'bert.encoder.layer.1.attention.output.LayerNorm.beta': {...}, 'bert.encoder.layer.1.output.LayerNorm.beta': {...}, 'bert.encoder.layer.10.attention.output.LayerNorm.beta': {...}, 'bert.encoder.layer.10.output.LayerNorm.beta': {...}, 'bert.encoder.layer.11.attention.output.LayerNorm.beta': {...}, 'bert.encoder.layer.11.output.LayerNorm.beta': {...}, 'bert.encoder.layer.2.attention.output.LayerNorm.beta': {...}, 'bert.encoder.layer.2.output.LayerNorm.beta': {...}, 'bert.encoder.layer.3.attention.output.LayerNorm.beta': {...}, 'bert.encoder.layer.3.output.LayerNorm.beta': {...}, 'bert.encoder.layer.4.attention.output.LayerNorm.beta': {...}, 'bert.encoder.layer.4.output.LayerNorm.beta': {...}, 'bert.encoder.layer.5.attention.output.LayerNorm.beta': {...}, 'bert.encoder.layer.5.output.LayerNorm.beta': {...}, 'bert.encoder.layer.6.attention.output.LayerNorm.beta': {...}, 'bert.encoder.layer.6.output.LayerNorm.beta': {...}, 'bert.encoder.layer.7.attention.output.LayerNorm.beta': {...}, 'bert.encoder.layer.7.output.LayerNorm.beta': {...}, 'bert.encoder.layer.8.attention.output.LayerNorm.beta': {...}, 'bert.encoder.layer.8.output.LayerNorm.beta': {...}, 'bert.encoder.layer.9.attention.output.LayerNorm.beta': {...}, 'bert.encoder.layer.9.output.LayerNorm.beta': {...}, 'cls.predictions.transform.LayerNorm.beta': {...}}`
* `bert.encoder.layer.11.attention.output.LayerNorm.beta` -> `{'bert.embeddings.LayerNorm.beta': 'bert.embeddings.LayerNorm.bias', 'bert.encoder.layer.0.attention.output.LayerNorm.beta': {...}, 'bert.encoder.layer.0.output.LayerNorm.beta': {...}, 'bert.encoder.layer.1.attention.output.LayerNorm.beta': {...}, 'bert.encoder.layer.1.output.LayerNorm.beta': {...}, 'bert.encoder.layer.10.attention.output.LayerNorm.beta': {...}, 'bert.encoder.layer.10.output.LayerNorm.beta': {...}, 'bert.encoder.layer.11.attention.output.LayerNorm.beta': {...}, 'bert.encoder.layer.11.output.LayerNorm.beta': {...}, 'bert.encoder.layer.2.attention.output.LayerNorm.beta': {...}, 'bert.encoder.layer.2.output.LayerNorm.beta': {...}, 'bert.encoder.layer.3.attention.output.LayerNorm.beta': {...}, 'bert.encoder.layer.3.output.LayerNorm.beta': {...}, 'bert.encoder.layer.4.attention.output.LayerNorm.beta': {...}, 'bert.encoder.layer.4.output.LayerNorm.beta': {...}, 'bert.encoder.layer.5.attention.output.LayerNorm.beta': {...}, 'bert.encoder.layer.5.output.LayerNorm.beta': {...}, 'bert.encoder.layer.6.attention.output.LayerNorm.beta': {...}, 'bert.encoder.layer.6.output.LayerNorm.beta': {...}, 'bert.encoder.layer.7.attention.output.LayerNorm.beta': {...}, 'bert.encoder.layer.7.output.LayerNorm.beta': {...}, 'bert.encoder.layer.8.attention.output.LayerNorm.beta': {...}, 'bert.encoder.layer.8.output.LayerNorm.beta': {...}, 'bert.encoder.layer.9.attention.output.LayerNorm.beta': {...}, 'bert.encoder.layer.9.output.LayerNorm.beta': {...}, 'cls.predictions.transform.LayerNorm.beta': {...}}`
* `bert.encoder.layer.11.output.LayerNorm.beta` -> `{'bert.embeddings.LayerNorm.beta': 'bert.embeddings.LayerNorm.bias', 'bert.encoder.layer.0.attention.output.LayerNorm.beta': {...}, 'bert.encoder.layer.0.output.LayerNorm.beta': {...}, 'bert.encoder.layer.1.attention.output.LayerNorm.beta': {...}, 'bert.encoder.layer.1.output.LayerNorm.beta': {...}, 'bert.encoder.layer.10.attention.output.LayerNorm.beta': {...}, 'bert.encoder.layer.10.output.LayerNorm.beta': {...}, 'bert.encoder.layer.11.attention.output.LayerNorm.beta': {...}, 'bert.encoder.layer.11.output.LayerNorm.beta': {...}, 'bert.encoder.layer.2.attention.output.LayerNorm.beta': {...}, 'bert.encoder.layer.2.output.LayerNorm.beta': {...}, 'bert.encoder.layer.3.attention.output.LayerNorm.beta': {...}, 'bert.encoder.layer.3.output.LayerNorm.beta': {...}, 'bert.encoder.layer.4.attention.output.LayerNorm.beta': {...}, 'bert.encoder.layer.4.output.LayerNorm.beta': {...}, 'bert.encoder.layer.5.attention.output.LayerNorm.beta': {...}, 'bert.encoder.layer.5.output.LayerNorm.beta': {...}, 'bert.encoder.layer.6.attention.output.LayerNorm.beta': {...}, 'bert.encoder.layer.6.output.LayerNorm.beta': {...}, 'bert.encoder.layer.7.attention.output.LayerNorm.beta': {...}, 'bert.encoder.layer.7.output.LayerNorm.beta': {...}, 'bert.encoder.layer.8.attention.output.LayerNorm.beta': {...}, 'bert.encoder.layer.8.output.LayerNorm.beta': {...}, 'bert.encoder.layer.9.attention.output.LayerNorm.beta': {...}, 'bert.encoder.layer.9.output.LayerNorm.beta': {...}, 'cls.predictions.transform.LayerNorm.beta': {...}}`
* `bert.encoder.layer.2.attention.output.LayerNorm.beta` -> `{'bert.embeddings.LayerNorm.beta': 'bert.embeddings.LayerNorm.bias', 'bert.encoder.layer.0.attention.output.LayerNorm.beta': {...}, 'bert.encoder.layer.0.output.LayerNorm.beta': {...}, 'bert.encoder.layer.1.attention.output.LayerNorm.beta': {...}, 'bert.encoder.layer.1.output.LayerNorm.beta': {...}, 'bert.encoder.layer.10.attention.output.LayerNorm.beta': {...}, 'bert.encoder.layer.10.output.LayerNorm.beta': {...}, 'bert.encoder.layer.11.attention.output.LayerNorm.beta': {...}, 'bert.encoder.layer.11.output.LayerNorm.beta': {...}, 'bert.encoder.layer.2.attention.output.LayerNorm.beta': {...}, 'bert.encoder.layer.2.output.LayerNorm.beta': {...}, 'bert.encoder.layer.3.attention.output.LayerNorm.beta': {...}, 'bert.encoder.layer.3.output.LayerNorm.beta': {...}, 'bert.encoder.layer.4.attention.output.LayerNorm.beta': {...}, 'bert.encoder.layer.4.output.LayerNorm.beta': {...}, 'bert.encoder.layer.5.attention.output.LayerNorm.beta': {...}, 'bert.encoder.layer.5.output.LayerNorm.beta': {...}, 'bert.encoder.layer.6.attention.output.LayerNorm.beta': {...}, 'bert.encoder.layer.6.output.LayerNorm.beta': {...}, 'bert.encoder.layer.7.attention.output.LayerNorm.beta': {...}, 'bert.encoder.layer.7.output.LayerNorm.beta': {...}, 'bert.encoder.layer.8.attention.output.LayerNorm.beta': {...}, 'bert.encoder.layer.8.output.LayerNorm.beta': {...}, 'bert.encoder.layer.9.attention.output.LayerNorm.beta': {...}, 'bert.encoder.layer.9.output.LayerNorm.beta': {...}, 'cls.predictions.transform.LayerNorm.beta': {...}}`
* `bert.encoder.layer.2.output.LayerNorm.beta` -> `{'bert.embeddings.LayerNorm.beta': 'bert.embeddings.LayerNorm.bias', 'bert.encoder.layer.0.attention.output.LayerNorm.beta': {...}, 'bert.encoder.layer.0.output.LayerNorm.beta': {...}, 'bert.encoder.layer.1.attention.output.LayerNorm.beta': {...}, 'bert.encoder.layer.1.output.LayerNorm.beta': {...}, 'bert.encoder.layer.10.attention.output.LayerNorm.beta': {...}, 'bert.encoder.layer.10.output.LayerNorm.beta': {...}, 'bert.encoder.layer.11.attention.output.LayerNorm.beta': {...}, 'bert.encoder.layer.11.output.LayerNorm.beta': {...}, 'bert.encoder.layer.2.attention.output.LayerNorm.beta': {...}, 'bert.encoder.layer.2.output.LayerNorm.beta': {...}, 'bert.encoder.layer.3.attention.output.LayerNorm.beta': {...}, 'bert.encoder.layer.3.output.LayerNorm.beta': {...}, 'bert.encoder.layer.4.attention.output.LayerNorm.beta': {...}, 'bert.encoder.layer.4.output.LayerNorm.beta': {...}, 'bert.encoder.layer.5.attention.output.LayerNorm.beta': {...}, 'bert.encoder.layer.5.output.LayerNorm.beta': {...}, 'bert.encoder.layer.6.attention.output.LayerNorm.beta': {...}, 'bert.encoder.layer.6.output.LayerNorm.beta': {...}, 'bert.encoder.layer.7.attention.output.LayerNorm.beta': {...}, 'bert.encoder.layer.7.output.LayerNorm.beta': {...}, 'bert.encoder.layer.8.attention.output.LayerNorm.beta': {...}, 'bert.encoder.layer.8.output.LayerNorm.beta': {...}, 'bert.encoder.layer.9.attention.output.LayerNorm.beta': {...}, 'bert.encoder.layer.9.output.LayerNorm.beta': {...}, 'cls.predictions.transform.LayerNorm.beta': {...}}`
* `bert.encoder.layer.3.attention.output.LayerNorm.beta` -> `{'bert.embeddings.LayerNorm.beta': 'bert.embeddings.LayerNorm.bias', 'bert.encoder.layer.0.attention.output.LayerNorm.beta': {...}, 'bert.encoder.layer.0.output.LayerNorm.beta': {...}, 'bert.encoder.layer.1.attention.output.LayerNorm.beta': {...}, 'bert.encoder.layer.1.output.LayerNorm.beta': {...}, 'bert.encoder.layer.10.attention.output.LayerNorm.beta': {...}, 'bert.encoder.layer.10.output.LayerNorm.beta': {...}, 'bert.encoder.layer.11.attention.output.LayerNorm.beta': {...}, 'bert.encoder.layer.11.output.LayerNorm.beta': {...}, 'bert.encoder.layer.2.attention.output.LayerNorm.beta': {...}, 'bert.encoder.layer.2.output.LayerNorm.beta': {...}, 'bert.encoder.layer.3.attention.output.LayerNorm.beta': {...}, 'bert.encoder.layer.3.output.LayerNorm.beta': {...}, 'bert.encoder.layer.4.attention.output.LayerNorm.beta': {...}, 'bert.encoder.layer.4.output.LayerNorm.beta': {...}, 'bert.encoder.layer.5.attention.output.LayerNorm.beta': {...}, 'bert.encoder.layer.5.output.LayerNorm.beta': {...}, 'bert.encoder.layer.6.attention.output.LayerNorm.beta': {...}, 'bert.encoder.layer.6.output.LayerNorm.beta': {...}, 'bert.encoder.layer.7.attention.output.LayerNorm.beta': {...}, 'bert.encoder.layer.7.output.LayerNorm.beta': {...}, 'bert.encoder.layer.8.attention.output.LayerNorm.beta': {...}, 'bert.encoder.layer.8.output.LayerNorm.beta': {...}, 'bert.encoder.layer.9.attention.output.LayerNorm.beta': {...}, 'bert.encoder.layer.9.output.LayerNorm.beta': {...}, 'cls.predictions.transform.LayerNorm.beta': {...}}`
* `bert.encoder.layer.3.output.LayerNorm.beta` -> `{'bert.embeddings.LayerNorm.beta': 'bert.embeddings.LayerNorm.bias', 'bert.encoder.layer.0.attention.output.LayerNorm.beta': {...}, 'bert.encoder.layer.0.output.LayerNorm.beta': {...}, 'bert.encoder.layer.1.attention.output.LayerNorm.beta': {...}, 'bert.encoder.layer.1.output.LayerNorm.beta': {...}, 'bert.encoder.layer.10.attention.output.LayerNorm.beta': {...}, 'bert.encoder.layer.10.output.LayerNorm.beta': {...}, 'bert.encoder.layer.11.attention.output.LayerNorm.beta': {...}, 'bert.encoder.layer.11.output.LayerNorm.beta': {...}, 'bert.encoder.layer.2.attention.output.LayerNorm.beta': {...}, 'bert.encoder.layer.2.output.LayerNorm.beta': {...}, 'bert.encoder.layer.3.attention.output.LayerNorm.beta': {...}, 'bert.encoder.layer.3.output.LayerNorm.beta': {...}, 'bert.encoder.layer.4.attention.output.LayerNorm.beta': {...}, 'bert.encoder.layer.4.output.LayerNorm.beta': {...}, 'bert.encoder.layer.5.attention.output.LayerNorm.beta': {...}, 'bert.encoder.layer.5.output.LayerNorm.beta': {...}, 'bert.encoder.layer.6.attention.output.LayerNorm.beta': {...}, 'bert.encoder.layer.6.output.LayerNorm.beta': {...}, 'bert.encoder.layer.7.attention.output.LayerNorm.beta': {...}, 'bert.encoder.layer.7.output.LayerNorm.beta': {...}, 'bert.encoder.layer.8.attention.output.LayerNorm.beta': {...}, 'bert.encoder.layer.8.output.LayerNorm.beta': {...}, 'bert.encoder.layer.9.attention.output.LayerNorm.beta': {...}, 'bert.encoder.layer.9.output.LayerNorm.beta': {...}, 'cls.predictions.transform.LayerNorm.beta': {...}}`
* `bert.encoder.layer.4.attention.output.LayerNorm.beta` -> `{'bert.embeddings.LayerNorm.beta': 'bert.embeddings.LayerNorm.bias', 'bert.encoder.layer.0.attention.output.LayerNorm.beta': {...}, 'bert.encoder.layer.0.output.LayerNorm.beta': {...}, 'bert.encoder.layer.1.attention.output.LayerNorm.beta': {...}, 'bert.encoder.layer.1.output.LayerNorm.beta': {...}, 'bert.encoder.layer.10.attention.output.LayerNorm.beta': {...}, 'bert.encoder.layer.10.output.LayerNorm.beta': {...}, 'bert.encoder.layer.11.attention.output.LayerNorm.beta': {...}, 'bert.encoder.layer.11.output.LayerNorm.beta': {...}, 'bert.encoder.layer.2.attention.output.LayerNorm.beta': {...}, 'bert.encoder.layer.2.output.LayerNorm.beta': {...}, 'bert.encoder.layer.3.attention.output.LayerNorm.beta': {...}, 'bert.encoder.layer.3.output.LayerNorm.beta': {...}, 'bert.encoder.layer.4.attention.output.LayerNorm.beta': {...}, 'bert.encoder.layer.4.output.LayerNorm.beta': {...}, 'bert.encoder.layer.5.attention.output.LayerNorm.beta': {...}, 'bert.encoder.layer.5.output.LayerNorm.beta': {...}, 'bert.encoder.layer.6.attention.output.LayerNorm.beta': {...}, 'bert.encoder.layer.6.output.LayerNorm.beta': {...}, 'bert.encoder.layer.7.attention.output.LayerNorm.beta': {...}, 'bert.encoder.layer.7.output.LayerNorm.beta': {...}, 'bert.encoder.layer.8.attention.output.LayerNorm.beta': {...}, 'bert.encoder.layer.8.output.LayerNorm.beta': {...}, 'bert.encoder.layer.9.attention.output.LayerNorm.beta': {...}, 'bert.encoder.layer.9.output.LayerNorm.beta': {...}, 'cls.predictions.transform.LayerNorm.beta': {...}}`
* `bert.encoder.layer.4.output.LayerNorm.beta` -> `{'bert.embeddings.LayerNorm.beta': 'bert.embeddings.LayerNorm.bias', 'bert.encoder.layer.0.attention.output.LayerNorm.beta': {...}, 'bert.encoder.layer.0.output.LayerNorm.beta': {...}, 'bert.encoder.layer.1.attention.output.LayerNorm.beta': {...}, 'bert.encoder.layer.1.output.LayerNorm.beta': {...}, 'bert.encoder.layer.10.attention.output.LayerNorm.beta': {...}, 'bert.encoder.layer.10.output.LayerNorm.beta': {...}, 'bert.encoder.layer.11.attention.output.LayerNorm.beta': {...}, 'bert.encoder.layer.11.output.LayerNorm.beta': {...}, 'bert.encoder.layer.2.attention.output.LayerNorm.beta': {...}, 'bert.encoder.layer.2.output.LayerNorm.beta': {...}, 'bert.encoder.layer.3.attention.output.LayerNorm.beta': {...}, 'bert.encoder.layer.3.output.LayerNorm.beta': {...}, 'bert.encoder.layer.4.attention.output.LayerNorm.beta': {...}, 'bert.encoder.layer.4.output.LayerNorm.beta': {...}, 'bert.encoder.layer.5.attention.output.LayerNorm.beta': {...}, 'bert.encoder.layer.5.output.LayerNorm.beta': {...}, 'bert.encoder.layer.6.attention.output.LayerNorm.beta': {...}, 'bert.encoder.layer.6.output.LayerNorm.beta': {...}, 'bert.encoder.layer.7.attention.output.LayerNorm.beta': {...}, 'bert.encoder.layer.7.output.LayerNorm.beta': {...}, 'bert.encoder.layer.8.attention.output.LayerNorm.beta': {...}, 'bert.encoder.layer.8.output.LayerNorm.beta': {...}, 'bert.encoder.layer.9.attention.output.LayerNorm.beta': {...}, 'bert.encoder.layer.9.output.LayerNorm.beta': {...}, 'cls.predictions.transform.LayerNorm.beta': {...}}`
* `bert.encoder.layer.5.attention.output.LayerNorm.beta` -> `{'bert.embeddings.LayerNorm.beta': 'bert.embeddings.LayerNorm.bias', 'bert.encoder.layer.0.attention.output.LayerNorm.beta': {...}, 'bert.encoder.layer.0.output.LayerNorm.beta': {...}, 'bert.encoder.layer.1.attention.output.LayerNorm.beta': {...}, 'bert.encoder.layer.1.output.LayerNorm.beta': {...}, 'bert.encoder.layer.10.attention.output.LayerNorm.beta': {...}, 'bert.encoder.layer.10.output.LayerNorm.beta': {...}, 'bert.encoder.layer.11.attention.output.LayerNorm.beta': {...}, 'bert.encoder.layer.11.output.LayerNorm.beta': {...}, 'bert.encoder.layer.2.attention.output.LayerNorm.beta': {...}, 'bert.encoder.layer.2.output.LayerNorm.beta': {...}, 'bert.encoder.layer.3.attention.output.LayerNorm.beta': {...}, 'bert.encoder.layer.3.output.LayerNorm.beta': {...}, 'bert.encoder.layer.4.attention.output.LayerNorm.beta': {...}, 'bert.encoder.layer.4.output.LayerNorm.beta': {...}, 'bert.encoder.layer.5.attention.output.LayerNorm.beta': {...}, 'bert.encoder.layer.5.output.LayerNorm.beta': {...}, 'bert.encoder.layer.6.attention.output.LayerNorm.beta': {...}, 'bert.encoder.layer.6.output.LayerNorm.beta': {...}, 'bert.encoder.layer.7.attention.output.LayerNorm.beta': {...}, 'bert.encoder.layer.7.output.LayerNorm.beta': {...}, 'bert.encoder.layer.8.attention.output.LayerNorm.beta': {...}, 'bert.encoder.layer.8.output.LayerNorm.beta': {...}, 'bert.encoder.layer.9.attention.output.LayerNorm.beta': {...}, 'bert.encoder.layer.9.output.LayerNorm.beta': {...}, 'cls.predictions.transform.LayerNorm.beta': {...}}`
* `bert.encoder.layer.5.output.LayerNorm.beta` -> `{'bert.embeddings.LayerNorm.beta': 'bert.embeddings.LayerNorm.bias', 'bert.encoder.layer.0.attention.output.LayerNorm.beta': {...}, 'bert.encoder.layer.0.output.LayerNorm.beta': {...}, 'bert.encoder.layer.1.attention.output.LayerNorm.beta': {...}, 'bert.encoder.layer.1.output.LayerNorm.beta': {...}, 'bert.encoder.layer.10.attention.output.LayerNorm.beta': {...}, 'bert.encoder.layer.10.output.LayerNorm.beta': {...}, 'bert.encoder.layer.11.attention.output.LayerNorm.beta': {...}, 'bert.encoder.layer.11.output.LayerNorm.beta': {...}, 'bert.encoder.layer.2.attention.output.LayerNorm.beta': {...}, 'bert.encoder.layer.2.output.LayerNorm.beta': {...}, 'bert.encoder.layer.3.attention.output.LayerNorm.beta': {...}, 'bert.encoder.layer.3.output.LayerNorm.beta': {...}, 'bert.encoder.layer.4.attention.output.LayerNorm.beta': {...}, 'bert.encoder.layer.4.output.LayerNorm.beta': {...}, 'bert.encoder.layer.5.attention.output.LayerNorm.beta': {...}, 'bert.encoder.layer.5.output.LayerNorm.beta': {...}, 'bert.encoder.layer.6.attention.output.LayerNorm.beta': {...}, 'bert.encoder.layer.6.output.LayerNorm.beta': {...}, 'bert.encoder.layer.7.attention.output.LayerNorm.beta': {...}, 'bert.encoder.layer.7.output.LayerNorm.beta': {...}, 'bert.encoder.layer.8.attention.output.LayerNorm.beta': {...}, 'bert.encoder.layer.8.output.LayerNorm.beta': {...}, 'bert.encoder.layer.9.attention.output.LayerNorm.beta': {...}, 'bert.encoder.layer.9.output.LayerNorm.beta': {...}, 'cls.predictions.transform.LayerNorm.beta': {...}}`
* `bert.encoder.layer.6.attention.output.LayerNorm.beta` -> `{'bert.embeddings.LayerNorm.beta': 'bert.embeddings.LayerNorm.bias', 'bert.encoder.layer.0.attention.output.LayerNorm.beta': {...}, 'bert.encoder.layer.0.output.LayerNorm.beta': {...}, 'bert.encoder.layer.1.attention.output.LayerNorm.beta': {...}, 'bert.encoder.layer.1.output.LayerNorm.beta': {...}, 'bert.encoder.layer.10.attention.output.LayerNorm.beta': {...}, 'bert.encoder.layer.10.output.LayerNorm.beta': {...}, 'bert.encoder.layer.11.attention.output.LayerNorm.beta': {...}, 'bert.encoder.layer.11.output.LayerNorm.beta': {...}, 'bert.encoder.layer.2.attention.output.LayerNorm.beta': {...}, 'bert.encoder.layer.2.output.LayerNorm.beta': {...}, 'bert.encoder.layer.3.attention.output.LayerNorm.beta': {...}, 'bert.encoder.layer.3.output.LayerNorm.beta': {...}, 'bert.encoder.layer.4.attention.output.LayerNorm.beta': {...}, 'bert.encoder.layer.4.output.LayerNorm.beta': {...}, 'bert.encoder.layer.5.attention.output.LayerNorm.beta': {...}, 'bert.encoder.layer.5.output.LayerNorm.beta': {...}, 'bert.encoder.layer.6.attention.output.LayerNorm.beta': {...}, 'bert.encoder.layer.6.output.LayerNorm.beta': {...}, 'bert.encoder.layer.7.attention.output.LayerNorm.beta': {...}, 'bert.encoder.layer.7.output.LayerNorm.beta': {...}, 'bert.encoder.layer.8.attention.output.LayerNorm.beta': {...}, 'bert.encoder.layer.8.output.LayerNorm.beta': {...}, 'bert.encoder.layer.9.attention.output.LayerNorm.beta': {...}, 'bert.encoder.layer.9.output.LayerNorm.beta': {...}, 'cls.predictions.transform.LayerNorm.beta': {...}}`
* `bert.encoder.layer.6.output.LayerNorm.beta` -> `{'bert.embeddings.LayerNorm.beta': 'bert.embeddings.LayerNorm.bias', 'bert.encoder.layer.0.attention.output.LayerNorm.beta': {...}, 'bert.encoder.layer.0.output.LayerNorm.beta': {...}, 'bert.encoder.layer.1.attention.output.LayerNorm.beta': {...}, 'bert.encoder.layer.1.output.LayerNorm.beta': {...}, 'bert.encoder.layer.10.attention.output.LayerNorm.beta': {...}, 'bert.encoder.layer.10.output.LayerNorm.beta': {...}, 'bert.encoder.layer.11.attention.output.LayerNorm.beta': {...}, 'bert.encoder.layer.11.output.LayerNorm.beta': {...}, 'bert.encoder.layer.2.attention.output.LayerNorm.beta': {...}, 'bert.encoder.layer.2.output.LayerNorm.beta': {...}, 'bert.encoder.layer.3.attention.output.LayerNorm.beta': {...}, 'bert.encoder.layer.3.output.LayerNorm.beta': {...}, 'bert.encoder.layer.4.attention.output.LayerNorm.beta': {...}, 'bert.encoder.layer.4.output.LayerNorm.beta': {...}, 'bert.encoder.layer.5.attention.output.LayerNorm.beta': {...}, 'bert.encoder.layer.5.output.LayerNorm.beta': {...}, 'bert.encoder.layer.6.attention.output.LayerNorm.beta': {...}, 'bert.encoder.layer.6.output.LayerNorm.beta': {...}, 'bert.encoder.layer.7.attention.output.LayerNorm.beta': {...}, 'bert.encoder.layer.7.output.LayerNorm.beta': {...}, 'bert.encoder.layer.8.attention.output.LayerNorm.beta': {...}, 'bert.encoder.layer.8.output.LayerNorm.beta': {...}, 'bert.encoder.layer.9.attention.output.LayerNorm.beta': {...}, 'bert.encoder.layer.9.output.LayerNorm.beta': {...}, 'cls.predictions.transform.LayerNorm.beta': {...}}`
* `bert.encoder.layer.7.attention.output.LayerNorm.beta` -> `{'bert.embeddings.LayerNorm.beta': 'bert.embeddings.LayerNorm.bias', 'bert.encoder.layer.0.attention.output.LayerNorm.beta': {...}, 'bert.encoder.layer.0.output.LayerNorm.beta': {...}, 'bert.encoder.layer.1.attention.output.LayerNorm.beta': {...}, 'bert.encoder.layer.1.output.LayerNorm.beta': {...}, 'bert.encoder.layer.10.attention.output.LayerNorm.beta': {...}, 'bert.encoder.layer.10.output.LayerNorm.beta': {...}, 'bert.encoder.layer.11.attention.output.LayerNorm.beta': {...}, 'bert.encoder.layer.11.output.LayerNorm.beta': {...}, 'bert.encoder.layer.2.attention.output.LayerNorm.beta': {...}, 'bert.encoder.layer.2.output.LayerNorm.beta': {...}, 'bert.encoder.layer.3.attention.output.LayerNorm.beta': {...}, 'bert.encoder.layer.3.output.LayerNorm.beta': {...}, 'bert.encoder.layer.4.attention.output.LayerNorm.beta': {...}, 'bert.encoder.layer.4.output.LayerNorm.beta': {...}, 'bert.encoder.layer.5.attention.output.LayerNorm.beta': {...}, 'bert.encoder.layer.5.output.LayerNorm.beta': {...}, 'bert.encoder.layer.6.attention.output.LayerNorm.beta': {...}, 'bert.encoder.layer.6.output.LayerNorm.beta': {...}, 'bert.encoder.layer.7.attention.output.LayerNorm.beta': {...}, 'bert.encoder.layer.7.output.LayerNorm.beta': {...}, 'bert.encoder.layer.8.attention.output.LayerNorm.beta': {...}, 'bert.encoder.layer.8.output.LayerNorm.beta': {...}, 'bert.encoder.layer.9.attention.output.LayerNorm.beta': {...}, 'bert.encoder.layer.9.output.LayerNorm.beta': {...}, 'cls.predictions.transform.LayerNorm.beta': {...}}`
* `bert.encoder.layer.7.output.LayerNorm.beta` -> `{'bert.embeddings.LayerNorm.beta': 'bert.embeddings.LayerNorm.bias', 'bert.encoder.layer.0.attention.output.LayerNorm.beta': {...}, 'bert.encoder.layer.0.output.LayerNorm.beta': {...}, 'bert.encoder.layer.1.attention.output.LayerNorm.beta': {...}, 'bert.encoder.layer.1.output.LayerNorm.beta': {...}, 'bert.encoder.layer.10.attention.output.LayerNorm.beta': {...}, 'bert.encoder.layer.10.output.LayerNorm.beta': {...}, 'bert.encoder.layer.11.attention.output.LayerNorm.beta': {...}, 'bert.encoder.layer.11.output.LayerNorm.beta': {...}, 'bert.encoder.layer.2.attention.output.LayerNorm.beta': {...}, 'bert.encoder.layer.2.output.LayerNorm.beta': {...}, 'bert.encoder.layer.3.attention.output.LayerNorm.beta': {...}, 'bert.encoder.layer.3.output.LayerNorm.beta': {...}, 'bert.encoder.layer.4.attention.output.LayerNorm.beta': {...}, 'bert.encoder.layer.4.output.LayerNorm.beta': {...}, 'bert.encoder.layer.5.attention.output.LayerNorm.beta': {...}, 'bert.encoder.layer.5.output.LayerNorm.beta': {...}, 'bert.encoder.layer.6.attention.output.LayerNorm.beta': {...}, 'bert.encoder.layer.6.output.LayerNorm.beta': {...}, 'bert.encoder.layer.7.attention.output.LayerNorm.beta': {...}, 'bert.encoder.layer.7.output.LayerNorm.beta': {...}, 'bert.encoder.layer.8.attention.output.LayerNorm.beta': {...}, 'bert.encoder.layer.8.output.LayerNorm.beta': {...}, 'bert.encoder.layer.9.attention.output.LayerNorm.beta': {...}, 'bert.encoder.layer.9.output.LayerNorm.beta': {...}, 'cls.predictions.transform.LayerNorm.beta': {...}}`
* `bert.encoder.layer.8.attention.output.LayerNorm.beta` -> `{'bert.embeddings.LayerNorm.beta': 'bert.embeddings.LayerNorm.bias', 'bert.encoder.layer.0.attention.output.LayerNorm.beta': {...}, 'bert.encoder.layer.0.output.LayerNorm.beta': {...}, 'bert.encoder.layer.1.attention.output.LayerNorm.beta': {...}, 'bert.encoder.layer.1.output.LayerNorm.beta': {...}, 'bert.encoder.layer.10.attention.output.LayerNorm.beta': {...}, 'bert.encoder.layer.10.output.LayerNorm.beta': {...}, 'bert.encoder.layer.11.attention.output.LayerNorm.beta': {...}, 'bert.encoder.layer.11.output.LayerNorm.beta': {...}, 'bert.encoder.layer.2.attention.output.LayerNorm.beta': {...}, 'bert.encoder.layer.2.output.LayerNorm.beta': {...}, 'bert.encoder.layer.3.attention.output.LayerNorm.beta': {...}, 'bert.encoder.layer.3.output.LayerNorm.beta': {...}, 'bert.encoder.layer.4.attention.output.LayerNorm.beta': {...}, 'bert.encoder.layer.4.output.LayerNorm.beta': {...}, 'bert.encoder.layer.5.attention.output.LayerNorm.beta': {...}, 'bert.encoder.layer.5.output.LayerNorm.beta': {...}, 'bert.encoder.layer.6.attention.output.LayerNorm.beta': {...}, 'bert.encoder.layer.6.output.LayerNorm.beta': {...}, 'bert.encoder.layer.7.attention.output.LayerNorm.beta': {...}, 'bert.encoder.layer.7.output.LayerNorm.beta': {...}, 'bert.encoder.layer.8.attention.output.LayerNorm.beta': {...}, 'bert.encoder.layer.8.output.LayerNorm.beta': {...}, 'bert.encoder.layer.9.attention.output.LayerNorm.beta': {...}, 'bert.encoder.layer.9.output.LayerNorm.beta': {...}, 'cls.predictions.transform.LayerNorm.beta': {...}}`
* `bert.encoder.layer.8.output.LayerNorm.beta` -> `{'bert.embeddings.LayerNorm.beta': 'bert.embeddings.LayerNorm.bias', 'bert.encoder.layer.0.attention.output.LayerNorm.beta': {...}, 'bert.encoder.layer.0.output.LayerNorm.beta': {...}, 'bert.encoder.layer.1.attention.output.LayerNorm.beta': {...}, 'bert.encoder.layer.1.output.LayerNorm.beta': {...}, 'bert.encoder.layer.10.attention.output.LayerNorm.beta': {...}, 'bert.encoder.layer.10.output.LayerNorm.beta': {...}, 'bert.encoder.layer.11.attention.output.LayerNorm.beta': {...}, 'bert.encoder.layer.11.output.LayerNorm.beta': {...}, 'bert.encoder.layer.2.attention.output.LayerNorm.beta': {...}, 'bert.encoder.layer.2.output.LayerNorm.beta': {...}, 'bert.encoder.layer.3.attention.output.LayerNorm.beta': {...}, 'bert.encoder.layer.3.output.LayerNorm.beta': {...}, 'bert.encoder.layer.4.attention.output.LayerNorm.beta': {...}, 'bert.encoder.layer.4.output.LayerNorm.beta': {...}, 'bert.encoder.layer.5.attention.output.LayerNorm.beta': {...}, 'bert.encoder.layer.5.output.LayerNorm.beta': {...}, 'bert.encoder.layer.6.attention.output.LayerNorm.beta': {...}, 'bert.encoder.layer.6.output.LayerNorm.beta': {...}, 'bert.encoder.layer.7.attention.output.LayerNorm.beta': {...}, 'bert.encoder.layer.7.output.LayerNorm.beta': {...}, 'bert.encoder.layer.8.attention.output.LayerNorm.beta': {...}, 'bert.encoder.layer.8.output.LayerNorm.beta': {...}, 'bert.encoder.layer.9.attention.output.LayerNorm.beta': {...}, 'bert.encoder.layer.9.output.LayerNorm.beta': {...}, 'cls.predictions.transform.LayerNorm.beta': {...}}`
* `bert.encoder.layer.9.attention.output.LayerNorm.beta` -> `{'bert.embeddings.LayerNorm.beta': 'bert.embeddings.LayerNorm.bias', 'bert.encoder.layer.0.attention.output.LayerNorm.beta': {...}, 'bert.encoder.layer.0.output.LayerNorm.beta': {...}, 'bert.encoder.layer.1.attention.output.LayerNorm.beta': {...}, 'bert.encoder.layer.1.output.LayerNorm.beta': {...}, 'bert.encoder.layer.10.attention.output.LayerNorm.beta': {...}, 'bert.encoder.layer.10.output.LayerNorm.beta': {...}, 'bert.encoder.layer.11.attention.output.LayerNorm.beta': {...}, 'bert.encoder.layer.11.output.LayerNorm.beta': {...}, 'bert.encoder.layer.2.attention.output.LayerNorm.beta': {...}, 'bert.encoder.layer.2.output.LayerNorm.beta': {...}, 'bert.encoder.layer.3.attention.output.LayerNorm.beta': {...}, 'bert.encoder.layer.3.output.LayerNorm.beta': {...}, 'bert.encoder.layer.4.attention.output.LayerNorm.beta': {...}, 'bert.encoder.layer.4.output.LayerNorm.beta': {...}, 'bert.encoder.layer.5.attention.output.LayerNorm.beta': {...}, 'bert.encoder.layer.5.output.LayerNorm.beta': {...}, 'bert.encoder.layer.6.attention.output.LayerNorm.beta': {...}, 'bert.encoder.layer.6.output.LayerNorm.beta': {...}, 'bert.encoder.layer.7.attention.output.LayerNorm.beta': {...}, 'bert.encoder.layer.7.output.LayerNorm.beta': {...}, 'bert.encoder.layer.8.attention.output.LayerNorm.beta': {...}, 'bert.encoder.layer.8.output.LayerNorm.beta': {...}, 'bert.encoder.layer.9.attention.output.LayerNorm.beta': {...}, 'bert.encoder.layer.9.output.LayerNorm.beta': {...}, 'cls.predictions.transform.LayerNorm.beta': {...}}`
* `bert.encoder.layer.9.output.LayerNorm.beta` -> `{'bert.embeddings.LayerNorm.beta': 'bert.embeddings.LayerNorm.bias', 'bert.encoder.layer.0.attention.output.LayerNorm.beta': {...}, 'bert.encoder.layer.0.output.LayerNorm.beta': {...}, 'bert.encoder.layer.1.attention.output.LayerNorm.beta': {...}, 'bert.encoder.layer.1.output.LayerNorm.beta': {...}, 'bert.encoder.layer.10.attention.output.LayerNorm.beta': {...}, 'bert.encoder.layer.10.output.LayerNorm.beta': {...}, 'bert.encoder.layer.11.attention.output.LayerNorm.beta': {...}, 'bert.encoder.layer.11.output.LayerNorm.beta': {...}, 'bert.encoder.layer.2.attention.output.LayerNorm.beta': {...}, 'bert.encoder.layer.2.output.LayerNorm.beta': {...}, 'bert.encoder.layer.3.attention.output.LayerNorm.beta': {...}, 'bert.encoder.layer.3.output.LayerNorm.beta': {...}, 'bert.encoder.layer.4.attention.output.LayerNorm.beta': {...}, 'bert.encoder.layer.4.output.LayerNorm.beta': {...}, 'bert.encoder.layer.5.attention.output.LayerNorm.beta': {...}, 'bert.encoder.layer.5.output.LayerNorm.beta': {...}, 'bert.encoder.layer.6.attention.output.LayerNorm.beta': {...}, 'bert.encoder.layer.6.output.LayerNorm.beta': {...}, 'bert.encoder.layer.7.attention.output.LayerNorm.beta': {...}, 'bert.encoder.layer.7.output.LayerNorm.beta': {...}, 'bert.encoder.layer.8.attention.output.LayerNorm.beta': {...}, 'bert.encoder.layer.8.output.LayerNorm.beta': {...}, 'bert.encoder.layer.9.attention.output.LayerNorm.beta': {...}, 'bert.encoder.layer.9.output.LayerNorm.beta': {...}, 'cls.predictions.transform.LayerNorm.beta': {...}}`
* `cls.predictions.transform.LayerNorm.beta` -> `{'bert.embeddings.LayerNorm.beta': 'bert.embeddings.LayerNorm.bias', 'bert.encoder.layer.0.attention.output.LayerNorm.beta': {...}, 'bert.encoder.layer.0.output.LayerNorm.beta': {...}, 'bert.encoder.layer.1.attention.output.LayerNorm.beta': {...}, 'bert.encoder.layer.1.output.LayerNorm.beta': {...}, 'bert.encoder.layer.10.attention.output.LayerNorm.beta': {...}, 'bert.encoder.layer.10.output.LayerNorm.beta': {...}, 'bert.encoder.layer.11.attention.output.LayerNorm.beta': {...}, 'bert.encoder.layer.11.output.LayerNorm.beta': {...}, 'bert.encoder.layer.2.attention.output.LayerNorm.beta': {...}, 'bert.encoder.layer.2.output.LayerNorm.beta': {...}, 'bert.encoder.layer.3.attention.output.LayerNorm.beta': {...}, 'bert.encoder.layer.3.output.LayerNorm.beta': {...}, 'bert.encoder.layer.4.attention.output.LayerNorm.beta': {...}, 'bert.encoder.layer.4.output.LayerNorm.beta': {...}, 'bert.encoder.layer.5.attention.output.LayerNorm.beta': {...}, 'bert.encoder.layer.5.output.LayerNorm.beta': {...}, 'bert.encoder.layer.6.attention.output.LayerNorm.beta': {...}, 'bert.encoder.layer.6.output.LayerNorm.beta': {...}, 'bert.encoder.layer.7.attention.output.LayerNorm.beta': {...}, 'bert.encoder.layer.7.output.LayerNorm.beta': {...}, 'bert.encoder.layer.8.attention.output.LayerNorm.beta': {...}, 'bert.encoder.layer.8.output.LayerNorm.beta': {...}, 'bert.encoder.layer.9.attention.output.LayerNorm.beta': {...}, 'bert.encoder.layer.9.output.LayerNorm.beta': {...}, 'cls.predictions.transform.LayerNorm.beta': {...}}`
If you are using a model from the Hub, consider submitting a PR to adjust these weights and help future users.
Some weights of the model checkpoint at bert-base-uncased were not used when initializing BertModel: ['cls.predictions.bias', 'cls.predictions.transform.LayerNorm.bias', 'cls.predictions.transform.LayerNorm.weight', 'cls.predictions.transform.dense.bias', 'cls.predictions.transform.dense.weight', 'cls.seq_relationship.bias', 'cls.seq_relationship.weight']
- This IS expected if you are initializing BertModel from the checkpoint of a model trained on another task or with another architecture (e.g. initializing a BertForSequenceClassification model from a BertForPreTraining model).
- This IS NOT expected if you are initializing BertModel from the checkpoint of a model that you expect to be exactly identical (initializing a BertForSequenceClassification model from a BertForSequenceClassification model).
All the weights of BertModel were initialized from the model checkpoint at bert-base-uncased.
If your task is similar to the task the model of the checkpoint was trained on, you can already use BertModel for predictions without further training.
/home/impulse/wang2/msa/.mmsa-reference/papers/HSCL/src/modules/encoders.py:123: UserWarning: enable_nested_tensor is True, but self.use_nested_tensor is False because encoder_layer.self_attn.batch_first was not True(use batch_first for better inference performance)
  self.transformer_encoder = TransformerEncoder(encoder_layers, nlayers)
--------------------------------------------------
Epoch  1 | Time 7.1302 sec | Valid Loss 1.1794 | Test Loss 1.1070
--------------------------------------------------
MAE:  1.1069958
Correlation Coefficient:  0.5534825430541247
mult_acc_7:  0.25072886297376096
mult_acc_5:  0.26822157434402333
F1 score all/non0: 0.7048/0.7353 over 686/656
Accuracy all/non0: 0.7259/0.753
--------------------------------------------------
Saved model at pre_trained_models/MM.pt!
--------------------------------------------------
Epoch  2 | Time 6.9023 sec | Valid Loss 0.8724 | Test Loss 0.8852
--------------------------------------------------
MAE:  0.8851667
Correlation Coefficient:  0.7340064511103161
mult_acc_7:  0.3556851311953353
mult_acc_5:  0.37755102040816324
F1 score all/non0: 0.8033/0.8272 over 686/656
Accuracy all/non0: 0.8047/0.8277
--------------------------------------------------
Saved model at pre_trained_models/MM.pt!
--------------------------------------------------
Epoch  3 | Time 6.9829 sec | Valid Loss 0.8164 | Test Loss 0.8105
--------------------------------------------------
MAE:  0.810536
Correlation Coefficient:  0.7738076003252563
mult_acc_7:  0.39067055393586003
mult_acc_5:  0.42419825072886297
F1 score all/non0: 0.8322/0.8479 over 686/656
Accuracy all/non0: 0.8324/0.8476
--------------------------------------------------
Saved model at pre_trained_models/MM.pt!
--------------------------------------------------
Epoch  4 | Time 6.8618 sec | Valid Loss 0.8576 | Test Loss 0.7732
--------------------------------------------------
--------------------------------------------------
Epoch  5 | Time 6.8178 sec | Valid Loss 0.7788 | Test Loss 0.7957
--------------------------------------------------
MAE:  0.79569405
Correlation Coefficient:  0.7744087462750638
mult_acc_7:  0.4008746355685131
mult_acc_5:  0.44169096209912534
F1 score all/non0: 0.8285/0.8553 over 686/656
Accuracy all/non0: 0.8309/0.8567
--------------------------------------------------
Saved model at pre_trained_models/MM.pt!
--------------------------------------------------
Epoch  6 | Time 6.8444 sec | Valid Loss 0.9237 | Test Loss 0.9877
--------------------------------------------------
--------------------------------------------------
Epoch  7 | Time 6.8356 sec | Valid Loss 0.7851 | Test Loss 0.7759
--------------------------------------------------
--------------------------------------------------
Epoch  8 | Time 6.8262 sec | Valid Loss 0.7510 | Test Loss 0.7783
--------------------------------------------------
MAE:  0.7782826
Correlation Coefficient:  0.7832726621410719
mult_acc_7:  0.4387755102040816
mult_acc_5:  0.5116618075801749
F1 score all/non0: 0.8182/0.8257 over 686/656
Accuracy all/non0: 0.8178/0.8247
--------------------------------------------------
Saved model at pre_trained_models/MM.pt!
--------------------------------------------------
Epoch  9 | Time 6.8507 sec | Valid Loss 0.7258 | Test Loss 0.7511
--------------------------------------------------
MAE:  0.75107384
Correlation Coefficient:  0.7794842080119806
mult_acc_7:  0.4446064139941691
mult_acc_5:  0.5160349854227405
F1 score all/non0: 0.8104/0.8298 over 686/656
Accuracy all/non0: 0.8105/0.8293
--------------------------------------------------
Saved model at pre_trained_models/MM.pt!
--------------------------------------------------
Epoch 10 | Time 6.8203 sec | Valid Loss 0.7633 | Test Loss 0.8283
--------------------------------------------------
--------------------------------------------------
Epoch 11 | Time 6.8177 sec | Valid Loss 0.7560 | Test Loss 0.7458
--------------------------------------------------
--------------------------------------------------
Epoch 12 | Time 6.8092 sec | Valid Loss 0.7182 | Test Loss 0.7447
--------------------------------------------------
MAE:  0.74465996
Correlation Coefficient:  0.7827799155141142
mult_acc_7:  0.446064139941691
mult_acc_5:  0.5131195335276968
F1 score all/non0: 0.8204/0.8356 over 686/656
Accuracy all/non0: 0.8207/0.8354
--------------------------------------------------
Saved model at pre_trained_models/MM.pt!
--------------------------------------------------
Epoch 13 | Time 6.9259 sec | Valid Loss 0.7199 | Test Loss 0.7319
--------------------------------------------------
--------------------------------------------------
Epoch 14 | Time 6.8283 sec | Valid Loss 0.7006 | Test Loss 0.7248
--------------------------------------------------
MAE:  0.7247975
Correlation Coefficient:  0.7878783960742742
mult_acc_7:  0.45918367346938777
mult_acc_5:  0.5233236151603499
F1 score all/non0: 0.8173/0.834 over 686/656
Accuracy all/non0: 0.8178/0.8338
--------------------------------------------------
Saved model at pre_trained_models/MM.pt!
--------------------------------------------------
Epoch 15 | Time 6.8182 sec | Valid Loss 0.6954 | Test Loss 0.7228
--------------------------------------------------
MAE:  0.7228142
Correlation Coefficient:  0.789395066775108
mult_acc_7:  0.46938775510204084
mult_acc_5:  0.532069970845481
F1 score all/non0: 0.8158/0.834 over 686/656
Accuracy all/non0: 0.8163/0.8338
--------------------------------------------------
Saved model at pre_trained_models/MM.pt!
--------------------------------------------------
Epoch 16 | Time 6.7948 sec | Valid Loss 0.6981 | Test Loss 0.7225
--------------------------------------------------
--------------------------------------------------
Epoch 17 | Time 6.8182 sec | Valid Loss 0.7035 | Test Loss 0.7213
--------------------------------------------------
--------------------------------------------------
Epoch 18 | Time 6.8124 sec | Valid Loss 0.6893 | Test Loss 0.7127
--------------------------------------------------
MAE:  0.7126772
Correlation Coefficient:  0.7913618999427403
mult_acc_7:  0.4737609329446064
mult_acc_5:  0.5306122448979592
F1 score all/non0: 0.8184/0.8398 over 686/656
Accuracy all/non0: 0.8192/0.8399
--------------------------------------------------
Saved model at pre_trained_models/MM.pt!
--------------------------------------------------
Epoch 19 | Time 6.8347 sec | Valid Loss 0.6918 | Test Loss 0.7130
--------------------------------------------------
--------------------------------------------------
Epoch 20 | Time 6.8601 sec | Valid Loss 0.6964 | Test Loss 0.7268
--------------------------------------------------
MAE:  0.7126772
Correlation Coefficient:  0.7913618999427403
mult_acc_7:  0.4737609329446064
mult_acc_5:  0.5306122448979592
F1 score all/non0: 0.8184/0.8398 over 686/656
Accuracy all/non0: 0.8192/0.8399
--------------------------------------------------
