/home/impulse/wang2/msa/.mmsa-reference/env/shim/transformers/deepspeed.py:24: FutureWarning: transformers.deepspeed module is deprecated and will be removed in a future version. Please import deepspeed modules directly from transformers.integrations
  warnings.warn(
/home/impulse/wang2/msa/.venv/lib/python3.12/site-packages/torch/__init__.py:1323: UserWarning: torch.set_default_tensor_type() is deprecated as of PyTorch 2.1, please use torch.set_default_dtype() and torch.set_default_device() as alternatives. (Triggered internally at /pytorch/torch/csrc/tensor/python_tensor.cpp:434.)
  _C._set_default_tensor_type(t)
Start loading the data....
loading file vocab.txt from cache at /home/impulse/.cache/huggingface/hub/models--bert-base-uncased/snapshots/86b5e0934494bd15c9632b12f734a8a67f723594/vocab.txt
loading file added_tokens.json from cache at None
loading file special_tokens_map.json from cache at None
loading file tokenizer_config.json from cache at /home/impulse/.cache/huggingface/hub/models--bert-base-uncased/snapshots/86b5e0934494bd15c9632b12f734a8a67f723594/tokenizer_config.json
loading file tokenizer.json from cache at /home/impulse/.cache/huggingface/hub/models--bert-base-uncased/snapshots/86b5e0934494bd15c9632b12f734a8a67f723594/tokenizer.json
loading configuration file config.json from cache at /home/impulse/.cache/huggingface/hub/models--bert-base-uncased/snapshots/86b5e0934494bd15c9632b12f734a8a67f723594/config.json
Model config BertConfig {
  "_name_or_path": "bert-base-uncased",
  "architectures": [
    "BertForMaskedLM"
  ],
  "attention_probs_dropout_prob": 0.1,
  "classifier_dropout": null,
  "gradient_checkpointing": false,
  "hidden_act": "gelu",
  "hidden_dropout_prob": 0.1,
  "hidden_size": 768,
  "initializer_range": 0.02,
  "intermediate_size": 3072,
  "layer_norm_eps": 1e-12,
  "max_position_embeddings": 512,
  "model_type": "bert",
  "num_attention_heads": 12,
  "num_hidden_layers": 12,
  "pad_token_id": 0,
  "position_embedding_type": "absolute",
  "transformers_version": "4.44.2",
  "type_vocab_size": 2,
  "use_cache": true,
  "vocab_size": 30522
}

/home/impulse/wang2/msa/.mmsa-reference/env/shim/transformers/tokenization_utils_base.py:1601: FutureWarning: `clean_up_tokenization_spaces` was not set. It will be set to `True` by default. This behavior will be depracted in transformers v4.45, and will be then set to `False` by default. For more details check this issue: https://github.com/huggingface/transformers/issues/31884
  warnings.warn(
train
Training data loaded!
loading file vocab.txt from cache at /home/impulse/.cache/huggingface/hub/models--bert-base-uncased/snapshots/86b5e0934494bd15c9632b12f734a8a67f723594/vocab.txt
loading file added_tokens.json from cache at None
loading file special_tokens_map.json from cache at None
loading file tokenizer_config.json from cache at /home/impulse/.cache/huggingface/hub/models--bert-base-uncased/snapshots/86b5e0934494bd15c9632b12f734a8a67f723594/tokenizer_config.json
loading file tokenizer.json from cache at /home/impulse/.cache/huggingface/hub/models--bert-base-uncased/snapshots/86b5e0934494bd15c9632b12f734a8a67f723594/tokenizer.json
loading configuration file config.json from cache at /home/impulse/.cache/huggingface/hub/models--bert-base-uncased/snapshots/86b5e0934494bd15c9632b12f734a8a67f723594/config.json
Model config BertConfig {
  "_name_or_path": "bert-base-uncased",
  "architectures": [
    "BertForMaskedLM"
  ],
  "attention_probs_dropout_prob": 0.1,
  "classifier_dropout": null,
  "gradient_checkpointing": false,
  "hidden_act": "gelu",
  "hidden_dropout_prob": 0.1,
  "hidden_size": 768,
  "initializer_range": 0.02,
  "intermediate_size": 3072,
  "layer_norm_eps": 1e-12,
  "max_position_embeddings": 512,
  "model_type": "bert",
  "num_attention_heads": 12,
  "num_hidden_layers": 12,
  "pad_token_id": 0,
  "position_embedding_type": "absolute",
  "transformers_version": "4.44.2",
  "type_vocab_size": 2,
  "use_cache": true,
  "vocab_size": 30522
}

valid
Validation data loaded!
loading file vocab.txt from cache at /home/impulse/.cache/huggingface/hub/models--bert-base-uncased/snapshots/86b5e0934494bd15c9632b12f734a8a67f723594/vocab.txt
loading file added_tokens.json from cache at None
loading file special_tokens_map.json from cache at None
loading file tokenizer_config.json from cache at /home/impulse/.cache/huggingface/hub/models--bert-base-uncased/snapshots/86b5e0934494bd15c9632b12f734a8a67f723594/tokenizer_config.json
loading file tokenizer.json from cache at /home/impulse/.cache/huggingface/hub/models--bert-base-uncased/snapshots/86b5e0934494bd15c9632b12f734a8a67f723594/tokenizer.json
loading configuration file config.json from cache at /home/impulse/.cache/huggingface/hub/models--bert-base-uncased/snapshots/86b5e0934494bd15c9632b12f734a8a67f723594/config.json
Model config BertConfig {
  "_name_or_path": "bert-base-uncased",
  "architectures": [
    "BertForMaskedLM"
  ],
  "attention_probs_dropout_prob": 0.1,
  "classifier_dropout": null,
  "gradient_checkpointing": false,
  "hidden_act": "gelu",
  "hidden_dropout_prob": 0.1,
  "hidden_size": 768,
  "initializer_range": 0.02,
  "intermediate_size": 3072,
  "layer_norm_eps": 1e-12,
  "max_position_embeddings": 512,
  "model_type": "bert",
  "num_attention_heads": 12,
  "num_hidden_layers": 12,
  "pad_token_id": 0,
  "position_embedding_type": "absolute",
  "transformers_version": "4.44.2",
  "type_vocab_size": 2,
  "use_cache": true,
  "vocab_size": 30522
}

test
Test data loaded!
Finish loading the data....
loading configuration file config.json from cache at /home/impulse/.cache/huggingface/hub/models--bert-base-uncased/snapshots/86b5e0934494bd15c9632b12f734a8a67f723594/config.json
Model config BertConfig {
  "architectures": [
    "BertForMaskedLM"
  ],
  "attention_probs_dropout_prob": 0.1,
  "classifier_dropout": null,
  "gradient_checkpointing": false,
  "hidden_act": "gelu",
  "hidden_dropout_prob": 0.1,
  "hidden_size": 768,
  "initializer_range": 0.02,
  "intermediate_size": 3072,
  "layer_norm_eps": 1e-12,
  "max_position_embeddings": 512,
  "model_type": "bert",
  "num_attention_heads": 12,
  "num_hidden_layers": 12,
  "pad_token_id": 0,
  "position_embedding_type": "absolute",
  "transformers_version": "4.44.2",
  "type_vocab_size": 2,
  "use_cache": true,
  "vocab_size": 30522
}

loading weights file model.safetensors from cache at /home/impulse/.cache/huggingface/hub/models--bert-base-uncased/snapshots/86b5e0934494bd15c9632b12f734a8a67f723594/model.safetensors
A pretrained model of type `BertModel` contains parameters that have been renamed internally (a few are listed below but more are present in the model):
* `bert.embeddings.LayerNorm.gamma` -> `bert.embeddings.LayerNorm.weight`
* `bert.encoder.layer.0.attention.output.LayerNorm.gamma` -> `{'bert.embeddings.LayerNorm.gamma': 'bert.embeddings.LayerNorm.weight', 'bert.encoder.layer.0.attention.output.LayerNorm.gamma': {...}, 'bert.encoder.layer.0.output.LayerNorm.gamma': {...}, 'bert.encoder.layer.1.attention.output.LayerNorm.gamma': {...}, 'bert.encoder.layer.1.output.LayerNorm.gamma': {...}, 'bert.encoder.layer.10.attention.output.LayerNorm.gamma': {...}, 'bert.encoder.layer.10.output.LayerNorm.gamma': {...}, 'bert.encoder.layer.11.attention.output.LayerNorm.gamma': {...}, 'bert.encoder.layer.11.output.LayerNorm.gamma': {...}, 'bert.encoder.layer.2.attention.output.LayerNorm.gamma': {...}, 'bert.encoder.layer.2.output.LayerNorm.gamma': {...}, 'bert.encoder.layer.3.attention.output.LayerNorm.gamma': {...}, 'bert.encoder.layer.3.output.LayerNorm.gamma': {...}, 'bert.encoder.layer.4.attention.output.LayerNorm.gamma': {...}, 'bert.encoder.layer.4.output.LayerNorm.gamma': {...}, 'bert.encoder.layer.5.attention.output.LayerNorm.gamma': {...}, 'bert.encoder.layer.5.output.LayerNorm.gamma': {...}, 'bert.encoder.layer.6.attention.output.LayerNorm.gamma': {...}, 'bert.encoder.layer.6.output.LayerNorm.gamma': {...}, 'bert.encoder.layer.7.attention.output.LayerNorm.gamma': {...}, 'bert.encoder.layer.7.output.LayerNorm.gamma': {...}, 'bert.encoder.layer.8.attention.output.LayerNorm.gamma': {...}, 'bert.encoder.layer.8.output.LayerNorm.gamma': {...}, 'bert.encoder.layer.9.attention.output.LayerNorm.gamma': {...}, 'bert.encoder.layer.9.output.LayerNorm.gamma': {...}, 'cls.predictions.transform.LayerNorm.gamma': {...}}`
* `bert.encoder.layer.0.output.LayerNorm.gamma` -> `{'bert.embeddings.LayerNorm.gamma': 'bert.embeddings.LayerNorm.weight', 'bert.encoder.layer.0.attention.output.LayerNorm.gamma': {...}, 'bert.encoder.layer.0.output.LayerNorm.gamma': {...}, 'bert.encoder.layer.1.attention.output.LayerNorm.gamma': {...}, 'bert.encoder.layer.1.output.LayerNorm.gamma': {...}, 'bert.encoder.layer.10.attention.output.LayerNorm.gamma': {...}, 'bert.encoder.layer.10.output.LayerNorm.gamma': {...}, 'bert.encoder.layer.11.attention.output.LayerNorm.gamma': {...}, 'bert.encoder.layer.11.output.LayerNorm.gamma': {...}, 'bert.encoder.layer.2.attention.output.LayerNorm.gamma': {...}, 'bert.encoder.layer.2.output.LayerNorm.gamma': {...}, 'bert.encoder.layer.3.attention.output.LayerNorm.gamma': {...}, 'bert.encoder.layer.3.output.LayerNorm.gamma': {...}, 'bert.encoder.layer.4.attention.output.LayerNorm.gamma': {...}, 'bert.encoder.layer.4.output.LayerNorm.gamma': {...}, 'bert.encoder.layer.5.attention.output.LayerNorm.gamma': {...}, 'bert.encoder.layer.5.output.LayerNorm.gamma': {...}, 'bert.encoder.layer.6.attention.output.LayerNorm.gamma': {...}, 'bert.encoder.layer.6.output.LayerNorm.gamma': {...}, 'bert.encoder.layer.7.attention.output.LayerNorm.gamma': {...}, 'bert.encoder.layer.7.output.LayerNorm.gamma': {...}, 'bert.encoder.layer.8.attention.output.LayerNorm.gamma': {...}, 'bert.encoder.layer.8.output.LayerNorm.gamma': {...}, 'bert.encoder.layer.9.attention.output.LayerNorm.gamma': {...}, 'bert.encoder.layer.9.output.LayerNorm.gamma': {...}, 'cls.predictions.transform.LayerNorm.gamma': {...}}`
* `bert.encoder.layer.1.attention.output.LayerNorm.gamma` -> `{'bert.embeddings.LayerNorm.gamma': 'bert.embeddings.LayerNorm.weight', 'bert.encoder.layer.0.attention.output.LayerNorm.gamma': {...}, 'bert.encoder.layer.0.output.LayerNorm.gamma': {...}, 'bert.encoder.layer.1.attention.output.LayerNorm.gamma': {...}, 'bert.encoder.layer.1.output.LayerNorm.gamma': {...}, 'bert.encoder.layer.10.attention.output.LayerNorm.gamma': {...}, 'bert.encoder.layer.10.output.LayerNorm.gamma': {...}, 'bert.encoder.layer.11.attention.output.LayerNorm.gamma': {...}, 'bert.encoder.layer.11.output.LayerNorm.gamma': {...}, 'bert.encoder.layer.2.attention.output.LayerNorm.gamma': {...}, 'bert.encoder.layer.2.output.LayerNorm.gamma': {...}, 'bert.encoder.layer.3.attention.output.LayerNorm.gamma': {...}, 'bert.encoder.layer.3.output.LayerNorm.gamma': {...}, 'bert.encoder.layer.4.attention.output.LayerNorm.gamma': {...}, 'bert.encoder.layer.4.output.LayerNorm.gamma': {...}, 'bert.encoder.layer.5.attention.output.LayerNorm.gamma': {...}, 'bert.encoder.layer.5.output.LayerNorm.gamma': {...}, 'bert.encoder.layer.6.attention.output.LayerNorm.gamma': {...}, 'bert.encoder.layer.6.output.LayerNorm.gamma': {...}, 'bert.encoder.layer.7.attention.output.LayerNorm.gamma': {...}, 'bert.encoder.layer.7.output.LayerNorm.gamma': {...}, 'bert.encoder.layer.8.attention.output.LayerNorm.gamma': {...}, 'bert.encoder.layer.8.output.LayerNorm.gamma': {...}, 'bert.encoder.layer.9.attention.output.LayerNorm.gamma': {...}, 'bert.encoder.layer.9.output.LayerNorm.gamma': {...}, 'cls.predictions.transform.LayerNorm.gamma': {...}}`
* `bert.encoder.layer.1.output.LayerNorm.gamma` -> `{'bert.embeddings.LayerNorm.gamma': 'bert.embeddings.LayerNorm.weight', 'bert.encoder.layer.0.attention.output.LayerNorm.gamma': {...}, 'bert.encoder.layer.0.output.LayerNorm.gamma': {...}, 'bert.encoder.layer.1.attention.output.LayerNorm.gamma': {...}, 'bert.encoder.layer.1.output.LayerNorm.gamma': {...}, 'bert.encoder.layer.10.attention.output.LayerNorm.gamma': {...}, 'bert.encoder.layer.10.output.LayerNorm.gamma': {...}, 'bert.encoder.layer.11.attention.output.LayerNorm.gamma': {...}, 'bert.encoder.layer.11.output.LayerNorm.gamma': {...}, 'bert.encoder.layer.2.attention.output.LayerNorm.gamma': {...}, 'bert.encoder.layer.2.output.LayerNorm.gamma': {...}, 'bert.encoder.layer.3.attention.output.LayerNorm.gamma': {...}, 'bert.encoder.layer.3.output.LayerNorm.gamma': {...}, 'bert.encoder.layer.4.attention.output.LayerNorm.gamma': {...}, 'bert.encoder.layer.4.output.LayerNorm.gamma': {...}, 'bert.encoder.layer.5.attention.output.LayerNorm.gamma': {...}, 'bert.encoder.layer.5.output.LayerNorm.gamma': {...}, 'bert.encoder.layer.6.attention.output.LayerNorm.gamma': {...}, 'bert.encoder.layer.6.output.LayerNorm.gamma': {...}, 'bert.encoder.layer.7.attention.output.LayerNorm.gamma': {...}, 'bert.encoder.layer.7.output.LayerNorm.gamma': {...}, 'bert.encoder.layer.8.attention.output.LayerNorm.gamma': {...}, 'bert.encoder.layer.8.output.LayerNorm.gamma': {...}, 'bert.encoder.layer.9.attention.output.LayerNorm.gamma': {...}, 'bert.encoder.layer.9.output.LayerNorm.gamma': {...}, 'cls.predictions.transform.LayerNorm.gamma': {...}}`
* `bert.encoder.layer.10.attention.output.LayerNorm.gamma` -> `{'bert.embeddings.LayerNorm.gamma': 'bert.embeddings.LayerNorm.weight', 'bert.encoder.layer.0.attention.output.LayerNorm.gamma': {...}, 'bert.encoder.layer.0.output.LayerNorm.gamma': {...}, 'bert.encoder.layer.1.attention.output.LayerNorm.gamma': {...}, 'bert.encoder.layer.1.output.LayerNorm.gamma': {...}, 'bert.encoder.layer.10.attention.output.LayerNorm.gamma': {...}, 'bert.encoder.layer.10.output.LayerNorm.gamma': {...}, 'bert.encoder.layer.11.attention.output.LayerNorm.gamma': {...}, 'bert.encoder.layer.11.output.LayerNorm.gamma': {...}, 'bert.encoder.layer.2.attention.output.LayerNorm.gamma': {...}, 'bert.encoder.layer.2.output.LayerNorm.gamma': {...}, 'bert.encoder.layer.3.attention.output.LayerNorm.gamma': {...}, 'bert.encoder.layer.3.output.LayerNorm.gamma': {...}, 'bert.encoder.layer.4.attention.output.LayerNorm.gamma': {...}, 'bert.encoder.layer.4.output.LayerNorm.gamma': {...}, 'bert.encoder.layer.5.attention.output.LayerNorm.gamma': {...}, 'bert.encoder.layer.5.output.LayerNorm.gamma': {...}, 'bert.encoder.layer.6.attention.output.LayerNorm.gamma': {...}, 'bert.encoder.layer.6.output.LayerNorm.gamma': {...}, 'bert.encoder.layer.7.attention.output.LayerNorm.gamma': {...}, 'bert.encoder.layer.7.output.LayerNorm.gamma': {...}, 'bert.encoder.layer.8.attention.output.LayerNorm.gamma': {...}, 'bert.encoder.layer.8.output.LayerNorm.gamma': {...}, 'bert.encoder.layer.9.attention.output.LayerNorm.gamma': {...}, 'bert.encoder.layer.9.output.LayerNorm.gamma': {...}, 'cls.predictions.transform.LayerNorm.gamma': {...}}`
* `bert.encoder.layer.10.output.LayerNorm.gamma` -> `{'bert.embeddings.LayerNorm.gamma': 'bert.embeddings.LayerNorm.weight', 'bert.encoder.layer.0.attention.output.LayerNorm.gamma': {...}, 'bert.encoder.layer.0.output.LayerNorm.gamma': {...}, 'bert.encoder.layer.1.attention.output.LayerNorm.gamma': {...}, 'bert.encoder.layer.1.output.LayerNorm.gamma': {...}, 'bert.encoder.layer.10.attention.output.LayerNorm.gamma': {...}, 'bert.encoder.layer.10.output.LayerNorm.gamma': {...}, 'bert.encoder.layer.11.attention.output.LayerNorm.gamma': {...}, 'bert.encoder.layer.11.output.LayerNorm.gamma': {...}, 'bert.encoder.layer.2.attention.output.LayerNorm.gamma': {...}, 'bert.encoder.layer.2.output.LayerNorm.gamma': {...}, 'bert.encoder.layer.3.attention.output.LayerNorm.gamma': {...}, 'bert.encoder.layer.3.output.LayerNorm.gamma': {...}, 'bert.encoder.layer.4.attention.output.LayerNorm.gamma': {...}, 'bert.encoder.layer.4.output.LayerNorm.gamma': {...}, 'bert.encoder.layer.5.attention.output.LayerNorm.gamma': {...}, 'bert.encoder.layer.5.output.LayerNorm.gamma': {...}, 'bert.encoder.layer.6.attention.output.LayerNorm.gamma': {...}, 'bert.encoder.layer.6.output.LayerNorm.gamma': {...}, 'bert.encoder.layer.7.attention.output.LayerNorm.gamma': {...}, 'bert.encoder.layer.7.output.LayerNorm.gamma': {...}, 'bert.encoder.layer.8.attention.output.LayerNorm.gamma': {...}, 'bert.encoder.layer.8.output.LayerNorm.gamma': {...}, 'bert.encoder.layer.9.attention.output.LayerNorm.gamma': {...}, 'bert.encoder.layer.9.output.LayerNorm.gamma': {...}, 'cls.predictions.transform.LayerNorm.gamma': {...}}`
* `bert.encoder.layer.11.attention.output.LayerNorm.gamma` -> `{'bert.embeddings.LayerNorm.gamma': 'bert.embeddings.LayerNorm.weight', 'bert.encoder.layer.0.attention.output.LayerNorm.gamma': {...}, 'bert.encoder.layer.0.output.LayerNorm.gamma': {...}, 'bert.encoder.layer.1.attention.output.LayerNorm.gamma': {...}, 'bert.encoder.layer.1.output.LayerNorm.gamma': {...}, 'bert.encoder.layer.10.attention.output.LayerNorm.gamma': {...}, 'bert.encoder.layer.10.output.LayerNorm.gamma': {...}, 'bert.encoder.layer.11.attention.output.LayerNorm.gamma': {...}, 'bert.encoder.layer.11.output.LayerNorm.gamma': {...}, 'bert.encoder.layer.2.attention.output.LayerNorm.gamma': {...}, 'bert.encoder.layer.2.output.LayerNorm.gamma': {...}, 'bert.encoder.layer.3.attention.output.LayerNorm.gamma': {...}, 'bert.encoder.layer.3.output.LayerNorm.gamma': {...}, 'bert.encoder.layer.4.attention.output.LayerNorm.gamma': {...}, 'bert.encoder.layer.4.output.LayerNorm.gamma': {...}, 'bert.encoder.layer.5.attention.output.LayerNorm.gamma': {...}, 'bert.encoder.layer.5.output.LayerNorm.gamma': {...}, 'bert.encoder.layer.6.attention.output.LayerNorm.gamma': {...}, 'bert.encoder.layer.6.output.LayerNorm.gamma': {...}, 'bert.encoder.layer.7.attention.output.LayerNorm.gamma': {...}, 'bert.encoder.layer.7.output.LayerNorm.gamma': {...}, 'bert.encoder.layer.8.attention.output.LayerNorm.gamma': {...}, 'bert.encoder.layer.8.output.LayerNorm.gamma': {...}, 'bert.encoder.layer.9.attention.output.LayerNorm.gamma': {...}, 'bert.encoder.layer.9.output.LayerNorm.gamma': {...}, 'cls.predictions.transform.LayerNorm.gamma': {...}}`
* `bert.encoder.layer.11.output.LayerNorm.gamma` -> `{'bert.embeddings.LayerNorm.gamma': 'bert.embeddings.LayerNorm.weight', 'bert.encoder.layer.0.attention.output.LayerNorm.gamma': {...}, 'bert.encoder.layer.0.output.LayerNorm.gamma': {...}, 'bert.encoder.layer.1.attention.output.LayerNorm.gamma': {...}, 'bert.encoder.layer.1.output.LayerNorm.gamma': {...}, 'bert.encoder.layer.10.attention.output.LayerNorm.gamma': {...}, 'bert.encoder.layer.10.output.LayerNorm.gamma': {...}, 'bert.encoder.layer.11.attention.output.LayerNorm.gamma': {...}, 'bert.encoder.layer.11.output.LayerNorm.gamma': {...}, 'bert.encoder.layer.2.attention.output.LayerNorm.gamma': {...}, 'bert.encoder.layer.2.output.LayerNorm.gamma': {...}, 'bert.encoder.layer.3.attention.output.LayerNorm.gamma': {...}, 'bert.encoder.layer.3.output.LayerNorm.gamma': {...}, 'bert.encoder.layer.4.attention.output.LayerNorm.gamma': {...}, 'bert.encoder.layer.4.output.LayerNorm.gamma': {...}, 'bert.encoder.layer.5.attention.output.LayerNorm.gamma': {...}, 'bert.encoder.layer.5.output.LayerNorm.gamma': {...}, 'bert.encoder.layer.6.attention.output.LayerNorm.gamma': {...}, 'bert.encoder.layer.6.output.LayerNorm.gamma': {...}, 'bert.encoder.layer.7.attention.output.LayerNorm.gamma': {...}, 'bert.encoder.layer.7.output.LayerNorm.gamma': {...}, 'bert.encoder.layer.8.attention.output.LayerNorm.gamma': {...}, 'bert.encoder.layer.8.output.LayerNorm.gamma': {...}, 'bert.encoder.layer.9.attention.output.LayerNorm.gamma': {...}, 'bert.encoder.layer.9.output.LayerNorm.gamma': {...}, 'cls.predictions.transform.LayerNorm.gamma': {...}}`
* `bert.encoder.layer.2.attention.output.LayerNorm.gamma` -> `{'bert.embeddings.LayerNorm.gamma': 'bert.embeddings.LayerNorm.weight', 'bert.encoder.layer.0.attention.output.LayerNorm.gamma': {...}, 'bert.encoder.layer.0.output.LayerNorm.gamma': {...}, 'bert.encoder.layer.1.attention.output.LayerNorm.gamma': {...}, 'bert.encoder.layer.1.output.LayerNorm.gamma': {...}, 'bert.encoder.layer.10.attention.output.LayerNorm.gamma': {...}, 'bert.encoder.layer.10.output.LayerNorm.gamma': {...}, 'bert.encoder.layer.11.attention.output.LayerNorm.gamma': {...}, 'bert.encoder.layer.11.output.LayerNorm.gamma': {...}, 'bert.encoder.layer.2.attention.output.LayerNorm.gamma': {...}, 'bert.encoder.layer.2.output.LayerNorm.gamma': {...}, 'bert.encoder.layer.3.attention.output.LayerNorm.gamma': {...}, 'bert.encoder.layer.3.output.LayerNorm.gamma': {...}, 'bert.encoder.layer.4.attention.output.LayerNorm.gamma': {...}, 'bert.encoder.layer.4.output.LayerNorm.gamma': {...}, 'bert.encoder.layer.5.attention.output.LayerNorm.gamma': {...}, 'bert.encoder.layer.5.output.LayerNorm.gamma': {...}, 'bert.encoder.layer.6.attention.output.LayerNorm.gamma': {...}, 'bert.encoder.layer.6.output.LayerNorm.gamma': {...}, 'bert.encoder.layer.7.attention.output.LayerNorm.gamma': {...}, 'bert.encoder.layer.7.output.LayerNorm.gamma': {...}, 'bert.encoder.layer.8.attention.output.LayerNorm.gamma': {...}, 'bert.encoder.layer.8.output.LayerNorm.gamma': {...}, 'bert.encoder.layer.9.attention.output.LayerNorm.gamma': {...}, 'bert.encoder.layer.9.output.LayerNorm.gamma': {...}, 'cls.predictions.transform.LayerNorm.gamma': {...}}`
* `bert.encoder.layer.2.output.LayerNorm.gamma` -> `{'bert.embeddings.LayerNorm.gamma': 'bert.embeddings.LayerNorm.weight', 'bert.encoder.layer.0.attention.output.LayerNorm.gamma': {...}, 'bert.encoder.layer.0.output.LayerNorm.gamma': {...}, 'bert.encoder.layer.1.attention.output.LayerNorm.gamma': {...}, 'bert.encoder.layer.1.output.LayerNorm.gamma': {...}, 'bert.encoder.layer.10.attention.output.LayerNorm.gamma': {...}, 'bert.encoder.layer.10.output.LayerNorm.gamma': {...}, 'bert.encoder.layer.11.attention.output.LayerNorm.gamma': {...}, 'bert.encoder.layer.11.output.LayerNorm.gamma': {...}, 'bert.encoder.layer.2.attention.output.LayerNorm.gamma': {...}, 'bert.encoder.layer.2.output.LayerNorm.gamma': {...}, 'bert.encoder.layer.3.attention.output.LayerNorm.gamma': {...}, 'bert.encoder.layer.3.output.LayerNorm.gamma': {...}, 'bert.encoder.layer.4.attention.output.LayerNorm.gamma': {...}, 'bert.encoder.layer.4.output.LayerNorm.gamma': {...}, 'bert.encoder.layer.5.attention.output.LayerNorm.gamma': {...}, 'bert.encoder.layer.5.output.LayerNorm.gamma': {...}, 'bert.encoder.layer.6.attention.output.LayerNorm.gamma': {...}, 'bert.encoder.layer.6.output.LayerNorm.gamma': {...}, 'bert.encoder.layer.7.attention.output.LayerNorm.gamma': {...}, 'bert.encoder.layer.7.output.LayerNorm.gamma': {...}, 'bert.encoder.layer.8.attention.output.LayerNorm.gamma': {...}, 'bert.encoder.layer.8.output.LayerNorm.gamma': {...}, 'bert.encoder.layer.9.attention.output.LayerNorm.gamma': {...}, 'bert.encoder.layer.9.output.LayerNorm.gamma': {...}, 'cls.predictions.transform.LayerNorm.gamma': {...}}`
* `bert.encoder.layer.3.attention.output.LayerNorm.gamma` -> `{'bert.embeddings.LayerNorm.gamma': 'bert.embeddings.LayerNorm.weight', 'bert.encoder.layer.0.attention.output.LayerNorm.gamma': {...}, 'bert.encoder.layer.0.output.LayerNorm.gamma': {...}, 'bert.encoder.layer.1.attention.output.LayerNorm.gamma': {...}, 'bert.encoder.layer.1.output.LayerNorm.gamma': {...}, 'bert.encoder.layer.10.attention.output.LayerNorm.gamma': {...}, 'bert.encoder.layer.10.output.LayerNorm.gamma': {...}, 'bert.encoder.layer.11.attention.output.LayerNorm.gamma': {...}, 'bert.encoder.layer.11.output.LayerNorm.gamma': {...}, 'bert.encoder.layer.2.attention.output.LayerNorm.gamma': {...}, 'bert.encoder.layer.2.output.LayerNorm.gamma': {...}, 'bert.encoder.layer.3.attention.output.LayerNorm.gamma': {...}, 'bert.encoder.layer.3.output.LayerNorm.gamma': {...}, 'bert.encoder.layer.4.attention.output.LayerNorm.gamma': {...}, 'bert.encoder.layer.4.output.LayerNorm.gamma': {...}, 'bert.encoder.layer.5.attention.output.LayerNorm.gamma': {...}, 'bert.encoder.layer.5.output.LayerNorm.gamma': {...}, 'bert.encoder.layer.6.attention.output.LayerNorm.gamma': {...}, 'bert.encoder.layer.6.output.LayerNorm.gamma': {...}, 'bert.encoder.layer.7.attention.output.LayerNorm.gamma': {...}, 'bert.encoder.layer.7.output.LayerNorm.gamma': {...}, 'bert.encoder.layer.8.attention.output.LayerNorm.gamma': {...}, 'bert.encoder.layer.8.output.LayerNorm.gamma': {...}, 'bert.encoder.layer.9.attention.output.LayerNorm.gamma': {...}, 'bert.encoder.layer.9.output.LayerNorm.gamma': {...}, 'cls.predictions.transform.LayerNorm.gamma': {...}}`
* `bert.encoder.layer.3.output.LayerNorm.gamma` -> `{'bert.embeddings.LayerNorm.gamma': 'bert.embeddings.LayerNorm.weight', 'bert.encoder.layer.0.attention.output.LayerNorm.gamma': {...}, 'bert.encoder.layer.0.output.LayerNorm.gamma': {...}, 'bert.encoder.layer.1.attention.output.LayerNorm.gamma': {...}, 'bert.encoder.layer.1.output.LayerNorm.gamma': {...}, 'bert.encoder.layer.10.attention.output.LayerNorm.gamma': {...}, 'bert.encoder.layer.10.output.LayerNorm.gamma': {...}, 'bert.encoder.layer.11.attention.output.LayerNorm.gamma': {...}, 'bert.encoder.layer.11.output.LayerNorm.gamma': {...}, 'bert.encoder.layer.2.attention.output.LayerNorm.gamma': {...}, 'bert.encoder.layer.2.output.LayerNorm.gamma': {...}, 'bert.encoder.layer.3.attention.output.LayerNorm.gamma': {...}, 'bert.encoder.layer.3.output.LayerNorm.gamma': {...}, 'bert.encoder.layer.4.attention.output.LayerNorm.gamma': {...}, 'bert.encoder.layer.4.output.LayerNorm.gamma': {...}, 'bert.encoder.layer.5.attention.output.LayerNorm.gamma': {...}, 'bert.encoder.layer.5.output.LayerNorm.gamma': {...}, 'bert.encoder.layer.6.attention.output.LayerNorm.gamma': {...}, 'bert.encoder.layer.6.output.LayerNorm.gamma': {...}, 'bert.encoder.layer.7.attention.output.LayerNorm.gamma': {...}, 'bert.encoder.layer.7.output.LayerNorm.gamma': {...}, 'bert.encoder.layer.8.attention.output.LayerNorm.gamma': {...}, 'bert.encoder.layer.8.output.LayerNorm.gamma': {...}, 'bert.encoder.layer.9.attention.output.LayerNorm.gamma': {...}, 'bert.encoder.layer.9.output.LayerNorm.gamma': {...}, 'cls.predictions.transform.LayerNorm.gamma': {...}}`
* `bert.encoder.layer.4.attention.output.LayerNorm.gamma` -> `{'bert.embeddings.LayerNorm.gamma': 'bert.embeddings.LayerNorm.weight', 'bert.encoder.layer.0.attention.output.LayerNorm.gamma': {...}, 'bert.encoder.layer.0.output.LayerNorm.gamma': {...}, 'bert.encoder.layer.1.attention.output.LayerNorm.gamma': {...}, 'bert.encoder.layer.1.output.LayerNorm.gamma': {...}, 'bert.encoder.layer.10.attention.output.LayerNorm.gamma': {...}, 'bert.encoder.layer.10.output.LayerNorm.gamma': {...}, 'bert.encoder.layer.11.attention.output.LayerNorm.gamma': {...}, 'bert.encoder.layer.11.output.LayerNorm.gamma': {...}, 'bert.encoder.layer.2.attention.output.LayerNorm.gamma': {...}, 'bert.encoder.layer.2.output.LayerNorm.gamma': {...}, 'bert.encoder.layer.3.attention.output.LayerNorm.gamma': {...}, 'bert.encoder.layer.3.output.LayerNorm.gamma': {...}, 'bert.encoder.layer.4.attention.output.LayerNorm.gamma': {...}, 'bert.encoder.layer.4.output.LayerNorm.gamma': {...}, 'bert.encoder.layer.5.attention.output.LayerNorm.gamma': {...}, 'bert.encoder.layer.5.output.LayerNorm.gamma': {...}, 'bert.encoder.layer.6.attention.output.LayerNorm.gamma': {...}, 'bert.encoder.layer.6.output.LayerNorm.gamma': {...}, 'bert.encoder.layer.7.attention.output.LayerNorm.gamma': {...}, 'bert.encoder.layer.7.output.LayerNorm.gamma': {...}, 'bert.encoder.layer.8.attention.output.LayerNorm.gamma': {...}, 'bert.encoder.layer.8.output.LayerNorm.gamma': {...}, 'bert.encoder.layer.9.attention.output.LayerNorm.gamma': {...}, 'bert.encoder.layer.9.output.LayerNorm.gamma': {...}, 'cls.predictions.transform.LayerNorm.gamma': {...}}`
* `bert.encoder.layer.4.output.LayerNorm.gamma` -> `{'bert.embeddings.LayerNorm.gamma': 'bert.embeddings.LayerNorm.weight', 'bert.encoder.layer.0.attention.output.LayerNorm.gamma': {...}, 'bert.encoder.layer.0.output.LayerNorm.gamma': {...}, 'bert.encoder.layer.1.attention.output.LayerNorm.gamma': {...}, 'bert.encoder.layer.1.output.LayerNorm.gamma': {...}, 'bert.encoder.layer.10.attention.output.LayerNorm.gamma': {...}, 'bert.encoder.layer.10.output.LayerNorm.gamma': {...}, 'bert.encoder.layer.11.attention.output.LayerNorm.gamma': {...}, 'bert.encoder.layer.11.output.LayerNorm.gamma': {...}, 'bert.encoder.layer.2.attention.output.LayerNorm.gamma': {...}, 'bert.encoder.layer.2.output.LayerNorm.gamma': {...}, 'bert.encoder.layer.3.attention.output.LayerNorm.gamma': {...}, 'bert.encoder.layer.3.output.LayerNorm.gamma': {...}, 'bert.encoder.layer.4.attention.output.LayerNorm.gamma': {...}, 'bert.encoder.layer.4.output.LayerNorm.gamma': {...}, 'bert.encoder.layer.5.attention.output.LayerNorm.gamma': {...}, 'bert.encoder.layer.5.output.LayerNorm.gamma': {...}, 'bert.encoder.layer.6.attention.output.LayerNorm.gamma': {...}, 'bert.encoder.layer.6.output.LayerNorm.gamma': {...}, 'bert.encoder.layer.7.attention.output.LayerNorm.gamma': {...}, 'bert.encoder.layer.7.output.LayerNorm.gamma': {...}, 'bert.encoder.layer.8.attention.output.LayerNorm.gamma': {...}, 'bert.encoder.layer.8.output.LayerNorm.gamma': {...}, 'bert.encoder.layer.9.attention.output.LayerNorm.gamma': {...}, 'bert.encoder.layer.9.output.LayerNorm.gamma': {...}, 'cls.predictions.transform.LayerNorm.gamma': {...}}`
* `bert.encoder.layer.5.attention.output.LayerNorm.gamma` -> `{'bert.embeddings.LayerNorm.gamma': 'bert.embeddings.LayerNorm.weight', 'bert.encoder.layer.0.attention.output.LayerNorm.gamma': {...}, 'bert.encoder.layer.0.output.LayerNorm.gamma': {...}, 'bert.encoder.layer.1.attention.output.LayerNorm.gamma': {...}, 'bert.encoder.layer.1.output.LayerNorm.gamma': {...}, 'bert.encoder.layer.10.attention.output.LayerNorm.gamma': {...}, 'bert.encoder.layer.10.output.LayerNorm.gamma': {...}, 'bert.encoder.layer.11.attention.output.LayerNorm.gamma': {...}, 'bert.encoder.layer.11.output.LayerNorm.gamma': {...}, 'bert.encoder.layer.2.attention.output.LayerNorm.gamma': {...}, 'bert.encoder.layer.2.output.LayerNorm.gamma': {...}, 'bert.encoder.layer.3.attention.output.LayerNorm.gamma': {...}, 'bert.encoder.layer.3.output.LayerNorm.gamma': {...}, 'bert.encoder.layer.4.attention.output.LayerNorm.gamma': {...}, 'bert.encoder.layer.4.output.LayerNorm.gamma': {...}, 'bert.encoder.layer.5.attention.output.LayerNorm.gamma': {...}, 'bert.encoder.layer.5.output.LayerNorm.gamma': {...}, 'bert.encoder.layer.6.attention.output.LayerNorm.gamma': {...}, 'bert.encoder.layer.6.output.LayerNorm.gamma': {...}, 'bert.encoder.layer.7.attention.output.LayerNorm.gamma': {...}, 'bert.encoder.layer.7.output.LayerNorm.gamma': {...}, 'bert.encoder.layer.8.attention.output.LayerNorm.gamma': {...}, 'bert.encoder.layer.8.output.LayerNorm.gamma': {...}, 'bert.encoder.layer.9.attention.output.LayerNorm.gamma': {...}, 'bert.encoder.layer.9.output.LayerNorm.gamma': {...}, 'cls.predictions.transform.LayerNorm.gamma': {...}}`
* `bert.encoder.layer.5.output.LayerNorm.gamma` -> `{'bert.embeddings.LayerNorm.gamma': 'bert.embeddings.LayerNorm.weight', 'bert.encoder.layer.0.attention.output.LayerNorm.gamma': {...}, 'bert.encoder.layer.0.output.LayerNorm.gamma': {...}, 'bert.encoder.layer.1.attention.output.LayerNorm.gamma': {...}, 'bert.encoder.layer.1.output.LayerNorm.gamma': {...}, 'bert.encoder.layer.10.attention.output.LayerNorm.gamma': {...}, 'bert.encoder.layer.10.output.LayerNorm.gamma': {...}, 'bert.encoder.layer.11.attention.output.LayerNorm.gamma': {...}, 'bert.encoder.layer.11.output.LayerNorm.gamma': {...}, 'bert.encoder.layer.2.attention.output.LayerNorm.gamma': {...}, 'bert.encoder.layer.2.output.LayerNorm.gamma': {...}, 'bert.encoder.layer.3.attention.output.LayerNorm.gamma': {...}, 'bert.encoder.layer.3.output.LayerNorm.gamma': {...}, 'bert.encoder.layer.4.attention.output.LayerNorm.gamma': {...}, 'bert.encoder.layer.4.output.LayerNorm.gamma': {...}, 'bert.encoder.layer.5.attention.output.LayerNorm.gamma': {...}, 'bert.encoder.layer.5.output.LayerNorm.gamma': {...}, 'bert.encoder.layer.6.attention.output.LayerNorm.gamma': {...}, 'bert.encoder.layer.6.output.LayerNorm.gamma': {...}, 'bert.encoder.layer.7.attention.output.LayerNorm.gamma': {...}, 'bert.encoder.layer.7.output.LayerNorm.gamma': {...}, 'bert.encoder.layer.8.attention.output.LayerNorm.gamma': {...}, 'bert.encoder.layer.8.output.LayerNorm.gamma': {...}, 'bert.encoder.layer.9.attention.output.LayerNorm.gamma': {...}, 'bert.encoder.layer.9.output.LayerNorm.gamma': {...}, 'cls.predictions.transform.LayerNorm.gamma': {...}}`
* `bert.encoder.layer.6.attention.output.LayerNorm.gamma` -> `{'bert.embeddings.LayerNorm.gamma': 'bert.embeddings.LayerNorm.weight', 'bert.encoder.layer.0.attention.output.LayerNorm.gamma': {...}, 'bert.encoder.layer.0.output.LayerNorm.gamma': {...}, 'bert.encoder.layer.1.attention.output.LayerNorm.gamma': {...}, 'bert.encoder.layer.1.output.LayerNorm.gamma': {...}, 'bert.encoder.layer.10.attention.output.LayerNorm.gamma': {...}, 'bert.encoder.layer.10.output.LayerNorm.gamma': {...}, 'bert.encoder.layer.11.attention.output.LayerNorm.gamma': {...}, 'bert.encoder.layer.11.output.LayerNorm.gamma': {...}, 'bert.encoder.layer.2.attention.output.LayerNorm.gamma': {...}, 'bert.encoder.layer.2.output.LayerNorm.gamma': {...}, 'bert.encoder.layer.3.attention.output.LayerNorm.gamma': {...}, 'bert.encoder.layer.3.output.LayerNorm.gamma': {...}, 'bert.encoder.layer.4.attention.output.LayerNorm.gamma': {...}, 'bert.encoder.layer.4.output.LayerNorm.gamma': {...}, 'bert.encoder.layer.5.attention.output.LayerNorm.gamma': {...}, 'bert.encoder.layer.5.output.LayerNorm.gamma': {...}, 'bert.encoder.layer.6.attention.output.LayerNorm.gamma': {...}, 'bert.encoder.layer.6.output.LayerNorm.gamma': {...}, 'bert.encoder.layer.7.attention.output.LayerNorm.gamma': {...}, 'bert.encoder.layer.7.output.LayerNorm.gamma': {...}, 'bert.encoder.layer.8.attention.output.LayerNorm.gamma': {...}, 'bert.encoder.layer.8.output.LayerNorm.gamma': {...}, 'bert.encoder.layer.9.attention.output.LayerNorm.gamma': {...}, 'bert.encoder.layer.9.output.LayerNorm.gamma': {...}, 'cls.predictions.transform.LayerNorm.gamma': {...}}`
* `bert.encoder.layer.6.output.LayerNorm.gamma` -> `{'bert.embeddings.LayerNorm.gamma': 'bert.embeddings.LayerNorm.weight', 'bert.encoder.layer.0.attention.output.LayerNorm.gamma': {...}, 'bert.encoder.layer.0.output.LayerNorm.gamma': {...}, 'bert.encoder.layer.1.attention.output.LayerNorm.gamma': {...}, 'bert.encoder.layer.1.output.LayerNorm.gamma': {...}, 'bert.encoder.layer.10.attention.output.LayerNorm.gamma': {...}, 'bert.encoder.layer.10.output.LayerNorm.gamma': {...}, 'bert.encoder.layer.11.attention.output.LayerNorm.gamma': {...}, 'bert.encoder.layer.11.output.LayerNorm.gamma': {...}, 'bert.encoder.layer.2.attention.output.LayerNorm.gamma': {...}, 'bert.encoder.layer.2.output.LayerNorm.gamma': {...}, 'bert.encoder.layer.3.attention.output.LayerNorm.gamma': {...}, 'bert.encoder.layer.3.output.LayerNorm.gamma': {...}, 'bert.encoder.layer.4.attention.output.LayerNorm.gamma': {...}, 'bert.encoder.layer.4.output.LayerNorm.gamma': {...}, 'bert.encoder.layer.5.attention.output.LayerNorm.gamma': {...}, 'bert.encoder.layer.5.output.LayerNorm.gamma': {...}, 'bert.encoder.layer.6.attention.output.LayerNorm.gamma': {...}, 'bert.encoder.layer.6.output.LayerNorm.gamma': {...}, 'bert.encoder.layer.7.attention.output.LayerNorm.gamma': {...}, 'bert.encoder.layer.7.output.LayerNorm.gamma': {...}, 'bert.encoder.layer.8.attention.output.LayerNorm.gamma': {...}, 'bert.encoder.layer.8.output.LayerNorm.gamma': {...}, 'bert.encoder.layer.9.attention.output.LayerNorm.gamma': {...}, 'bert.encoder.layer.9.output.LayerNorm.gamma': {...}, 'cls.predictions.transform.LayerNorm.gamma': {...}}`
* `bert.encoder.layer.7.attention.output.LayerNorm.gamma` -> `{'bert.embeddings.LayerNorm.gamma': 'bert.embeddings.LayerNorm.weight', 'bert.encoder.layer.0.attention.output.LayerNorm.gamma': {...}, 'bert.encoder.layer.0.output.LayerNorm.gamma': {...}, 'bert.encoder.layer.1.attention.output.LayerNorm.gamma': {...}, 'bert.encoder.layer.1.output.LayerNorm.gamma': {...}, 'bert.encoder.layer.10.attention.output.LayerNorm.gamma': {...}, 'bert.encoder.layer.10.output.LayerNorm.gamma': {...}, 'bert.encoder.layer.11.attention.output.LayerNorm.gamma': {...}, 'bert.encoder.layer.11.output.LayerNorm.gamma': {...}, 'bert.encoder.layer.2.attention.output.LayerNorm.gamma': {...}, 'bert.encoder.layer.2.output.LayerNorm.gamma': {...}, 'bert.encoder.layer.3.attention.output.LayerNorm.gamma': {...}, 'bert.encoder.layer.3.output.LayerNorm.gamma': {...}, 'bert.encoder.layer.4.attention.output.LayerNorm.gamma': {...}, 'bert.encoder.layer.4.output.LayerNorm.gamma': {...}, 'bert.encoder.layer.5.attention.output.LayerNorm.gamma': {...}, 'bert.encoder.layer.5.output.LayerNorm.gamma': {...}, 'bert.encoder.layer.6.attention.output.LayerNorm.gamma': {...}, 'bert.encoder.layer.6.output.LayerNorm.gamma': {...}, 'bert.encoder.layer.7.attention.output.LayerNorm.gamma': {...}, 'bert.encoder.layer.7.output.LayerNorm.gamma': {...}, 'bert.encoder.layer.8.attention.output.LayerNorm.gamma': {...}, 'bert.encoder.layer.8.output.LayerNorm.gamma': {...}, 'bert.encoder.layer.9.attention.output.LayerNorm.gamma': {...}, 'bert.encoder.layer.9.output.LayerNorm.gamma': {...}, 'cls.predictions.transform.LayerNorm.gamma': {...}}`
* `bert.encoder.layer.7.output.LayerNorm.gamma` -> `{'bert.embeddings.LayerNorm.gamma': 'bert.embeddings.LayerNorm.weight', 'bert.encoder.layer.0.attention.output.LayerNorm.gamma': {...}, 'bert.encoder.layer.0.output.LayerNorm.gamma': {...}, 'bert.encoder.layer.1.attention.output.LayerNorm.gamma': {...}, 'bert.encoder.layer.1.output.LayerNorm.gamma': {...}, 'bert.encoder.layer.10.attention.output.LayerNorm.gamma': {...}, 'bert.encoder.layer.10.output.LayerNorm.gamma': {...}, 'bert.encoder.layer.11.attention.output.LayerNorm.gamma': {...}, 'bert.encoder.layer.11.output.LayerNorm.gamma': {...}, 'bert.encoder.layer.2.attention.output.LayerNorm.gamma': {...}, 'bert.encoder.layer.2.output.LayerNorm.gamma': {...}, 'bert.encoder.layer.3.attention.output.LayerNorm.gamma': {...}, 'bert.encoder.layer.3.output.LayerNorm.gamma': {...}, 'bert.encoder.layer.4.attention.output.LayerNorm.gamma': {...}, 'bert.encoder.layer.4.output.LayerNorm.gamma': {...}, 'bert.encoder.layer.5.attention.output.LayerNorm.gamma': {...}, 'bert.encoder.layer.5.output.LayerNorm.gamma': {...}, 'bert.encoder.layer.6.attention.output.LayerNorm.gamma': {...}, 'bert.encoder.layer.6.output.LayerNorm.gamma': {...}, 'bert.encoder.layer.7.attention.output.LayerNorm.gamma': {...}, 'bert.encoder.layer.7.output.LayerNorm.gamma': {...}, 'bert.encoder.layer.8.attention.output.LayerNorm.gamma': {...}, 'bert.encoder.layer.8.output.LayerNorm.gamma': {...}, 'bert.encoder.layer.9.attention.output.LayerNorm.gamma': {...}, 'bert.encoder.layer.9.output.LayerNorm.gamma': {...}, 'cls.predictions.transform.LayerNorm.gamma': {...}}`
* `bert.encoder.layer.8.attention.output.LayerNorm.gamma` -> `{'bert.embeddings.LayerNorm.gamma': 'bert.embeddings.LayerNorm.weight', 'bert.encoder.layer.0.attention.output.LayerNorm.gamma': {...}, 'bert.encoder.layer.0.output.LayerNorm.gamma': {...}, 'bert.encoder.layer.1.attention.output.LayerNorm.gamma': {...}, 'bert.encoder.layer.1.output.LayerNorm.gamma': {...}, 'bert.encoder.layer.10.attention.output.LayerNorm.gamma': {...}, 'bert.encoder.layer.10.output.LayerNorm.gamma': {...}, 'bert.encoder.layer.11.attention.output.LayerNorm.gamma': {...}, 'bert.encoder.layer.11.output.LayerNorm.gamma': {...}, 'bert.encoder.layer.2.attention.output.LayerNorm.gamma': {...}, 'bert.encoder.layer.2.output.LayerNorm.gamma': {...}, 'bert.encoder.layer.3.attention.output.LayerNorm.gamma': {...}, 'bert.encoder.layer.3.output.LayerNorm.gamma': {...}, 'bert.encoder.layer.4.attention.output.LayerNorm.gamma': {...}, 'bert.encoder.layer.4.output.LayerNorm.gamma': {...}, 'bert.encoder.layer.5.attention.output.LayerNorm.gamma': {...}, 'bert.encoder.layer.5.output.LayerNorm.gamma': {...}, 'bert.encoder.layer.6.attention.output.LayerNorm.gamma': {...}, 'bert.encoder.layer.6.output.LayerNorm.gamma': {...}, 'bert.encoder.layer.7.attention.output.LayerNorm.gamma': {...}, 'bert.encoder.layer.7.output.LayerNorm.gamma': {...}, 'bert.encoder.layer.8.attention.output.LayerNorm.gamma': {...}, 'bert.encoder.layer.8.output.LayerNorm.gamma': {...}, 'bert.encoder.layer.9.attention.output.LayerNorm.gamma': {...}, 'bert.encoder.layer.9.output.LayerNorm.gamma': {...}, 'cls.predictions.transform.LayerNorm.gamma': {...}}`
* `bert.encoder.layer.8.output.LayerNorm.gamma` -> `{'bert.embeddings.LayerNorm.gamma': 'bert.embeddings.LayerNorm.weight', 'bert.encoder.layer.0.attention.output.LayerNorm.gamma': {...}, 'bert.encoder.layer.0.output.LayerNorm.gamma': {...}, 'bert.encoder.layer.1.attention.output.LayerNorm.gamma': {...}, 'bert.encoder.layer.1.output.LayerNorm.gamma': {...}, 'bert.encoder.layer.10.attention.output.LayerNorm.gamma': {...}, 'bert.encoder.layer.10.output.LayerNorm.gamma': {...}, 'bert.encoder.layer.11.attention.output.LayerNorm.gamma': {...}, 'bert.encoder.layer.11.output.LayerNorm.gamma': {...}, 'bert.encoder.layer.2.attention.output.LayerNorm.gamma': {...}, 'bert.encoder.layer.2.output.LayerNorm.gamma': {...}, 'bert.encoder.layer.3.attention.output.LayerNorm.gamma': {...}, 'bert.encoder.layer.3.output.LayerNorm.gamma': {...}, 'bert.encoder.layer.4.attention.output.LayerNorm.gamma': {...}, 'bert.encoder.layer.4.output.LayerNorm.gamma': {...}, 'bert.encoder.layer.5.attention.output.LayerNorm.gamma': {...}, 'bert.encoder.layer.5.output.LayerNorm.gamma': {...}, 'bert.encoder.layer.6.attention.output.LayerNorm.gamma': {...}, 'bert.encoder.layer.6.output.LayerNorm.gamma': {...}, 'bert.encoder.layer.7.attention.output.LayerNorm.gamma': {...}, 'bert.encoder.layer.7.output.LayerNorm.gamma': {...}, 'bert.encoder.layer.8.attention.output.LayerNorm.gamma': {...}, 'bert.encoder.layer.8.output.LayerNorm.gamma': {...}, 'bert.encoder.layer.9.attention.output.LayerNorm.gamma': {...}, 'bert.encoder.layer.9.output.LayerNorm.gamma': {...}, 'cls.predictions.transform.LayerNorm.gamma': {...}}`
* `bert.encoder.layer.9.attention.output.LayerNorm.gamma` -> `{'bert.embeddings.LayerNorm.gamma': 'bert.embeddings.LayerNorm.weight', 'bert.encoder.layer.0.attention.output.LayerNorm.gamma': {...}, 'bert.encoder.layer.0.output.LayerNorm.gamma': {...}, 'bert.encoder.layer.1.attention.output.LayerNorm.gamma': {...}, 'bert.encoder.layer.1.output.LayerNorm.gamma': {...}, 'bert.encoder.layer.10.attention.output.LayerNorm.gamma': {...}, 'bert.encoder.layer.10.output.LayerNorm.gamma': {...}, 'bert.encoder.layer.11.attention.output.LayerNorm.gamma': {...}, 'bert.encoder.layer.11.output.LayerNorm.gamma': {...}, 'bert.encoder.layer.2.attention.output.LayerNorm.gamma': {...}, 'bert.encoder.layer.2.output.LayerNorm.gamma': {...}, 'bert.encoder.layer.3.attention.output.LayerNorm.gamma': {...}, 'bert.encoder.layer.3.output.LayerNorm.gamma': {...}, 'bert.encoder.layer.4.attention.output.LayerNorm.gamma': {...}, 'bert.encoder.layer.4.output.LayerNorm.gamma': {...}, 'bert.encoder.layer.5.attention.output.LayerNorm.gamma': {...}, 'bert.encoder.layer.5.output.LayerNorm.gamma': {...}, 'bert.encoder.layer.6.attention.output.LayerNorm.gamma': {...}, 'bert.encoder.layer.6.output.LayerNorm.gamma': {...}, 'bert.encoder.layer.7.attention.output.LayerNorm.gamma': {...}, 'bert.encoder.layer.7.output.LayerNorm.gamma': {...}, 'bert.encoder.layer.8.attention.output.LayerNorm.gamma': {...}, 'bert.encoder.layer.8.output.LayerNorm.gamma': {...}, 'bert.encoder.layer.9.attention.output.LayerNorm.gamma': {...}, 'bert.encoder.layer.9.output.LayerNorm.gamma': {...}, 'cls.predictions.transform.LayerNorm.gamma': {...}}`
* `bert.encoder.layer.9.output.LayerNorm.gamma` -> `{'bert.embeddings.LayerNorm.gamma': 'bert.embeddings.LayerNorm.weight', 'bert.encoder.layer.0.attention.output.LayerNorm.gamma': {...}, 'bert.encoder.layer.0.output.LayerNorm.gamma': {...}, 'bert.encoder.layer.1.attention.output.LayerNorm.gamma': {...}, 'bert.encoder.layer.1.output.LayerNorm.gamma': {...}, 'bert.encoder.layer.10.attention.output.LayerNorm.gamma': {...}, 'bert.encoder.layer.10.output.LayerNorm.gamma': {...}, 'bert.encoder.layer.11.attention.output.LayerNorm.gamma': {...}, 'bert.encoder.layer.11.output.LayerNorm.gamma': {...}, 'bert.encoder.layer.2.attention.output.LayerNorm.gamma': {...}, 'bert.encoder.layer.2.output.LayerNorm.gamma': {...}, 'bert.encoder.layer.3.attention.output.LayerNorm.gamma': {...}, 'bert.encoder.layer.3.output.LayerNorm.gamma': {...}, 'bert.encoder.layer.4.attention.output.LayerNorm.gamma': {...}, 'bert.encoder.layer.4.output.LayerNorm.gamma': {...}, 'bert.encoder.layer.5.attention.output.LayerNorm.gamma': {...}, 'bert.encoder.layer.5.output.LayerNorm.gamma': {...}, 'bert.encoder.layer.6.attention.output.LayerNorm.gamma': {...}, 'bert.encoder.layer.6.output.LayerNorm.gamma': {...}, 'bert.encoder.layer.7.attention.output.LayerNorm.gamma': {...}, 'bert.encoder.layer.7.output.LayerNorm.gamma': {...}, 'bert.encoder.layer.8.attention.output.LayerNorm.gamma': {...}, 'bert.encoder.layer.8.output.LayerNorm.gamma': {...}, 'bert.encoder.layer.9.attention.output.LayerNorm.gamma': {...}, 'bert.encoder.layer.9.output.LayerNorm.gamma': {...}, 'cls.predictions.transform.LayerNorm.gamma': {...}}`
* `cls.predictions.transform.LayerNorm.gamma` -> `{'bert.embeddings.LayerNorm.gamma': 'bert.embeddings.LayerNorm.weight', 'bert.encoder.layer.0.attention.output.LayerNorm.gamma': {...}, 'bert.encoder.layer.0.output.LayerNorm.gamma': {...}, 'bert.encoder.layer.1.attention.output.LayerNorm.gamma': {...}, 'bert.encoder.layer.1.output.LayerNorm.gamma': {...}, 'bert.encoder.layer.10.attention.output.LayerNorm.gamma': {...}, 'bert.encoder.layer.10.output.LayerNorm.gamma': {...}, 'bert.encoder.layer.11.attention.output.LayerNorm.gamma': {...}, 'bert.encoder.layer.11.output.LayerNorm.gamma': {...}, 'bert.encoder.layer.2.attention.output.LayerNorm.gamma': {...}, 'bert.encoder.layer.2.output.LayerNorm.gamma': {...}, 'bert.encoder.layer.3.attention.output.LayerNorm.gamma': {...}, 'bert.encoder.layer.3.output.LayerNorm.gamma': {...}, 'bert.encoder.layer.4.attention.output.LayerNorm.gamma': {...}, 'bert.encoder.layer.4.output.LayerNorm.gamma': {...}, 'bert.encoder.layer.5.attention.output.LayerNorm.gamma': {...}, 'bert.encoder.layer.5.output.LayerNorm.gamma': {...}, 'bert.encoder.layer.6.attention.output.LayerNorm.gamma': {...}, 'bert.encoder.layer.6.output.LayerNorm.gamma': {...}, 'bert.encoder.layer.7.attention.output.LayerNorm.gamma': {...}, 'bert.encoder.layer.7.output.LayerNorm.gamma': {...}, 'bert.encoder.layer.8.attention.output.LayerNorm.gamma': {...}, 'bert.encoder.layer.8.output.LayerNorm.gamma': {...}, 'bert.encoder.layer.9.attention.output.LayerNorm.gamma': {...}, 'bert.encoder.layer.9.output.LayerNorm.gamma': {...}, 'cls.predictions.transform.LayerNorm.gamma': {...}}`
* `bert.embeddings.LayerNorm.beta` -> `bert.embeddings.LayerNorm.bias`
* `bert.encoder.layer.0.attention.output.LayerNorm.beta` -> `{'bert.embeddings.LayerNorm.beta': 'bert.embeddings.LayerNorm.bias', 'bert.encoder.layer.0.attention.output.LayerNorm.beta': {...}, 'bert.encoder.layer.0.output.LayerNorm.beta': {...}, 'bert.encoder.layer.1.attention.output.LayerNorm.beta': {...}, 'bert.encoder.layer.1.output.LayerNorm.beta': {...}, 'bert.encoder.layer.10.attention.output.LayerNorm.beta': {...}, 'bert.encoder.layer.10.output.LayerNorm.beta': {...}, 'bert.encoder.layer.11.attention.output.LayerNorm.beta': {...}, 'bert.encoder.layer.11.output.LayerNorm.beta': {...}, 'bert.encoder.layer.2.attention.output.LayerNorm.beta': {...}, 'bert.encoder.layer.2.output.LayerNorm.beta': {...}, 'bert.encoder.layer.3.attention.output.LayerNorm.beta': {...}, 'bert.encoder.layer.3.output.LayerNorm.beta': {...}, 'bert.encoder.layer.4.attention.output.LayerNorm.beta': {...}, 'bert.encoder.layer.4.output.LayerNorm.beta': {...}, 'bert.encoder.layer.5.attention.output.LayerNorm.beta': {...}, 'bert.encoder.layer.5.output.LayerNorm.beta': {...}, 'bert.encoder.layer.6.attention.output.LayerNorm.beta': {...}, 'bert.encoder.layer.6.output.LayerNorm.beta': {...}, 'bert.encoder.layer.7.attention.output.LayerNorm.beta': {...}, 'bert.encoder.layer.7.output.LayerNorm.beta': {...}, 'bert.encoder.layer.8.attention.output.LayerNorm.beta': {...}, 'bert.encoder.layer.8.output.LayerNorm.beta': {...}, 'bert.encoder.layer.9.attention.output.LayerNorm.beta': {...}, 'bert.encoder.layer.9.output.LayerNorm.beta': {...}, 'cls.predictions.transform.LayerNorm.beta': {...}}`
* `bert.encoder.layer.0.output.LayerNorm.beta` -> `{'bert.embeddings.LayerNorm.beta': 'bert.embeddings.LayerNorm.bias', 'bert.encoder.layer.0.attention.output.LayerNorm.beta': {...}, 'bert.encoder.layer.0.output.LayerNorm.beta': {...}, 'bert.encoder.layer.1.attention.output.LayerNorm.beta': {...}, 'bert.encoder.layer.1.output.LayerNorm.beta': {...}, 'bert.encoder.layer.10.attention.output.LayerNorm.beta': {...}, 'bert.encoder.layer.10.output.LayerNorm.beta': {...}, 'bert.encoder.layer.11.attention.output.LayerNorm.beta': {...}, 'bert.encoder.layer.11.output.LayerNorm.beta': {...}, 'bert.encoder.layer.2.attention.output.LayerNorm.beta': {...}, 'bert.encoder.layer.2.output.LayerNorm.beta': {...}, 'bert.encoder.layer.3.attention.output.LayerNorm.beta': {...}, 'bert.encoder.layer.3.output.LayerNorm.beta': {...}, 'bert.encoder.layer.4.attention.output.LayerNorm.beta': {...}, 'bert.encoder.layer.4.output.LayerNorm.beta': {...}, 'bert.encoder.layer.5.attention.output.LayerNorm.beta': {...}, 'bert.encoder.layer.5.output.LayerNorm.beta': {...}, 'bert.encoder.layer.6.attention.output.LayerNorm.beta': {...}, 'bert.encoder.layer.6.output.LayerNorm.beta': {...}, 'bert.encoder.layer.7.attention.output.LayerNorm.beta': {...}, 'bert.encoder.layer.7.output.LayerNorm.beta': {...}, 'bert.encoder.layer.8.attention.output.LayerNorm.beta': {...}, 'bert.encoder.layer.8.output.LayerNorm.beta': {...}, 'bert.encoder.layer.9.attention.output.LayerNorm.beta': {...}, 'bert.encoder.layer.9.output.LayerNorm.beta': {...}, 'cls.predictions.transform.LayerNorm.beta': {...}}`
* `bert.encoder.layer.1.attention.output.LayerNorm.beta` -> `{'bert.embeddings.LayerNorm.beta': 'bert.embeddings.LayerNorm.bias', 'bert.encoder.layer.0.attention.output.LayerNorm.beta': {...}, 'bert.encoder.layer.0.output.LayerNorm.beta': {...}, 'bert.encoder.layer.1.attention.output.LayerNorm.beta': {...}, 'bert.encoder.layer.1.output.LayerNorm.beta': {...}, 'bert.encoder.layer.10.attention.output.LayerNorm.beta': {...}, 'bert.encoder.layer.10.output.LayerNorm.beta': {...}, 'bert.encoder.layer.11.attention.output.LayerNorm.beta': {...}, 'bert.encoder.layer.11.output.LayerNorm.beta': {...}, 'bert.encoder.layer.2.attention.output.LayerNorm.beta': {...}, 'bert.encoder.layer.2.output.LayerNorm.beta': {...}, 'bert.encoder.layer.3.attention.output.LayerNorm.beta': {...}, 'bert.encoder.layer.3.output.LayerNorm.beta': {...}, 'bert.encoder.layer.4.attention.output.LayerNorm.beta': {...}, 'bert.encoder.layer.4.output.LayerNorm.beta': {...}, 'bert.encoder.layer.5.attention.output.LayerNorm.beta': {...}, 'bert.encoder.layer.5.output.LayerNorm.beta': {...}, 'bert.encoder.layer.6.attention.output.LayerNorm.beta': {...}, 'bert.encoder.layer.6.output.LayerNorm.beta': {...}, 'bert.encoder.layer.7.attention.output.LayerNorm.beta': {...}, 'bert.encoder.layer.7.output.LayerNorm.beta': {...}, 'bert.encoder.layer.8.attention.output.LayerNorm.beta': {...}, 'bert.encoder.layer.8.output.LayerNorm.beta': {...}, 'bert.encoder.layer.9.attention.output.LayerNorm.beta': {...}, 'bert.encoder.layer.9.output.LayerNorm.beta': {...}, 'cls.predictions.transform.LayerNorm.beta': {...}}`
* `bert.encoder.layer.1.output.LayerNorm.beta` -> `{'bert.embeddings.LayerNorm.beta': 'bert.embeddings.LayerNorm.bias', 'bert.encoder.layer.0.attention.output.LayerNorm.beta': {...}, 'bert.encoder.layer.0.output.LayerNorm.beta': {...}, 'bert.encoder.layer.1.attention.output.LayerNorm.beta': {...}, 'bert.encoder.layer.1.output.LayerNorm.beta': {...}, 'bert.encoder.layer.10.attention.output.LayerNorm.beta': {...}, 'bert.encoder.layer.10.output.LayerNorm.beta': {...}, 'bert.encoder.layer.11.attention.output.LayerNorm.beta': {...}, 'bert.encoder.layer.11.output.LayerNorm.beta': {...}, 'bert.encoder.layer.2.attention.output.LayerNorm.beta': {...}, 'bert.encoder.layer.2.output.LayerNorm.beta': {...}, 'bert.encoder.layer.3.attention.output.LayerNorm.beta': {...}, 'bert.encoder.layer.3.output.LayerNorm.beta': {...}, 'bert.encoder.layer.4.attention.output.LayerNorm.beta': {...}, 'bert.encoder.layer.4.output.LayerNorm.beta': {...}, 'bert.encoder.layer.5.attention.output.LayerNorm.beta': {...}, 'bert.encoder.layer.5.output.LayerNorm.beta': {...}, 'bert.encoder.layer.6.attention.output.LayerNorm.beta': {...}, 'bert.encoder.layer.6.output.LayerNorm.beta': {...}, 'bert.encoder.layer.7.attention.output.LayerNorm.beta': {...}, 'bert.encoder.layer.7.output.LayerNorm.beta': {...}, 'bert.encoder.layer.8.attention.output.LayerNorm.beta': {...}, 'bert.encoder.layer.8.output.LayerNorm.beta': {...}, 'bert.encoder.layer.9.attention.output.LayerNorm.beta': {...}, 'bert.encoder.layer.9.output.LayerNorm.beta': {...}, 'cls.predictions.transform.LayerNorm.beta': {...}}`
* `bert.encoder.layer.10.attention.output.LayerNorm.beta` -> `{'bert.embeddings.LayerNorm.beta': 'bert.embeddings.LayerNorm.bias', 'bert.encoder.layer.0.attention.output.LayerNorm.beta': {...}, 'bert.encoder.layer.0.output.LayerNorm.beta': {...}, 'bert.encoder.layer.1.attention.output.LayerNorm.beta': {...}, 'bert.encoder.layer.1.output.LayerNorm.beta': {...}, 'bert.encoder.layer.10.attention.output.LayerNorm.beta': {...}, 'bert.encoder.layer.10.output.LayerNorm.beta': {...}, 'bert.encoder.layer.11.attention.output.LayerNorm.beta': {...}, 'bert.encoder.layer.11.output.LayerNorm.beta': {...}, 'bert.encoder.layer.2.attention.output.LayerNorm.beta': {...}, 'bert.encoder.layer.2.output.LayerNorm.beta': {...}, 'bert.encoder.layer.3.attention.output.LayerNorm.beta': {...}, 'bert.encoder.layer.3.output.LayerNorm.beta': {...}, 'bert.encoder.layer.4.attention.output.LayerNorm.beta': {...}, 'bert.encoder.layer.4.output.LayerNorm.beta': {...}, 'bert.encoder.layer.5.attention.output.LayerNorm.beta': {...}, 'bert.encoder.layer.5.output.LayerNorm.beta': {...}, 'bert.encoder.layer.6.attention.output.LayerNorm.beta': {...}, 'bert.encoder.layer.6.output.LayerNorm.beta': {...}, 'bert.encoder.layer.7.attention.output.LayerNorm.beta': {...}, 'bert.encoder.layer.7.output.LayerNorm.beta': {...}, 'bert.encoder.layer.8.attention.output.LayerNorm.beta': {...}, 'bert.encoder.layer.8.output.LayerNorm.beta': {...}, 'bert.encoder.layer.9.attention.output.LayerNorm.beta': {...}, 'bert.encoder.layer.9.output.LayerNorm.beta': {...}, 'cls.predictions.transform.LayerNorm.beta': {...}}`
* `bert.encoder.layer.10.output.LayerNorm.beta` -> `{'bert.embeddings.LayerNorm.beta': 'bert.embeddings.LayerNorm.bias', 'bert.encoder.layer.0.attention.output.LayerNorm.beta': {...}, 'bert.encoder.layer.0.output.LayerNorm.beta': {...}, 'bert.encoder.layer.1.attention.output.LayerNorm.beta': {...}, 'bert.encoder.layer.1.output.LayerNorm.beta': {...}, 'bert.encoder.layer.10.attention.output.LayerNorm.beta': {...}, 'bert.encoder.layer.10.output.LayerNorm.beta': {...}, 'bert.encoder.layer.11.attention.output.LayerNorm.beta': {...}, 'bert.encoder.layer.11.output.LayerNorm.beta': {...}, 'bert.encoder.layer.2.attention.output.LayerNorm.beta': {...}, 'bert.encoder.layer.2.output.LayerNorm.beta': {...}, 'bert.encoder.layer.3.attention.output.LayerNorm.beta': {...}, 'bert.encoder.layer.3.output.LayerNorm.beta': {...}, 'bert.encoder.layer.4.attention.output.LayerNorm.beta': {...}, 'bert.encoder.layer.4.output.LayerNorm.beta': {...}, 'bert.encoder.layer.5.attention.output.LayerNorm.beta': {...}, 'bert.encoder.layer.5.output.LayerNorm.beta': {...}, 'bert.encoder.layer.6.attention.output.LayerNorm.beta': {...}, 'bert.encoder.layer.6.output.LayerNorm.beta': {...}, 'bert.encoder.layer.7.attention.output.LayerNorm.beta': {...}, 'bert.encoder.layer.7.output.LayerNorm.beta': {...}, 'bert.encoder.layer.8.attention.output.LayerNorm.beta': {...}, 'bert.encoder.layer.8.output.LayerNorm.beta': {...}, 'bert.encoder.layer.9.attention.output.LayerNorm.beta': {...}, 'bert.encoder.layer.9.output.LayerNorm.beta': {...}, 'cls.predictions.transform.LayerNorm.beta': {...}}`
* `bert.encoder.layer.11.attention.output.LayerNorm.beta` -> `{'bert.embeddings.LayerNorm.beta': 'bert.embeddings.LayerNorm.bias', 'bert.encoder.layer.0.attention.output.LayerNorm.beta': {...}, 'bert.encoder.layer.0.output.LayerNorm.beta': {...}, 'bert.encoder.layer.1.attention.output.LayerNorm.beta': {...}, 'bert.encoder.layer.1.output.LayerNorm.beta': {...}, 'bert.encoder.layer.10.attention.output.LayerNorm.beta': {...}, 'bert.encoder.layer.10.output.LayerNorm.beta': {...}, 'bert.encoder.layer.11.attention.output.LayerNorm.beta': {...}, 'bert.encoder.layer.11.output.LayerNorm.beta': {...}, 'bert.encoder.layer.2.attention.output.LayerNorm.beta': {...}, 'bert.encoder.layer.2.output.LayerNorm.beta': {...}, 'bert.encoder.layer.3.attention.output.LayerNorm.beta': {...}, 'bert.encoder.layer.3.output.LayerNorm.beta': {...}, 'bert.encoder.layer.4.attention.output.LayerNorm.beta': {...}, 'bert.encoder.layer.4.output.LayerNorm.beta': {...}, 'bert.encoder.layer.5.attention.output.LayerNorm.beta': {...}, 'bert.encoder.layer.5.output.LayerNorm.beta': {...}, 'bert.encoder.layer.6.attention.output.LayerNorm.beta': {...}, 'bert.encoder.layer.6.output.LayerNorm.beta': {...}, 'bert.encoder.layer.7.attention.output.LayerNorm.beta': {...}, 'bert.encoder.layer.7.output.LayerNorm.beta': {...}, 'bert.encoder.layer.8.attention.output.LayerNorm.beta': {...}, 'bert.encoder.layer.8.output.LayerNorm.beta': {...}, 'bert.encoder.layer.9.attention.output.LayerNorm.beta': {...}, 'bert.encoder.layer.9.output.LayerNorm.beta': {...}, 'cls.predictions.transform.LayerNorm.beta': {...}}`
* `bert.encoder.layer.11.output.LayerNorm.beta` -> `{'bert.embeddings.LayerNorm.beta': 'bert.embeddings.LayerNorm.bias', 'bert.encoder.layer.0.attention.output.LayerNorm.beta': {...}, 'bert.encoder.layer.0.output.LayerNorm.beta': {...}, 'bert.encoder.layer.1.attention.output.LayerNorm.beta': {...}, 'bert.encoder.layer.1.output.LayerNorm.beta': {...}, 'bert.encoder.layer.10.attention.output.LayerNorm.beta': {...}, 'bert.encoder.layer.10.output.LayerNorm.beta': {...}, 'bert.encoder.layer.11.attention.output.LayerNorm.beta': {...}, 'bert.encoder.layer.11.output.LayerNorm.beta': {...}, 'bert.encoder.layer.2.attention.output.LayerNorm.beta': {...}, 'bert.encoder.layer.2.output.LayerNorm.beta': {...}, 'bert.encoder.layer.3.attention.output.LayerNorm.beta': {...}, 'bert.encoder.layer.3.output.LayerNorm.beta': {...}, 'bert.encoder.layer.4.attention.output.LayerNorm.beta': {...}, 'bert.encoder.layer.4.output.LayerNorm.beta': {...}, 'bert.encoder.layer.5.attention.output.LayerNorm.beta': {...}, 'bert.encoder.layer.5.output.LayerNorm.beta': {...}, 'bert.encoder.layer.6.attention.output.LayerNorm.beta': {...}, 'bert.encoder.layer.6.output.LayerNorm.beta': {...}, 'bert.encoder.layer.7.attention.output.LayerNorm.beta': {...}, 'bert.encoder.layer.7.output.LayerNorm.beta': {...}, 'bert.encoder.layer.8.attention.output.LayerNorm.beta': {...}, 'bert.encoder.layer.8.output.LayerNorm.beta': {...}, 'bert.encoder.layer.9.attention.output.LayerNorm.beta': {...}, 'bert.encoder.layer.9.output.LayerNorm.beta': {...}, 'cls.predictions.transform.LayerNorm.beta': {...}}`
* `bert.encoder.layer.2.attention.output.LayerNorm.beta` -> `{'bert.embeddings.LayerNorm.beta': 'bert.embeddings.LayerNorm.bias', 'bert.encoder.layer.0.attention.output.LayerNorm.beta': {...}, 'bert.encoder.layer.0.output.LayerNorm.beta': {...}, 'bert.encoder.layer.1.attention.output.LayerNorm.beta': {...}, 'bert.encoder.layer.1.output.LayerNorm.beta': {...}, 'bert.encoder.layer.10.attention.output.LayerNorm.beta': {...}, 'bert.encoder.layer.10.output.LayerNorm.beta': {...}, 'bert.encoder.layer.11.attention.output.LayerNorm.beta': {...}, 'bert.encoder.layer.11.output.LayerNorm.beta': {...}, 'bert.encoder.layer.2.attention.output.LayerNorm.beta': {...}, 'bert.encoder.layer.2.output.LayerNorm.beta': {...}, 'bert.encoder.layer.3.attention.output.LayerNorm.beta': {...}, 'bert.encoder.layer.3.output.LayerNorm.beta': {...}, 'bert.encoder.layer.4.attention.output.LayerNorm.beta': {...}, 'bert.encoder.layer.4.output.LayerNorm.beta': {...}, 'bert.encoder.layer.5.attention.output.LayerNorm.beta': {...}, 'bert.encoder.layer.5.output.LayerNorm.beta': {...}, 'bert.encoder.layer.6.attention.output.LayerNorm.beta': {...}, 'bert.encoder.layer.6.output.LayerNorm.beta': {...}, 'bert.encoder.layer.7.attention.output.LayerNorm.beta': {...}, 'bert.encoder.layer.7.output.LayerNorm.beta': {...}, 'bert.encoder.layer.8.attention.output.LayerNorm.beta': {...}, 'bert.encoder.layer.8.output.LayerNorm.beta': {...}, 'bert.encoder.layer.9.attention.output.LayerNorm.beta': {...}, 'bert.encoder.layer.9.output.LayerNorm.beta': {...}, 'cls.predictions.transform.LayerNorm.beta': {...}}`
* `bert.encoder.layer.2.output.LayerNorm.beta` -> `{'bert.embeddings.LayerNorm.beta': 'bert.embeddings.LayerNorm.bias', 'bert.encoder.layer.0.attention.output.LayerNorm.beta': {...}, 'bert.encoder.layer.0.output.LayerNorm.beta': {...}, 'bert.encoder.layer.1.attention.output.LayerNorm.beta': {...}, 'bert.encoder.layer.1.output.LayerNorm.beta': {...}, 'bert.encoder.layer.10.attention.output.LayerNorm.beta': {...}, 'bert.encoder.layer.10.output.LayerNorm.beta': {...}, 'bert.encoder.layer.11.attention.output.LayerNorm.beta': {...}, 'bert.encoder.layer.11.output.LayerNorm.beta': {...}, 'bert.encoder.layer.2.attention.output.LayerNorm.beta': {...}, 'bert.encoder.layer.2.output.LayerNorm.beta': {...}, 'bert.encoder.layer.3.attention.output.LayerNorm.beta': {...}, 'bert.encoder.layer.3.output.LayerNorm.beta': {...}, 'bert.encoder.layer.4.attention.output.LayerNorm.beta': {...}, 'bert.encoder.layer.4.output.LayerNorm.beta': {...}, 'bert.encoder.layer.5.attention.output.LayerNorm.beta': {...}, 'bert.encoder.layer.5.output.LayerNorm.beta': {...}, 'bert.encoder.layer.6.attention.output.LayerNorm.beta': {...}, 'bert.encoder.layer.6.output.LayerNorm.beta': {...}, 'bert.encoder.layer.7.attention.output.LayerNorm.beta': {...}, 'bert.encoder.layer.7.output.LayerNorm.beta': {...}, 'bert.encoder.layer.8.attention.output.LayerNorm.beta': {...}, 'bert.encoder.layer.8.output.LayerNorm.beta': {...}, 'bert.encoder.layer.9.attention.output.LayerNorm.beta': {...}, 'bert.encoder.layer.9.output.LayerNorm.beta': {...}, 'cls.predictions.transform.LayerNorm.beta': {...}}`
* `bert.encoder.layer.3.attention.output.LayerNorm.beta` -> `{'bert.embeddings.LayerNorm.beta': 'bert.embeddings.LayerNorm.bias', 'bert.encoder.layer.0.attention.output.LayerNorm.beta': {...}, 'bert.encoder.layer.0.output.LayerNorm.beta': {...}, 'bert.encoder.layer.1.attention.output.LayerNorm.beta': {...}, 'bert.encoder.layer.1.output.LayerNorm.beta': {...}, 'bert.encoder.layer.10.attention.output.LayerNorm.beta': {...}, 'bert.encoder.layer.10.output.LayerNorm.beta': {...}, 'bert.encoder.layer.11.attention.output.LayerNorm.beta': {...}, 'bert.encoder.layer.11.output.LayerNorm.beta': {...}, 'bert.encoder.layer.2.attention.output.LayerNorm.beta': {...}, 'bert.encoder.layer.2.output.LayerNorm.beta': {...}, 'bert.encoder.layer.3.attention.output.LayerNorm.beta': {...}, 'bert.encoder.layer.3.output.LayerNorm.beta': {...}, 'bert.encoder.layer.4.attention.output.LayerNorm.beta': {...}, 'bert.encoder.layer.4.output.LayerNorm.beta': {...}, 'bert.encoder.layer.5.attention.output.LayerNorm.beta': {...}, 'bert.encoder.layer.5.output.LayerNorm.beta': {...}, 'bert.encoder.layer.6.attention.output.LayerNorm.beta': {...}, 'bert.encoder.layer.6.output.LayerNorm.beta': {...}, 'bert.encoder.layer.7.attention.output.LayerNorm.beta': {...}, 'bert.encoder.layer.7.output.LayerNorm.beta': {...}, 'bert.encoder.layer.8.attention.output.LayerNorm.beta': {...}, 'bert.encoder.layer.8.output.LayerNorm.beta': {...}, 'bert.encoder.layer.9.attention.output.LayerNorm.beta': {...}, 'bert.encoder.layer.9.output.LayerNorm.beta': {...}, 'cls.predictions.transform.LayerNorm.beta': {...}}`
* `bert.encoder.layer.3.output.LayerNorm.beta` -> `{'bert.embeddings.LayerNorm.beta': 'bert.embeddings.LayerNorm.bias', 'bert.encoder.layer.0.attention.output.LayerNorm.beta': {...}, 'bert.encoder.layer.0.output.LayerNorm.beta': {...}, 'bert.encoder.layer.1.attention.output.LayerNorm.beta': {...}, 'bert.encoder.layer.1.output.LayerNorm.beta': {...}, 'bert.encoder.layer.10.attention.output.LayerNorm.beta': {...}, 'bert.encoder.layer.10.output.LayerNorm.beta': {...}, 'bert.encoder.layer.11.attention.output.LayerNorm.beta': {...}, 'bert.encoder.layer.11.output.LayerNorm.beta': {...}, 'bert.encoder.layer.2.attention.output.LayerNorm.beta': {...}, 'bert.encoder.layer.2.output.LayerNorm.beta': {...}, 'bert.encoder.layer.3.attention.output.LayerNorm.beta': {...}, 'bert.encoder.layer.3.output.LayerNorm.beta': {...}, 'bert.encoder.layer.4.attention.output.LayerNorm.beta': {...}, 'bert.encoder.layer.4.output.LayerNorm.beta': {...}, 'bert.encoder.layer.5.attention.output.LayerNorm.beta': {...}, 'bert.encoder.layer.5.output.LayerNorm.beta': {...}, 'bert.encoder.layer.6.attention.output.LayerNorm.beta': {...}, 'bert.encoder.layer.6.output.LayerNorm.beta': {...}, 'bert.encoder.layer.7.attention.output.LayerNorm.beta': {...}, 'bert.encoder.layer.7.output.LayerNorm.beta': {...}, 'bert.encoder.layer.8.attention.output.LayerNorm.beta': {...}, 'bert.encoder.layer.8.output.LayerNorm.beta': {...}, 'bert.encoder.layer.9.attention.output.LayerNorm.beta': {...}, 'bert.encoder.layer.9.output.LayerNorm.beta': {...}, 'cls.predictions.transform.LayerNorm.beta': {...}}`
* `bert.encoder.layer.4.attention.output.LayerNorm.beta` -> `{'bert.embeddings.LayerNorm.beta': 'bert.embeddings.LayerNorm.bias', 'bert.encoder.layer.0.attention.output.LayerNorm.beta': {...}, 'bert.encoder.layer.0.output.LayerNorm.beta': {...}, 'bert.encoder.layer.1.attention.output.LayerNorm.beta': {...}, 'bert.encoder.layer.1.output.LayerNorm.beta': {...}, 'bert.encoder.layer.10.attention.output.LayerNorm.beta': {...}, 'bert.encoder.layer.10.output.LayerNorm.beta': {...}, 'bert.encoder.layer.11.attention.output.LayerNorm.beta': {...}, 'bert.encoder.layer.11.output.LayerNorm.beta': {...}, 'bert.encoder.layer.2.attention.output.LayerNorm.beta': {...}, 'bert.encoder.layer.2.output.LayerNorm.beta': {...}, 'bert.encoder.layer.3.attention.output.LayerNorm.beta': {...}, 'bert.encoder.layer.3.output.LayerNorm.beta': {...}, 'bert.encoder.layer.4.attention.output.LayerNorm.beta': {...}, 'bert.encoder.layer.4.output.LayerNorm.beta': {...}, 'bert.encoder.layer.5.attention.output.LayerNorm.beta': {...}, 'bert.encoder.layer.5.output.LayerNorm.beta': {...}, 'bert.encoder.layer.6.attention.output.LayerNorm.beta': {...}, 'bert.encoder.layer.6.output.LayerNorm.beta': {...}, 'bert.encoder.layer.7.attention.output.LayerNorm.beta': {...}, 'bert.encoder.layer.7.output.LayerNorm.beta': {...}, 'bert.encoder.layer.8.attention.output.LayerNorm.beta': {...}, 'bert.encoder.layer.8.output.LayerNorm.beta': {...}, 'bert.encoder.layer.9.attention.output.LayerNorm.beta': {...}, 'bert.encoder.layer.9.output.LayerNorm.beta': {...}, 'cls.predictions.transform.LayerNorm.beta': {...}}`
* `bert.encoder.layer.4.output.LayerNorm.beta` -> `{'bert.embeddings.LayerNorm.beta': 'bert.embeddings.LayerNorm.bias', 'bert.encoder.layer.0.attention.output.LayerNorm.beta': {...}, 'bert.encoder.layer.0.output.LayerNorm.beta': {...}, 'bert.encoder.layer.1.attention.output.LayerNorm.beta': {...}, 'bert.encoder.layer.1.output.LayerNorm.beta': {...}, 'bert.encoder.layer.10.attention.output.LayerNorm.beta': {...}, 'bert.encoder.layer.10.output.LayerNorm.beta': {...}, 'bert.encoder.layer.11.attention.output.LayerNorm.beta': {...}, 'bert.encoder.layer.11.output.LayerNorm.beta': {...}, 'bert.encoder.layer.2.attention.output.LayerNorm.beta': {...}, 'bert.encoder.layer.2.output.LayerNorm.beta': {...}, 'bert.encoder.layer.3.attention.output.LayerNorm.beta': {...}, 'bert.encoder.layer.3.output.LayerNorm.beta': {...}, 'bert.encoder.layer.4.attention.output.LayerNorm.beta': {...}, 'bert.encoder.layer.4.output.LayerNorm.beta': {...}, 'bert.encoder.layer.5.attention.output.LayerNorm.beta': {...}, 'bert.encoder.layer.5.output.LayerNorm.beta': {...}, 'bert.encoder.layer.6.attention.output.LayerNorm.beta': {...}, 'bert.encoder.layer.6.output.LayerNorm.beta': {...}, 'bert.encoder.layer.7.attention.output.LayerNorm.beta': {...}, 'bert.encoder.layer.7.output.LayerNorm.beta': {...}, 'bert.encoder.layer.8.attention.output.LayerNorm.beta': {...}, 'bert.encoder.layer.8.output.LayerNorm.beta': {...}, 'bert.encoder.layer.9.attention.output.LayerNorm.beta': {...}, 'bert.encoder.layer.9.output.LayerNorm.beta': {...}, 'cls.predictions.transform.LayerNorm.beta': {...}}`
* `bert.encoder.layer.5.attention.output.LayerNorm.beta` -> `{'bert.embeddings.LayerNorm.beta': 'bert.embeddings.LayerNorm.bias', 'bert.encoder.layer.0.attention.output.LayerNorm.beta': {...}, 'bert.encoder.layer.0.output.LayerNorm.beta': {...}, 'bert.encoder.layer.1.attention.output.LayerNorm.beta': {...}, 'bert.encoder.layer.1.output.LayerNorm.beta': {...}, 'bert.encoder.layer.10.attention.output.LayerNorm.beta': {...}, 'bert.encoder.layer.10.output.LayerNorm.beta': {...}, 'bert.encoder.layer.11.attention.output.LayerNorm.beta': {...}, 'bert.encoder.layer.11.output.LayerNorm.beta': {...}, 'bert.encoder.layer.2.attention.output.LayerNorm.beta': {...}, 'bert.encoder.layer.2.output.LayerNorm.beta': {...}, 'bert.encoder.layer.3.attention.output.LayerNorm.beta': {...}, 'bert.encoder.layer.3.output.LayerNorm.beta': {...}, 'bert.encoder.layer.4.attention.output.LayerNorm.beta': {...}, 'bert.encoder.layer.4.output.LayerNorm.beta': {...}, 'bert.encoder.layer.5.attention.output.LayerNorm.beta': {...}, 'bert.encoder.layer.5.output.LayerNorm.beta': {...}, 'bert.encoder.layer.6.attention.output.LayerNorm.beta': {...}, 'bert.encoder.layer.6.output.LayerNorm.beta': {...}, 'bert.encoder.layer.7.attention.output.LayerNorm.beta': {...}, 'bert.encoder.layer.7.output.LayerNorm.beta': {...}, 'bert.encoder.layer.8.attention.output.LayerNorm.beta': {...}, 'bert.encoder.layer.8.output.LayerNorm.beta': {...}, 'bert.encoder.layer.9.attention.output.LayerNorm.beta': {...}, 'bert.encoder.layer.9.output.LayerNorm.beta': {...}, 'cls.predictions.transform.LayerNorm.beta': {...}}`
* `bert.encoder.layer.5.output.LayerNorm.beta` -> `{'bert.embeddings.LayerNorm.beta': 'bert.embeddings.LayerNorm.bias', 'bert.encoder.layer.0.attention.output.LayerNorm.beta': {...}, 'bert.encoder.layer.0.output.LayerNorm.beta': {...}, 'bert.encoder.layer.1.attention.output.LayerNorm.beta': {...}, 'bert.encoder.layer.1.output.LayerNorm.beta': {...}, 'bert.encoder.layer.10.attention.output.LayerNorm.beta': {...}, 'bert.encoder.layer.10.output.LayerNorm.beta': {...}, 'bert.encoder.layer.11.attention.output.LayerNorm.beta': {...}, 'bert.encoder.layer.11.output.LayerNorm.beta': {...}, 'bert.encoder.layer.2.attention.output.LayerNorm.beta': {...}, 'bert.encoder.layer.2.output.LayerNorm.beta': {...}, 'bert.encoder.layer.3.attention.output.LayerNorm.beta': {...}, 'bert.encoder.layer.3.output.LayerNorm.beta': {...}, 'bert.encoder.layer.4.attention.output.LayerNorm.beta': {...}, 'bert.encoder.layer.4.output.LayerNorm.beta': {...}, 'bert.encoder.layer.5.attention.output.LayerNorm.beta': {...}, 'bert.encoder.layer.5.output.LayerNorm.beta': {...}, 'bert.encoder.layer.6.attention.output.LayerNorm.beta': {...}, 'bert.encoder.layer.6.output.LayerNorm.beta': {...}, 'bert.encoder.layer.7.attention.output.LayerNorm.beta': {...}, 'bert.encoder.layer.7.output.LayerNorm.beta': {...}, 'bert.encoder.layer.8.attention.output.LayerNorm.beta': {...}, 'bert.encoder.layer.8.output.LayerNorm.beta': {...}, 'bert.encoder.layer.9.attention.output.LayerNorm.beta': {...}, 'bert.encoder.layer.9.output.LayerNorm.beta': {...}, 'cls.predictions.transform.LayerNorm.beta': {...}}`
* `bert.encoder.layer.6.attention.output.LayerNorm.beta` -> `{'bert.embeddings.LayerNorm.beta': 'bert.embeddings.LayerNorm.bias', 'bert.encoder.layer.0.attention.output.LayerNorm.beta': {...}, 'bert.encoder.layer.0.output.LayerNorm.beta': {...}, 'bert.encoder.layer.1.attention.output.LayerNorm.beta': {...}, 'bert.encoder.layer.1.output.LayerNorm.beta': {...}, 'bert.encoder.layer.10.attention.output.LayerNorm.beta': {...}, 'bert.encoder.layer.10.output.LayerNorm.beta': {...}, 'bert.encoder.layer.11.attention.output.LayerNorm.beta': {...}, 'bert.encoder.layer.11.output.LayerNorm.beta': {...}, 'bert.encoder.layer.2.attention.output.LayerNorm.beta': {...}, 'bert.encoder.layer.2.output.LayerNorm.beta': {...}, 'bert.encoder.layer.3.attention.output.LayerNorm.beta': {...}, 'bert.encoder.layer.3.output.LayerNorm.beta': {...}, 'bert.encoder.layer.4.attention.output.LayerNorm.beta': {...}, 'bert.encoder.layer.4.output.LayerNorm.beta': {...}, 'bert.encoder.layer.5.attention.output.LayerNorm.beta': {...}, 'bert.encoder.layer.5.output.LayerNorm.beta': {...}, 'bert.encoder.layer.6.attention.output.LayerNorm.beta': {...}, 'bert.encoder.layer.6.output.LayerNorm.beta': {...}, 'bert.encoder.layer.7.attention.output.LayerNorm.beta': {...}, 'bert.encoder.layer.7.output.LayerNorm.beta': {...}, 'bert.encoder.layer.8.attention.output.LayerNorm.beta': {...}, 'bert.encoder.layer.8.output.LayerNorm.beta': {...}, 'bert.encoder.layer.9.attention.output.LayerNorm.beta': {...}, 'bert.encoder.layer.9.output.LayerNorm.beta': {...}, 'cls.predictions.transform.LayerNorm.beta': {...}}`
* `bert.encoder.layer.6.output.LayerNorm.beta` -> `{'bert.embeddings.LayerNorm.beta': 'bert.embeddings.LayerNorm.bias', 'bert.encoder.layer.0.attention.output.LayerNorm.beta': {...}, 'bert.encoder.layer.0.output.LayerNorm.beta': {...}, 'bert.encoder.layer.1.attention.output.LayerNorm.beta': {...}, 'bert.encoder.layer.1.output.LayerNorm.beta': {...}, 'bert.encoder.layer.10.attention.output.LayerNorm.beta': {...}, 'bert.encoder.layer.10.output.LayerNorm.beta': {...}, 'bert.encoder.layer.11.attention.output.LayerNorm.beta': {...}, 'bert.encoder.layer.11.output.LayerNorm.beta': {...}, 'bert.encoder.layer.2.attention.output.LayerNorm.beta': {...}, 'bert.encoder.layer.2.output.LayerNorm.beta': {...}, 'bert.encoder.layer.3.attention.output.LayerNorm.beta': {...}, 'bert.encoder.layer.3.output.LayerNorm.beta': {...}, 'bert.encoder.layer.4.attention.output.LayerNorm.beta': {...}, 'bert.encoder.layer.4.output.LayerNorm.beta': {...}, 'bert.encoder.layer.5.attention.output.LayerNorm.beta': {...}, 'bert.encoder.layer.5.output.LayerNorm.beta': {...}, 'bert.encoder.layer.6.attention.output.LayerNorm.beta': {...}, 'bert.encoder.layer.6.output.LayerNorm.beta': {...}, 'bert.encoder.layer.7.attention.output.LayerNorm.beta': {...}, 'bert.encoder.layer.7.output.LayerNorm.beta': {...}, 'bert.encoder.layer.8.attention.output.LayerNorm.beta': {...}, 'bert.encoder.layer.8.output.LayerNorm.beta': {...}, 'bert.encoder.layer.9.attention.output.LayerNorm.beta': {...}, 'bert.encoder.layer.9.output.LayerNorm.beta': {...}, 'cls.predictions.transform.LayerNorm.beta': {...}}`
* `bert.encoder.layer.7.attention.output.LayerNorm.beta` -> `{'bert.embeddings.LayerNorm.beta': 'bert.embeddings.LayerNorm.bias', 'bert.encoder.layer.0.attention.output.LayerNorm.beta': {...}, 'bert.encoder.layer.0.output.LayerNorm.beta': {...}, 'bert.encoder.layer.1.attention.output.LayerNorm.beta': {...}, 'bert.encoder.layer.1.output.LayerNorm.beta': {...}, 'bert.encoder.layer.10.attention.output.LayerNorm.beta': {...}, 'bert.encoder.layer.10.output.LayerNorm.beta': {...}, 'bert.encoder.layer.11.attention.output.LayerNorm.beta': {...}, 'bert.encoder.layer.11.output.LayerNorm.beta': {...}, 'bert.encoder.layer.2.attention.output.LayerNorm.beta': {...}, 'bert.encoder.layer.2.output.LayerNorm.beta': {...}, 'bert.encoder.layer.3.attention.output.LayerNorm.beta': {...}, 'bert.encoder.layer.3.output.LayerNorm.beta': {...}, 'bert.encoder.layer.4.attention.output.LayerNorm.beta': {...}, 'bert.encoder.layer.4.output.LayerNorm.beta': {...}, 'bert.encoder.layer.5.attention.output.LayerNorm.beta': {...}, 'bert.encoder.layer.5.output.LayerNorm.beta': {...}, 'bert.encoder.layer.6.attention.output.LayerNorm.beta': {...}, 'bert.encoder.layer.6.output.LayerNorm.beta': {...}, 'bert.encoder.layer.7.attention.output.LayerNorm.beta': {...}, 'bert.encoder.layer.7.output.LayerNorm.beta': {...}, 'bert.encoder.layer.8.attention.output.LayerNorm.beta': {...}, 'bert.encoder.layer.8.output.LayerNorm.beta': {...}, 'bert.encoder.layer.9.attention.output.LayerNorm.beta': {...}, 'bert.encoder.layer.9.output.LayerNorm.beta': {...}, 'cls.predictions.transform.LayerNorm.beta': {...}}`
* `bert.encoder.layer.7.output.LayerNorm.beta` -> `{'bert.embeddings.LayerNorm.beta': 'bert.embeddings.LayerNorm.bias', 'bert.encoder.layer.0.attention.output.LayerNorm.beta': {...}, 'bert.encoder.layer.0.output.LayerNorm.beta': {...}, 'bert.encoder.layer.1.attention.output.LayerNorm.beta': {...}, 'bert.encoder.layer.1.output.LayerNorm.beta': {...}, 'bert.encoder.layer.10.attention.output.LayerNorm.beta': {...}, 'bert.encoder.layer.10.output.LayerNorm.beta': {...}, 'bert.encoder.layer.11.attention.output.LayerNorm.beta': {...}, 'bert.encoder.layer.11.output.LayerNorm.beta': {...}, 'bert.encoder.layer.2.attention.output.LayerNorm.beta': {...}, 'bert.encoder.layer.2.output.LayerNorm.beta': {...}, 'bert.encoder.layer.3.attention.output.LayerNorm.beta': {...}, 'bert.encoder.layer.3.output.LayerNorm.beta': {...}, 'bert.encoder.layer.4.attention.output.LayerNorm.beta': {...}, 'bert.encoder.layer.4.output.LayerNorm.beta': {...}, 'bert.encoder.layer.5.attention.output.LayerNorm.beta': {...}, 'bert.encoder.layer.5.output.LayerNorm.beta': {...}, 'bert.encoder.layer.6.attention.output.LayerNorm.beta': {...}, 'bert.encoder.layer.6.output.LayerNorm.beta': {...}, 'bert.encoder.layer.7.attention.output.LayerNorm.beta': {...}, 'bert.encoder.layer.7.output.LayerNorm.beta': {...}, 'bert.encoder.layer.8.attention.output.LayerNorm.beta': {...}, 'bert.encoder.layer.8.output.LayerNorm.beta': {...}, 'bert.encoder.layer.9.attention.output.LayerNorm.beta': {...}, 'bert.encoder.layer.9.output.LayerNorm.beta': {...}, 'cls.predictions.transform.LayerNorm.beta': {...}}`
* `bert.encoder.layer.8.attention.output.LayerNorm.beta` -> `{'bert.embeddings.LayerNorm.beta': 'bert.embeddings.LayerNorm.bias', 'bert.encoder.layer.0.attention.output.LayerNorm.beta': {...}, 'bert.encoder.layer.0.output.LayerNorm.beta': {...}, 'bert.encoder.layer.1.attention.output.LayerNorm.beta': {...}, 'bert.encoder.layer.1.output.LayerNorm.beta': {...}, 'bert.encoder.layer.10.attention.output.LayerNorm.beta': {...}, 'bert.encoder.layer.10.output.LayerNorm.beta': {...}, 'bert.encoder.layer.11.attention.output.LayerNorm.beta': {...}, 'bert.encoder.layer.11.output.LayerNorm.beta': {...}, 'bert.encoder.layer.2.attention.output.LayerNorm.beta': {...}, 'bert.encoder.layer.2.output.LayerNorm.beta': {...}, 'bert.encoder.layer.3.attention.output.LayerNorm.beta': {...}, 'bert.encoder.layer.3.output.LayerNorm.beta': {...}, 'bert.encoder.layer.4.attention.output.LayerNorm.beta': {...}, 'bert.encoder.layer.4.output.LayerNorm.beta': {...}, 'bert.encoder.layer.5.attention.output.LayerNorm.beta': {...}, 'bert.encoder.layer.5.output.LayerNorm.beta': {...}, 'bert.encoder.layer.6.attention.output.LayerNorm.beta': {...}, 'bert.encoder.layer.6.output.LayerNorm.beta': {...}, 'bert.encoder.layer.7.attention.output.LayerNorm.beta': {...}, 'bert.encoder.layer.7.output.LayerNorm.beta': {...}, 'bert.encoder.layer.8.attention.output.LayerNorm.beta': {...}, 'bert.encoder.layer.8.output.LayerNorm.beta': {...}, 'bert.encoder.layer.9.attention.output.LayerNorm.beta': {...}, 'bert.encoder.layer.9.output.LayerNorm.beta': {...}, 'cls.predictions.transform.LayerNorm.beta': {...}}`
* `bert.encoder.layer.8.output.LayerNorm.beta` -> `{'bert.embeddings.LayerNorm.beta': 'bert.embeddings.LayerNorm.bias', 'bert.encoder.layer.0.attention.output.LayerNorm.beta': {...}, 'bert.encoder.layer.0.output.LayerNorm.beta': {...}, 'bert.encoder.layer.1.attention.output.LayerNorm.beta': {...}, 'bert.encoder.layer.1.output.LayerNorm.beta': {...}, 'bert.encoder.layer.10.attention.output.LayerNorm.beta': {...}, 'bert.encoder.layer.10.output.LayerNorm.beta': {...}, 'bert.encoder.layer.11.attention.output.LayerNorm.beta': {...}, 'bert.encoder.layer.11.output.LayerNorm.beta': {...}, 'bert.encoder.layer.2.attention.output.LayerNorm.beta': {...}, 'bert.encoder.layer.2.output.LayerNorm.beta': {...}, 'bert.encoder.layer.3.attention.output.LayerNorm.beta': {...}, 'bert.encoder.layer.3.output.LayerNorm.beta': {...}, 'bert.encoder.layer.4.attention.output.LayerNorm.beta': {...}, 'bert.encoder.layer.4.output.LayerNorm.beta': {...}, 'bert.encoder.layer.5.attention.output.LayerNorm.beta': {...}, 'bert.encoder.layer.5.output.LayerNorm.beta': {...}, 'bert.encoder.layer.6.attention.output.LayerNorm.beta': {...}, 'bert.encoder.layer.6.output.LayerNorm.beta': {...}, 'bert.encoder.layer.7.attention.output.LayerNorm.beta': {...}, 'bert.encoder.layer.7.output.LayerNorm.beta': {...}, 'bert.encoder.layer.8.attention.output.LayerNorm.beta': {...}, 'bert.encoder.layer.8.output.LayerNorm.beta': {...}, 'bert.encoder.layer.9.attention.output.LayerNorm.beta': {...}, 'bert.encoder.layer.9.output.LayerNorm.beta': {...}, 'cls.predictions.transform.LayerNorm.beta': {...}}`
* `bert.encoder.layer.9.attention.output.LayerNorm.beta` -> `{'bert.embeddings.LayerNorm.beta': 'bert.embeddings.LayerNorm.bias', 'bert.encoder.layer.0.attention.output.LayerNorm.beta': {...}, 'bert.encoder.layer.0.output.LayerNorm.beta': {...}, 'bert.encoder.layer.1.attention.output.LayerNorm.beta': {...}, 'bert.encoder.layer.1.output.LayerNorm.beta': {...}, 'bert.encoder.layer.10.attention.output.LayerNorm.beta': {...}, 'bert.encoder.layer.10.output.LayerNorm.beta': {...}, 'bert.encoder.layer.11.attention.output.LayerNorm.beta': {...}, 'bert.encoder.layer.11.output.LayerNorm.beta': {...}, 'bert.encoder.layer.2.attention.output.LayerNorm.beta': {...}, 'bert.encoder.layer.2.output.LayerNorm.beta': {...}, 'bert.encoder.layer.3.attention.output.LayerNorm.beta': {...}, 'bert.encoder.layer.3.output.LayerNorm.beta': {...}, 'bert.encoder.layer.4.attention.output.LayerNorm.beta': {...}, 'bert.encoder.layer.4.output.LayerNorm.beta': {...}, 'bert.encoder.layer.5.attention.output.LayerNorm.beta': {...}, 'bert.encoder.layer.5.output.LayerNorm.beta': {...}, 'bert.encoder.layer.6.attention.output.LayerNorm.beta': {...}, 'bert.encoder.layer.6.output.LayerNorm.beta': {...}, 'bert.encoder.layer.7.attention.output.LayerNorm.beta': {...}, 'bert.encoder.layer.7.output.LayerNorm.beta': {...}, 'bert.encoder.layer.8.attention.output.LayerNorm.beta': {...}, 'bert.encoder.layer.8.output.LayerNorm.beta': {...}, 'bert.encoder.layer.9.attention.output.LayerNorm.beta': {...}, 'bert.encoder.layer.9.output.LayerNorm.beta': {...}, 'cls.predictions.transform.LayerNorm.beta': {...}}`
* `bert.encoder.layer.9.output.LayerNorm.beta` -> `{'bert.embeddings.LayerNorm.beta': 'bert.embeddings.LayerNorm.bias', 'bert.encoder.layer.0.attention.output.LayerNorm.beta': {...}, 'bert.encoder.layer.0.output.LayerNorm.beta': {...}, 'bert.encoder.layer.1.attention.output.LayerNorm.beta': {...}, 'bert.encoder.layer.1.output.LayerNorm.beta': {...}, 'bert.encoder.layer.10.attention.output.LayerNorm.beta': {...}, 'bert.encoder.layer.10.output.LayerNorm.beta': {...}, 'bert.encoder.layer.11.attention.output.LayerNorm.beta': {...}, 'bert.encoder.layer.11.output.LayerNorm.beta': {...}, 'bert.encoder.layer.2.attention.output.LayerNorm.beta': {...}, 'bert.encoder.layer.2.output.LayerNorm.beta': {...}, 'bert.encoder.layer.3.attention.output.LayerNorm.beta': {...}, 'bert.encoder.layer.3.output.LayerNorm.beta': {...}, 'bert.encoder.layer.4.attention.output.LayerNorm.beta': {...}, 'bert.encoder.layer.4.output.LayerNorm.beta': {...}, 'bert.encoder.layer.5.attention.output.LayerNorm.beta': {...}, 'bert.encoder.layer.5.output.LayerNorm.beta': {...}, 'bert.encoder.layer.6.attention.output.LayerNorm.beta': {...}, 'bert.encoder.layer.6.output.LayerNorm.beta': {...}, 'bert.encoder.layer.7.attention.output.LayerNorm.beta': {...}, 'bert.encoder.layer.7.output.LayerNorm.beta': {...}, 'bert.encoder.layer.8.attention.output.LayerNorm.beta': {...}, 'bert.encoder.layer.8.output.LayerNorm.beta': {...}, 'bert.encoder.layer.9.attention.output.LayerNorm.beta': {...}, 'bert.encoder.layer.9.output.LayerNorm.beta': {...}, 'cls.predictions.transform.LayerNorm.beta': {...}}`
* `cls.predictions.transform.LayerNorm.beta` -> `{'bert.embeddings.LayerNorm.beta': 'bert.embeddings.LayerNorm.bias', 'bert.encoder.layer.0.attention.output.LayerNorm.beta': {...}, 'bert.encoder.layer.0.output.LayerNorm.beta': {...}, 'bert.encoder.layer.1.attention.output.LayerNorm.beta': {...}, 'bert.encoder.layer.1.output.LayerNorm.beta': {...}, 'bert.encoder.layer.10.attention.output.LayerNorm.beta': {...}, 'bert.encoder.layer.10.output.LayerNorm.beta': {...}, 'bert.encoder.layer.11.attention.output.LayerNorm.beta': {...}, 'bert.encoder.layer.11.output.LayerNorm.beta': {...}, 'bert.encoder.layer.2.attention.output.LayerNorm.beta': {...}, 'bert.encoder.layer.2.output.LayerNorm.beta': {...}, 'bert.encoder.layer.3.attention.output.LayerNorm.beta': {...}, 'bert.encoder.layer.3.output.LayerNorm.beta': {...}, 'bert.encoder.layer.4.attention.output.LayerNorm.beta': {...}, 'bert.encoder.layer.4.output.LayerNorm.beta': {...}, 'bert.encoder.layer.5.attention.output.LayerNorm.beta': {...}, 'bert.encoder.layer.5.output.LayerNorm.beta': {...}, 'bert.encoder.layer.6.attention.output.LayerNorm.beta': {...}, 'bert.encoder.layer.6.output.LayerNorm.beta': {...}, 'bert.encoder.layer.7.attention.output.LayerNorm.beta': {...}, 'bert.encoder.layer.7.output.LayerNorm.beta': {...}, 'bert.encoder.layer.8.attention.output.LayerNorm.beta': {...}, 'bert.encoder.layer.8.output.LayerNorm.beta': {...}, 'bert.encoder.layer.9.attention.output.LayerNorm.beta': {...}, 'bert.encoder.layer.9.output.LayerNorm.beta': {...}, 'cls.predictions.transform.LayerNorm.beta': {...}}`
If you are using a model from the Hub, consider submitting a PR to adjust these weights and help future users.
Some weights of the model checkpoint at bert-base-uncased were not used when initializing BertModel: ['cls.predictions.bias', 'cls.predictions.transform.LayerNorm.bias', 'cls.predictions.transform.LayerNorm.weight', 'cls.predictions.transform.dense.bias', 'cls.predictions.transform.dense.weight', 'cls.seq_relationship.bias', 'cls.seq_relationship.weight']
- This IS expected if you are initializing BertModel from the checkpoint of a model trained on another task or with another architecture (e.g. initializing a BertForSequenceClassification model from a BertForPreTraining model).
- This IS NOT expected if you are initializing BertModel from the checkpoint of a model that you expect to be exactly identical (initializing a BertForSequenceClassification model from a BertForSequenceClassification model).
All the weights of BertModel were initialized from the model checkpoint at bert-base-uncased.
If your task is similar to the task the model of the checkpoint was trained on, you can already use BertModel for predictions without further training.
/home/impulse/wang2/msa/.mmsa-reference/papers/HSCL/src/modules/encoders.py:123: UserWarning: enable_nested_tensor is True, but self.use_nested_tensor is False because encoder_layer.self_attn.batch_first was not True(use batch_first for better inference performance)
  self.transformer_encoder = TransformerEncoder(encoder_layers, nlayers)
--------------------------------------------------
Epoch  1 | Time 7.1253 sec | Valid Loss 1.4232 | Test Loss 1.5698
--------------------------------------------------
MAE:  1.5698134
Correlation Coefficient:  0.08986935618540817
mult_acc_7:  0.16472303206997085
mult_acc_5:  0.16472303206997085
F1 score all/non0: 0.2767/0.2507 over 686/656
Accuracy all/non0: 0.4475/0.4223
--------------------------------------------------
Saved model at pre_trained_models/MM.pt!
--------------------------------------------------
Epoch  2 | Time 6.8207 sec | Valid Loss 1.4220 | Test Loss 1.5668
--------------------------------------------------
MAE:  1.5668346
Correlation Coefficient:  0.06290365465380424
mult_acc_7:  0.16472303206997085
mult_acc_5:  0.16472303206997085
F1 score all/non0: 0.2767/0.2507 over 686/656
Accuracy all/non0: 0.4475/0.4223
--------------------------------------------------
Saved model at pre_trained_models/MM.pt!
--------------------------------------------------
Epoch  3 | Time 6.9324 sec | Valid Loss 1.4119 | Test Loss 1.4575
--------------------------------------------------
MAE:  1.4575005
Correlation Coefficient:  0.13443637809039377
mult_acc_7:  0.15160349854227406
mult_acc_5:  0.15160349854227406
F1 score all/non0: 0.2767/0.2507 over 686/656
Accuracy all/non0: 0.4475/0.4223
--------------------------------------------------
Saved model at pre_trained_models/MM.pt!
--------------------------------------------------
Epoch  4 | Time 6.8367 sec | Valid Loss 1.4330 | Test Loss 1.4876
--------------------------------------------------
--------------------------------------------------
Epoch  5 | Time 6.8530 sec | Valid Loss 1.1941 | Test Loss 1.2901
--------------------------------------------------
MAE:  1.2901388
Correlation Coefficient:  0.4816578403874442
mult_acc_7:  0.1967930029154519
mult_acc_5:  0.19825072886297376
F1 score all/non0: 0.6797/0.6859 over 686/656
Accuracy all/non0: 0.6837/0.689
--------------------------------------------------
Saved model at pre_trained_models/MM.pt!
--------------------------------------------------
Epoch  6 | Time 6.8753 sec | Valid Loss 0.9748 | Test Loss 0.9441
--------------------------------------------------
MAE:  0.9441476
Correlation Coefficient:  0.6754626772773001
mult_acc_7:  0.2915451895043732
mult_acc_5:  0.29591836734693877
F1 score all/non0: 0.7801/0.8033 over 686/656
Accuracy all/non0: 0.7828/0.8049
--------------------------------------------------
Saved model at pre_trained_models/MM.pt!
--------------------------------------------------
Epoch  7 | Time 6.8662 sec | Valid Loss 1.0079 | Test Loss 1.1301
--------------------------------------------------
--------------------------------------------------
Epoch  8 | Time 6.8189 sec | Valid Loss 0.9851 | Test Loss 0.8810
--------------------------------------------------
--------------------------------------------------
Epoch  9 | Time 6.8061 sec | Valid Loss 0.8848 | Test Loss 0.8886
--------------------------------------------------
MAE:  0.8886285
Correlation Coefficient:  0.7359460818988126
mult_acc_7:  0.34402332361516036
mult_acc_5:  0.3760932944606414
F1 score all/non0: 0.8039/0.8312 over 686/656
Accuracy all/non0: 0.8061/0.8323
--------------------------------------------------
Saved model at pre_trained_models/MM.pt!
--------------------------------------------------
Epoch 10 | Time 6.8762 sec | Valid Loss 0.8713 | Test Loss 0.8493
--------------------------------------------------
MAE:  0.8493177
Correlation Coefficient:  0.7314180900488131
mult_acc_7:  0.4110787172011662
mult_acc_5:  0.48542274052478135
F1 score all/non0: 0.8018/0.8224 over 686/656
Accuracy all/non0: 0.8017/0.8216
--------------------------------------------------
Saved model at pre_trained_models/MM.pt!
--------------------------------------------------
Epoch 11 | Time 6.8317 sec | Valid Loss 0.8502 | Test Loss 0.7976
--------------------------------------------------
MAE:  0.79757696
Correlation Coefficient:  0.7447147687110074
mult_acc_7:  0.41690962099125367
mult_acc_5:  0.46938775510204084
F1 score all/non0: 0.8196/0.841 over 686/656
Accuracy all/non0: 0.8207/0.8415
--------------------------------------------------
Saved model at pre_trained_models/MM.pt!
--------------------------------------------------
Epoch 12 | Time 6.9400 sec | Valid Loss 0.8287 | Test Loss 0.7919
--------------------------------------------------
MAE:  0.79186374
Correlation Coefficient:  0.7590387242638769
mult_acc_7:  0.4096209912536443
mult_acc_5:  0.4577259475218659
F1 score all/non0: 0.8226/0.8317 over 686/656
Accuracy all/non0: 0.8222/0.8308
--------------------------------------------------
Saved model at pre_trained_models/MM.pt!
--------------------------------------------------
Epoch 13 | Time 6.8222 sec | Valid Loss 0.8130 | Test Loss 0.7932
--------------------------------------------------
--------------------------------------------------
Epoch 14 | Time 6.8249 sec | Valid Loss 0.8021 | Test Loss 0.7513
--------------------------------------------------
MAE:  0.75127196
Correlation Coefficient:  0.7661166895021928
mult_acc_7:  0.45043731778425655
mult_acc_5:  0.5087463556851312
F1 score all/non0: 0.8314/0.8534 over 686/656
Accuracy all/non0: 0.8324/0.8537
--------------------------------------------------
Saved model at pre_trained_models/MM.pt!
--------------------------------------------------
Epoch 15 | Time 6.8425 sec | Valid Loss 0.7995 | Test Loss 0.7965
--------------------------------------------------
--------------------------------------------------
Epoch 16 | Time 6.8188 sec | Valid Loss 0.7846 | Test Loss 0.7613
--------------------------------------------------
--------------------------------------------------
Epoch 17 | Time 6.8712 sec | Valid Loss 0.7895 | Test Loss 0.7554
--------------------------------------------------
--------------------------------------------------
Epoch 18 | Time 6.8263 sec | Valid Loss 0.7864 | Test Loss 0.7666
--------------------------------------------------
--------------------------------------------------
Epoch 19 | Time 6.8334 sec | Valid Loss 0.7774 | Test Loss 0.7685
--------------------------------------------------
--------------------------------------------------
Epoch 20 | Time 6.8395 sec | Valid Loss 0.7816 | Test Loss 0.7606
--------------------------------------------------
MAE:  0.75127196
Correlation Coefficient:  0.7661166895021928
mult_acc_7:  0.45043731778425655
mult_acc_5:  0.5087463556851312
F1 score all/non0: 0.8314/0.8534 over 686/656
Accuracy all/non0: 0.8324/0.8537
--------------------------------------------------
