/home/impulse/wang2/msa/.mmsa-reference/env/shim/transformers/deepspeed.py:24: FutureWarning: transformers.deepspeed module is deprecated and will be removed in a future version. Please import deepspeed modules directly from transformers.integrations
  warnings.warn(
/home/impulse/wang2/msa/.venv/lib/python3.12/site-packages/torch/__init__.py:1323: UserWarning: torch.set_default_tensor_type() is deprecated as of PyTorch 2.1, please use torch.set_default_dtype() and torch.set_default_device() as alternatives. (Triggered internally at /pytorch/torch/csrc/tensor/python_tensor.cpp:434.)
  _C._set_default_tensor_type(t)
Start loading the data....
loading file vocab.txt from cache at /home/impulse/.cache/huggingface/hub/models--bert-base-uncased/snapshots/86b5e0934494bd15c9632b12f734a8a67f723594/vocab.txt
loading file added_tokens.json from cache at None
loading file special_tokens_map.json from cache at None
loading file tokenizer_config.json from cache at /home/impulse/.cache/huggingface/hub/models--bert-base-uncased/snapshots/86b5e0934494bd15c9632b12f734a8a67f723594/tokenizer_config.json
loading file tokenizer.json from cache at /home/impulse/.cache/huggingface/hub/models--bert-base-uncased/snapshots/86b5e0934494bd15c9632b12f734a8a67f723594/tokenizer.json
loading configuration file config.json from cache at /home/impulse/.cache/huggingface/hub/models--bert-base-uncased/snapshots/86b5e0934494bd15c9632b12f734a8a67f723594/config.json
Model config BertConfig {
  "_name_or_path": "bert-base-uncased",
  "architectures": [
    "BertForMaskedLM"
  ],
  "attention_probs_dropout_prob": 0.1,
  "classifier_dropout": null,
  "gradient_checkpointing": false,
  "hidden_act": "gelu",
  "hidden_dropout_prob": 0.1,
  "hidden_size": 768,
  "initializer_range": 0.02,
  "intermediate_size": 3072,
  "layer_norm_eps": 1e-12,
  "max_position_embeddings": 512,
  "model_type": "bert",
  "num_attention_heads": 12,
  "num_hidden_layers": 12,
  "pad_token_id": 0,
  "position_embedding_type": "absolute",
  "transformers_version": "4.44.2",
  "type_vocab_size": 2,
  "use_cache": true,
  "vocab_size": 30522
}

/home/impulse/wang2/msa/.mmsa-reference/env/shim/transformers/tokenization_utils_base.py:1601: FutureWarning: `clean_up_tokenization_spaces` was not set. It will be set to `True` by default. This behavior will be depracted in transformers v4.45, and will be then set to `False` by default. For more details check this issue: https://github.com/huggingface/transformers/issues/31884
  warnings.warn(
train
Training data loaded!
loading file vocab.txt from cache at /home/impulse/.cache/huggingface/hub/models--bert-base-uncased/snapshots/86b5e0934494bd15c9632b12f734a8a67f723594/vocab.txt
loading file added_tokens.json from cache at None
loading file special_tokens_map.json from cache at None
loading file tokenizer_config.json from cache at /home/impulse/.cache/huggingface/hub/models--bert-base-uncased/snapshots/86b5e0934494bd15c9632b12f734a8a67f723594/tokenizer_config.json
loading file tokenizer.json from cache at /home/impulse/.cache/huggingface/hub/models--bert-base-uncased/snapshots/86b5e0934494bd15c9632b12f734a8a67f723594/tokenizer.json
loading configuration file config.json from cache at /home/impulse/.cache/huggingface/hub/models--bert-base-uncased/snapshots/86b5e0934494bd15c9632b12f734a8a67f723594/config.json
Model config BertConfig {
  "_name_or_path": "bert-base-uncased",
  "architectures": [
    "BertForMaskedLM"
  ],
  "attention_probs_dropout_prob": 0.1,
  "classifier_dropout": null,
  "gradient_checkpointing": false,
  "hidden_act": "gelu",
  "hidden_dropout_prob": 0.1,
  "hidden_size": 768,
  "initializer_range": 0.02,
  "intermediate_size": 3072,
  "layer_norm_eps": 1e-12,
  "max_position_embeddings": 512,
  "model_type": "bert",
  "num_attention_heads": 12,
  "num_hidden_layers": 12,
  "pad_token_id": 0,
  "position_embedding_type": "absolute",
  "transformers_version": "4.44.2",
  "type_vocab_size": 2,
  "use_cache": true,
  "vocab_size": 30522
}

valid
Validation data loaded!
loading file vocab.txt from cache at /home/impulse/.cache/huggingface/hub/models--bert-base-uncased/snapshots/86b5e0934494bd15c9632b12f734a8a67f723594/vocab.txt
loading file added_tokens.json from cache at None
loading file special_tokens_map.json from cache at None
loading file tokenizer_config.json from cache at /home/impulse/.cache/huggingface/hub/models--bert-base-uncased/snapshots/86b5e0934494bd15c9632b12f734a8a67f723594/tokenizer_config.json
loading file tokenizer.json from cache at /home/impulse/.cache/huggingface/hub/models--bert-base-uncased/snapshots/86b5e0934494bd15c9632b12f734a8a67f723594/tokenizer.json
loading configuration file config.json from cache at /home/impulse/.cache/huggingface/hub/models--bert-base-uncased/snapshots/86b5e0934494bd15c9632b12f734a8a67f723594/config.json
Model config BertConfig {
  "_name_or_path": "bert-base-uncased",
  "architectures": [
    "BertForMaskedLM"
  ],
  "attention_probs_dropout_prob": 0.1,
  "classifier_dropout": null,
  "gradient_checkpointing": false,
  "hidden_act": "gelu",
  "hidden_dropout_prob": 0.1,
  "hidden_size": 768,
  "initializer_range": 0.02,
  "intermediate_size": 3072,
  "layer_norm_eps": 1e-12,
  "max_position_embeddings": 512,
  "model_type": "bert",
  "num_attention_heads": 12,
  "num_hidden_layers": 12,
  "pad_token_id": 0,
  "position_embedding_type": "absolute",
  "transformers_version": "4.44.2",
  "type_vocab_size": 2,
  "use_cache": true,
  "vocab_size": 30522
}

test
Test data loaded!
Finish loading the data....
loading configuration file config.json from cache at /home/impulse/.cache/huggingface/hub/models--bert-base-uncased/snapshots/86b5e0934494bd15c9632b12f734a8a67f723594/config.json
Model config BertConfig {
  "architectures": [
    "BertForMaskedLM"
  ],
  "attention_probs_dropout_prob": 0.1,
  "classifier_dropout": null,
  "gradient_checkpointing": false,
  "hidden_act": "gelu",
  "hidden_dropout_prob": 0.1,
  "hidden_size": 768,
  "initializer_range": 0.02,
  "intermediate_size": 3072,
  "layer_norm_eps": 1e-12,
  "max_position_embeddings": 512,
  "model_type": "bert",
  "num_attention_heads": 12,
  "num_hidden_layers": 12,
  "pad_token_id": 0,
  "position_embedding_type": "absolute",
  "transformers_version": "4.44.2",
  "type_vocab_size": 2,
  "use_cache": true,
  "vocab_size": 30522
}

loading weights file model.safetensors from cache at /home/impulse/.cache/huggingface/hub/models--bert-base-uncased/snapshots/86b5e0934494bd15c9632b12f734a8a67f723594/model.safetensors
A pretrained model of type `BertModel` contains parameters that have been renamed internally (a few are listed below but more are present in the model):
* `bert.embeddings.LayerNorm.gamma` -> `bert.embeddings.LayerNorm.weight`
* `bert.encoder.layer.0.attention.output.LayerNorm.gamma` -> `{'bert.embeddings.LayerNorm.gamma': 'bert.embeddings.LayerNorm.weight', 'bert.encoder.layer.0.attention.output.LayerNorm.gamma': {...}, 'bert.encoder.layer.0.output.LayerNorm.gamma': {...}, 'bert.encoder.layer.1.attention.output.LayerNorm.gamma': {...}, 'bert.encoder.layer.1.output.LayerNorm.gamma': {...}, 'bert.encoder.layer.10.attention.output.LayerNorm.gamma': {...}, 'bert.encoder.layer.10.output.LayerNorm.gamma': {...}, 'bert.encoder.layer.11.attention.output.LayerNorm.gamma': {...}, 'bert.encoder.layer.11.output.LayerNorm.gamma': {...}, 'bert.encoder.layer.2.attention.output.LayerNorm.gamma': {...}, 'bert.encoder.layer.2.output.LayerNorm.gamma': {...}, 'bert.encoder.layer.3.attention.output.LayerNorm.gamma': {...}, 'bert.encoder.layer.3.output.LayerNorm.gamma': {...}, 'bert.encoder.layer.4.attention.output.LayerNorm.gamma': {...}, 'bert.encoder.layer.4.output.LayerNorm.gamma': {...}, 'bert.encoder.layer.5.attention.output.LayerNorm.gamma': {...}, 'bert.encoder.layer.5.output.LayerNorm.gamma': {...}, 'bert.encoder.layer.6.attention.output.LayerNorm.gamma': {...}, 'bert.encoder.layer.6.output.LayerNorm.gamma': {...}, 'bert.encoder.layer.7.attention.output.LayerNorm.gamma': {...}, 'bert.encoder.layer.7.output.LayerNorm.gamma': {...}, 'bert.encoder.layer.8.attention.output.LayerNorm.gamma': {...}, 'bert.encoder.layer.8.output.LayerNorm.gamma': {...}, 'bert.encoder.layer.9.attention.output.LayerNorm.gamma': {...}, 'bert.encoder.layer.9.output.LayerNorm.gamma': {...}, 'cls.predictions.transform.LayerNorm.gamma': {...}}`
* `bert.encoder.layer.0.output.LayerNorm.gamma` -> `{'bert.embeddings.LayerNorm.gamma': 'bert.embeddings.LayerNorm.weight', 'bert.encoder.layer.0.attention.output.LayerNorm.gamma': {...}, 'bert.encoder.layer.0.output.LayerNorm.gamma': {...}, 'bert.encoder.layer.1.attention.output.LayerNorm.gamma': {...}, 'bert.encoder.layer.1.output.LayerNorm.gamma': {...}, 'bert.encoder.layer.10.attention.output.LayerNorm.gamma': {...}, 'bert.encoder.layer.10.output.LayerNorm.gamma': {...}, 'bert.encoder.layer.11.attention.output.LayerNorm.gamma': {...}, 'bert.encoder.layer.11.output.LayerNorm.gamma': {...}, 'bert.encoder.layer.2.attention.output.LayerNorm.gamma': {...}, 'bert.encoder.layer.2.output.LayerNorm.gamma': {...}, 'bert.encoder.layer.3.attention.output.LayerNorm.gamma': {...}, 'bert.encoder.layer.3.output.LayerNorm.gamma': {...}, 'bert.encoder.layer.4.attention.output.LayerNorm.gamma': {...}, 'bert.encoder.layer.4.output.LayerNorm.gamma': {...}, 'bert.encoder.layer.5.attention.output.LayerNorm.gamma': {...}, 'bert.encoder.layer.5.output.LayerNorm.gamma': {...}, 'bert.encoder.layer.6.attention.output.LayerNorm.gamma': {...}, 'bert.encoder.layer.6.output.LayerNorm.gamma': {...}, 'bert.encoder.layer.7.attention.output.LayerNorm.gamma': {...}, 'bert.encoder.layer.7.output.LayerNorm.gamma': {...}, 'bert.encoder.layer.8.attention.output.LayerNorm.gamma': {...}, 'bert.encoder.layer.8.output.LayerNorm.gamma': {...}, 'bert.encoder.layer.9.attention.output.LayerNorm.gamma': {...}, 'bert.encoder.layer.9.output.LayerNorm.gamma': {...}, 'cls.predictions.transform.LayerNorm.gamma': {...}}`
* `bert.encoder.layer.1.attention.output.LayerNorm.gamma` -> `{'bert.embeddings.LayerNorm.gamma': 'bert.embeddings.LayerNorm.weight', 'bert.encoder.layer.0.attention.output.LayerNorm.gamma': {...}, 'bert.encoder.layer.0.output.LayerNorm.gamma': {...}, 'bert.encoder.layer.1.attention.output.LayerNorm.gamma': {...}, 'bert.encoder.layer.1.output.LayerNorm.gamma': {...}, 'bert.encoder.layer.10.attention.output.LayerNorm.gamma': {...}, 'bert.encoder.layer.10.output.LayerNorm.gamma': {...}, 'bert.encoder.layer.11.attention.output.LayerNorm.gamma': {...}, 'bert.encoder.layer.11.output.LayerNorm.gamma': {...}, 'bert.encoder.layer.2.attention.output.LayerNorm.gamma': {...}, 'bert.encoder.layer.2.output.LayerNorm.gamma': {...}, 'bert.encoder.layer.3.attention.output.LayerNorm.gamma': {...}, 'bert.encoder.layer.3.output.LayerNorm.gamma': {...}, 'bert.encoder.layer.4.attention.output.LayerNorm.gamma': {...}, 'bert.encoder.layer.4.output.LayerNorm.gamma': {...}, 'bert.encoder.layer.5.attention.output.LayerNorm.gamma': {...}, 'bert.encoder.layer.5.output.LayerNorm.gamma': {...}, 'bert.encoder.layer.6.attention.output.LayerNorm.gamma': {...}, 'bert.encoder.layer.6.output.LayerNorm.gamma': {...}, 'bert.encoder.layer.7.attention.output.LayerNorm.gamma': {...}, 'bert.encoder.layer.7.output.LayerNorm.gamma': {...}, 'bert.encoder.layer.8.attention.output.LayerNorm.gamma': {...}, 'bert.encoder.layer.8.output.LayerNorm.gamma': {...}, 'bert.encoder.layer.9.attention.output.LayerNorm.gamma': {...}, 'bert.encoder.layer.9.output.LayerNorm.gamma': {...}, 'cls.predictions.transform.LayerNorm.gamma': {...}}`
* `bert.encoder.layer.1.output.LayerNorm.gamma` -> `{'bert.embeddings.LayerNorm.gamma': 'bert.embeddings.LayerNorm.weight', 'bert.encoder.layer.0.attention.output.LayerNorm.gamma': {...}, 'bert.encoder.layer.0.output.LayerNorm.gamma': {...}, 'bert.encoder.layer.1.attention.output.LayerNorm.gamma': {...}, 'bert.encoder.layer.1.output.LayerNorm.gamma': {...}, 'bert.encoder.layer.10.attention.output.LayerNorm.gamma': {...}, 'bert.encoder.layer.10.output.LayerNorm.gamma': {...}, 'bert.encoder.layer.11.attention.output.LayerNorm.gamma': {...}, 'bert.encoder.layer.11.output.LayerNorm.gamma': {...}, 'bert.encoder.layer.2.attention.output.LayerNorm.gamma': {...}, 'bert.encoder.layer.2.output.LayerNorm.gamma': {...}, 'bert.encoder.layer.3.attention.output.LayerNorm.gamma': {...}, 'bert.encoder.layer.3.output.LayerNorm.gamma': {...}, 'bert.encoder.layer.4.attention.output.LayerNorm.gamma': {...}, 'bert.encoder.layer.4.output.LayerNorm.gamma': {...}, 'bert.encoder.layer.5.attention.output.LayerNorm.gamma': {...}, 'bert.encoder.layer.5.output.LayerNorm.gamma': {...}, 'bert.encoder.layer.6.attention.output.LayerNorm.gamma': {...}, 'bert.encoder.layer.6.output.LayerNorm.gamma': {...}, 'bert.encoder.layer.7.attention.output.LayerNorm.gamma': {...}, 'bert.encoder.layer.7.output.LayerNorm.gamma': {...}, 'bert.encoder.layer.8.attention.output.LayerNorm.gamma': {...}, 'bert.encoder.layer.8.output.LayerNorm.gamma': {...}, 'bert.encoder.layer.9.attention.output.LayerNorm.gamma': {...}, 'bert.encoder.layer.9.output.LayerNorm.gamma': {...}, 'cls.predictions.transform.LayerNorm.gamma': {...}}`
* `bert.encoder.layer.10.attention.output.LayerNorm.gamma` -> `{'bert.embeddings.LayerNorm.gamma': 'bert.embeddings.LayerNorm.weight', 'bert.encoder.layer.0.attention.output.LayerNorm.gamma': {...}, 'bert.encoder.layer.0.output.LayerNorm.gamma': {...}, 'bert.encoder.layer.1.attention.output.LayerNorm.gamma': {...}, 'bert.encoder.layer.1.output.LayerNorm.gamma': {...}, 'bert.encoder.layer.10.attention.output.LayerNorm.gamma': {...}, 'bert.encoder.layer.10.output.LayerNorm.gamma': {...}, 'bert.encoder.layer.11.attention.output.LayerNorm.gamma': {...}, 'bert.encoder.layer.11.output.LayerNorm.gamma': {...}, 'bert.encoder.layer.2.attention.output.LayerNorm.gamma': {...}, 'bert.encoder.layer.2.output.LayerNorm.gamma': {...}, 'bert.encoder.layer.3.attention.output.LayerNorm.gamma': {...}, 'bert.encoder.layer.3.output.LayerNorm.gamma': {...}, 'bert.encoder.layer.4.attention.output.LayerNorm.gamma': {...}, 'bert.encoder.layer.4.output.LayerNorm.gamma': {...}, 'bert.encoder.layer.5.attention.output.LayerNorm.gamma': {...}, 'bert.encoder.layer.5.output.LayerNorm.gamma': {...}, 'bert.encoder.layer.6.attention.output.LayerNorm.gamma': {...}, 'bert.encoder.layer.6.output.LayerNorm.gamma': {...}, 'bert.encoder.layer.7.attention.output.LayerNorm.gamma': {...}, 'bert.encoder.layer.7.output.LayerNorm.gamma': {...}, 'bert.encoder.layer.8.attention.output.LayerNorm.gamma': {...}, 'bert.encoder.layer.8.output.LayerNorm.gamma': {...}, 'bert.encoder.layer.9.attention.output.LayerNorm.gamma': {...}, 'bert.encoder.layer.9.output.LayerNorm.gamma': {...}, 'cls.predictions.transform.LayerNorm.gamma': {...}}`
* `bert.encoder.layer.10.output.LayerNorm.gamma` -> `{'bert.embeddings.LayerNorm.gamma': 'bert.embeddings.LayerNorm.weight', 'bert.encoder.layer.0.attention.output.LayerNorm.gamma': {...}, 'bert.encoder.layer.0.output.LayerNorm.gamma': {...}, 'bert.encoder.layer.1.attention.output.LayerNorm.gamma': {...}, 'bert.encoder.layer.1.output.LayerNorm.gamma': {...}, 'bert.encoder.layer.10.attention.output.LayerNorm.gamma': {...}, 'bert.encoder.layer.10.output.LayerNorm.gamma': {...}, 'bert.encoder.layer.11.attention.output.LayerNorm.gamma': {...}, 'bert.encoder.layer.11.output.LayerNorm.gamma': {...}, 'bert.encoder.layer.2.attention.output.LayerNorm.gamma': {...}, 'bert.encoder.layer.2.output.LayerNorm.gamma': {...}, 'bert.encoder.layer.3.attention.output.LayerNorm.gamma': {...}, 'bert.encoder.layer.3.output.LayerNorm.gamma': {...}, 'bert.encoder.layer.4.attention.output.LayerNorm.gamma': {...}, 'bert.encoder.layer.4.output.LayerNorm.gamma': {...}, 'bert.encoder.layer.5.attention.output.LayerNorm.gamma': {...}, 'bert.encoder.layer.5.output.LayerNorm.gamma': {...}, 'bert.encoder.layer.6.attention.output.LayerNorm.gamma': {...}, 'bert.encoder.layer.6.output.LayerNorm.gamma': {...}, 'bert.encoder.layer.7.attention.output.LayerNorm.gamma': {...}, 'bert.encoder.layer.7.output.LayerNorm.gamma': {...}, 'bert.encoder.layer.8.attention.output.LayerNorm.gamma': {...}, 'bert.encoder.layer.8.output.LayerNorm.gamma': {...}, 'bert.encoder.layer.9.attention.output.LayerNorm.gamma': {...}, 'bert.encoder.layer.9.output.LayerNorm.gamma': {...}, 'cls.predictions.transform.LayerNorm.gamma': {...}}`
* `bert.encoder.layer.11.attention.output.LayerNorm.gamma` -> `{'bert.embeddings.LayerNorm.gamma': 'bert.embeddings.LayerNorm.weight', 'bert.encoder.layer.0.attention.output.LayerNorm.gamma': {...}, 'bert.encoder.layer.0.output.LayerNorm.gamma': {...}, 'bert.encoder.layer.1.attention.output.LayerNorm.gamma': {...}, 'bert.encoder.layer.1.output.LayerNorm.gamma': {...}, 'bert.encoder.layer.10.attention.output.LayerNorm.gamma': {...}, 'bert.encoder.layer.10.output.LayerNorm.gamma': {...}, 'bert.encoder.layer.11.attention.output.LayerNorm.gamma': {...}, 'bert.encoder.layer.11.output.LayerNorm.gamma': {...}, 'bert.encoder.layer.2.attention.output.LayerNorm.gamma': {...}, 'bert.encoder.layer.2.output.LayerNorm.gamma': {...}, 'bert.encoder.layer.3.attention.output.LayerNorm.gamma': {...}, 'bert.encoder.layer.3.output.LayerNorm.gamma': {...}, 'bert.encoder.layer.4.attention.output.LayerNorm.gamma': {...}, 'bert.encoder.layer.4.output.LayerNorm.gamma': {...}, 'bert.encoder.layer.5.attention.output.LayerNorm.gamma': {...}, 'bert.encoder.layer.5.output.LayerNorm.gamma': {...}, 'bert.encoder.layer.6.attention.output.LayerNorm.gamma': {...}, 'bert.encoder.layer.6.output.LayerNorm.gamma': {...}, 'bert.encoder.layer.7.attention.output.LayerNorm.gamma': {...}, 'bert.encoder.layer.7.output.LayerNorm.gamma': {...}, 'bert.encoder.layer.8.attention.output.LayerNorm.gamma': {...}, 'bert.encoder.layer.8.output.LayerNorm.gamma': {...}, 'bert.encoder.layer.9.attention.output.LayerNorm.gamma': {...}, 'bert.encoder.layer.9.output.LayerNorm.gamma': {...}, 'cls.predictions.transform.LayerNorm.gamma': {...}}`
* `bert.encoder.layer.11.output.LayerNorm.gamma` -> `{'bert.embeddings.LayerNorm.gamma': 'bert.embeddings.LayerNorm.weight', 'bert.encoder.layer.0.attention.output.LayerNorm.gamma': {...}, 'bert.encoder.layer.0.output.LayerNorm.gamma': {...}, 'bert.encoder.layer.1.attention.output.LayerNorm.gamma': {...}, 'bert.encoder.layer.1.output.LayerNorm.gamma': {...}, 'bert.encoder.layer.10.attention.output.LayerNorm.gamma': {...}, 'bert.encoder.layer.10.output.LayerNorm.gamma': {...}, 'bert.encoder.layer.11.attention.output.LayerNorm.gamma': {...}, 'bert.encoder.layer.11.output.LayerNorm.gamma': {...}, 'bert.encoder.layer.2.attention.output.LayerNorm.gamma': {...}, 'bert.encoder.layer.2.output.LayerNorm.gamma': {...}, 'bert.encoder.layer.3.attention.output.LayerNorm.gamma': {...}, 'bert.encoder.layer.3.output.LayerNorm.gamma': {...}, 'bert.encoder.layer.4.attention.output.LayerNorm.gamma': {...}, 'bert.encoder.layer.4.output.LayerNorm.gamma': {...}, 'bert.encoder.layer.5.attention.output.LayerNorm.gamma': {...}, 'bert.encoder.layer.5.output.LayerNorm.gamma': {...}, 'bert.encoder.layer.6.attention.output.LayerNorm.gamma': {...}, 'bert.encoder.layer.6.output.LayerNorm.gamma': {...}, 'bert.encoder.layer.7.attention.output.LayerNorm.gamma': {...}, 'bert.encoder.layer.7.output.LayerNorm.gamma': {...}, 'bert.encoder.layer.8.attention.output.LayerNorm.gamma': {...}, 'bert.encoder.layer.8.output.LayerNorm.gamma': {...}, 'bert.encoder.layer.9.attention.output.LayerNorm.gamma': {...}, 'bert.encoder.layer.9.output.LayerNorm.gamma': {...}, 'cls.predictions.transform.LayerNorm.gamma': {...}}`
* `bert.encoder.layer.2.attention.output.LayerNorm.gamma` -> `{'bert.embeddings.LayerNorm.gamma': 'bert.embeddings.LayerNorm.weight', 'bert.encoder.layer.0.attention.output.LayerNorm.gamma': {...}, 'bert.encoder.layer.0.output.LayerNorm.gamma': {...}, 'bert.encoder.layer.1.attention.output.LayerNorm.gamma': {...}, 'bert.encoder.layer.1.output.LayerNorm.gamma': {...}, 'bert.encoder.layer.10.attention.output.LayerNorm.gamma': {...}, 'bert.encoder.layer.10.output.LayerNorm.gamma': {...}, 'bert.encoder.layer.11.attention.output.LayerNorm.gamma': {...}, 'bert.encoder.layer.11.output.LayerNorm.gamma': {...}, 'bert.encoder.layer.2.attention.output.LayerNorm.gamma': {...}, 'bert.encoder.layer.2.output.LayerNorm.gamma': {...}, 'bert.encoder.layer.3.attention.output.LayerNorm.gamma': {...}, 'bert.encoder.layer.3.output.LayerNorm.gamma': {...}, 'bert.encoder.layer.4.attention.output.LayerNorm.gamma': {...}, 'bert.encoder.layer.4.output.LayerNorm.gamma': {...}, 'bert.encoder.layer.5.attention.output.LayerNorm.gamma': {...}, 'bert.encoder.layer.5.output.LayerNorm.gamma': {...}, 'bert.encoder.layer.6.attention.output.LayerNorm.gamma': {...}, 'bert.encoder.layer.6.output.LayerNorm.gamma': {...}, 'bert.encoder.layer.7.attention.output.LayerNorm.gamma': {...}, 'bert.encoder.layer.7.output.LayerNorm.gamma': {...}, 'bert.encoder.layer.8.attention.output.LayerNorm.gamma': {...}, 'bert.encoder.layer.8.output.LayerNorm.gamma': {...}, 'bert.encoder.layer.9.attention.output.LayerNorm.gamma': {...}, 'bert.encoder.layer.9.output.LayerNorm.gamma': {...}, 'cls.predictions.transform.LayerNorm.gamma': {...}}`
* `bert.encoder.layer.2.output.LayerNorm.gamma` -> `{'bert.embeddings.LayerNorm.gamma': 'bert.embeddings.LayerNorm.weight', 'bert.encoder.layer.0.attention.output.LayerNorm.gamma': {...}, 'bert.encoder.layer.0.output.LayerNorm.gamma': {...}, 'bert.encoder.layer.1.attention.output.LayerNorm.gamma': {...}, 'bert.encoder.layer.1.output.LayerNorm.gamma': {...}, 'bert.encoder.layer.10.attention.output.LayerNorm.gamma': {...}, 'bert.encoder.layer.10.output.LayerNorm.gamma': {...}, 'bert.encoder.layer.11.attention.output.LayerNorm.gamma': {...}, 'bert.encoder.layer.11.output.LayerNorm.gamma': {...}, 'bert.encoder.layer.2.attention.output.LayerNorm.gamma': {...}, 'bert.encoder.layer.2.output.LayerNorm.gamma': {...}, 'bert.encoder.layer.3.attention.output.LayerNorm.gamma': {...}, 'bert.encoder.layer.3.output.LayerNorm.gamma': {...}, 'bert.encoder.layer.4.attention.output.LayerNorm.gamma': {...}, 'bert.encoder.layer.4.output.LayerNorm.gamma': {...}, 'bert.encoder.layer.5.attention.output.LayerNorm.gamma': {...}, 'bert.encoder.layer.5.output.LayerNorm.gamma': {...}, 'bert.encoder.layer.6.attention.output.LayerNorm.gamma': {...}, 'bert.encoder.layer.6.output.LayerNorm.gamma': {...}, 'bert.encoder.layer.7.attention.output.LayerNorm.gamma': {...}, 'bert.encoder.layer.7.output.LayerNorm.gamma': {...}, 'bert.encoder.layer.8.attention.output.LayerNorm.gamma': {...}, 'bert.encoder.layer.8.output.LayerNorm.gamma': {...}, 'bert.encoder.layer.9.attention.output.LayerNorm.gamma': {...}, 'bert.encoder.layer.9.output.LayerNorm.gamma': {...}, 'cls.predictions.transform.LayerNorm.gamma': {...}}`
* `bert.encoder.layer.3.attention.output.LayerNorm.gamma` -> `{'bert.embeddings.LayerNorm.gamma': 'bert.embeddings.LayerNorm.weight', 'bert.encoder.layer.0.attention.output.LayerNorm.gamma': {...}, 'bert.encoder.layer.0.output.LayerNorm.gamma': {...}, 'bert.encoder.layer.1.attention.output.LayerNorm.gamma': {...}, 'bert.encoder.layer.1.output.LayerNorm.gamma': {...}, 'bert.encoder.layer.10.attention.output.LayerNorm.gamma': {...}, 'bert.encoder.layer.10.output.LayerNorm.gamma': {...}, 'bert.encoder.layer.11.attention.output.LayerNorm.gamma': {...}, 'bert.encoder.layer.11.output.LayerNorm.gamma': {...}, 'bert.encoder.layer.2.attention.output.LayerNorm.gamma': {...}, 'bert.encoder.layer.2.output.LayerNorm.gamma': {...}, 'bert.encoder.layer.3.attention.output.LayerNorm.gamma': {...}, 'bert.encoder.layer.3.output.LayerNorm.gamma': {...}, 'bert.encoder.layer.4.attention.output.LayerNorm.gamma': {...}, 'bert.encoder.layer.4.output.LayerNorm.gamma': {...}, 'bert.encoder.layer.5.attention.output.LayerNorm.gamma': {...}, 'bert.encoder.layer.5.output.LayerNorm.gamma': {...}, 'bert.encoder.layer.6.attention.output.LayerNorm.gamma': {...}, 'bert.encoder.layer.6.output.LayerNorm.gamma': {...}, 'bert.encoder.layer.7.attention.output.LayerNorm.gamma': {...}, 'bert.encoder.layer.7.output.LayerNorm.gamma': {...}, 'bert.encoder.layer.8.attention.output.LayerNorm.gamma': {...}, 'bert.encoder.layer.8.output.LayerNorm.gamma': {...}, 'bert.encoder.layer.9.attention.output.LayerNorm.gamma': {...}, 'bert.encoder.layer.9.output.LayerNorm.gamma': {...}, 'cls.predictions.transform.LayerNorm.gamma': {...}}`
* `bert.encoder.layer.3.output.LayerNorm.gamma` -> `{'bert.embeddings.LayerNorm.gamma': 'bert.embeddings.LayerNorm.weight', 'bert.encoder.layer.0.attention.output.LayerNorm.gamma': {...}, 'bert.encoder.layer.0.output.LayerNorm.gamma': {...}, 'bert.encoder.layer.1.attention.output.LayerNorm.gamma': {...}, 'bert.encoder.layer.1.output.LayerNorm.gamma': {...}, 'bert.encoder.layer.10.attention.output.LayerNorm.gamma': {...}, 'bert.encoder.layer.10.output.LayerNorm.gamma': {...}, 'bert.encoder.layer.11.attention.output.LayerNorm.gamma': {...}, 'bert.encoder.layer.11.output.LayerNorm.gamma': {...}, 'bert.encoder.layer.2.attention.output.LayerNorm.gamma': {...}, 'bert.encoder.layer.2.output.LayerNorm.gamma': {...}, 'bert.encoder.layer.3.attention.output.LayerNorm.gamma': {...}, 'bert.encoder.layer.3.output.LayerNorm.gamma': {...}, 'bert.encoder.layer.4.attention.output.LayerNorm.gamma': {...}, 'bert.encoder.layer.4.output.LayerNorm.gamma': {...}, 'bert.encoder.layer.5.attention.output.LayerNorm.gamma': {...}, 'bert.encoder.layer.5.output.LayerNorm.gamma': {...}, 'bert.encoder.layer.6.attention.output.LayerNorm.gamma': {...}, 'bert.encoder.layer.6.output.LayerNorm.gamma': {...}, 'bert.encoder.layer.7.attention.output.LayerNorm.gamma': {...}, 'bert.encoder.layer.7.output.LayerNorm.gamma': {...}, 'bert.encoder.layer.8.attention.output.LayerNorm.gamma': {...}, 'bert.encoder.layer.8.output.LayerNorm.gamma': {...}, 'bert.encoder.layer.9.attention.output.LayerNorm.gamma': {...}, 'bert.encoder.layer.9.output.LayerNorm.gamma': {...}, 'cls.predictions.transform.LayerNorm.gamma': {...}}`
* `bert.encoder.layer.4.attention.output.LayerNorm.gamma` -> `{'bert.embeddings.LayerNorm.gamma': 'bert.embeddings.LayerNorm.weight', 'bert.encoder.layer.0.attention.output.LayerNorm.gamma': {...}, 'bert.encoder.layer.0.output.LayerNorm.gamma': {...}, 'bert.encoder.layer.1.attention.output.LayerNorm.gamma': {...}, 'bert.encoder.layer.1.output.LayerNorm.gamma': {...}, 'bert.encoder.layer.10.attention.output.LayerNorm.gamma': {...}, 'bert.encoder.layer.10.output.LayerNorm.gamma': {...}, 'bert.encoder.layer.11.attention.output.LayerNorm.gamma': {...}, 'bert.encoder.layer.11.output.LayerNorm.gamma': {...}, 'bert.encoder.layer.2.attention.output.LayerNorm.gamma': {...}, 'bert.encoder.layer.2.output.LayerNorm.gamma': {...}, 'bert.encoder.layer.3.attention.output.LayerNorm.gamma': {...}, 'bert.encoder.layer.3.output.LayerNorm.gamma': {...}, 'bert.encoder.layer.4.attention.output.LayerNorm.gamma': {...}, 'bert.encoder.layer.4.output.LayerNorm.gamma': {...}, 'bert.encoder.layer.5.attention.output.LayerNorm.gamma': {...}, 'bert.encoder.layer.5.output.LayerNorm.gamma': {...}, 'bert.encoder.layer.6.attention.output.LayerNorm.gamma': {...}, 'bert.encoder.layer.6.output.LayerNorm.gamma': {...}, 'bert.encoder.layer.7.attention.output.LayerNorm.gamma': {...}, 'bert.encoder.layer.7.output.LayerNorm.gamma': {...}, 'bert.encoder.layer.8.attention.output.LayerNorm.gamma': {...}, 'bert.encoder.layer.8.output.LayerNorm.gamma': {...}, 'bert.encoder.layer.9.attention.output.LayerNorm.gamma': {...}, 'bert.encoder.layer.9.output.LayerNorm.gamma': {...}, 'cls.predictions.transform.LayerNorm.gamma': {...}}`
* `bert.encoder.layer.4.output.LayerNorm.gamma` -> `{'bert.embeddings.LayerNorm.gamma': 'bert.embeddings.LayerNorm.weight', 'bert.encoder.layer.0.attention.output.LayerNorm.gamma': {...}, 'bert.encoder.layer.0.output.LayerNorm.gamma': {...}, 'bert.encoder.layer.1.attention.output.LayerNorm.gamma': {...}, 'bert.encoder.layer.1.output.LayerNorm.gamma': {...}, 'bert.encoder.layer.10.attention.output.LayerNorm.gamma': {...}, 'bert.encoder.layer.10.output.LayerNorm.gamma': {...}, 'bert.encoder.layer.11.attention.output.LayerNorm.gamma': {...}, 'bert.encoder.layer.11.output.LayerNorm.gamma': {...}, 'bert.encoder.layer.2.attention.output.LayerNorm.gamma': {...}, 'bert.encoder.layer.2.output.LayerNorm.gamma': {...}, 'bert.encoder.layer.3.attention.output.LayerNorm.gamma': {...}, 'bert.encoder.layer.3.output.LayerNorm.gamma': {...}, 'bert.encoder.layer.4.attention.output.LayerNorm.gamma': {...}, 'bert.encoder.layer.4.output.LayerNorm.gamma': {...}, 'bert.encoder.layer.5.attention.output.LayerNorm.gamma': {...}, 'bert.encoder.layer.5.output.LayerNorm.gamma': {...}, 'bert.encoder.layer.6.attention.output.LayerNorm.gamma': {...}, 'bert.encoder.layer.6.output.LayerNorm.gamma': {...}, 'bert.encoder.layer.7.attention.output.LayerNorm.gamma': {...}, 'bert.encoder.layer.7.output.LayerNorm.gamma': {...}, 'bert.encoder.layer.8.attention.output.LayerNorm.gamma': {...}, 'bert.encoder.layer.8.output.LayerNorm.gamma': {...}, 'bert.encoder.layer.9.attention.output.LayerNorm.gamma': {...}, 'bert.encoder.layer.9.output.LayerNorm.gamma': {...}, 'cls.predictions.transform.LayerNorm.gamma': {...}}`
* `bert.encoder.layer.5.attention.output.LayerNorm.gamma` -> `{'bert.embeddings.LayerNorm.gamma': 'bert.embeddings.LayerNorm.weight', 'bert.encoder.layer.0.attention.output.LayerNorm.gamma': {...}, 'bert.encoder.layer.0.output.LayerNorm.gamma': {...}, 'bert.encoder.layer.1.attention.output.LayerNorm.gamma': {...}, 'bert.encoder.layer.1.output.LayerNorm.gamma': {...}, 'bert.encoder.layer.10.attention.output.LayerNorm.gamma': {...}, 'bert.encoder.layer.10.output.LayerNorm.gamma': {...}, 'bert.encoder.layer.11.attention.output.LayerNorm.gamma': {...}, 'bert.encoder.layer.11.output.LayerNorm.gamma': {...}, 'bert.encoder.layer.2.attention.output.LayerNorm.gamma': {...}, 'bert.encoder.layer.2.output.LayerNorm.gamma': {...}, 'bert.encoder.layer.3.attention.output.LayerNorm.gamma': {...}, 'bert.encoder.layer.3.output.LayerNorm.gamma': {...}, 'bert.encoder.layer.4.attention.output.LayerNorm.gamma': {...}, 'bert.encoder.layer.4.output.LayerNorm.gamma': {...}, 'bert.encoder.layer.5.attention.output.LayerNorm.gamma': {...}, 'bert.encoder.layer.5.output.LayerNorm.gamma': {...}, 'bert.encoder.layer.6.attention.output.LayerNorm.gamma': {...}, 'bert.encoder.layer.6.output.LayerNorm.gamma': {...}, 'bert.encoder.layer.7.attention.output.LayerNorm.gamma': {...}, 'bert.encoder.layer.7.output.LayerNorm.gamma': {...}, 'bert.encoder.layer.8.attention.output.LayerNorm.gamma': {...}, 'bert.encoder.layer.8.output.LayerNorm.gamma': {...}, 'bert.encoder.layer.9.attention.output.LayerNorm.gamma': {...}, 'bert.encoder.layer.9.output.LayerNorm.gamma': {...}, 'cls.predictions.transform.LayerNorm.gamma': {...}}`
* `bert.encoder.layer.5.output.LayerNorm.gamma` -> `{'bert.embeddings.LayerNorm.gamma': 'bert.embeddings.LayerNorm.weight', 'bert.encoder.layer.0.attention.output.LayerNorm.gamma': {...}, 'bert.encoder.layer.0.output.LayerNorm.gamma': {...}, 'bert.encoder.layer.1.attention.output.LayerNorm.gamma': {...}, 'bert.encoder.layer.1.output.LayerNorm.gamma': {...}, 'bert.encoder.layer.10.attention.output.LayerNorm.gamma': {...}, 'bert.encoder.layer.10.output.LayerNorm.gamma': {...}, 'bert.encoder.layer.11.attention.output.LayerNorm.gamma': {...}, 'bert.encoder.layer.11.output.LayerNorm.gamma': {...}, 'bert.encoder.layer.2.attention.output.LayerNorm.gamma': {...}, 'bert.encoder.layer.2.output.LayerNorm.gamma': {...}, 'bert.encoder.layer.3.attention.output.LayerNorm.gamma': {...}, 'bert.encoder.layer.3.output.LayerNorm.gamma': {...}, 'bert.encoder.layer.4.attention.output.LayerNorm.gamma': {...}, 'bert.encoder.layer.4.output.LayerNorm.gamma': {...}, 'bert.encoder.layer.5.attention.output.LayerNorm.gamma': {...}, 'bert.encoder.layer.5.output.LayerNorm.gamma': {...}, 'bert.encoder.layer.6.attention.output.LayerNorm.gamma': {...}, 'bert.encoder.layer.6.output.LayerNorm.gamma': {...}, 'bert.encoder.layer.7.attention.output.LayerNorm.gamma': {...}, 'bert.encoder.layer.7.output.LayerNorm.gamma': {...}, 'bert.encoder.layer.8.attention.output.LayerNorm.gamma': {...}, 'bert.encoder.layer.8.output.LayerNorm.gamma': {...}, 'bert.encoder.layer.9.attention.output.LayerNorm.gamma': {...}, 'bert.encoder.layer.9.output.LayerNorm.gamma': {...}, 'cls.predictions.transform.LayerNorm.gamma': {...}}`
* `bert.encoder.layer.6.attention.output.LayerNorm.gamma` -> `{'bert.embeddings.LayerNorm.gamma': 'bert.embeddings.LayerNorm.weight', 'bert.encoder.layer.0.attention.output.LayerNorm.gamma': {...}, 'bert.encoder.layer.0.output.LayerNorm.gamma': {...}, 'bert.encoder.layer.1.attention.output.LayerNorm.gamma': {...}, 'bert.encoder.layer.1.output.LayerNorm.gamma': {...}, 'bert.encoder.layer.10.attention.output.LayerNorm.gamma': {...}, 'bert.encoder.layer.10.output.LayerNorm.gamma': {...}, 'bert.encoder.layer.11.attention.output.LayerNorm.gamma': {...}, 'bert.encoder.layer.11.output.LayerNorm.gamma': {...}, 'bert.encoder.layer.2.attention.output.LayerNorm.gamma': {...}, 'bert.encoder.layer.2.output.LayerNorm.gamma': {...}, 'bert.encoder.layer.3.attention.output.LayerNorm.gamma': {...}, 'bert.encoder.layer.3.output.LayerNorm.gamma': {...}, 'bert.encoder.layer.4.attention.output.LayerNorm.gamma': {...}, 'bert.encoder.layer.4.output.LayerNorm.gamma': {...}, 'bert.encoder.layer.5.attention.output.LayerNorm.gamma': {...}, 'bert.encoder.layer.5.output.LayerNorm.gamma': {...}, 'bert.encoder.layer.6.attention.output.LayerNorm.gamma': {...}, 'bert.encoder.layer.6.output.LayerNorm.gamma': {...}, 'bert.encoder.layer.7.attention.output.LayerNorm.gamma': {...}, 'bert.encoder.layer.7.output.LayerNorm.gamma': {...}, 'bert.encoder.layer.8.attention.output.LayerNorm.gamma': {...}, 'bert.encoder.layer.8.output.LayerNorm.gamma': {...}, 'bert.encoder.layer.9.attention.output.LayerNorm.gamma': {...}, 'bert.encoder.layer.9.output.LayerNorm.gamma': {...}, 'cls.predictions.transform.LayerNorm.gamma': {...}}`
* `bert.encoder.layer.6.output.LayerNorm.gamma` -> `{'bert.embeddings.LayerNorm.gamma': 'bert.embeddings.LayerNorm.weight', 'bert.encoder.layer.0.attention.output.LayerNorm.gamma': {...}, 'bert.encoder.layer.0.output.LayerNorm.gamma': {...}, 'bert.encoder.layer.1.attention.output.LayerNorm.gamma': {...}, 'bert.encoder.layer.1.output.LayerNorm.gamma': {...}, 'bert.encoder.layer.10.attention.output.LayerNorm.gamma': {...}, 'bert.encoder.layer.10.output.LayerNorm.gamma': {...}, 'bert.encoder.layer.11.attention.output.LayerNorm.gamma': {...}, 'bert.encoder.layer.11.output.LayerNorm.gamma': {...}, 'bert.encoder.layer.2.attention.output.LayerNorm.gamma': {...}, 'bert.encoder.layer.2.output.LayerNorm.gamma': {...}, 'bert.encoder.layer.3.attention.output.LayerNorm.gamma': {...}, 'bert.encoder.layer.3.output.LayerNorm.gamma': {...}, 'bert.encoder.layer.4.attention.output.LayerNorm.gamma': {...}, 'bert.encoder.layer.4.output.LayerNorm.gamma': {...}, 'bert.encoder.layer.5.attention.output.LayerNorm.gamma': {...}, 'bert.encoder.layer.5.output.LayerNorm.gamma': {...}, 'bert.encoder.layer.6.attention.output.LayerNorm.gamma': {...}, 'bert.encoder.layer.6.output.LayerNorm.gamma': {...}, 'bert.encoder.layer.7.attention.output.LayerNorm.gamma': {...}, 'bert.encoder.layer.7.output.LayerNorm.gamma': {...}, 'bert.encoder.layer.8.attention.output.LayerNorm.gamma': {...}, 'bert.encoder.layer.8.output.LayerNorm.gamma': {...}, 'bert.encoder.layer.9.attention.output.LayerNorm.gamma': {...}, 'bert.encoder.layer.9.output.LayerNorm.gamma': {...}, 'cls.predictions.transform.LayerNorm.gamma': {...}}`
* `bert.encoder.layer.7.attention.output.LayerNorm.gamma` -> `{'bert.embeddings.LayerNorm.gamma': 'bert.embeddings.LayerNorm.weight', 'bert.encoder.layer.0.attention.output.LayerNorm.gamma': {...}, 'bert.encoder.layer.0.output.LayerNorm.gamma': {...}, 'bert.encoder.layer.1.attention.output.LayerNorm.gamma': {...}, 'bert.encoder.layer.1.output.LayerNorm.gamma': {...}, 'bert.encoder.layer.10.attention.output.LayerNorm.gamma': {...}, 'bert.encoder.layer.10.output.LayerNorm.gamma': {...}, 'bert.encoder.layer.11.attention.output.LayerNorm.gamma': {...}, 'bert.encoder.layer.11.output.LayerNorm.gamma': {...}, 'bert.encoder.layer.2.attention.output.LayerNorm.gamma': {...}, 'bert.encoder.layer.2.output.LayerNorm.gamma': {...}, 'bert.encoder.layer.3.attention.output.LayerNorm.gamma': {...}, 'bert.encoder.layer.3.output.LayerNorm.gamma': {...}, 'bert.encoder.layer.4.attention.output.LayerNorm.gamma': {...}, 'bert.encoder.layer.4.output.LayerNorm.gamma': {...}, 'bert.encoder.layer.5.attention.output.LayerNorm.gamma': {...}, 'bert.encoder.layer.5.output.LayerNorm.gamma': {...}, 'bert.encoder.layer.6.attention.output.LayerNorm.gamma': {...}, 'bert.encoder.layer.6.output.LayerNorm.gamma': {...}, 'bert.encoder.layer.7.attention.output.LayerNorm.gamma': {...}, 'bert.encoder.layer.7.output.LayerNorm.gamma': {...}, 'bert.encoder.layer.8.attention.output.LayerNorm.gamma': {...}, 'bert.encoder.layer.8.output.LayerNorm.gamma': {...}, 'bert.encoder.layer.9.attention.output.LayerNorm.gamma': {...}, 'bert.encoder.layer.9.output.LayerNorm.gamma': {...}, 'cls.predictions.transform.LayerNorm.gamma': {...}}`
* `bert.encoder.layer.7.output.LayerNorm.gamma` -> `{'bert.embeddings.LayerNorm.gamma': 'bert.embeddings.LayerNorm.weight', 'bert.encoder.layer.0.attention.output.LayerNorm.gamma': {...}, 'bert.encoder.layer.0.output.LayerNorm.gamma': {...}, 'bert.encoder.layer.1.attention.output.LayerNorm.gamma': {...}, 'bert.encoder.layer.1.output.LayerNorm.gamma': {...}, 'bert.encoder.layer.10.attention.output.LayerNorm.gamma': {...}, 'bert.encoder.layer.10.output.LayerNorm.gamma': {...}, 'bert.encoder.layer.11.attention.output.LayerNorm.gamma': {...}, 'bert.encoder.layer.11.output.LayerNorm.gamma': {...}, 'bert.encoder.layer.2.attention.output.LayerNorm.gamma': {...}, 'bert.encoder.layer.2.output.LayerNorm.gamma': {...}, 'bert.encoder.layer.3.attention.output.LayerNorm.gamma': {...}, 'bert.encoder.layer.3.output.LayerNorm.gamma': {...}, 'bert.encoder.layer.4.attention.output.LayerNorm.gamma': {...}, 'bert.encoder.layer.4.output.LayerNorm.gamma': {...}, 'bert.encoder.layer.5.attention.output.LayerNorm.gamma': {...}, 'bert.encoder.layer.5.output.LayerNorm.gamma': {...}, 'bert.encoder.layer.6.attention.output.LayerNorm.gamma': {...}, 'bert.encoder.layer.6.output.LayerNorm.gamma': {...}, 'bert.encoder.layer.7.attention.output.LayerNorm.gamma': {...}, 'bert.encoder.layer.7.output.LayerNorm.gamma': {...}, 'bert.encoder.layer.8.attention.output.LayerNorm.gamma': {...}, 'bert.encoder.layer.8.output.LayerNorm.gamma': {...}, 'bert.encoder.layer.9.attention.output.LayerNorm.gamma': {...}, 'bert.encoder.layer.9.output.LayerNorm.gamma': {...}, 'cls.predictions.transform.LayerNorm.gamma': {...}}`
* `bert.encoder.layer.8.attention.output.LayerNorm.gamma` -> `{'bert.embeddings.LayerNorm.gamma': 'bert.embeddings.LayerNorm.weight', 'bert.encoder.layer.0.attention.output.LayerNorm.gamma': {...}, 'bert.encoder.layer.0.output.LayerNorm.gamma': {...}, 'bert.encoder.layer.1.attention.output.LayerNorm.gamma': {...}, 'bert.encoder.layer.1.output.LayerNorm.gamma': {...}, 'bert.encoder.layer.10.attention.output.LayerNorm.gamma': {...}, 'bert.encoder.layer.10.output.LayerNorm.gamma': {...}, 'bert.encoder.layer.11.attention.output.LayerNorm.gamma': {...}, 'bert.encoder.layer.11.output.LayerNorm.gamma': {...}, 'bert.encoder.layer.2.attention.output.LayerNorm.gamma': {...}, 'bert.encoder.layer.2.output.LayerNorm.gamma': {...}, 'bert.encoder.layer.3.attention.output.LayerNorm.gamma': {...}, 'bert.encoder.layer.3.output.LayerNorm.gamma': {...}, 'bert.encoder.layer.4.attention.output.LayerNorm.gamma': {...}, 'bert.encoder.layer.4.output.LayerNorm.gamma': {...}, 'bert.encoder.layer.5.attention.output.LayerNorm.gamma': {...}, 'bert.encoder.layer.5.output.LayerNorm.gamma': {...}, 'bert.encoder.layer.6.attention.output.LayerNorm.gamma': {...}, 'bert.encoder.layer.6.output.LayerNorm.gamma': {...}, 'bert.encoder.layer.7.attention.output.LayerNorm.gamma': {...}, 'bert.encoder.layer.7.output.LayerNorm.gamma': {...}, 'bert.encoder.layer.8.attention.output.LayerNorm.gamma': {...}, 'bert.encoder.layer.8.output.LayerNorm.gamma': {...}, 'bert.encoder.layer.9.attention.output.LayerNorm.gamma': {...}, 'bert.encoder.layer.9.output.LayerNorm.gamma': {...}, 'cls.predictions.transform.LayerNorm.gamma': {...}}`
* `bert.encoder.layer.8.output.LayerNorm.gamma` -> `{'bert.embeddings.LayerNorm.gamma': 'bert.embeddings.LayerNorm.weight', 'bert.encoder.layer.0.attention.output.LayerNorm.gamma': {...}, 'bert.encoder.layer.0.output.LayerNorm.gamma': {...}, 'bert.encoder.layer.1.attention.output.LayerNorm.gamma': {...}, 'bert.encoder.layer.1.output.LayerNorm.gamma': {...}, 'bert.encoder.layer.10.attention.output.LayerNorm.gamma': {...}, 'bert.encoder.layer.10.output.LayerNorm.gamma': {...}, 'bert.encoder.layer.11.attention.output.LayerNorm.gamma': {...}, 'bert.encoder.layer.11.output.LayerNorm.gamma': {...}, 'bert.encoder.layer.2.attention.output.LayerNorm.gamma': {...}, 'bert.encoder.layer.2.output.LayerNorm.gamma': {...}, 'bert.encoder.layer.3.attention.output.LayerNorm.gamma': {...}, 'bert.encoder.layer.3.output.LayerNorm.gamma': {...}, 'bert.encoder.layer.4.attention.output.LayerNorm.gamma': {...}, 'bert.encoder.layer.4.output.LayerNorm.gamma': {...}, 'bert.encoder.layer.5.attention.output.LayerNorm.gamma': {...}, 'bert.encoder.layer.5.output.LayerNorm.gamma': {...}, 'bert.encoder.layer.6.attention.output.LayerNorm.gamma': {...}, 'bert.encoder.layer.6.output.LayerNorm.gamma': {...}, 'bert.encoder.layer.7.attention.output.LayerNorm.gamma': {...}, 'bert.encoder.layer.7.output.LayerNorm.gamma': {...}, 'bert.encoder.layer.8.attention.output.LayerNorm.gamma': {...}, 'bert.encoder.layer.8.output.LayerNorm.gamma': {...}, 'bert.encoder.layer.9.attention.output.LayerNorm.gamma': {...}, 'bert.encoder.layer.9.output.LayerNorm.gamma': {...}, 'cls.predictions.transform.LayerNorm.gamma': {...}}`
* `bert.encoder.layer.9.attention.output.LayerNorm.gamma` -> `{'bert.embeddings.LayerNorm.gamma': 'bert.embeddings.LayerNorm.weight', 'bert.encoder.layer.0.attention.output.LayerNorm.gamma': {...}, 'bert.encoder.layer.0.output.LayerNorm.gamma': {...}, 'bert.encoder.layer.1.attention.output.LayerNorm.gamma': {...}, 'bert.encoder.layer.1.output.LayerNorm.gamma': {...}, 'bert.encoder.layer.10.attention.output.LayerNorm.gamma': {...}, 'bert.encoder.layer.10.output.LayerNorm.gamma': {...}, 'bert.encoder.layer.11.attention.output.LayerNorm.gamma': {...}, 'bert.encoder.layer.11.output.LayerNorm.gamma': {...}, 'bert.encoder.layer.2.attention.output.LayerNorm.gamma': {...}, 'bert.encoder.layer.2.output.LayerNorm.gamma': {...}, 'bert.encoder.layer.3.attention.output.LayerNorm.gamma': {...}, 'bert.encoder.layer.3.output.LayerNorm.gamma': {...}, 'bert.encoder.layer.4.attention.output.LayerNorm.gamma': {...}, 'bert.encoder.layer.4.output.LayerNorm.gamma': {...}, 'bert.encoder.layer.5.attention.output.LayerNorm.gamma': {...}, 'bert.encoder.layer.5.output.LayerNorm.gamma': {...}, 'bert.encoder.layer.6.attention.output.LayerNorm.gamma': {...}, 'bert.encoder.layer.6.output.LayerNorm.gamma': {...}, 'bert.encoder.layer.7.attention.output.LayerNorm.gamma': {...}, 'bert.encoder.layer.7.output.LayerNorm.gamma': {...}, 'bert.encoder.layer.8.attention.output.LayerNorm.gamma': {...}, 'bert.encoder.layer.8.output.LayerNorm.gamma': {...}, 'bert.encoder.layer.9.attention.output.LayerNorm.gamma': {...}, 'bert.encoder.layer.9.output.LayerNorm.gamma': {...}, 'cls.predictions.transform.LayerNorm.gamma': {...}}`
* `bert.encoder.layer.9.output.LayerNorm.gamma` -> `{'bert.embeddings.LayerNorm.gamma': 'bert.embeddings.LayerNorm.weight', 'bert.encoder.layer.0.attention.output.LayerNorm.gamma': {...}, 'bert.encoder.layer.0.output.LayerNorm.gamma': {...}, 'bert.encoder.layer.1.attention.output.LayerNorm.gamma': {...}, 'bert.encoder.layer.1.output.LayerNorm.gamma': {...}, 'bert.encoder.layer.10.attention.output.LayerNorm.gamma': {...}, 'bert.encoder.layer.10.output.LayerNorm.gamma': {...}, 'bert.encoder.layer.11.attention.output.LayerNorm.gamma': {...}, 'bert.encoder.layer.11.output.LayerNorm.gamma': {...}, 'bert.encoder.layer.2.attention.output.LayerNorm.gamma': {...}, 'bert.encoder.layer.2.output.LayerNorm.gamma': {...}, 'bert.encoder.layer.3.attention.output.LayerNorm.gamma': {...}, 'bert.encoder.layer.3.output.LayerNorm.gamma': {...}, 'bert.encoder.layer.4.attention.output.LayerNorm.gamma': {...}, 'bert.encoder.layer.4.output.LayerNorm.gamma': {...}, 'bert.encoder.layer.5.attention.output.LayerNorm.gamma': {...}, 'bert.encoder.layer.5.output.LayerNorm.gamma': {...}, 'bert.encoder.layer.6.attention.output.LayerNorm.gamma': {...}, 'bert.encoder.layer.6.output.LayerNorm.gamma': {...}, 'bert.encoder.layer.7.attention.output.LayerNorm.gamma': {...}, 'bert.encoder.layer.7.output.LayerNorm.gamma': {...}, 'bert.encoder.layer.8.attention.output.LayerNorm.gamma': {...}, 'bert.encoder.layer.8.output.LayerNorm.gamma': {...}, 'bert.encoder.layer.9.attention.output.LayerNorm.gamma': {...}, 'bert.encoder.layer.9.output.LayerNorm.gamma': {...}, 'cls.predictions.transform.LayerNorm.gamma': {...}}`
* `cls.predictions.transform.LayerNorm.gamma` -> `{'bert.embeddings.LayerNorm.gamma': 'bert.embeddings.LayerNorm.weight', 'bert.encoder.layer.0.attention.output.LayerNorm.gamma': {...}, 'bert.encoder.layer.0.output.LayerNorm.gamma': {...}, 'bert.encoder.layer.1.attention.output.LayerNorm.gamma': {...}, 'bert.encoder.layer.1.output.LayerNorm.gamma': {...}, 'bert.encoder.layer.10.attention.output.LayerNorm.gamma': {...}, 'bert.encoder.layer.10.output.LayerNorm.gamma': {...}, 'bert.encoder.layer.11.attention.output.LayerNorm.gamma': {...}, 'bert.encoder.layer.11.output.LayerNorm.gamma': {...}, 'bert.encoder.layer.2.attention.output.LayerNorm.gamma': {...}, 'bert.encoder.layer.2.output.LayerNorm.gamma': {...}, 'bert.encoder.layer.3.attention.output.LayerNorm.gamma': {...}, 'bert.encoder.layer.3.output.LayerNorm.gamma': {...}, 'bert.encoder.layer.4.attention.output.LayerNorm.gamma': {...}, 'bert.encoder.layer.4.output.LayerNorm.gamma': {...}, 'bert.encoder.layer.5.attention.output.LayerNorm.gamma': {...}, 'bert.encoder.layer.5.output.LayerNorm.gamma': {...}, 'bert.encoder.layer.6.attention.output.LayerNorm.gamma': {...}, 'bert.encoder.layer.6.output.LayerNorm.gamma': {...}, 'bert.encoder.layer.7.attention.output.LayerNorm.gamma': {...}, 'bert.encoder.layer.7.output.LayerNorm.gamma': {...}, 'bert.encoder.layer.8.attention.output.LayerNorm.gamma': {...}, 'bert.encoder.layer.8.output.LayerNorm.gamma': {...}, 'bert.encoder.layer.9.attention.output.LayerNorm.gamma': {...}, 'bert.encoder.layer.9.output.LayerNorm.gamma': {...}, 'cls.predictions.transform.LayerNorm.gamma': {...}}`
* `bert.embeddings.LayerNorm.beta` -> `bert.embeddings.LayerNorm.bias`
* `bert.encoder.layer.0.attention.output.LayerNorm.beta` -> `{'bert.embeddings.LayerNorm.beta': 'bert.embeddings.LayerNorm.bias', 'bert.encoder.layer.0.attention.output.LayerNorm.beta': {...}, 'bert.encoder.layer.0.output.LayerNorm.beta': {...}, 'bert.encoder.layer.1.attention.output.LayerNorm.beta': {...}, 'bert.encoder.layer.1.output.LayerNorm.beta': {...}, 'bert.encoder.layer.10.attention.output.LayerNorm.beta': {...}, 'bert.encoder.layer.10.output.LayerNorm.beta': {...}, 'bert.encoder.layer.11.attention.output.LayerNorm.beta': {...}, 'bert.encoder.layer.11.output.LayerNorm.beta': {...}, 'bert.encoder.layer.2.attention.output.LayerNorm.beta': {...}, 'bert.encoder.layer.2.output.LayerNorm.beta': {...}, 'bert.encoder.layer.3.attention.output.LayerNorm.beta': {...}, 'bert.encoder.layer.3.output.LayerNorm.beta': {...}, 'bert.encoder.layer.4.attention.output.LayerNorm.beta': {...}, 'bert.encoder.layer.4.output.LayerNorm.beta': {...}, 'bert.encoder.layer.5.attention.output.LayerNorm.beta': {...}, 'bert.encoder.layer.5.output.LayerNorm.beta': {...}, 'bert.encoder.layer.6.attention.output.LayerNorm.beta': {...}, 'bert.encoder.layer.6.output.LayerNorm.beta': {...}, 'bert.encoder.layer.7.attention.output.LayerNorm.beta': {...}, 'bert.encoder.layer.7.output.LayerNorm.beta': {...}, 'bert.encoder.layer.8.attention.output.LayerNorm.beta': {...}, 'bert.encoder.layer.8.output.LayerNorm.beta': {...}, 'bert.encoder.layer.9.attention.output.LayerNorm.beta': {...}, 'bert.encoder.layer.9.output.LayerNorm.beta': {...}, 'cls.predictions.transform.LayerNorm.beta': {...}}`
* `bert.encoder.layer.0.output.LayerNorm.beta` -> `{'bert.embeddings.LayerNorm.beta': 'bert.embeddings.LayerNorm.bias', 'bert.encoder.layer.0.attention.output.LayerNorm.beta': {...}, 'bert.encoder.layer.0.output.LayerNorm.beta': {...}, 'bert.encoder.layer.1.attention.output.LayerNorm.beta': {...}, 'bert.encoder.layer.1.output.LayerNorm.beta': {...}, 'bert.encoder.layer.10.attention.output.LayerNorm.beta': {...}, 'bert.encoder.layer.10.output.LayerNorm.beta': {...}, 'bert.encoder.layer.11.attention.output.LayerNorm.beta': {...}, 'bert.encoder.layer.11.output.LayerNorm.beta': {...}, 'bert.encoder.layer.2.attention.output.LayerNorm.beta': {...}, 'bert.encoder.layer.2.output.LayerNorm.beta': {...}, 'bert.encoder.layer.3.attention.output.LayerNorm.beta': {...}, 'bert.encoder.layer.3.output.LayerNorm.beta': {...}, 'bert.encoder.layer.4.attention.output.LayerNorm.beta': {...}, 'bert.encoder.layer.4.output.LayerNorm.beta': {...}, 'bert.encoder.layer.5.attention.output.LayerNorm.beta': {...}, 'bert.encoder.layer.5.output.LayerNorm.beta': {...}, 'bert.encoder.layer.6.attention.output.LayerNorm.beta': {...}, 'bert.encoder.layer.6.output.LayerNorm.beta': {...}, 'bert.encoder.layer.7.attention.output.LayerNorm.beta': {...}, 'bert.encoder.layer.7.output.LayerNorm.beta': {...}, 'bert.encoder.layer.8.attention.output.LayerNorm.beta': {...}, 'bert.encoder.layer.8.output.LayerNorm.beta': {...}, 'bert.encoder.layer.9.attention.output.LayerNorm.beta': {...}, 'bert.encoder.layer.9.output.LayerNorm.beta': {...}, 'cls.predictions.transform.LayerNorm.beta': {...}}`
* `bert.encoder.layer.1.attention.output.LayerNorm.beta` -> `{'bert.embeddings.LayerNorm.beta': 'bert.embeddings.LayerNorm.bias', 'bert.encoder.layer.0.attention.output.LayerNorm.beta': {...}, 'bert.encoder.layer.0.output.LayerNorm.beta': {...}, 'bert.encoder.layer.1.attention.output.LayerNorm.beta': {...}, 'bert.encoder.layer.1.output.LayerNorm.beta': {...}, 'bert.encoder.layer.10.attention.output.LayerNorm.beta': {...}, 'bert.encoder.layer.10.output.LayerNorm.beta': {...}, 'bert.encoder.layer.11.attention.output.LayerNorm.beta': {...}, 'bert.encoder.layer.11.output.LayerNorm.beta': {...}, 'bert.encoder.layer.2.attention.output.LayerNorm.beta': {...}, 'bert.encoder.layer.2.output.LayerNorm.beta': {...}, 'bert.encoder.layer.3.attention.output.LayerNorm.beta': {...}, 'bert.encoder.layer.3.output.LayerNorm.beta': {...}, 'bert.encoder.layer.4.attention.output.LayerNorm.beta': {...}, 'bert.encoder.layer.4.output.LayerNorm.beta': {...}, 'bert.encoder.layer.5.attention.output.LayerNorm.beta': {...}, 'bert.encoder.layer.5.output.LayerNorm.beta': {...}, 'bert.encoder.layer.6.attention.output.LayerNorm.beta': {...}, 'bert.encoder.layer.6.output.LayerNorm.beta': {...}, 'bert.encoder.layer.7.attention.output.LayerNorm.beta': {...}, 'bert.encoder.layer.7.output.LayerNorm.beta': {...}, 'bert.encoder.layer.8.attention.output.LayerNorm.beta': {...}, 'bert.encoder.layer.8.output.LayerNorm.beta': {...}, 'bert.encoder.layer.9.attention.output.LayerNorm.beta': {...}, 'bert.encoder.layer.9.output.LayerNorm.beta': {...}, 'cls.predictions.transform.LayerNorm.beta': {...}}`
* `bert.encoder.layer.1.output.LayerNorm.beta` -> `{'bert.embeddings.LayerNorm.beta': 'bert.embeddings.LayerNorm.bias', 'bert.encoder.layer.0.attention.output.LayerNorm.beta': {...}, 'bert.encoder.layer.0.output.LayerNorm.beta': {...}, 'bert.encoder.layer.1.attention.output.LayerNorm.beta': {...}, 'bert.encoder.layer.1.output.LayerNorm.beta': {...}, 'bert.encoder.layer.10.attention.output.LayerNorm.beta': {...}, 'bert.encoder.layer.10.output.LayerNorm.beta': {...}, 'bert.encoder.layer.11.attention.output.LayerNorm.beta': {...}, 'bert.encoder.layer.11.output.LayerNorm.beta': {...}, 'bert.encoder.layer.2.attention.output.LayerNorm.beta': {...}, 'bert.encoder.layer.2.output.LayerNorm.beta': {...}, 'bert.encoder.layer.3.attention.output.LayerNorm.beta': {...}, 'bert.encoder.layer.3.output.LayerNorm.beta': {...}, 'bert.encoder.layer.4.attention.output.LayerNorm.beta': {...}, 'bert.encoder.layer.4.output.LayerNorm.beta': {...}, 'bert.encoder.layer.5.attention.output.LayerNorm.beta': {...}, 'bert.encoder.layer.5.output.LayerNorm.beta': {...}, 'bert.encoder.layer.6.attention.output.LayerNorm.beta': {...}, 'bert.encoder.layer.6.output.LayerNorm.beta': {...}, 'bert.encoder.layer.7.attention.output.LayerNorm.beta': {...}, 'bert.encoder.layer.7.output.LayerNorm.beta': {...}, 'bert.encoder.layer.8.attention.output.LayerNorm.beta': {...}, 'bert.encoder.layer.8.output.LayerNorm.beta': {...}, 'bert.encoder.layer.9.attention.output.LayerNorm.beta': {...}, 'bert.encoder.layer.9.output.LayerNorm.beta': {...}, 'cls.predictions.transform.LayerNorm.beta': {...}}`
* `bert.encoder.layer.10.attention.output.LayerNorm.beta` -> `{'bert.embeddings.LayerNorm.beta': 'bert.embeddings.LayerNorm.bias', 'bert.encoder.layer.0.attention.output.LayerNorm.beta': {...}, 'bert.encoder.layer.0.output.LayerNorm.beta': {...}, 'bert.encoder.layer.1.attention.output.LayerNorm.beta': {...}, 'bert.encoder.layer.1.output.LayerNorm.beta': {...}, 'bert.encoder.layer.10.attention.output.LayerNorm.beta': {...}, 'bert.encoder.layer.10.output.LayerNorm.beta': {...}, 'bert.encoder.layer.11.attention.output.LayerNorm.beta': {...}, 'bert.encoder.layer.11.output.LayerNorm.beta': {...}, 'bert.encoder.layer.2.attention.output.LayerNorm.beta': {...}, 'bert.encoder.layer.2.output.LayerNorm.beta': {...}, 'bert.encoder.layer.3.attention.output.LayerNorm.beta': {...}, 'bert.encoder.layer.3.output.LayerNorm.beta': {...}, 'bert.encoder.layer.4.attention.output.LayerNorm.beta': {...}, 'bert.encoder.layer.4.output.LayerNorm.beta': {...}, 'bert.encoder.layer.5.attention.output.LayerNorm.beta': {...}, 'bert.encoder.layer.5.output.LayerNorm.beta': {...}, 'bert.encoder.layer.6.attention.output.LayerNorm.beta': {...}, 'bert.encoder.layer.6.output.LayerNorm.beta': {...}, 'bert.encoder.layer.7.attention.output.LayerNorm.beta': {...}, 'bert.encoder.layer.7.output.LayerNorm.beta': {...}, 'bert.encoder.layer.8.attention.output.LayerNorm.beta': {...}, 'bert.encoder.layer.8.output.LayerNorm.beta': {...}, 'bert.encoder.layer.9.attention.output.LayerNorm.beta': {...}, 'bert.encoder.layer.9.output.LayerNorm.beta': {...}, 'cls.predictions.transform.LayerNorm.beta': {...}}`
* `bert.encoder.layer.10.output.LayerNorm.beta` -> `{'bert.embeddings.LayerNorm.beta': 'bert.embeddings.LayerNorm.bias', 'bert.encoder.layer.0.attention.output.LayerNorm.beta': {...}, 'bert.encoder.layer.0.output.LayerNorm.beta': {...}, 'bert.encoder.layer.1.attention.output.LayerNorm.beta': {...}, 'bert.encoder.layer.1.output.LayerNorm.beta': {...}, 'bert.encoder.layer.10.attention.output.LayerNorm.beta': {...}, 'bert.encoder.layer.10.output.LayerNorm.beta': {...}, 'bert.encoder.layer.11.attention.output.LayerNorm.beta': {...}, 'bert.encoder.layer.11.output.LayerNorm.beta': {...}, 'bert.encoder.layer.2.attention.output.LayerNorm.beta': {...}, 'bert.encoder.layer.2.output.LayerNorm.beta': {...}, 'bert.encoder.layer.3.attention.output.LayerNorm.beta': {...}, 'bert.encoder.layer.3.output.LayerNorm.beta': {...}, 'bert.encoder.layer.4.attention.output.LayerNorm.beta': {...}, 'bert.encoder.layer.4.output.LayerNorm.beta': {...}, 'bert.encoder.layer.5.attention.output.LayerNorm.beta': {...}, 'bert.encoder.layer.5.output.LayerNorm.beta': {...}, 'bert.encoder.layer.6.attention.output.LayerNorm.beta': {...}, 'bert.encoder.layer.6.output.LayerNorm.beta': {...}, 'bert.encoder.layer.7.attention.output.LayerNorm.beta': {...}, 'bert.encoder.layer.7.output.LayerNorm.beta': {...}, 'bert.encoder.layer.8.attention.output.LayerNorm.beta': {...}, 'bert.encoder.layer.8.output.LayerNorm.beta': {...}, 'bert.encoder.layer.9.attention.output.LayerNorm.beta': {...}, 'bert.encoder.layer.9.output.LayerNorm.beta': {...}, 'cls.predictions.transform.LayerNorm.beta': {...}}`
* `bert.encoder.layer.11.attention.output.LayerNorm.beta` -> `{'bert.embeddings.LayerNorm.beta': 'bert.embeddings.LayerNorm.bias', 'bert.encoder.layer.0.attention.output.LayerNorm.beta': {...}, 'bert.encoder.layer.0.output.LayerNorm.beta': {...}, 'bert.encoder.layer.1.attention.output.LayerNorm.beta': {...}, 'bert.encoder.layer.1.output.LayerNorm.beta': {...}, 'bert.encoder.layer.10.attention.output.LayerNorm.beta': {...}, 'bert.encoder.layer.10.output.LayerNorm.beta': {...}, 'bert.encoder.layer.11.attention.output.LayerNorm.beta': {...}, 'bert.encoder.layer.11.output.LayerNorm.beta': {...}, 'bert.encoder.layer.2.attention.output.LayerNorm.beta': {...}, 'bert.encoder.layer.2.output.LayerNorm.beta': {...}, 'bert.encoder.layer.3.attention.output.LayerNorm.beta': {...}, 'bert.encoder.layer.3.output.LayerNorm.beta': {...}, 'bert.encoder.layer.4.attention.output.LayerNorm.beta': {...}, 'bert.encoder.layer.4.output.LayerNorm.beta': {...}, 'bert.encoder.layer.5.attention.output.LayerNorm.beta': {...}, 'bert.encoder.layer.5.output.LayerNorm.beta': {...}, 'bert.encoder.layer.6.attention.output.LayerNorm.beta': {...}, 'bert.encoder.layer.6.output.LayerNorm.beta': {...}, 'bert.encoder.layer.7.attention.output.LayerNorm.beta': {...}, 'bert.encoder.layer.7.output.LayerNorm.beta': {...}, 'bert.encoder.layer.8.attention.output.LayerNorm.beta': {...}, 'bert.encoder.layer.8.output.LayerNorm.beta': {...}, 'bert.encoder.layer.9.attention.output.LayerNorm.beta': {...}, 'bert.encoder.layer.9.output.LayerNorm.beta': {...}, 'cls.predictions.transform.LayerNorm.beta': {...}}`
* `bert.encoder.layer.11.output.LayerNorm.beta` -> `{'bert.embeddings.LayerNorm.beta': 'bert.embeddings.LayerNorm.bias', 'bert.encoder.layer.0.attention.output.LayerNorm.beta': {...}, 'bert.encoder.layer.0.output.LayerNorm.beta': {...}, 'bert.encoder.layer.1.attention.output.LayerNorm.beta': {...}, 'bert.encoder.layer.1.output.LayerNorm.beta': {...}, 'bert.encoder.layer.10.attention.output.LayerNorm.beta': {...}, 'bert.encoder.layer.10.output.LayerNorm.beta': {...}, 'bert.encoder.layer.11.attention.output.LayerNorm.beta': {...}, 'bert.encoder.layer.11.output.LayerNorm.beta': {...}, 'bert.encoder.layer.2.attention.output.LayerNorm.beta': {...}, 'bert.encoder.layer.2.output.LayerNorm.beta': {...}, 'bert.encoder.layer.3.attention.output.LayerNorm.beta': {...}, 'bert.encoder.layer.3.output.LayerNorm.beta': {...}, 'bert.encoder.layer.4.attention.output.LayerNorm.beta': {...}, 'bert.encoder.layer.4.output.LayerNorm.beta': {...}, 'bert.encoder.layer.5.attention.output.LayerNorm.beta': {...}, 'bert.encoder.layer.5.output.LayerNorm.beta': {...}, 'bert.encoder.layer.6.attention.output.LayerNorm.beta': {...}, 'bert.encoder.layer.6.output.LayerNorm.beta': {...}, 'bert.encoder.layer.7.attention.output.LayerNorm.beta': {...}, 'bert.encoder.layer.7.output.LayerNorm.beta': {...}, 'bert.encoder.layer.8.attention.output.LayerNorm.beta': {...}, 'bert.encoder.layer.8.output.LayerNorm.beta': {...}, 'bert.encoder.layer.9.attention.output.LayerNorm.beta': {...}, 'bert.encoder.layer.9.output.LayerNorm.beta': {...}, 'cls.predictions.transform.LayerNorm.beta': {...}}`
* `bert.encoder.layer.2.attention.output.LayerNorm.beta` -> `{'bert.embeddings.LayerNorm.beta': 'bert.embeddings.LayerNorm.bias', 'bert.encoder.layer.0.attention.output.LayerNorm.beta': {...}, 'bert.encoder.layer.0.output.LayerNorm.beta': {...}, 'bert.encoder.layer.1.attention.output.LayerNorm.beta': {...}, 'bert.encoder.layer.1.output.LayerNorm.beta': {...}, 'bert.encoder.layer.10.attention.output.LayerNorm.beta': {...}, 'bert.encoder.layer.10.output.LayerNorm.beta': {...}, 'bert.encoder.layer.11.attention.output.LayerNorm.beta': {...}, 'bert.encoder.layer.11.output.LayerNorm.beta': {...}, 'bert.encoder.layer.2.attention.output.LayerNorm.beta': {...}, 'bert.encoder.layer.2.output.LayerNorm.beta': {...}, 'bert.encoder.layer.3.attention.output.LayerNorm.beta': {...}, 'bert.encoder.layer.3.output.LayerNorm.beta': {...}, 'bert.encoder.layer.4.attention.output.LayerNorm.beta': {...}, 'bert.encoder.layer.4.output.LayerNorm.beta': {...}, 'bert.encoder.layer.5.attention.output.LayerNorm.beta': {...}, 'bert.encoder.layer.5.output.LayerNorm.beta': {...}, 'bert.encoder.layer.6.attention.output.LayerNorm.beta': {...}, 'bert.encoder.layer.6.output.LayerNorm.beta': {...}, 'bert.encoder.layer.7.attention.output.LayerNorm.beta': {...}, 'bert.encoder.layer.7.output.LayerNorm.beta': {...}, 'bert.encoder.layer.8.attention.output.LayerNorm.beta': {...}, 'bert.encoder.layer.8.output.LayerNorm.beta': {...}, 'bert.encoder.layer.9.attention.output.LayerNorm.beta': {...}, 'bert.encoder.layer.9.output.LayerNorm.beta': {...}, 'cls.predictions.transform.LayerNorm.beta': {...}}`
* `bert.encoder.layer.2.output.LayerNorm.beta` -> `{'bert.embeddings.LayerNorm.beta': 'bert.embeddings.LayerNorm.bias', 'bert.encoder.layer.0.attention.output.LayerNorm.beta': {...}, 'bert.encoder.layer.0.output.LayerNorm.beta': {...}, 'bert.encoder.layer.1.attention.output.LayerNorm.beta': {...}, 'bert.encoder.layer.1.output.LayerNorm.beta': {...}, 'bert.encoder.layer.10.attention.output.LayerNorm.beta': {...}, 'bert.encoder.layer.10.output.LayerNorm.beta': {...}, 'bert.encoder.layer.11.attention.output.LayerNorm.beta': {...}, 'bert.encoder.layer.11.output.LayerNorm.beta': {...}, 'bert.encoder.layer.2.attention.output.LayerNorm.beta': {...}, 'bert.encoder.layer.2.output.LayerNorm.beta': {...}, 'bert.encoder.layer.3.attention.output.LayerNorm.beta': {...}, 'bert.encoder.layer.3.output.LayerNorm.beta': {...}, 'bert.encoder.layer.4.attention.output.LayerNorm.beta': {...}, 'bert.encoder.layer.4.output.LayerNorm.beta': {...}, 'bert.encoder.layer.5.attention.output.LayerNorm.beta': {...}, 'bert.encoder.layer.5.output.LayerNorm.beta': {...}, 'bert.encoder.layer.6.attention.output.LayerNorm.beta': {...}, 'bert.encoder.layer.6.output.LayerNorm.beta': {...}, 'bert.encoder.layer.7.attention.output.LayerNorm.beta': {...}, 'bert.encoder.layer.7.output.LayerNorm.beta': {...}, 'bert.encoder.layer.8.attention.output.LayerNorm.beta': {...}, 'bert.encoder.layer.8.output.LayerNorm.beta': {...}, 'bert.encoder.layer.9.attention.output.LayerNorm.beta': {...}, 'bert.encoder.layer.9.output.LayerNorm.beta': {...}, 'cls.predictions.transform.LayerNorm.beta': {...}}`
* `bert.encoder.layer.3.attention.output.LayerNorm.beta` -> `{'bert.embeddings.LayerNorm.beta': 'bert.embeddings.LayerNorm.bias', 'bert.encoder.layer.0.attention.output.LayerNorm.beta': {...}, 'bert.encoder.layer.0.output.LayerNorm.beta': {...}, 'bert.encoder.layer.1.attention.output.LayerNorm.beta': {...}, 'bert.encoder.layer.1.output.LayerNorm.beta': {...}, 'bert.encoder.layer.10.attention.output.LayerNorm.beta': {...}, 'bert.encoder.layer.10.output.LayerNorm.beta': {...}, 'bert.encoder.layer.11.attention.output.LayerNorm.beta': {...}, 'bert.encoder.layer.11.output.LayerNorm.beta': {...}, 'bert.encoder.layer.2.attention.output.LayerNorm.beta': {...}, 'bert.encoder.layer.2.output.LayerNorm.beta': {...}, 'bert.encoder.layer.3.attention.output.LayerNorm.beta': {...}, 'bert.encoder.layer.3.output.LayerNorm.beta': {...}, 'bert.encoder.layer.4.attention.output.LayerNorm.beta': {...}, 'bert.encoder.layer.4.output.LayerNorm.beta': {...}, 'bert.encoder.layer.5.attention.output.LayerNorm.beta': {...}, 'bert.encoder.layer.5.output.LayerNorm.beta': {...}, 'bert.encoder.layer.6.attention.output.LayerNorm.beta': {...}, 'bert.encoder.layer.6.output.LayerNorm.beta': {...}, 'bert.encoder.layer.7.attention.output.LayerNorm.beta': {...}, 'bert.encoder.layer.7.output.LayerNorm.beta': {...}, 'bert.encoder.layer.8.attention.output.LayerNorm.beta': {...}, 'bert.encoder.layer.8.output.LayerNorm.beta': {...}, 'bert.encoder.layer.9.attention.output.LayerNorm.beta': {...}, 'bert.encoder.layer.9.output.LayerNorm.beta': {...}, 'cls.predictions.transform.LayerNorm.beta': {...}}`
* `bert.encoder.layer.3.output.LayerNorm.beta` -> `{'bert.embeddings.LayerNorm.beta': 'bert.embeddings.LayerNorm.bias', 'bert.encoder.layer.0.attention.output.LayerNorm.beta': {...}, 'bert.encoder.layer.0.output.LayerNorm.beta': {...}, 'bert.encoder.layer.1.attention.output.LayerNorm.beta': {...}, 'bert.encoder.layer.1.output.LayerNorm.beta': {...}, 'bert.encoder.layer.10.attention.output.LayerNorm.beta': {...}, 'bert.encoder.layer.10.output.LayerNorm.beta': {...}, 'bert.encoder.layer.11.attention.output.LayerNorm.beta': {...}, 'bert.encoder.layer.11.output.LayerNorm.beta': {...}, 'bert.encoder.layer.2.attention.output.LayerNorm.beta': {...}, 'bert.encoder.layer.2.output.LayerNorm.beta': {...}, 'bert.encoder.layer.3.attention.output.LayerNorm.beta': {...}, 'bert.encoder.layer.3.output.LayerNorm.beta': {...}, 'bert.encoder.layer.4.attention.output.LayerNorm.beta': {...}, 'bert.encoder.layer.4.output.LayerNorm.beta': {...}, 'bert.encoder.layer.5.attention.output.LayerNorm.beta': {...}, 'bert.encoder.layer.5.output.LayerNorm.beta': {...}, 'bert.encoder.layer.6.attention.output.LayerNorm.beta': {...}, 'bert.encoder.layer.6.output.LayerNorm.beta': {...}, 'bert.encoder.layer.7.attention.output.LayerNorm.beta': {...}, 'bert.encoder.layer.7.output.LayerNorm.beta': {...}, 'bert.encoder.layer.8.attention.output.LayerNorm.beta': {...}, 'bert.encoder.layer.8.output.LayerNorm.beta': {...}, 'bert.encoder.layer.9.attention.output.LayerNorm.beta': {...}, 'bert.encoder.layer.9.output.LayerNorm.beta': {...}, 'cls.predictions.transform.LayerNorm.beta': {...}}`
* `bert.encoder.layer.4.attention.output.LayerNorm.beta` -> `{'bert.embeddings.LayerNorm.beta': 'bert.embeddings.LayerNorm.bias', 'bert.encoder.layer.0.attention.output.LayerNorm.beta': {...}, 'bert.encoder.layer.0.output.LayerNorm.beta': {...}, 'bert.encoder.layer.1.attention.output.LayerNorm.beta': {...}, 'bert.encoder.layer.1.output.LayerNorm.beta': {...}, 'bert.encoder.layer.10.attention.output.LayerNorm.beta': {...}, 'bert.encoder.layer.10.output.LayerNorm.beta': {...}, 'bert.encoder.layer.11.attention.output.LayerNorm.beta': {...}, 'bert.encoder.layer.11.output.LayerNorm.beta': {...}, 'bert.encoder.layer.2.attention.output.LayerNorm.beta': {...}, 'bert.encoder.layer.2.output.LayerNorm.beta': {...}, 'bert.encoder.layer.3.attention.output.LayerNorm.beta': {...}, 'bert.encoder.layer.3.output.LayerNorm.beta': {...}, 'bert.encoder.layer.4.attention.output.LayerNorm.beta': {...}, 'bert.encoder.layer.4.output.LayerNorm.beta': {...}, 'bert.encoder.layer.5.attention.output.LayerNorm.beta': {...}, 'bert.encoder.layer.5.output.LayerNorm.beta': {...}, 'bert.encoder.layer.6.attention.output.LayerNorm.beta': {...}, 'bert.encoder.layer.6.output.LayerNorm.beta': {...}, 'bert.encoder.layer.7.attention.output.LayerNorm.beta': {...}, 'bert.encoder.layer.7.output.LayerNorm.beta': {...}, 'bert.encoder.layer.8.attention.output.LayerNorm.beta': {...}, 'bert.encoder.layer.8.output.LayerNorm.beta': {...}, 'bert.encoder.layer.9.attention.output.LayerNorm.beta': {...}, 'bert.encoder.layer.9.output.LayerNorm.beta': {...}, 'cls.predictions.transform.LayerNorm.beta': {...}}`
* `bert.encoder.layer.4.output.LayerNorm.beta` -> `{'bert.embeddings.LayerNorm.beta': 'bert.embeddings.LayerNorm.bias', 'bert.encoder.layer.0.attention.output.LayerNorm.beta': {...}, 'bert.encoder.layer.0.output.LayerNorm.beta': {...}, 'bert.encoder.layer.1.attention.output.LayerNorm.beta': {...}, 'bert.encoder.layer.1.output.LayerNorm.beta': {...}, 'bert.encoder.layer.10.attention.output.LayerNorm.beta': {...}, 'bert.encoder.layer.10.output.LayerNorm.beta': {...}, 'bert.encoder.layer.11.attention.output.LayerNorm.beta': {...}, 'bert.encoder.layer.11.output.LayerNorm.beta': {...}, 'bert.encoder.layer.2.attention.output.LayerNorm.beta': {...}, 'bert.encoder.layer.2.output.LayerNorm.beta': {...}, 'bert.encoder.layer.3.attention.output.LayerNorm.beta': {...}, 'bert.encoder.layer.3.output.LayerNorm.beta': {...}, 'bert.encoder.layer.4.attention.output.LayerNorm.beta': {...}, 'bert.encoder.layer.4.output.LayerNorm.beta': {...}, 'bert.encoder.layer.5.attention.output.LayerNorm.beta': {...}, 'bert.encoder.layer.5.output.LayerNorm.beta': {...}, 'bert.encoder.layer.6.attention.output.LayerNorm.beta': {...}, 'bert.encoder.layer.6.output.LayerNorm.beta': {...}, 'bert.encoder.layer.7.attention.output.LayerNorm.beta': {...}, 'bert.encoder.layer.7.output.LayerNorm.beta': {...}, 'bert.encoder.layer.8.attention.output.LayerNorm.beta': {...}, 'bert.encoder.layer.8.output.LayerNorm.beta': {...}, 'bert.encoder.layer.9.attention.output.LayerNorm.beta': {...}, 'bert.encoder.layer.9.output.LayerNorm.beta': {...}, 'cls.predictions.transform.LayerNorm.beta': {...}}`
* `bert.encoder.layer.5.attention.output.LayerNorm.beta` -> `{'bert.embeddings.LayerNorm.beta': 'bert.embeddings.LayerNorm.bias', 'bert.encoder.layer.0.attention.output.LayerNorm.beta': {...}, 'bert.encoder.layer.0.output.LayerNorm.beta': {...}, 'bert.encoder.layer.1.attention.output.LayerNorm.beta': {...}, 'bert.encoder.layer.1.output.LayerNorm.beta': {...}, 'bert.encoder.layer.10.attention.output.LayerNorm.beta': {...}, 'bert.encoder.layer.10.output.LayerNorm.beta': {...}, 'bert.encoder.layer.11.attention.output.LayerNorm.beta': {...}, 'bert.encoder.layer.11.output.LayerNorm.beta': {...}, 'bert.encoder.layer.2.attention.output.LayerNorm.beta': {...}, 'bert.encoder.layer.2.output.LayerNorm.beta': {...}, 'bert.encoder.layer.3.attention.output.LayerNorm.beta': {...}, 'bert.encoder.layer.3.output.LayerNorm.beta': {...}, 'bert.encoder.layer.4.attention.output.LayerNorm.beta': {...}, 'bert.encoder.layer.4.output.LayerNorm.beta': {...}, 'bert.encoder.layer.5.attention.output.LayerNorm.beta': {...}, 'bert.encoder.layer.5.output.LayerNorm.beta': {...}, 'bert.encoder.layer.6.attention.output.LayerNorm.beta': {...}, 'bert.encoder.layer.6.output.LayerNorm.beta': {...}, 'bert.encoder.layer.7.attention.output.LayerNorm.beta': {...}, 'bert.encoder.layer.7.output.LayerNorm.beta': {...}, 'bert.encoder.layer.8.attention.output.LayerNorm.beta': {...}, 'bert.encoder.layer.8.output.LayerNorm.beta': {...}, 'bert.encoder.layer.9.attention.output.LayerNorm.beta': {...}, 'bert.encoder.layer.9.output.LayerNorm.beta': {...}, 'cls.predictions.transform.LayerNorm.beta': {...}}`
* `bert.encoder.layer.5.output.LayerNorm.beta` -> `{'bert.embeddings.LayerNorm.beta': 'bert.embeddings.LayerNorm.bias', 'bert.encoder.layer.0.attention.output.LayerNorm.beta': {...}, 'bert.encoder.layer.0.output.LayerNorm.beta': {...}, 'bert.encoder.layer.1.attention.output.LayerNorm.beta': {...}, 'bert.encoder.layer.1.output.LayerNorm.beta': {...}, 'bert.encoder.layer.10.attention.output.LayerNorm.beta': {...}, 'bert.encoder.layer.10.output.LayerNorm.beta': {...}, 'bert.encoder.layer.11.attention.output.LayerNorm.beta': {...}, 'bert.encoder.layer.11.output.LayerNorm.beta': {...}, 'bert.encoder.layer.2.attention.output.LayerNorm.beta': {...}, 'bert.encoder.layer.2.output.LayerNorm.beta': {...}, 'bert.encoder.layer.3.attention.output.LayerNorm.beta': {...}, 'bert.encoder.layer.3.output.LayerNorm.beta': {...}, 'bert.encoder.layer.4.attention.output.LayerNorm.beta': {...}, 'bert.encoder.layer.4.output.LayerNorm.beta': {...}, 'bert.encoder.layer.5.attention.output.LayerNorm.beta': {...}, 'bert.encoder.layer.5.output.LayerNorm.beta': {...}, 'bert.encoder.layer.6.attention.output.LayerNorm.beta': {...}, 'bert.encoder.layer.6.output.LayerNorm.beta': {...}, 'bert.encoder.layer.7.attention.output.LayerNorm.beta': {...}, 'bert.encoder.layer.7.output.LayerNorm.beta': {...}, 'bert.encoder.layer.8.attention.output.LayerNorm.beta': {...}, 'bert.encoder.layer.8.output.LayerNorm.beta': {...}, 'bert.encoder.layer.9.attention.output.LayerNorm.beta': {...}, 'bert.encoder.layer.9.output.LayerNorm.beta': {...}, 'cls.predictions.transform.LayerNorm.beta': {...}}`
* `bert.encoder.layer.6.attention.output.LayerNorm.beta` -> `{'bert.embeddings.LayerNorm.beta': 'bert.embeddings.LayerNorm.bias', 'bert.encoder.layer.0.attention.output.LayerNorm.beta': {...}, 'bert.encoder.layer.0.output.LayerNorm.beta': {...}, 'bert.encoder.layer.1.attention.output.LayerNorm.beta': {...}, 'bert.encoder.layer.1.output.LayerNorm.beta': {...}, 'bert.encoder.layer.10.attention.output.LayerNorm.beta': {...}, 'bert.encoder.layer.10.output.LayerNorm.beta': {...}, 'bert.encoder.layer.11.attention.output.LayerNorm.beta': {...}, 'bert.encoder.layer.11.output.LayerNorm.beta': {...}, 'bert.encoder.layer.2.attention.output.LayerNorm.beta': {...}, 'bert.encoder.layer.2.output.LayerNorm.beta': {...}, 'bert.encoder.layer.3.attention.output.LayerNorm.beta': {...}, 'bert.encoder.layer.3.output.LayerNorm.beta': {...}, 'bert.encoder.layer.4.attention.output.LayerNorm.beta': {...}, 'bert.encoder.layer.4.output.LayerNorm.beta': {...}, 'bert.encoder.layer.5.attention.output.LayerNorm.beta': {...}, 'bert.encoder.layer.5.output.LayerNorm.beta': {...}, 'bert.encoder.layer.6.attention.output.LayerNorm.beta': {...}, 'bert.encoder.layer.6.output.LayerNorm.beta': {...}, 'bert.encoder.layer.7.attention.output.LayerNorm.beta': {...}, 'bert.encoder.layer.7.output.LayerNorm.beta': {...}, 'bert.encoder.layer.8.attention.output.LayerNorm.beta': {...}, 'bert.encoder.layer.8.output.LayerNorm.beta': {...}, 'bert.encoder.layer.9.attention.output.LayerNorm.beta': {...}, 'bert.encoder.layer.9.output.LayerNorm.beta': {...}, 'cls.predictions.transform.LayerNorm.beta': {...}}`
* `bert.encoder.layer.6.output.LayerNorm.beta` -> `{'bert.embeddings.LayerNorm.beta': 'bert.embeddings.LayerNorm.bias', 'bert.encoder.layer.0.attention.output.LayerNorm.beta': {...}, 'bert.encoder.layer.0.output.LayerNorm.beta': {...}, 'bert.encoder.layer.1.attention.output.LayerNorm.beta': {...}, 'bert.encoder.layer.1.output.LayerNorm.beta': {...}, 'bert.encoder.layer.10.attention.output.LayerNorm.beta': {...}, 'bert.encoder.layer.10.output.LayerNorm.beta': {...}, 'bert.encoder.layer.11.attention.output.LayerNorm.beta': {...}, 'bert.encoder.layer.11.output.LayerNorm.beta': {...}, 'bert.encoder.layer.2.attention.output.LayerNorm.beta': {...}, 'bert.encoder.layer.2.output.LayerNorm.beta': {...}, 'bert.encoder.layer.3.attention.output.LayerNorm.beta': {...}, 'bert.encoder.layer.3.output.LayerNorm.beta': {...}, 'bert.encoder.layer.4.attention.output.LayerNorm.beta': {...}, 'bert.encoder.layer.4.output.LayerNorm.beta': {...}, 'bert.encoder.layer.5.attention.output.LayerNorm.beta': {...}, 'bert.encoder.layer.5.output.LayerNorm.beta': {...}, 'bert.encoder.layer.6.attention.output.LayerNorm.beta': {...}, 'bert.encoder.layer.6.output.LayerNorm.beta': {...}, 'bert.encoder.layer.7.attention.output.LayerNorm.beta': {...}, 'bert.encoder.layer.7.output.LayerNorm.beta': {...}, 'bert.encoder.layer.8.attention.output.LayerNorm.beta': {...}, 'bert.encoder.layer.8.output.LayerNorm.beta': {...}, 'bert.encoder.layer.9.attention.output.LayerNorm.beta': {...}, 'bert.encoder.layer.9.output.LayerNorm.beta': {...}, 'cls.predictions.transform.LayerNorm.beta': {...}}`
* `bert.encoder.layer.7.attention.output.LayerNorm.beta` -> `{'bert.embeddings.LayerNorm.beta': 'bert.embeddings.LayerNorm.bias', 'bert.encoder.layer.0.attention.output.LayerNorm.beta': {...}, 'bert.encoder.layer.0.output.LayerNorm.beta': {...}, 'bert.encoder.layer.1.attention.output.LayerNorm.beta': {...}, 'bert.encoder.layer.1.output.LayerNorm.beta': {...}, 'bert.encoder.layer.10.attention.output.LayerNorm.beta': {...}, 'bert.encoder.layer.10.output.LayerNorm.beta': {...}, 'bert.encoder.layer.11.attention.output.LayerNorm.beta': {...}, 'bert.encoder.layer.11.output.LayerNorm.beta': {...}, 'bert.encoder.layer.2.attention.output.LayerNorm.beta': {...}, 'bert.encoder.layer.2.output.LayerNorm.beta': {...}, 'bert.encoder.layer.3.attention.output.LayerNorm.beta': {...}, 'bert.encoder.layer.3.output.LayerNorm.beta': {...}, 'bert.encoder.layer.4.attention.output.LayerNorm.beta': {...}, 'bert.encoder.layer.4.output.LayerNorm.beta': {...}, 'bert.encoder.layer.5.attention.output.LayerNorm.beta': {...}, 'bert.encoder.layer.5.output.LayerNorm.beta': {...}, 'bert.encoder.layer.6.attention.output.LayerNorm.beta': {...}, 'bert.encoder.layer.6.output.LayerNorm.beta': {...}, 'bert.encoder.layer.7.attention.output.LayerNorm.beta': {...}, 'bert.encoder.layer.7.output.LayerNorm.beta': {...}, 'bert.encoder.layer.8.attention.output.LayerNorm.beta': {...}, 'bert.encoder.layer.8.output.LayerNorm.beta': {...}, 'bert.encoder.layer.9.attention.output.LayerNorm.beta': {...}, 'bert.encoder.layer.9.output.LayerNorm.beta': {...}, 'cls.predictions.transform.LayerNorm.beta': {...}}`
* `bert.encoder.layer.7.output.LayerNorm.beta` -> `{'bert.embeddings.LayerNorm.beta': 'bert.embeddings.LayerNorm.bias', 'bert.encoder.layer.0.attention.output.LayerNorm.beta': {...}, 'bert.encoder.layer.0.output.LayerNorm.beta': {...}, 'bert.encoder.layer.1.attention.output.LayerNorm.beta': {...}, 'bert.encoder.layer.1.output.LayerNorm.beta': {...}, 'bert.encoder.layer.10.attention.output.LayerNorm.beta': {...}, 'bert.encoder.layer.10.output.LayerNorm.beta': {...}, 'bert.encoder.layer.11.attention.output.LayerNorm.beta': {...}, 'bert.encoder.layer.11.output.LayerNorm.beta': {...}, 'bert.encoder.layer.2.attention.output.LayerNorm.beta': {...}, 'bert.encoder.layer.2.output.LayerNorm.beta': {...}, 'bert.encoder.layer.3.attention.output.LayerNorm.beta': {...}, 'bert.encoder.layer.3.output.LayerNorm.beta': {...}, 'bert.encoder.layer.4.attention.output.LayerNorm.beta': {...}, 'bert.encoder.layer.4.output.LayerNorm.beta': {...}, 'bert.encoder.layer.5.attention.output.LayerNorm.beta': {...}, 'bert.encoder.layer.5.output.LayerNorm.beta': {...}, 'bert.encoder.layer.6.attention.output.LayerNorm.beta': {...}, 'bert.encoder.layer.6.output.LayerNorm.beta': {...}, 'bert.encoder.layer.7.attention.output.LayerNorm.beta': {...}, 'bert.encoder.layer.7.output.LayerNorm.beta': {...}, 'bert.encoder.layer.8.attention.output.LayerNorm.beta': {...}, 'bert.encoder.layer.8.output.LayerNorm.beta': {...}, 'bert.encoder.layer.9.attention.output.LayerNorm.beta': {...}, 'bert.encoder.layer.9.output.LayerNorm.beta': {...}, 'cls.predictions.transform.LayerNorm.beta': {...}}`
* `bert.encoder.layer.8.attention.output.LayerNorm.beta` -> `{'bert.embeddings.LayerNorm.beta': 'bert.embeddings.LayerNorm.bias', 'bert.encoder.layer.0.attention.output.LayerNorm.beta': {...}, 'bert.encoder.layer.0.output.LayerNorm.beta': {...}, 'bert.encoder.layer.1.attention.output.LayerNorm.beta': {...}, 'bert.encoder.layer.1.output.LayerNorm.beta': {...}, 'bert.encoder.layer.10.attention.output.LayerNorm.beta': {...}, 'bert.encoder.layer.10.output.LayerNorm.beta': {...}, 'bert.encoder.layer.11.attention.output.LayerNorm.beta': {...}, 'bert.encoder.layer.11.output.LayerNorm.beta': {...}, 'bert.encoder.layer.2.attention.output.LayerNorm.beta': {...}, 'bert.encoder.layer.2.output.LayerNorm.beta': {...}, 'bert.encoder.layer.3.attention.output.LayerNorm.beta': {...}, 'bert.encoder.layer.3.output.LayerNorm.beta': {...}, 'bert.encoder.layer.4.attention.output.LayerNorm.beta': {...}, 'bert.encoder.layer.4.output.LayerNorm.beta': {...}, 'bert.encoder.layer.5.attention.output.LayerNorm.beta': {...}, 'bert.encoder.layer.5.output.LayerNorm.beta': {...}, 'bert.encoder.layer.6.attention.output.LayerNorm.beta': {...}, 'bert.encoder.layer.6.output.LayerNorm.beta': {...}, 'bert.encoder.layer.7.attention.output.LayerNorm.beta': {...}, 'bert.encoder.layer.7.output.LayerNorm.beta': {...}, 'bert.encoder.layer.8.attention.output.LayerNorm.beta': {...}, 'bert.encoder.layer.8.output.LayerNorm.beta': {...}, 'bert.encoder.layer.9.attention.output.LayerNorm.beta': {...}, 'bert.encoder.layer.9.output.LayerNorm.beta': {...}, 'cls.predictions.transform.LayerNorm.beta': {...}}`
* `bert.encoder.layer.8.output.LayerNorm.beta` -> `{'bert.embeddings.LayerNorm.beta': 'bert.embeddings.LayerNorm.bias', 'bert.encoder.layer.0.attention.output.LayerNorm.beta': {...}, 'bert.encoder.layer.0.output.LayerNorm.beta': {...}, 'bert.encoder.layer.1.attention.output.LayerNorm.beta': {...}, 'bert.encoder.layer.1.output.LayerNorm.beta': {...}, 'bert.encoder.layer.10.attention.output.LayerNorm.beta': {...}, 'bert.encoder.layer.10.output.LayerNorm.beta': {...}, 'bert.encoder.layer.11.attention.output.LayerNorm.beta': {...}, 'bert.encoder.layer.11.output.LayerNorm.beta': {...}, 'bert.encoder.layer.2.attention.output.LayerNorm.beta': {...}, 'bert.encoder.layer.2.output.LayerNorm.beta': {...}, 'bert.encoder.layer.3.attention.output.LayerNorm.beta': {...}, 'bert.encoder.layer.3.output.LayerNorm.beta': {...}, 'bert.encoder.layer.4.attention.output.LayerNorm.beta': {...}, 'bert.encoder.layer.4.output.LayerNorm.beta': {...}, 'bert.encoder.layer.5.attention.output.LayerNorm.beta': {...}, 'bert.encoder.layer.5.output.LayerNorm.beta': {...}, 'bert.encoder.layer.6.attention.output.LayerNorm.beta': {...}, 'bert.encoder.layer.6.output.LayerNorm.beta': {...}, 'bert.encoder.layer.7.attention.output.LayerNorm.beta': {...}, 'bert.encoder.layer.7.output.LayerNorm.beta': {...}, 'bert.encoder.layer.8.attention.output.LayerNorm.beta': {...}, 'bert.encoder.layer.8.output.LayerNorm.beta': {...}, 'bert.encoder.layer.9.attention.output.LayerNorm.beta': {...}, 'bert.encoder.layer.9.output.LayerNorm.beta': {...}, 'cls.predictions.transform.LayerNorm.beta': {...}}`
* `bert.encoder.layer.9.attention.output.LayerNorm.beta` -> `{'bert.embeddings.LayerNorm.beta': 'bert.embeddings.LayerNorm.bias', 'bert.encoder.layer.0.attention.output.LayerNorm.beta': {...}, 'bert.encoder.layer.0.output.LayerNorm.beta': {...}, 'bert.encoder.layer.1.attention.output.LayerNorm.beta': {...}, 'bert.encoder.layer.1.output.LayerNorm.beta': {...}, 'bert.encoder.layer.10.attention.output.LayerNorm.beta': {...}, 'bert.encoder.layer.10.output.LayerNorm.beta': {...}, 'bert.encoder.layer.11.attention.output.LayerNorm.beta': {...}, 'bert.encoder.layer.11.output.LayerNorm.beta': {...}, 'bert.encoder.layer.2.attention.output.LayerNorm.beta': {...}, 'bert.encoder.layer.2.output.LayerNorm.beta': {...}, 'bert.encoder.layer.3.attention.output.LayerNorm.beta': {...}, 'bert.encoder.layer.3.output.LayerNorm.beta': {...}, 'bert.encoder.layer.4.attention.output.LayerNorm.beta': {...}, 'bert.encoder.layer.4.output.LayerNorm.beta': {...}, 'bert.encoder.layer.5.attention.output.LayerNorm.beta': {...}, 'bert.encoder.layer.5.output.LayerNorm.beta': {...}, 'bert.encoder.layer.6.attention.output.LayerNorm.beta': {...}, 'bert.encoder.layer.6.output.LayerNorm.beta': {...}, 'bert.encoder.layer.7.attention.output.LayerNorm.beta': {...}, 'bert.encoder.layer.7.output.LayerNorm.beta': {...}, 'bert.encoder.layer.8.attention.output.LayerNorm.beta': {...}, 'bert.encoder.layer.8.output.LayerNorm.beta': {...}, 'bert.encoder.layer.9.attention.output.LayerNorm.beta': {...}, 'bert.encoder.layer.9.output.LayerNorm.beta': {...}, 'cls.predictions.transform.LayerNorm.beta': {...}}`
* `bert.encoder.layer.9.output.LayerNorm.beta` -> `{'bert.embeddings.LayerNorm.beta': 'bert.embeddings.LayerNorm.bias', 'bert.encoder.layer.0.attention.output.LayerNorm.beta': {...}, 'bert.encoder.layer.0.output.LayerNorm.beta': {...}, 'bert.encoder.layer.1.attention.output.LayerNorm.beta': {...}, 'bert.encoder.layer.1.output.LayerNorm.beta': {...}, 'bert.encoder.layer.10.attention.output.LayerNorm.beta': {...}, 'bert.encoder.layer.10.output.LayerNorm.beta': {...}, 'bert.encoder.layer.11.attention.output.LayerNorm.beta': {...}, 'bert.encoder.layer.11.output.LayerNorm.beta': {...}, 'bert.encoder.layer.2.attention.output.LayerNorm.beta': {...}, 'bert.encoder.layer.2.output.LayerNorm.beta': {...}, 'bert.encoder.layer.3.attention.output.LayerNorm.beta': {...}, 'bert.encoder.layer.3.output.LayerNorm.beta': {...}, 'bert.encoder.layer.4.attention.output.LayerNorm.beta': {...}, 'bert.encoder.layer.4.output.LayerNorm.beta': {...}, 'bert.encoder.layer.5.attention.output.LayerNorm.beta': {...}, 'bert.encoder.layer.5.output.LayerNorm.beta': {...}, 'bert.encoder.layer.6.attention.output.LayerNorm.beta': {...}, 'bert.encoder.layer.6.output.LayerNorm.beta': {...}, 'bert.encoder.layer.7.attention.output.LayerNorm.beta': {...}, 'bert.encoder.layer.7.output.LayerNorm.beta': {...}, 'bert.encoder.layer.8.attention.output.LayerNorm.beta': {...}, 'bert.encoder.layer.8.output.LayerNorm.beta': {...}, 'bert.encoder.layer.9.attention.output.LayerNorm.beta': {...}, 'bert.encoder.layer.9.output.LayerNorm.beta': {...}, 'cls.predictions.transform.LayerNorm.beta': {...}}`
* `cls.predictions.transform.LayerNorm.beta` -> `{'bert.embeddings.LayerNorm.beta': 'bert.embeddings.LayerNorm.bias', 'bert.encoder.layer.0.attention.output.LayerNorm.beta': {...}, 'bert.encoder.layer.0.output.LayerNorm.beta': {...}, 'bert.encoder.layer.1.attention.output.LayerNorm.beta': {...}, 'bert.encoder.layer.1.output.LayerNorm.beta': {...}, 'bert.encoder.layer.10.attention.output.LayerNorm.beta': {...}, 'bert.encoder.layer.10.output.LayerNorm.beta': {...}, 'bert.encoder.layer.11.attention.output.LayerNorm.beta': {...}, 'bert.encoder.layer.11.output.LayerNorm.beta': {...}, 'bert.encoder.layer.2.attention.output.LayerNorm.beta': {...}, 'bert.encoder.layer.2.output.LayerNorm.beta': {...}, 'bert.encoder.layer.3.attention.output.LayerNorm.beta': {...}, 'bert.encoder.layer.3.output.LayerNorm.beta': {...}, 'bert.encoder.layer.4.attention.output.LayerNorm.beta': {...}, 'bert.encoder.layer.4.output.LayerNorm.beta': {...}, 'bert.encoder.layer.5.attention.output.LayerNorm.beta': {...}, 'bert.encoder.layer.5.output.LayerNorm.beta': {...}, 'bert.encoder.layer.6.attention.output.LayerNorm.beta': {...}, 'bert.encoder.layer.6.output.LayerNorm.beta': {...}, 'bert.encoder.layer.7.attention.output.LayerNorm.beta': {...}, 'bert.encoder.layer.7.output.LayerNorm.beta': {...}, 'bert.encoder.layer.8.attention.output.LayerNorm.beta': {...}, 'bert.encoder.layer.8.output.LayerNorm.beta': {...}, 'bert.encoder.layer.9.attention.output.LayerNorm.beta': {...}, 'bert.encoder.layer.9.output.LayerNorm.beta': {...}, 'cls.predictions.transform.LayerNorm.beta': {...}}`
If you are using a model from the Hub, consider submitting a PR to adjust these weights and help future users.
Some weights of the model checkpoint at bert-base-uncased were not used when initializing BertModel: ['cls.predictions.bias', 'cls.predictions.transform.LayerNorm.bias', 'cls.predictions.transform.LayerNorm.weight', 'cls.predictions.transform.dense.bias', 'cls.predictions.transform.dense.weight', 'cls.seq_relationship.bias', 'cls.seq_relationship.weight']
- This IS expected if you are initializing BertModel from the checkpoint of a model trained on another task or with another architecture (e.g. initializing a BertForSequenceClassification model from a BertForPreTraining model).
- This IS NOT expected if you are initializing BertModel from the checkpoint of a model that you expect to be exactly identical (initializing a BertForSequenceClassification model from a BertForSequenceClassification model).
All the weights of BertModel were initialized from the model checkpoint at bert-base-uncased.
If your task is similar to the task the model of the checkpoint was trained on, you can already use BertModel for predictions without further training.
/home/impulse/wang2/msa/.mmsa-reference/papers/HSCL/src/modules/encoders.py:123: UserWarning: enable_nested_tensor is True, but self.use_nested_tensor is False because encoder_layer.self_attn.batch_first was not True(use batch_first for better inference performance)
  self.transformer_encoder = TransformerEncoder(encoder_layers, nlayers)
--------------------------------------------------
Epoch  1 | Time 7.0959 sec | Valid Loss 1.4643 | Test Loss 1.2641
--------------------------------------------------
MAE:  1.2641249
Correlation Coefficient:  0.3167599573348545
mult_acc_7:  0.21574344023323616
mult_acc_5:  0.21574344023323616
F1 score all/non0: 0.6438/0.6599 over 686/656
Accuracy all/non0: 0.6545/0.6692
--------------------------------------------------
Saved model at pre_trained_models/MM.pt!
--------------------------------------------------
Epoch  2 | Time 6.8138 sec | Valid Loss 1.0143 | Test Loss 0.9498
--------------------------------------------------
MAE:  0.949809
Correlation Coefficient:  0.662338775539369
mult_acc_7:  0.33090379008746357
mult_acc_5:  0.34839650145772594
F1 score all/non0: 0.7625/0.7912 over 686/656
Accuracy all/non0: 0.7755/0.8018
--------------------------------------------------
Saved model at pre_trained_models/MM.pt!
--------------------------------------------------
Epoch  3 | Time 7.0021 sec | Valid Loss 0.8791 | Test Loss 0.9349
--------------------------------------------------
MAE:  0.93492746
Correlation Coefficient:  0.706547961078394
mult_acc_7:  0.33527696793002915
mult_acc_5:  0.3688046647230321
F1 score all/non0: 0.7875/0.8013 over 686/656
Accuracy all/non0: 0.7872/0.8003
--------------------------------------------------
Saved model at pre_trained_models/MM.pt!
--------------------------------------------------
Epoch  4 | Time 6.8431 sec | Valid Loss 0.8811 | Test Loss 0.9442
--------------------------------------------------
--------------------------------------------------
Epoch  5 | Time 6.8241 sec | Valid Loss 0.8539 | Test Loss 0.9211
--------------------------------------------------
MAE:  0.9210687
Correlation Coefficient:  0.7602150560437843
mult_acc_7:  0.35131195335276966
mult_acc_5:  0.39504373177842567
F1 score all/non0: 0.8225/0.8408 over 686/656
Accuracy all/non0: 0.8222/0.8399
--------------------------------------------------
Saved model at pre_trained_models/MM.pt!
--------------------------------------------------
Epoch  6 | Time 6.8587 sec | Valid Loss 0.9703 | Test Loss 1.0941
--------------------------------------------------
--------------------------------------------------
Epoch  7 | Time 6.8390 sec | Valid Loss 0.8208 | Test Loss 0.7501
--------------------------------------------------
MAE:  0.75011593
Correlation Coefficient:  0.7740931138756834
mult_acc_7:  0.43440233236151604
mult_acc_5:  0.49854227405247814
F1 score all/non0: 0.8113/0.8378 over 686/656
Accuracy all/non0: 0.8163/0.8415
--------------------------------------------------
Saved model at pre_trained_models/MM.pt!
--------------------------------------------------
Epoch  8 | Time 6.8357 sec | Valid Loss 0.8064 | Test Loss 0.7405
--------------------------------------------------
MAE:  0.7405305
Correlation Coefficient:  0.7742796120712677
mult_acc_7:  0.4402332361516035
mult_acc_5:  0.5189504373177842
F1 score all/non0: 0.8171/0.8386 over 686/656
Accuracy all/non0: 0.8192/0.8399
--------------------------------------------------
Saved model at pre_trained_models/MM.pt!
--------------------------------------------------
Epoch  9 | Time 6.8413 sec | Valid Loss 0.8046 | Test Loss 0.8195
--------------------------------------------------
MAE:  0.81948763
Correlation Coefficient:  0.772203701359154
mult_acc_7:  0.4110787172011662
mult_acc_5:  0.49416909620991256
F1 score all/non0: 0.8064/0.8165 over 686/656
Accuracy all/non0: 0.8061/0.8155
--------------------------------------------------
Saved model at pre_trained_models/MM.pt!
--------------------------------------------------
Epoch 10 | Time 6.8234 sec | Valid Loss 0.7829 | Test Loss 0.8354
--------------------------------------------------
MAE:  0.8353881
Correlation Coefficient:  0.7780616197681267
mult_acc_7:  0.3717201166180758
mult_acc_5:  0.4198250728862974
F1 score all/non0: 0.8183/0.8272 over 686/656
Accuracy all/non0: 0.8178/0.8262
--------------------------------------------------
Saved model at pre_trained_models/MM.pt!
--------------------------------------------------
Epoch 11 | Time 6.8386 sec | Valid Loss 0.8520 | Test Loss 0.7687
--------------------------------------------------
--------------------------------------------------
Epoch 12 | Time 6.9199 sec | Valid Loss 0.7700 | Test Loss 0.7772
--------------------------------------------------
MAE:  0.77723736
Correlation Coefficient:  0.7819683606973045
mult_acc_7:  0.4139941690962099
mult_acc_5:  0.4708454810495627
F1 score all/non0: 0.8153/0.8241 over 686/656
Accuracy all/non0: 0.8149/0.8232
--------------------------------------------------
Saved model at pre_trained_models/MM.pt!
--------------------------------------------------
Epoch 13 | Time 6.8226 sec | Valid Loss 0.7616 | Test Loss 0.7348
--------------------------------------------------
MAE:  0.7348422
Correlation Coefficient:  0.7801179602350371
mult_acc_7:  0.43731778425655976
mult_acc_5:  0.5072886297376094
F1 score all/non0: 0.8185/0.8383 over 686/656
Accuracy all/non0: 0.8192/0.8384
--------------------------------------------------
Saved model at pre_trained_models/MM.pt!
--------------------------------------------------
Epoch 14 | Time 6.8564 sec | Valid Loss 0.7609 | Test Loss 0.7560
--------------------------------------------------
MAE:  0.7560472
Correlation Coefficient:  0.7859218694968635
mult_acc_7:  0.43002915451895046
mult_acc_5:  0.48833819241982507
F1 score all/non0: 0.8151/0.8301 over 686/656
Accuracy all/non0: 0.8149/0.8293
--------------------------------------------------
Saved model at pre_trained_models/MM.pt!
--------------------------------------------------
Epoch 15 | Time 6.8527 sec | Valid Loss 0.7502 | Test Loss 0.7406
--------------------------------------------------
MAE:  0.74058026
Correlation Coefficient:  0.7867720043529378
mult_acc_7:  0.4489795918367347
mult_acc_5:  0.5102040816326531
F1 score all/non0: 0.8164/0.8314 over 686/656
Accuracy all/non0: 0.8163/0.8308
--------------------------------------------------
Saved model at pre_trained_models/MM.pt!
--------------------------------------------------
Epoch 16 | Time 6.8215 sec | Valid Loss 0.7571 | Test Loss 0.7314
--------------------------------------------------
--------------------------------------------------
Epoch 17 | Time 6.8210 sec | Valid Loss 0.7570 | Test Loss 0.7349
--------------------------------------------------
--------------------------------------------------
Epoch 18 | Time 6.8335 sec | Valid Loss 0.7457 | Test Loss 0.7487
--------------------------------------------------
MAE:  0.74869347
Correlation Coefficient:  0.7852541748320478
mult_acc_7:  0.446064139941691
mult_acc_5:  0.5058309037900874
F1 score all/non0: 0.8124/0.8226 over 686/656
Accuracy all/non0: 0.812/0.8216
--------------------------------------------------
Saved model at pre_trained_models/MM.pt!
--------------------------------------------------
Epoch 19 | Time 6.8491 sec | Valid Loss 0.7506 | Test Loss 0.7454
--------------------------------------------------
--------------------------------------------------
Epoch 20 | Time 6.9302 sec | Valid Loss 0.7540 | Test Loss 0.7517
--------------------------------------------------
MAE:  0.74869347
Correlation Coefficient:  0.7852541748320478
mult_acc_7:  0.446064139941691
mult_acc_5:  0.5058309037900874
F1 score all/non0: 0.8124/0.8226 over 686/656
Accuracy all/non0: 0.812/0.8216
--------------------------------------------------
