/home/impulse/wang2/msa/.mmsa-reference/env/shim/transformers/deepspeed.py:24: FutureWarning: transformers.deepspeed module is deprecated and will be removed in a future version. Please import deepspeed modules directly from transformers.integrations
  warnings.warn(
/home/impulse/wang2/msa/.venv/lib/python3.12/site-packages/torch/__init__.py:1323: UserWarning: torch.set_default_tensor_type() is deprecated as of PyTorch 2.1, please use torch.set_default_dtype() and torch.set_default_device() as alternatives. (Triggered internally at /pytorch/torch/csrc/tensor/python_tensor.cpp:434.)
  _C._set_default_tensor_type(t)
Start loading the data....
loading file vocab.txt from cache at /home/impulse/.cache/huggingface/hub/models--bert-base-uncased/snapshots/86b5e0934494bd15c9632b12f734a8a67f723594/vocab.txt
loading file added_tokens.json from cache at None
loading file special_tokens_map.json from cache at None
loading file tokenizer_config.json from cache at /home/impulse/.cache/huggingface/hub/models--bert-base-uncased/snapshots/86b5e0934494bd15c9632b12f734a8a67f723594/tokenizer_config.json
loading file tokenizer.json from cache at /home/impulse/.cache/huggingface/hub/models--bert-base-uncased/snapshots/86b5e0934494bd15c9632b12f734a8a67f723594/tokenizer.json
loading configuration file config.json from cache at /home/impulse/.cache/huggingface/hub/models--bert-base-uncased/snapshots/86b5e0934494bd15c9632b12f734a8a67f723594/config.json
Model config BertConfig {
  "_name_or_path": "bert-base-uncased",
  "architectures": [
    "BertForMaskedLM"
  ],
  "attention_probs_dropout_prob": 0.1,
  "classifier_dropout": null,
  "gradient_checkpointing": false,
  "hidden_act": "gelu",
  "hidden_dropout_prob": 0.1,
  "hidden_size": 768,
  "initializer_range": 0.02,
  "intermediate_size": 3072,
  "layer_norm_eps": 1e-12,
  "max_position_embeddings": 512,
  "model_type": "bert",
  "num_attention_heads": 12,
  "num_hidden_layers": 12,
  "pad_token_id": 0,
  "position_embedding_type": "absolute",
  "transformers_version": "4.44.2",
  "type_vocab_size": 2,
  "use_cache": true,
  "vocab_size": 30522
}

/home/impulse/wang2/msa/.mmsa-reference/env/shim/transformers/tokenization_utils_base.py:1601: FutureWarning: `clean_up_tokenization_spaces` was not set. It will be set to `True` by default. This behavior will be depracted in transformers v4.45, and will be then set to `False` by default. For more details check this issue: https://github.com/huggingface/transformers/issues/31884
  warnings.warn(
train
Training data loaded!
loading file vocab.txt from cache at /home/impulse/.cache/huggingface/hub/models--bert-base-uncased/snapshots/86b5e0934494bd15c9632b12f734a8a67f723594/vocab.txt
loading file added_tokens.json from cache at None
loading file special_tokens_map.json from cache at None
loading file tokenizer_config.json from cache at /home/impulse/.cache/huggingface/hub/models--bert-base-uncased/snapshots/86b5e0934494bd15c9632b12f734a8a67f723594/tokenizer_config.json
loading file tokenizer.json from cache at /home/impulse/.cache/huggingface/hub/models--bert-base-uncased/snapshots/86b5e0934494bd15c9632b12f734a8a67f723594/tokenizer.json
loading configuration file config.json from cache at /home/impulse/.cache/huggingface/hub/models--bert-base-uncased/snapshots/86b5e0934494bd15c9632b12f734a8a67f723594/config.json
Model config BertConfig {
  "_name_or_path": "bert-base-uncased",
  "architectures": [
    "BertForMaskedLM"
  ],
  "attention_probs_dropout_prob": 0.1,
  "classifier_dropout": null,
  "gradient_checkpointing": false,
  "hidden_act": "gelu",
  "hidden_dropout_prob": 0.1,
  "hidden_size": 768,
  "initializer_range": 0.02,
  "intermediate_size": 3072,
  "layer_norm_eps": 1e-12,
  "max_position_embeddings": 512,
  "model_type": "bert",
  "num_attention_heads": 12,
  "num_hidden_layers": 12,
  "pad_token_id": 0,
  "position_embedding_type": "absolute",
  "transformers_version": "4.44.2",
  "type_vocab_size": 2,
  "use_cache": true,
  "vocab_size": 30522
}

valid
Validation data loaded!
loading file vocab.txt from cache at /home/impulse/.cache/huggingface/hub/models--bert-base-uncased/snapshots/86b5e0934494bd15c9632b12f734a8a67f723594/vocab.txt
loading file added_tokens.json from cache at None
loading file special_tokens_map.json from cache at None
loading file tokenizer_config.json from cache at /home/impulse/.cache/huggingface/hub/models--bert-base-uncased/snapshots/86b5e0934494bd15c9632b12f734a8a67f723594/tokenizer_config.json
loading file tokenizer.json from cache at /home/impulse/.cache/huggingface/hub/models--bert-base-uncased/snapshots/86b5e0934494bd15c9632b12f734a8a67f723594/tokenizer.json
loading configuration file config.json from cache at /home/impulse/.cache/huggingface/hub/models--bert-base-uncased/snapshots/86b5e0934494bd15c9632b12f734a8a67f723594/config.json
Model config BertConfig {
  "_name_or_path": "bert-base-uncased",
  "architectures": [
    "BertForMaskedLM"
  ],
  "attention_probs_dropout_prob": 0.1,
  "classifier_dropout": null,
  "gradient_checkpointing": false,
  "hidden_act": "gelu",
  "hidden_dropout_prob": 0.1,
  "hidden_size": 768,
  "initializer_range": 0.02,
  "intermediate_size": 3072,
  "layer_norm_eps": 1e-12,
  "max_position_embeddings": 512,
  "model_type": "bert",
  "num_attention_heads": 12,
  "num_hidden_layers": 12,
  "pad_token_id": 0,
  "position_embedding_type": "absolute",
  "transformers_version": "4.44.2",
  "type_vocab_size": 2,
  "use_cache": true,
  "vocab_size": 30522
}

test
Test data loaded!
Finish loading the data....
loading configuration file config.json from cache at /home/impulse/.cache/huggingface/hub/models--bert-base-uncased/snapshots/86b5e0934494bd15c9632b12f734a8a67f723594/config.json
Model config BertConfig {
  "architectures": [
    "BertForMaskedLM"
  ],
  "attention_probs_dropout_prob": 0.1,
  "classifier_dropout": null,
  "gradient_checkpointing": false,
  "hidden_act": "gelu",
  "hidden_dropout_prob": 0.1,
  "hidden_size": 768,
  "initializer_range": 0.02,
  "intermediate_size": 3072,
  "layer_norm_eps": 1e-12,
  "max_position_embeddings": 512,
  "model_type": "bert",
  "num_attention_heads": 12,
  "num_hidden_layers": 12,
  "pad_token_id": 0,
  "position_embedding_type": "absolute",
  "transformers_version": "4.44.2",
  "type_vocab_size": 2,
  "use_cache": true,
  "vocab_size": 30522
}

loading weights file model.safetensors from cache at /home/impulse/.cache/huggingface/hub/models--bert-base-uncased/snapshots/86b5e0934494bd15c9632b12f734a8a67f723594/model.safetensors
A pretrained model of type `BertModel` contains parameters that have been renamed internally (a few are listed below but more are present in the model):
* `bert.embeddings.LayerNorm.gamma` -> `bert.embeddings.LayerNorm.weight`
* `bert.encoder.layer.0.attention.output.LayerNorm.gamma` -> `{'bert.embeddings.LayerNorm.gamma': 'bert.embeddings.LayerNorm.weight', 'bert.encoder.layer.0.attention.output.LayerNorm.gamma': {...}, 'bert.encoder.layer.0.output.LayerNorm.gamma': {...}, 'bert.encoder.layer.1.attention.output.LayerNorm.gamma': {...}, 'bert.encoder.layer.1.output.LayerNorm.gamma': {...}, 'bert.encoder.layer.10.attention.output.LayerNorm.gamma': {...}, 'bert.encoder.layer.10.output.LayerNorm.gamma': {...}, 'bert.encoder.layer.11.attention.output.LayerNorm.gamma': {...}, 'bert.encoder.layer.11.output.LayerNorm.gamma': {...}, 'bert.encoder.layer.2.attention.output.LayerNorm.gamma': {...}, 'bert.encoder.layer.2.output.LayerNorm.gamma': {...}, 'bert.encoder.layer.3.attention.output.LayerNorm.gamma': {...}, 'bert.encoder.layer.3.output.LayerNorm.gamma': {...}, 'bert.encoder.layer.4.attention.output.LayerNorm.gamma': {...}, 'bert.encoder.layer.4.output.LayerNorm.gamma': {...}, 'bert.encoder.layer.5.attention.output.LayerNorm.gamma': {...}, 'bert.encoder.layer.5.output.LayerNorm.gamma': {...}, 'bert.encoder.layer.6.attention.output.LayerNorm.gamma': {...}, 'bert.encoder.layer.6.output.LayerNorm.gamma': {...}, 'bert.encoder.layer.7.attention.output.LayerNorm.gamma': {...}, 'bert.encoder.layer.7.output.LayerNorm.gamma': {...}, 'bert.encoder.layer.8.attention.output.LayerNorm.gamma': {...}, 'bert.encoder.layer.8.output.LayerNorm.gamma': {...}, 'bert.encoder.layer.9.attention.output.LayerNorm.gamma': {...}, 'bert.encoder.layer.9.output.LayerNorm.gamma': {...}, 'cls.predictions.transform.LayerNorm.gamma': {...}}`
* `bert.encoder.layer.0.output.LayerNorm.gamma` -> `{'bert.embeddings.LayerNorm.gamma': 'bert.embeddings.LayerNorm.weight', 'bert.encoder.layer.0.attention.output.LayerNorm.gamma': {...}, 'bert.encoder.layer.0.output.LayerNorm.gamma': {...}, 'bert.encoder.layer.1.attention.output.LayerNorm.gamma': {...}, 'bert.encoder.layer.1.output.LayerNorm.gamma': {...}, 'bert.encoder.layer.10.attention.output.LayerNorm.gamma': {...}, 'bert.encoder.layer.10.output.LayerNorm.gamma': {...}, 'bert.encoder.layer.11.attention.output.LayerNorm.gamma': {...}, 'bert.encoder.layer.11.output.LayerNorm.gamma': {...}, 'bert.encoder.layer.2.attention.output.LayerNorm.gamma': {...}, 'bert.encoder.layer.2.output.LayerNorm.gamma': {...}, 'bert.encoder.layer.3.attention.output.LayerNorm.gamma': {...}, 'bert.encoder.layer.3.output.LayerNorm.gamma': {...}, 'bert.encoder.layer.4.attention.output.LayerNorm.gamma': {...}, 'bert.encoder.layer.4.output.LayerNorm.gamma': {...}, 'bert.encoder.layer.5.attention.output.LayerNorm.gamma': {...}, 'bert.encoder.layer.5.output.LayerNorm.gamma': {...}, 'bert.encoder.layer.6.attention.output.LayerNorm.gamma': {...}, 'bert.encoder.layer.6.output.LayerNorm.gamma': {...}, 'bert.encoder.layer.7.attention.output.LayerNorm.gamma': {...}, 'bert.encoder.layer.7.output.LayerNorm.gamma': {...}, 'bert.encoder.layer.8.attention.output.LayerNorm.gamma': {...}, 'bert.encoder.layer.8.output.LayerNorm.gamma': {...}, 'bert.encoder.layer.9.attention.output.LayerNorm.gamma': {...}, 'bert.encoder.layer.9.output.LayerNorm.gamma': {...}, 'cls.predictions.transform.LayerNorm.gamma': {...}}`
* `bert.encoder.layer.1.attention.output.LayerNorm.gamma` -> `{'bert.embeddings.LayerNorm.gamma': 'bert.embeddings.LayerNorm.weight', 'bert.encoder.layer.0.attention.output.LayerNorm.gamma': {...}, 'bert.encoder.layer.0.output.LayerNorm.gamma': {...}, 'bert.encoder.layer.1.attention.output.LayerNorm.gamma': {...}, 'bert.encoder.layer.1.output.LayerNorm.gamma': {...}, 'bert.encoder.layer.10.attention.output.LayerNorm.gamma': {...}, 'bert.encoder.layer.10.output.LayerNorm.gamma': {...}, 'bert.encoder.layer.11.attention.output.LayerNorm.gamma': {...}, 'bert.encoder.layer.11.output.LayerNorm.gamma': {...}, 'bert.encoder.layer.2.attention.output.LayerNorm.gamma': {...}, 'bert.encoder.layer.2.output.LayerNorm.gamma': {...}, 'bert.encoder.layer.3.attention.output.LayerNorm.gamma': {...}, 'bert.encoder.layer.3.output.LayerNorm.gamma': {...}, 'bert.encoder.layer.4.attention.output.LayerNorm.gamma': {...}, 'bert.encoder.layer.4.output.LayerNorm.gamma': {...}, 'bert.encoder.layer.5.attention.output.LayerNorm.gamma': {...}, 'bert.encoder.layer.5.output.LayerNorm.gamma': {...}, 'bert.encoder.layer.6.attention.output.LayerNorm.gamma': {...}, 'bert.encoder.layer.6.output.LayerNorm.gamma': {...}, 'bert.encoder.layer.7.attention.output.LayerNorm.gamma': {...}, 'bert.encoder.layer.7.output.LayerNorm.gamma': {...}, 'bert.encoder.layer.8.attention.output.LayerNorm.gamma': {...}, 'bert.encoder.layer.8.output.LayerNorm.gamma': {...}, 'bert.encoder.layer.9.attention.output.LayerNorm.gamma': {...}, 'bert.encoder.layer.9.output.LayerNorm.gamma': {...}, 'cls.predictions.transform.LayerNorm.gamma': {...}}`
* `bert.encoder.layer.1.output.LayerNorm.gamma` -> `{'bert.embeddings.LayerNorm.gamma': 'bert.embeddings.LayerNorm.weight', 'bert.encoder.layer.0.attention.output.LayerNorm.gamma': {...}, 'bert.encoder.layer.0.output.LayerNorm.gamma': {...}, 'bert.encoder.layer.1.attention.output.LayerNorm.gamma': {...}, 'bert.encoder.layer.1.output.LayerNorm.gamma': {...}, 'bert.encoder.layer.10.attention.output.LayerNorm.gamma': {...}, 'bert.encoder.layer.10.output.LayerNorm.gamma': {...}, 'bert.encoder.layer.11.attention.output.LayerNorm.gamma': {...}, 'bert.encoder.layer.11.output.LayerNorm.gamma': {...}, 'bert.encoder.layer.2.attention.output.LayerNorm.gamma': {...}, 'bert.encoder.layer.2.output.LayerNorm.gamma': {...}, 'bert.encoder.layer.3.attention.output.LayerNorm.gamma': {...}, 'bert.encoder.layer.3.output.LayerNorm.gamma': {...}, 'bert.encoder.layer.4.attention.output.LayerNorm.gamma': {...}, 'bert.encoder.layer.4.output.LayerNorm.gamma': {...}, 'bert.encoder.layer.5.attention.output.LayerNorm.gamma': {...}, 'bert.encoder.layer.5.output.LayerNorm.gamma': {...}, 'bert.encoder.layer.6.attention.output.LayerNorm.gamma': {...}, 'bert.encoder.layer.6.output.LayerNorm.gamma': {...}, 'bert.encoder.layer.7.attention.output.LayerNorm.gamma': {...}, 'bert.encoder.layer.7.output.LayerNorm.gamma': {...}, 'bert.encoder.layer.8.attention.output.LayerNorm.gamma': {...}, 'bert.encoder.layer.8.output.LayerNorm.gamma': {...}, 'bert.encoder.layer.9.attention.output.LayerNorm.gamma': {...}, 'bert.encoder.layer.9.output.LayerNorm.gamma': {...}, 'cls.predictions.transform.LayerNorm.gamma': {...}}`
* `bert.encoder.layer.10.attention.output.LayerNorm.gamma` -> `{'bert.embeddings.LayerNorm.gamma': 'bert.embeddings.LayerNorm.weight', 'bert.encoder.layer.0.attention.output.LayerNorm.gamma': {...}, 'bert.encoder.layer.0.output.LayerNorm.gamma': {...}, 'bert.encoder.layer.1.attention.output.LayerNorm.gamma': {...}, 'bert.encoder.layer.1.output.LayerNorm.gamma': {...}, 'bert.encoder.layer.10.attention.output.LayerNorm.gamma': {...}, 'bert.encoder.layer.10.output.LayerNorm.gamma': {...}, 'bert.encoder.layer.11.attention.output.LayerNorm.gamma': {...}, 'bert.encoder.layer.11.output.LayerNorm.gamma': {...}, 'bert.encoder.layer.2.attention.output.LayerNorm.gamma': {...}, 'bert.encoder.layer.2.output.LayerNorm.gamma': {...}, 'bert.encoder.layer.3.attention.output.LayerNorm.gamma': {...}, 'bert.encoder.layer.3.output.LayerNorm.gamma': {...}, 'bert.encoder.layer.4.attention.output.LayerNorm.gamma': {...}, 'bert.encoder.layer.4.output.LayerNorm.gamma': {...}, 'bert.encoder.layer.5.attention.output.LayerNorm.gamma': {...}, 'bert.encoder.layer.5.output.LayerNorm.gamma': {...}, 'bert.encoder.layer.6.attention.output.LayerNorm.gamma': {...}, 'bert.encoder.layer.6.output.LayerNorm.gamma': {...}, 'bert.encoder.layer.7.attention.output.LayerNorm.gamma': {...}, 'bert.encoder.layer.7.output.LayerNorm.gamma': {...}, 'bert.encoder.layer.8.attention.output.LayerNorm.gamma': {...}, 'bert.encoder.layer.8.output.LayerNorm.gamma': {...}, 'bert.encoder.layer.9.attention.output.LayerNorm.gamma': {...}, 'bert.encoder.layer.9.output.LayerNorm.gamma': {...}, 'cls.predictions.transform.LayerNorm.gamma': {...}}`
* `bert.encoder.layer.10.output.LayerNorm.gamma` -> `{'bert.embeddings.LayerNorm.gamma': 'bert.embeddings.LayerNorm.weight', 'bert.encoder.layer.0.attention.output.LayerNorm.gamma': {...}, 'bert.encoder.layer.0.output.LayerNorm.gamma': {...}, 'bert.encoder.layer.1.attention.output.LayerNorm.gamma': {...}, 'bert.encoder.layer.1.output.LayerNorm.gamma': {...}, 'bert.encoder.layer.10.attention.output.LayerNorm.gamma': {...}, 'bert.encoder.layer.10.output.LayerNorm.gamma': {...}, 'bert.encoder.layer.11.attention.output.LayerNorm.gamma': {...}, 'bert.encoder.layer.11.output.LayerNorm.gamma': {...}, 'bert.encoder.layer.2.attention.output.LayerNorm.gamma': {...}, 'bert.encoder.layer.2.output.LayerNorm.gamma': {...}, 'bert.encoder.layer.3.attention.output.LayerNorm.gamma': {...}, 'bert.encoder.layer.3.output.LayerNorm.gamma': {...}, 'bert.encoder.layer.4.attention.output.LayerNorm.gamma': {...}, 'bert.encoder.layer.4.output.LayerNorm.gamma': {...}, 'bert.encoder.layer.5.attention.output.LayerNorm.gamma': {...}, 'bert.encoder.layer.5.output.LayerNorm.gamma': {...}, 'bert.encoder.layer.6.attention.output.LayerNorm.gamma': {...}, 'bert.encoder.layer.6.output.LayerNorm.gamma': {...}, 'bert.encoder.layer.7.attention.output.LayerNorm.gamma': {...}, 'bert.encoder.layer.7.output.LayerNorm.gamma': {...}, 'bert.encoder.layer.8.attention.output.LayerNorm.gamma': {...}, 'bert.encoder.layer.8.output.LayerNorm.gamma': {...}, 'bert.encoder.layer.9.attention.output.LayerNorm.gamma': {...}, 'bert.encoder.layer.9.output.LayerNorm.gamma': {...}, 'cls.predictions.transform.LayerNorm.gamma': {...}}`
* `bert.encoder.layer.11.attention.output.LayerNorm.gamma` -> `{'bert.embeddings.LayerNorm.gamma': 'bert.embeddings.LayerNorm.weight', 'bert.encoder.layer.0.attention.output.LayerNorm.gamma': {...}, 'bert.encoder.layer.0.output.LayerNorm.gamma': {...}, 'bert.encoder.layer.1.attention.output.LayerNorm.gamma': {...}, 'bert.encoder.layer.1.output.LayerNorm.gamma': {...}, 'bert.encoder.layer.10.attention.output.LayerNorm.gamma': {...}, 'bert.encoder.layer.10.output.LayerNorm.gamma': {...}, 'bert.encoder.layer.11.attention.output.LayerNorm.gamma': {...}, 'bert.encoder.layer.11.output.LayerNorm.gamma': {...}, 'bert.encoder.layer.2.attention.output.LayerNorm.gamma': {...}, 'bert.encoder.layer.2.output.LayerNorm.gamma': {...}, 'bert.encoder.layer.3.attention.output.LayerNorm.gamma': {...}, 'bert.encoder.layer.3.output.LayerNorm.gamma': {...}, 'bert.encoder.layer.4.attention.output.LayerNorm.gamma': {...}, 'bert.encoder.layer.4.output.LayerNorm.gamma': {...}, 'bert.encoder.layer.5.attention.output.LayerNorm.gamma': {...}, 'bert.encoder.layer.5.output.LayerNorm.gamma': {...}, 'bert.encoder.layer.6.attention.output.LayerNorm.gamma': {...}, 'bert.encoder.layer.6.output.LayerNorm.gamma': {...}, 'bert.encoder.layer.7.attention.output.LayerNorm.gamma': {...}, 'bert.encoder.layer.7.output.LayerNorm.gamma': {...}, 'bert.encoder.layer.8.attention.output.LayerNorm.gamma': {...}, 'bert.encoder.layer.8.output.LayerNorm.gamma': {...}, 'bert.encoder.layer.9.attention.output.LayerNorm.gamma': {...}, 'bert.encoder.layer.9.output.LayerNorm.gamma': {...}, 'cls.predictions.transform.LayerNorm.gamma': {...}}`
* `bert.encoder.layer.11.output.LayerNorm.gamma` -> `{'bert.embeddings.LayerNorm.gamma': 'bert.embeddings.LayerNorm.weight', 'bert.encoder.layer.0.attention.output.LayerNorm.gamma': {...}, 'bert.encoder.layer.0.output.LayerNorm.gamma': {...}, 'bert.encoder.layer.1.attention.output.LayerNorm.gamma': {...}, 'bert.encoder.layer.1.output.LayerNorm.gamma': {...}, 'bert.encoder.layer.10.attention.output.LayerNorm.gamma': {...}, 'bert.encoder.layer.10.output.LayerNorm.gamma': {...}, 'bert.encoder.layer.11.attention.output.LayerNorm.gamma': {...}, 'bert.encoder.layer.11.output.LayerNorm.gamma': {...}, 'bert.encoder.layer.2.attention.output.LayerNorm.gamma': {...}, 'bert.encoder.layer.2.output.LayerNorm.gamma': {...}, 'bert.encoder.layer.3.attention.output.LayerNorm.gamma': {...}, 'bert.encoder.layer.3.output.LayerNorm.gamma': {...}, 'bert.encoder.layer.4.attention.output.LayerNorm.gamma': {...}, 'bert.encoder.layer.4.output.LayerNorm.gamma': {...}, 'bert.encoder.layer.5.attention.output.LayerNorm.gamma': {...}, 'bert.encoder.layer.5.output.LayerNorm.gamma': {...}, 'bert.encoder.layer.6.attention.output.LayerNorm.gamma': {...}, 'bert.encoder.layer.6.output.LayerNorm.gamma': {...}, 'bert.encoder.layer.7.attention.output.LayerNorm.gamma': {...}, 'bert.encoder.layer.7.output.LayerNorm.gamma': {...}, 'bert.encoder.layer.8.attention.output.LayerNorm.gamma': {...}, 'bert.encoder.layer.8.output.LayerNorm.gamma': {...}, 'bert.encoder.layer.9.attention.output.LayerNorm.gamma': {...}, 'bert.encoder.layer.9.output.LayerNorm.gamma': {...}, 'cls.predictions.transform.LayerNorm.gamma': {...}}`
* `bert.encoder.layer.2.attention.output.LayerNorm.gamma` -> `{'bert.embeddings.LayerNorm.gamma': 'bert.embeddings.LayerNorm.weight', 'bert.encoder.layer.0.attention.output.LayerNorm.gamma': {...}, 'bert.encoder.layer.0.output.LayerNorm.gamma': {...}, 'bert.encoder.layer.1.attention.output.LayerNorm.gamma': {...}, 'bert.encoder.layer.1.output.LayerNorm.gamma': {...}, 'bert.encoder.layer.10.attention.output.LayerNorm.gamma': {...}, 'bert.encoder.layer.10.output.LayerNorm.gamma': {...}, 'bert.encoder.layer.11.attention.output.LayerNorm.gamma': {...}, 'bert.encoder.layer.11.output.LayerNorm.gamma': {...}, 'bert.encoder.layer.2.attention.output.LayerNorm.gamma': {...}, 'bert.encoder.layer.2.output.LayerNorm.gamma': {...}, 'bert.encoder.layer.3.attention.output.LayerNorm.gamma': {...}, 'bert.encoder.layer.3.output.LayerNorm.gamma': {...}, 'bert.encoder.layer.4.attention.output.LayerNorm.gamma': {...}, 'bert.encoder.layer.4.output.LayerNorm.gamma': {...}, 'bert.encoder.layer.5.attention.output.LayerNorm.gamma': {...}, 'bert.encoder.layer.5.output.LayerNorm.gamma': {...}, 'bert.encoder.layer.6.attention.output.LayerNorm.gamma': {...}, 'bert.encoder.layer.6.output.LayerNorm.gamma': {...}, 'bert.encoder.layer.7.attention.output.LayerNorm.gamma': {...}, 'bert.encoder.layer.7.output.LayerNorm.gamma': {...}, 'bert.encoder.layer.8.attention.output.LayerNorm.gamma': {...}, 'bert.encoder.layer.8.output.LayerNorm.gamma': {...}, 'bert.encoder.layer.9.attention.output.LayerNorm.gamma': {...}, 'bert.encoder.layer.9.output.LayerNorm.gamma': {...}, 'cls.predictions.transform.LayerNorm.gamma': {...}}`
* `bert.encoder.layer.2.output.LayerNorm.gamma` -> `{'bert.embeddings.LayerNorm.gamma': 'bert.embeddings.LayerNorm.weight', 'bert.encoder.layer.0.attention.output.LayerNorm.gamma': {...}, 'bert.encoder.layer.0.output.LayerNorm.gamma': {...}, 'bert.encoder.layer.1.attention.output.LayerNorm.gamma': {...}, 'bert.encoder.layer.1.output.LayerNorm.gamma': {...}, 'bert.encoder.layer.10.attention.output.LayerNorm.gamma': {...}, 'bert.encoder.layer.10.output.LayerNorm.gamma': {...}, 'bert.encoder.layer.11.attention.output.LayerNorm.gamma': {...}, 'bert.encoder.layer.11.output.LayerNorm.gamma': {...}, 'bert.encoder.layer.2.attention.output.LayerNorm.gamma': {...}, 'bert.encoder.layer.2.output.LayerNorm.gamma': {...}, 'bert.encoder.layer.3.attention.output.LayerNorm.gamma': {...}, 'bert.encoder.layer.3.output.LayerNorm.gamma': {...}, 'bert.encoder.layer.4.attention.output.LayerNorm.gamma': {...}, 'bert.encoder.layer.4.output.LayerNorm.gamma': {...}, 'bert.encoder.layer.5.attention.output.LayerNorm.gamma': {...}, 'bert.encoder.layer.5.output.LayerNorm.gamma': {...}, 'bert.encoder.layer.6.attention.output.LayerNorm.gamma': {...}, 'bert.encoder.layer.6.output.LayerNorm.gamma': {...}, 'bert.encoder.layer.7.attention.output.LayerNorm.gamma': {...}, 'bert.encoder.layer.7.output.LayerNorm.gamma': {...}, 'bert.encoder.layer.8.attention.output.LayerNorm.gamma': {...}, 'bert.encoder.layer.8.output.LayerNorm.gamma': {...}, 'bert.encoder.layer.9.attention.output.LayerNorm.gamma': {...}, 'bert.encoder.layer.9.output.LayerNorm.gamma': {...}, 'cls.predictions.transform.LayerNorm.gamma': {...}}`
* `bert.encoder.layer.3.attention.output.LayerNorm.gamma` -> `{'bert.embeddings.LayerNorm.gamma': 'bert.embeddings.LayerNorm.weight', 'bert.encoder.layer.0.attention.output.LayerNorm.gamma': {...}, 'bert.encoder.layer.0.output.LayerNorm.gamma': {...}, 'bert.encoder.layer.1.attention.output.LayerNorm.gamma': {...}, 'bert.encoder.layer.1.output.LayerNorm.gamma': {...}, 'bert.encoder.layer.10.attention.output.LayerNorm.gamma': {...}, 'bert.encoder.layer.10.output.LayerNorm.gamma': {...}, 'bert.encoder.layer.11.attention.output.LayerNorm.gamma': {...}, 'bert.encoder.layer.11.output.LayerNorm.gamma': {...}, 'bert.encoder.layer.2.attention.output.LayerNorm.gamma': {...}, 'bert.encoder.layer.2.output.LayerNorm.gamma': {...}, 'bert.encoder.layer.3.attention.output.LayerNorm.gamma': {...}, 'bert.encoder.layer.3.output.LayerNorm.gamma': {...}, 'bert.encoder.layer.4.attention.output.LayerNorm.gamma': {...}, 'bert.encoder.layer.4.output.LayerNorm.gamma': {...}, 'bert.encoder.layer.5.attention.output.LayerNorm.gamma': {...}, 'bert.encoder.layer.5.output.LayerNorm.gamma': {...}, 'bert.encoder.layer.6.attention.output.LayerNorm.gamma': {...}, 'bert.encoder.layer.6.output.LayerNorm.gamma': {...}, 'bert.encoder.layer.7.attention.output.LayerNorm.gamma': {...}, 'bert.encoder.layer.7.output.LayerNorm.gamma': {...}, 'bert.encoder.layer.8.attention.output.LayerNorm.gamma': {...}, 'bert.encoder.layer.8.output.LayerNorm.gamma': {...}, 'bert.encoder.layer.9.attention.output.LayerNorm.gamma': {...}, 'bert.encoder.layer.9.output.LayerNorm.gamma': {...}, 'cls.predictions.transform.LayerNorm.gamma': {...}}`
* `bert.encoder.layer.3.output.LayerNorm.gamma` -> `{'bert.embeddings.LayerNorm.gamma': 'bert.embeddings.LayerNorm.weight', 'bert.encoder.layer.0.attention.output.LayerNorm.gamma': {...}, 'bert.encoder.layer.0.output.LayerNorm.gamma': {...}, 'bert.encoder.layer.1.attention.output.LayerNorm.gamma': {...}, 'bert.encoder.layer.1.output.LayerNorm.gamma': {...}, 'bert.encoder.layer.10.attention.output.LayerNorm.gamma': {...}, 'bert.encoder.layer.10.output.LayerNorm.gamma': {...}, 'bert.encoder.layer.11.attention.output.LayerNorm.gamma': {...}, 'bert.encoder.layer.11.output.LayerNorm.gamma': {...}, 'bert.encoder.layer.2.attention.output.LayerNorm.gamma': {...}, 'bert.encoder.layer.2.output.LayerNorm.gamma': {...}, 'bert.encoder.layer.3.attention.output.LayerNorm.gamma': {...}, 'bert.encoder.layer.3.output.LayerNorm.gamma': {...}, 'bert.encoder.layer.4.attention.output.LayerNorm.gamma': {...}, 'bert.encoder.layer.4.output.LayerNorm.gamma': {...}, 'bert.encoder.layer.5.attention.output.LayerNorm.gamma': {...}, 'bert.encoder.layer.5.output.LayerNorm.gamma': {...}, 'bert.encoder.layer.6.attention.output.LayerNorm.gamma': {...}, 'bert.encoder.layer.6.output.LayerNorm.gamma': {...}, 'bert.encoder.layer.7.attention.output.LayerNorm.gamma': {...}, 'bert.encoder.layer.7.output.LayerNorm.gamma': {...}, 'bert.encoder.layer.8.attention.output.LayerNorm.gamma': {...}, 'bert.encoder.layer.8.output.LayerNorm.gamma': {...}, 'bert.encoder.layer.9.attention.output.LayerNorm.gamma': {...}, 'bert.encoder.layer.9.output.LayerNorm.gamma': {...}, 'cls.predictions.transform.LayerNorm.gamma': {...}}`
* `bert.encoder.layer.4.attention.output.LayerNorm.gamma` -> `{'bert.embeddings.LayerNorm.gamma': 'bert.embeddings.LayerNorm.weight', 'bert.encoder.layer.0.attention.output.LayerNorm.gamma': {...}, 'bert.encoder.layer.0.output.LayerNorm.gamma': {...}, 'bert.encoder.layer.1.attention.output.LayerNorm.gamma': {...}, 'bert.encoder.layer.1.output.LayerNorm.gamma': {...}, 'bert.encoder.layer.10.attention.output.LayerNorm.gamma': {...}, 'bert.encoder.layer.10.output.LayerNorm.gamma': {...}, 'bert.encoder.layer.11.attention.output.LayerNorm.gamma': {...}, 'bert.encoder.layer.11.output.LayerNorm.gamma': {...}, 'bert.encoder.layer.2.attention.output.LayerNorm.gamma': {...}, 'bert.encoder.layer.2.output.LayerNorm.gamma': {...}, 'bert.encoder.layer.3.attention.output.LayerNorm.gamma': {...}, 'bert.encoder.layer.3.output.LayerNorm.gamma': {...}, 'bert.encoder.layer.4.attention.output.LayerNorm.gamma': {...}, 'bert.encoder.layer.4.output.LayerNorm.gamma': {...}, 'bert.encoder.layer.5.attention.output.LayerNorm.gamma': {...}, 'bert.encoder.layer.5.output.LayerNorm.gamma': {...}, 'bert.encoder.layer.6.attention.output.LayerNorm.gamma': {...}, 'bert.encoder.layer.6.output.LayerNorm.gamma': {...}, 'bert.encoder.layer.7.attention.output.LayerNorm.gamma': {...}, 'bert.encoder.layer.7.output.LayerNorm.gamma': {...}, 'bert.encoder.layer.8.attention.output.LayerNorm.gamma': {...}, 'bert.encoder.layer.8.output.LayerNorm.gamma': {...}, 'bert.encoder.layer.9.attention.output.LayerNorm.gamma': {...}, 'bert.encoder.layer.9.output.LayerNorm.gamma': {...}, 'cls.predictions.transform.LayerNorm.gamma': {...}}`
* `bert.encoder.layer.4.output.LayerNorm.gamma` -> `{'bert.embeddings.LayerNorm.gamma': 'bert.embeddings.LayerNorm.weight', 'bert.encoder.layer.0.attention.output.LayerNorm.gamma': {...}, 'bert.encoder.layer.0.output.LayerNorm.gamma': {...}, 'bert.encoder.layer.1.attention.output.LayerNorm.gamma': {...}, 'bert.encoder.layer.1.output.LayerNorm.gamma': {...}, 'bert.encoder.layer.10.attention.output.LayerNorm.gamma': {...}, 'bert.encoder.layer.10.output.LayerNorm.gamma': {...}, 'bert.encoder.layer.11.attention.output.LayerNorm.gamma': {...}, 'bert.encoder.layer.11.output.LayerNorm.gamma': {...}, 'bert.encoder.layer.2.attention.output.LayerNorm.gamma': {...}, 'bert.encoder.layer.2.output.LayerNorm.gamma': {...}, 'bert.encoder.layer.3.attention.output.LayerNorm.gamma': {...}, 'bert.encoder.layer.3.output.LayerNorm.gamma': {...}, 'bert.encoder.layer.4.attention.output.LayerNorm.gamma': {...}, 'bert.encoder.layer.4.output.LayerNorm.gamma': {...}, 'bert.encoder.layer.5.attention.output.LayerNorm.gamma': {...}, 'bert.encoder.layer.5.output.LayerNorm.gamma': {...}, 'bert.encoder.layer.6.attention.output.LayerNorm.gamma': {...}, 'bert.encoder.layer.6.output.LayerNorm.gamma': {...}, 'bert.encoder.layer.7.attention.output.LayerNorm.gamma': {...}, 'bert.encoder.layer.7.output.LayerNorm.gamma': {...}, 'bert.encoder.layer.8.attention.output.LayerNorm.gamma': {...}, 'bert.encoder.layer.8.output.LayerNorm.gamma': {...}, 'bert.encoder.layer.9.attention.output.LayerNorm.gamma': {...}, 'bert.encoder.layer.9.output.LayerNorm.gamma': {...}, 'cls.predictions.transform.LayerNorm.gamma': {...}}`
* `bert.encoder.layer.5.attention.output.LayerNorm.gamma` -> `{'bert.embeddings.LayerNorm.gamma': 'bert.embeddings.LayerNorm.weight', 'bert.encoder.layer.0.attention.output.LayerNorm.gamma': {...}, 'bert.encoder.layer.0.output.LayerNorm.gamma': {...}, 'bert.encoder.layer.1.attention.output.LayerNorm.gamma': {...}, 'bert.encoder.layer.1.output.LayerNorm.gamma': {...}, 'bert.encoder.layer.10.attention.output.LayerNorm.gamma': {...}, 'bert.encoder.layer.10.output.LayerNorm.gamma': {...}, 'bert.encoder.layer.11.attention.output.LayerNorm.gamma': {...}, 'bert.encoder.layer.11.output.LayerNorm.gamma': {...}, 'bert.encoder.layer.2.attention.output.LayerNorm.gamma': {...}, 'bert.encoder.layer.2.output.LayerNorm.gamma': {...}, 'bert.encoder.layer.3.attention.output.LayerNorm.gamma': {...}, 'bert.encoder.layer.3.output.LayerNorm.gamma': {...}, 'bert.encoder.layer.4.attention.output.LayerNorm.gamma': {...}, 'bert.encoder.layer.4.output.LayerNorm.gamma': {...}, 'bert.encoder.layer.5.attention.output.LayerNorm.gamma': {...}, 'bert.encoder.layer.5.output.LayerNorm.gamma': {...}, 'bert.encoder.layer.6.attention.output.LayerNorm.gamma': {...}, 'bert.encoder.layer.6.output.LayerNorm.gamma': {...}, 'bert.encoder.layer.7.attention.output.LayerNorm.gamma': {...}, 'bert.encoder.layer.7.output.LayerNorm.gamma': {...}, 'bert.encoder.layer.8.attention.output.LayerNorm.gamma': {...}, 'bert.encoder.layer.8.output.LayerNorm.gamma': {...}, 'bert.encoder.layer.9.attention.output.LayerNorm.gamma': {...}, 'bert.encoder.layer.9.output.LayerNorm.gamma': {...}, 'cls.predictions.transform.LayerNorm.gamma': {...}}`
* `bert.encoder.layer.5.output.LayerNorm.gamma` -> `{'bert.embeddings.LayerNorm.gamma': 'bert.embeddings.LayerNorm.weight', 'bert.encoder.layer.0.attention.output.LayerNorm.gamma': {...}, 'bert.encoder.layer.0.output.LayerNorm.gamma': {...}, 'bert.encoder.layer.1.attention.output.LayerNorm.gamma': {...}, 'bert.encoder.layer.1.output.LayerNorm.gamma': {...}, 'bert.encoder.layer.10.attention.output.LayerNorm.gamma': {...}, 'bert.encoder.layer.10.output.LayerNorm.gamma': {...}, 'bert.encoder.layer.11.attention.output.LayerNorm.gamma': {...}, 'bert.encoder.layer.11.output.LayerNorm.gamma': {...}, 'bert.encoder.layer.2.attention.output.LayerNorm.gamma': {...}, 'bert.encoder.layer.2.output.LayerNorm.gamma': {...}, 'bert.encoder.layer.3.attention.output.LayerNorm.gamma': {...}, 'bert.encoder.layer.3.output.LayerNorm.gamma': {...}, 'bert.encoder.layer.4.attention.output.LayerNorm.gamma': {...}, 'bert.encoder.layer.4.output.LayerNorm.gamma': {...}, 'bert.encoder.layer.5.attention.output.LayerNorm.gamma': {...}, 'bert.encoder.layer.5.output.LayerNorm.gamma': {...}, 'bert.encoder.layer.6.attention.output.LayerNorm.gamma': {...}, 'bert.encoder.layer.6.output.LayerNorm.gamma': {...}, 'bert.encoder.layer.7.attention.output.LayerNorm.gamma': {...}, 'bert.encoder.layer.7.output.LayerNorm.gamma': {...}, 'bert.encoder.layer.8.attention.output.LayerNorm.gamma': {...}, 'bert.encoder.layer.8.output.LayerNorm.gamma': {...}, 'bert.encoder.layer.9.attention.output.LayerNorm.gamma': {...}, 'bert.encoder.layer.9.output.LayerNorm.gamma': {...}, 'cls.predictions.transform.LayerNorm.gamma': {...}}`
* `bert.encoder.layer.6.attention.output.LayerNorm.gamma` -> `{'bert.embeddings.LayerNorm.gamma': 'bert.embeddings.LayerNorm.weight', 'bert.encoder.layer.0.attention.output.LayerNorm.gamma': {...}, 'bert.encoder.layer.0.output.LayerNorm.gamma': {...}, 'bert.encoder.layer.1.attention.output.LayerNorm.gamma': {...}, 'bert.encoder.layer.1.output.LayerNorm.gamma': {...}, 'bert.encoder.layer.10.attention.output.LayerNorm.gamma': {...}, 'bert.encoder.layer.10.output.LayerNorm.gamma': {...}, 'bert.encoder.layer.11.attention.output.LayerNorm.gamma': {...}, 'bert.encoder.layer.11.output.LayerNorm.gamma': {...}, 'bert.encoder.layer.2.attention.output.LayerNorm.gamma': {...}, 'bert.encoder.layer.2.output.LayerNorm.gamma': {...}, 'bert.encoder.layer.3.attention.output.LayerNorm.gamma': {...}, 'bert.encoder.layer.3.output.LayerNorm.gamma': {...}, 'bert.encoder.layer.4.attention.output.LayerNorm.gamma': {...}, 'bert.encoder.layer.4.output.LayerNorm.gamma': {...}, 'bert.encoder.layer.5.attention.output.LayerNorm.gamma': {...}, 'bert.encoder.layer.5.output.LayerNorm.gamma': {...}, 'bert.encoder.layer.6.attention.output.LayerNorm.gamma': {...}, 'bert.encoder.layer.6.output.LayerNorm.gamma': {...}, 'bert.encoder.layer.7.attention.output.LayerNorm.gamma': {...}, 'bert.encoder.layer.7.output.LayerNorm.gamma': {...}, 'bert.encoder.layer.8.attention.output.LayerNorm.gamma': {...}, 'bert.encoder.layer.8.output.LayerNorm.gamma': {...}, 'bert.encoder.layer.9.attention.output.LayerNorm.gamma': {...}, 'bert.encoder.layer.9.output.LayerNorm.gamma': {...}, 'cls.predictions.transform.LayerNorm.gamma': {...}}`
* `bert.encoder.layer.6.output.LayerNorm.gamma` -> `{'bert.embeddings.LayerNorm.gamma': 'bert.embeddings.LayerNorm.weight', 'bert.encoder.layer.0.attention.output.LayerNorm.gamma': {...}, 'bert.encoder.layer.0.output.LayerNorm.gamma': {...}, 'bert.encoder.layer.1.attention.output.LayerNorm.gamma': {...}, 'bert.encoder.layer.1.output.LayerNorm.gamma': {...}, 'bert.encoder.layer.10.attention.output.LayerNorm.gamma': {...}, 'bert.encoder.layer.10.output.LayerNorm.gamma': {...}, 'bert.encoder.layer.11.attention.output.LayerNorm.gamma': {...}, 'bert.encoder.layer.11.output.LayerNorm.gamma': {...}, 'bert.encoder.layer.2.attention.output.LayerNorm.gamma': {...}, 'bert.encoder.layer.2.output.LayerNorm.gamma': {...}, 'bert.encoder.layer.3.attention.output.LayerNorm.gamma': {...}, 'bert.encoder.layer.3.output.LayerNorm.gamma': {...}, 'bert.encoder.layer.4.attention.output.LayerNorm.gamma': {...}, 'bert.encoder.layer.4.output.LayerNorm.gamma': {...}, 'bert.encoder.layer.5.attention.output.LayerNorm.gamma': {...}, 'bert.encoder.layer.5.output.LayerNorm.gamma': {...}, 'bert.encoder.layer.6.attention.output.LayerNorm.gamma': {...}, 'bert.encoder.layer.6.output.LayerNorm.gamma': {...}, 'bert.encoder.layer.7.attention.output.LayerNorm.gamma': {...}, 'bert.encoder.layer.7.output.LayerNorm.gamma': {...}, 'bert.encoder.layer.8.attention.output.LayerNorm.gamma': {...}, 'bert.encoder.layer.8.output.LayerNorm.gamma': {...}, 'bert.encoder.layer.9.attention.output.LayerNorm.gamma': {...}, 'bert.encoder.layer.9.output.LayerNorm.gamma': {...}, 'cls.predictions.transform.LayerNorm.gamma': {...}}`
* `bert.encoder.layer.7.attention.output.LayerNorm.gamma` -> `{'bert.embeddings.LayerNorm.gamma': 'bert.embeddings.LayerNorm.weight', 'bert.encoder.layer.0.attention.output.LayerNorm.gamma': {...}, 'bert.encoder.layer.0.output.LayerNorm.gamma': {...}, 'bert.encoder.layer.1.attention.output.LayerNorm.gamma': {...}, 'bert.encoder.layer.1.output.LayerNorm.gamma': {...}, 'bert.encoder.layer.10.attention.output.LayerNorm.gamma': {...}, 'bert.encoder.layer.10.output.LayerNorm.gamma': {...}, 'bert.encoder.layer.11.attention.output.LayerNorm.gamma': {...}, 'bert.encoder.layer.11.output.LayerNorm.gamma': {...}, 'bert.encoder.layer.2.attention.output.LayerNorm.gamma': {...}, 'bert.encoder.layer.2.output.LayerNorm.gamma': {...}, 'bert.encoder.layer.3.attention.output.LayerNorm.gamma': {...}, 'bert.encoder.layer.3.output.LayerNorm.gamma': {...}, 'bert.encoder.layer.4.attention.output.LayerNorm.gamma': {...}, 'bert.encoder.layer.4.output.LayerNorm.gamma': {...}, 'bert.encoder.layer.5.attention.output.LayerNorm.gamma': {...}, 'bert.encoder.layer.5.output.LayerNorm.gamma': {...}, 'bert.encoder.layer.6.attention.output.LayerNorm.gamma': {...}, 'bert.encoder.layer.6.output.LayerNorm.gamma': {...}, 'bert.encoder.layer.7.attention.output.LayerNorm.gamma': {...}, 'bert.encoder.layer.7.output.LayerNorm.gamma': {...}, 'bert.encoder.layer.8.attention.output.LayerNorm.gamma': {...}, 'bert.encoder.layer.8.output.LayerNorm.gamma': {...}, 'bert.encoder.layer.9.attention.output.LayerNorm.gamma': {...}, 'bert.encoder.layer.9.output.LayerNorm.gamma': {...}, 'cls.predictions.transform.LayerNorm.gamma': {...}}`
* `bert.encoder.layer.7.output.LayerNorm.gamma` -> `{'bert.embeddings.LayerNorm.gamma': 'bert.embeddings.LayerNorm.weight', 'bert.encoder.layer.0.attention.output.LayerNorm.gamma': {...}, 'bert.encoder.layer.0.output.LayerNorm.gamma': {...}, 'bert.encoder.layer.1.attention.output.LayerNorm.gamma': {...}, 'bert.encoder.layer.1.output.LayerNorm.gamma': {...}, 'bert.encoder.layer.10.attention.output.LayerNorm.gamma': {...}, 'bert.encoder.layer.10.output.LayerNorm.gamma': {...}, 'bert.encoder.layer.11.attention.output.LayerNorm.gamma': {...}, 'bert.encoder.layer.11.output.LayerNorm.gamma': {...}, 'bert.encoder.layer.2.attention.output.LayerNorm.gamma': {...}, 'bert.encoder.layer.2.output.LayerNorm.gamma': {...}, 'bert.encoder.layer.3.attention.output.LayerNorm.gamma': {...}, 'bert.encoder.layer.3.output.LayerNorm.gamma': {...}, 'bert.encoder.layer.4.attention.output.LayerNorm.gamma': {...}, 'bert.encoder.layer.4.output.LayerNorm.gamma': {...}, 'bert.encoder.layer.5.attention.output.LayerNorm.gamma': {...}, 'bert.encoder.layer.5.output.LayerNorm.gamma': {...}, 'bert.encoder.layer.6.attention.output.LayerNorm.gamma': {...}, 'bert.encoder.layer.6.output.LayerNorm.gamma': {...}, 'bert.encoder.layer.7.attention.output.LayerNorm.gamma': {...}, 'bert.encoder.layer.7.output.LayerNorm.gamma': {...}, 'bert.encoder.layer.8.attention.output.LayerNorm.gamma': {...}, 'bert.encoder.layer.8.output.LayerNorm.gamma': {...}, 'bert.encoder.layer.9.attention.output.LayerNorm.gamma': {...}, 'bert.encoder.layer.9.output.LayerNorm.gamma': {...}, 'cls.predictions.transform.LayerNorm.gamma': {...}}`
* `bert.encoder.layer.8.attention.output.LayerNorm.gamma` -> `{'bert.embeddings.LayerNorm.gamma': 'bert.embeddings.LayerNorm.weight', 'bert.encoder.layer.0.attention.output.LayerNorm.gamma': {...}, 'bert.encoder.layer.0.output.LayerNorm.gamma': {...}, 'bert.encoder.layer.1.attention.output.LayerNorm.gamma': {...}, 'bert.encoder.layer.1.output.LayerNorm.gamma': {...}, 'bert.encoder.layer.10.attention.output.LayerNorm.gamma': {...}, 'bert.encoder.layer.10.output.LayerNorm.gamma': {...}, 'bert.encoder.layer.11.attention.output.LayerNorm.gamma': {...}, 'bert.encoder.layer.11.output.LayerNorm.gamma': {...}, 'bert.encoder.layer.2.attention.output.LayerNorm.gamma': {...}, 'bert.encoder.layer.2.output.LayerNorm.gamma': {...}, 'bert.encoder.layer.3.attention.output.LayerNorm.gamma': {...}, 'bert.encoder.layer.3.output.LayerNorm.gamma': {...}, 'bert.encoder.layer.4.attention.output.LayerNorm.gamma': {...}, 'bert.encoder.layer.4.output.LayerNorm.gamma': {...}, 'bert.encoder.layer.5.attention.output.LayerNorm.gamma': {...}, 'bert.encoder.layer.5.output.LayerNorm.gamma': {...}, 'bert.encoder.layer.6.attention.output.LayerNorm.gamma': {...}, 'bert.encoder.layer.6.output.LayerNorm.gamma': {...}, 'bert.encoder.layer.7.attention.output.LayerNorm.gamma': {...}, 'bert.encoder.layer.7.output.LayerNorm.gamma': {...}, 'bert.encoder.layer.8.attention.output.LayerNorm.gamma': {...}, 'bert.encoder.layer.8.output.LayerNorm.gamma': {...}, 'bert.encoder.layer.9.attention.output.LayerNorm.gamma': {...}, 'bert.encoder.layer.9.output.LayerNorm.gamma': {...}, 'cls.predictions.transform.LayerNorm.gamma': {...}}`
* `bert.encoder.layer.8.output.LayerNorm.gamma` -> `{'bert.embeddings.LayerNorm.gamma': 'bert.embeddings.LayerNorm.weight', 'bert.encoder.layer.0.attention.output.LayerNorm.gamma': {...}, 'bert.encoder.layer.0.output.LayerNorm.gamma': {...}, 'bert.encoder.layer.1.attention.output.LayerNorm.gamma': {...}, 'bert.encoder.layer.1.output.LayerNorm.gamma': {...}, 'bert.encoder.layer.10.attention.output.LayerNorm.gamma': {...}, 'bert.encoder.layer.10.output.LayerNorm.gamma': {...}, 'bert.encoder.layer.11.attention.output.LayerNorm.gamma': {...}, 'bert.encoder.layer.11.output.LayerNorm.gamma': {...}, 'bert.encoder.layer.2.attention.output.LayerNorm.gamma': {...}, 'bert.encoder.layer.2.output.LayerNorm.gamma': {...}, 'bert.encoder.layer.3.attention.output.LayerNorm.gamma': {...}, 'bert.encoder.layer.3.output.LayerNorm.gamma': {...}, 'bert.encoder.layer.4.attention.output.LayerNorm.gamma': {...}, 'bert.encoder.layer.4.output.LayerNorm.gamma': {...}, 'bert.encoder.layer.5.attention.output.LayerNorm.gamma': {...}, 'bert.encoder.layer.5.output.LayerNorm.gamma': {...}, 'bert.encoder.layer.6.attention.output.LayerNorm.gamma': {...}, 'bert.encoder.layer.6.output.LayerNorm.gamma': {...}, 'bert.encoder.layer.7.attention.output.LayerNorm.gamma': {...}, 'bert.encoder.layer.7.output.LayerNorm.gamma': {...}, 'bert.encoder.layer.8.attention.output.LayerNorm.gamma': {...}, 'bert.encoder.layer.8.output.LayerNorm.gamma': {...}, 'bert.encoder.layer.9.attention.output.LayerNorm.gamma': {...}, 'bert.encoder.layer.9.output.LayerNorm.gamma': {...}, 'cls.predictions.transform.LayerNorm.gamma': {...}}`
* `bert.encoder.layer.9.attention.output.LayerNorm.gamma` -> `{'bert.embeddings.LayerNorm.gamma': 'bert.embeddings.LayerNorm.weight', 'bert.encoder.layer.0.attention.output.LayerNorm.gamma': {...}, 'bert.encoder.layer.0.output.LayerNorm.gamma': {...}, 'bert.encoder.layer.1.attention.output.LayerNorm.gamma': {...}, 'bert.encoder.layer.1.output.LayerNorm.gamma': {...}, 'bert.encoder.layer.10.attention.output.LayerNorm.gamma': {...}, 'bert.encoder.layer.10.output.LayerNorm.gamma': {...}, 'bert.encoder.layer.11.attention.output.LayerNorm.gamma': {...}, 'bert.encoder.layer.11.output.LayerNorm.gamma': {...}, 'bert.encoder.layer.2.attention.output.LayerNorm.gamma': {...}, 'bert.encoder.layer.2.output.LayerNorm.gamma': {...}, 'bert.encoder.layer.3.attention.output.LayerNorm.gamma': {...}, 'bert.encoder.layer.3.output.LayerNorm.gamma': {...}, 'bert.encoder.layer.4.attention.output.LayerNorm.gamma': {...}, 'bert.encoder.layer.4.output.LayerNorm.gamma': {...}, 'bert.encoder.layer.5.attention.output.LayerNorm.gamma': {...}, 'bert.encoder.layer.5.output.LayerNorm.gamma': {...}, 'bert.encoder.layer.6.attention.output.LayerNorm.gamma': {...}, 'bert.encoder.layer.6.output.LayerNorm.gamma': {...}, 'bert.encoder.layer.7.attention.output.LayerNorm.gamma': {...}, 'bert.encoder.layer.7.output.LayerNorm.gamma': {...}, 'bert.encoder.layer.8.attention.output.LayerNorm.gamma': {...}, 'bert.encoder.layer.8.output.LayerNorm.gamma': {...}, 'bert.encoder.layer.9.attention.output.LayerNorm.gamma': {...}, 'bert.encoder.layer.9.output.LayerNorm.gamma': {...}, 'cls.predictions.transform.LayerNorm.gamma': {...}}`
* `bert.encoder.layer.9.output.LayerNorm.gamma` -> `{'bert.embeddings.LayerNorm.gamma': 'bert.embeddings.LayerNorm.weight', 'bert.encoder.layer.0.attention.output.LayerNorm.gamma': {...}, 'bert.encoder.layer.0.output.LayerNorm.gamma': {...}, 'bert.encoder.layer.1.attention.output.LayerNorm.gamma': {...}, 'bert.encoder.layer.1.output.LayerNorm.gamma': {...}, 'bert.encoder.layer.10.attention.output.LayerNorm.gamma': {...}, 'bert.encoder.layer.10.output.LayerNorm.gamma': {...}, 'bert.encoder.layer.11.attention.output.LayerNorm.gamma': {...}, 'bert.encoder.layer.11.output.LayerNorm.gamma': {...}, 'bert.encoder.layer.2.attention.output.LayerNorm.gamma': {...}, 'bert.encoder.layer.2.output.LayerNorm.gamma': {...}, 'bert.encoder.layer.3.attention.output.LayerNorm.gamma': {...}, 'bert.encoder.layer.3.output.LayerNorm.gamma': {...}, 'bert.encoder.layer.4.attention.output.LayerNorm.gamma': {...}, 'bert.encoder.layer.4.output.LayerNorm.gamma': {...}, 'bert.encoder.layer.5.attention.output.LayerNorm.gamma': {...}, 'bert.encoder.layer.5.output.LayerNorm.gamma': {...}, 'bert.encoder.layer.6.attention.output.LayerNorm.gamma': {...}, 'bert.encoder.layer.6.output.LayerNorm.gamma': {...}, 'bert.encoder.layer.7.attention.output.LayerNorm.gamma': {...}, 'bert.encoder.layer.7.output.LayerNorm.gamma': {...}, 'bert.encoder.layer.8.attention.output.LayerNorm.gamma': {...}, 'bert.encoder.layer.8.output.LayerNorm.gamma': {...}, 'bert.encoder.layer.9.attention.output.LayerNorm.gamma': {...}, 'bert.encoder.layer.9.output.LayerNorm.gamma': {...}, 'cls.predictions.transform.LayerNorm.gamma': {...}}`
* `cls.predictions.transform.LayerNorm.gamma` -> `{'bert.embeddings.LayerNorm.gamma': 'bert.embeddings.LayerNorm.weight', 'bert.encoder.layer.0.attention.output.LayerNorm.gamma': {...}, 'bert.encoder.layer.0.output.LayerNorm.gamma': {...}, 'bert.encoder.layer.1.attention.output.LayerNorm.gamma': {...}, 'bert.encoder.layer.1.output.LayerNorm.gamma': {...}, 'bert.encoder.layer.10.attention.output.LayerNorm.gamma': {...}, 'bert.encoder.layer.10.output.LayerNorm.gamma': {...}, 'bert.encoder.layer.11.attention.output.LayerNorm.gamma': {...}, 'bert.encoder.layer.11.output.LayerNorm.gamma': {...}, 'bert.encoder.layer.2.attention.output.LayerNorm.gamma': {...}, 'bert.encoder.layer.2.output.LayerNorm.gamma': {...}, 'bert.encoder.layer.3.attention.output.LayerNorm.gamma': {...}, 'bert.encoder.layer.3.output.LayerNorm.gamma': {...}, 'bert.encoder.layer.4.attention.output.LayerNorm.gamma': {...}, 'bert.encoder.layer.4.output.LayerNorm.gamma': {...}, 'bert.encoder.layer.5.attention.output.LayerNorm.gamma': {...}, 'bert.encoder.layer.5.output.LayerNorm.gamma': {...}, 'bert.encoder.layer.6.attention.output.LayerNorm.gamma': {...}, 'bert.encoder.layer.6.output.LayerNorm.gamma': {...}, 'bert.encoder.layer.7.attention.output.LayerNorm.gamma': {...}, 'bert.encoder.layer.7.output.LayerNorm.gamma': {...}, 'bert.encoder.layer.8.attention.output.LayerNorm.gamma': {...}, 'bert.encoder.layer.8.output.LayerNorm.gamma': {...}, 'bert.encoder.layer.9.attention.output.LayerNorm.gamma': {...}, 'bert.encoder.layer.9.output.LayerNorm.gamma': {...}, 'cls.predictions.transform.LayerNorm.gamma': {...}}`
* `bert.embeddings.LayerNorm.beta` -> `bert.embeddings.LayerNorm.bias`
* `bert.encoder.layer.0.attention.output.LayerNorm.beta` -> `{'bert.embeddings.LayerNorm.beta': 'bert.embeddings.LayerNorm.bias', 'bert.encoder.layer.0.attention.output.LayerNorm.beta': {...}, 'bert.encoder.layer.0.output.LayerNorm.beta': {...}, 'bert.encoder.layer.1.attention.output.LayerNorm.beta': {...}, 'bert.encoder.layer.1.output.LayerNorm.beta': {...}, 'bert.encoder.layer.10.attention.output.LayerNorm.beta': {...}, 'bert.encoder.layer.10.output.LayerNorm.beta': {...}, 'bert.encoder.layer.11.attention.output.LayerNorm.beta': {...}, 'bert.encoder.layer.11.output.LayerNorm.beta': {...}, 'bert.encoder.layer.2.attention.output.LayerNorm.beta': {...}, 'bert.encoder.layer.2.output.LayerNorm.beta': {...}, 'bert.encoder.layer.3.attention.output.LayerNorm.beta': {...}, 'bert.encoder.layer.3.output.LayerNorm.beta': {...}, 'bert.encoder.layer.4.attention.output.LayerNorm.beta': {...}, 'bert.encoder.layer.4.output.LayerNorm.beta': {...}, 'bert.encoder.layer.5.attention.output.LayerNorm.beta': {...}, 'bert.encoder.layer.5.output.LayerNorm.beta': {...}, 'bert.encoder.layer.6.attention.output.LayerNorm.beta': {...}, 'bert.encoder.layer.6.output.LayerNorm.beta': {...}, 'bert.encoder.layer.7.attention.output.LayerNorm.beta': {...}, 'bert.encoder.layer.7.output.LayerNorm.beta': {...}, 'bert.encoder.layer.8.attention.output.LayerNorm.beta': {...}, 'bert.encoder.layer.8.output.LayerNorm.beta': {...}, 'bert.encoder.layer.9.attention.output.LayerNorm.beta': {...}, 'bert.encoder.layer.9.output.LayerNorm.beta': {...}, 'cls.predictions.transform.LayerNorm.beta': {...}}`
* `bert.encoder.layer.0.output.LayerNorm.beta` -> `{'bert.embeddings.LayerNorm.beta': 'bert.embeddings.LayerNorm.bias', 'bert.encoder.layer.0.attention.output.LayerNorm.beta': {...}, 'bert.encoder.layer.0.output.LayerNorm.beta': {...}, 'bert.encoder.layer.1.attention.output.LayerNorm.beta': {...}, 'bert.encoder.layer.1.output.LayerNorm.beta': {...}, 'bert.encoder.layer.10.attention.output.LayerNorm.beta': {...}, 'bert.encoder.layer.10.output.LayerNorm.beta': {...}, 'bert.encoder.layer.11.attention.output.LayerNorm.beta': {...}, 'bert.encoder.layer.11.output.LayerNorm.beta': {...}, 'bert.encoder.layer.2.attention.output.LayerNorm.beta': {...}, 'bert.encoder.layer.2.output.LayerNorm.beta': {...}, 'bert.encoder.layer.3.attention.output.LayerNorm.beta': {...}, 'bert.encoder.layer.3.output.LayerNorm.beta': {...}, 'bert.encoder.layer.4.attention.output.LayerNorm.beta': {...}, 'bert.encoder.layer.4.output.LayerNorm.beta': {...}, 'bert.encoder.layer.5.attention.output.LayerNorm.beta': {...}, 'bert.encoder.layer.5.output.LayerNorm.beta': {...}, 'bert.encoder.layer.6.attention.output.LayerNorm.beta': {...}, 'bert.encoder.layer.6.output.LayerNorm.beta': {...}, 'bert.encoder.layer.7.attention.output.LayerNorm.beta': {...}, 'bert.encoder.layer.7.output.LayerNorm.beta': {...}, 'bert.encoder.layer.8.attention.output.LayerNorm.beta': {...}, 'bert.encoder.layer.8.output.LayerNorm.beta': {...}, 'bert.encoder.layer.9.attention.output.LayerNorm.beta': {...}, 'bert.encoder.layer.9.output.LayerNorm.beta': {...}, 'cls.predictions.transform.LayerNorm.beta': {...}}`
* `bert.encoder.layer.1.attention.output.LayerNorm.beta` -> `{'bert.embeddings.LayerNorm.beta': 'bert.embeddings.LayerNorm.bias', 'bert.encoder.layer.0.attention.output.LayerNorm.beta': {...}, 'bert.encoder.layer.0.output.LayerNorm.beta': {...}, 'bert.encoder.layer.1.attention.output.LayerNorm.beta': {...}, 'bert.encoder.layer.1.output.LayerNorm.beta': {...}, 'bert.encoder.layer.10.attention.output.LayerNorm.beta': {...}, 'bert.encoder.layer.10.output.LayerNorm.beta': {...}, 'bert.encoder.layer.11.attention.output.LayerNorm.beta': {...}, 'bert.encoder.layer.11.output.LayerNorm.beta': {...}, 'bert.encoder.layer.2.attention.output.LayerNorm.beta': {...}, 'bert.encoder.layer.2.output.LayerNorm.beta': {...}, 'bert.encoder.layer.3.attention.output.LayerNorm.beta': {...}, 'bert.encoder.layer.3.output.LayerNorm.beta': {...}, 'bert.encoder.layer.4.attention.output.LayerNorm.beta': {...}, 'bert.encoder.layer.4.output.LayerNorm.beta': {...}, 'bert.encoder.layer.5.attention.output.LayerNorm.beta': {...}, 'bert.encoder.layer.5.output.LayerNorm.beta': {...}, 'bert.encoder.layer.6.attention.output.LayerNorm.beta': {...}, 'bert.encoder.layer.6.output.LayerNorm.beta': {...}, 'bert.encoder.layer.7.attention.output.LayerNorm.beta': {...}, 'bert.encoder.layer.7.output.LayerNorm.beta': {...}, 'bert.encoder.layer.8.attention.output.LayerNorm.beta': {...}, 'bert.encoder.layer.8.output.LayerNorm.beta': {...}, 'bert.encoder.layer.9.attention.output.LayerNorm.beta': {...}, 'bert.encoder.layer.9.output.LayerNorm.beta': {...}, 'cls.predictions.transform.LayerNorm.beta': {...}}`
* `bert.encoder.layer.1.output.LayerNorm.beta` -> `{'bert.embeddings.LayerNorm.beta': 'bert.embeddings.LayerNorm.bias', 'bert.encoder.layer.0.attention.output.LayerNorm.beta': {...}, 'bert.encoder.layer.0.output.LayerNorm.beta': {...}, 'bert.encoder.layer.1.attention.output.LayerNorm.beta': {...}, 'bert.encoder.layer.1.output.LayerNorm.beta': {...}, 'bert.encoder.layer.10.attention.output.LayerNorm.beta': {...}, 'bert.encoder.layer.10.output.LayerNorm.beta': {...}, 'bert.encoder.layer.11.attention.output.LayerNorm.beta': {...}, 'bert.encoder.layer.11.output.LayerNorm.beta': {...}, 'bert.encoder.layer.2.attention.output.LayerNorm.beta': {...}, 'bert.encoder.layer.2.output.LayerNorm.beta': {...}, 'bert.encoder.layer.3.attention.output.LayerNorm.beta': {...}, 'bert.encoder.layer.3.output.LayerNorm.beta': {...}, 'bert.encoder.layer.4.attention.output.LayerNorm.beta': {...}, 'bert.encoder.layer.4.output.LayerNorm.beta': {...}, 'bert.encoder.layer.5.attention.output.LayerNorm.beta': {...}, 'bert.encoder.layer.5.output.LayerNorm.beta': {...}, 'bert.encoder.layer.6.attention.output.LayerNorm.beta': {...}, 'bert.encoder.layer.6.output.LayerNorm.beta': {...}, 'bert.encoder.layer.7.attention.output.LayerNorm.beta': {...}, 'bert.encoder.layer.7.output.LayerNorm.beta': {...}, 'bert.encoder.layer.8.attention.output.LayerNorm.beta': {...}, 'bert.encoder.layer.8.output.LayerNorm.beta': {...}, 'bert.encoder.layer.9.attention.output.LayerNorm.beta': {...}, 'bert.encoder.layer.9.output.LayerNorm.beta': {...}, 'cls.predictions.transform.LayerNorm.beta': {...}}`
* `bert.encoder.layer.10.attention.output.LayerNorm.beta` -> `{'bert.embeddings.LayerNorm.beta': 'bert.embeddings.LayerNorm.bias', 'bert.encoder.layer.0.attention.output.LayerNorm.beta': {...}, 'bert.encoder.layer.0.output.LayerNorm.beta': {...}, 'bert.encoder.layer.1.attention.output.LayerNorm.beta': {...}, 'bert.encoder.layer.1.output.LayerNorm.beta': {...}, 'bert.encoder.layer.10.attention.output.LayerNorm.beta': {...}, 'bert.encoder.layer.10.output.LayerNorm.beta': {...}, 'bert.encoder.layer.11.attention.output.LayerNorm.beta': {...}, 'bert.encoder.layer.11.output.LayerNorm.beta': {...}, 'bert.encoder.layer.2.attention.output.LayerNorm.beta': {...}, 'bert.encoder.layer.2.output.LayerNorm.beta': {...}, 'bert.encoder.layer.3.attention.output.LayerNorm.beta': {...}, 'bert.encoder.layer.3.output.LayerNorm.beta': {...}, 'bert.encoder.layer.4.attention.output.LayerNorm.beta': {...}, 'bert.encoder.layer.4.output.LayerNorm.beta': {...}, 'bert.encoder.layer.5.attention.output.LayerNorm.beta': {...}, 'bert.encoder.layer.5.output.LayerNorm.beta': {...}, 'bert.encoder.layer.6.attention.output.LayerNorm.beta': {...}, 'bert.encoder.layer.6.output.LayerNorm.beta': {...}, 'bert.encoder.layer.7.attention.output.LayerNorm.beta': {...}, 'bert.encoder.layer.7.output.LayerNorm.beta': {...}, 'bert.encoder.layer.8.attention.output.LayerNorm.beta': {...}, 'bert.encoder.layer.8.output.LayerNorm.beta': {...}, 'bert.encoder.layer.9.attention.output.LayerNorm.beta': {...}, 'bert.encoder.layer.9.output.LayerNorm.beta': {...}, 'cls.predictions.transform.LayerNorm.beta': {...}}`
* `bert.encoder.layer.10.output.LayerNorm.beta` -> `{'bert.embeddings.LayerNorm.beta': 'bert.embeddings.LayerNorm.bias', 'bert.encoder.layer.0.attention.output.LayerNorm.beta': {...}, 'bert.encoder.layer.0.output.LayerNorm.beta': {...}, 'bert.encoder.layer.1.attention.output.LayerNorm.beta': {...}, 'bert.encoder.layer.1.output.LayerNorm.beta': {...}, 'bert.encoder.layer.10.attention.output.LayerNorm.beta': {...}, 'bert.encoder.layer.10.output.LayerNorm.beta': {...}, 'bert.encoder.layer.11.attention.output.LayerNorm.beta': {...}, 'bert.encoder.layer.11.output.LayerNorm.beta': {...}, 'bert.encoder.layer.2.attention.output.LayerNorm.beta': {...}, 'bert.encoder.layer.2.output.LayerNorm.beta': {...}, 'bert.encoder.layer.3.attention.output.LayerNorm.beta': {...}, 'bert.encoder.layer.3.output.LayerNorm.beta': {...}, 'bert.encoder.layer.4.attention.output.LayerNorm.beta': {...}, 'bert.encoder.layer.4.output.LayerNorm.beta': {...}, 'bert.encoder.layer.5.attention.output.LayerNorm.beta': {...}, 'bert.encoder.layer.5.output.LayerNorm.beta': {...}, 'bert.encoder.layer.6.attention.output.LayerNorm.beta': {...}, 'bert.encoder.layer.6.output.LayerNorm.beta': {...}, 'bert.encoder.layer.7.attention.output.LayerNorm.beta': {...}, 'bert.encoder.layer.7.output.LayerNorm.beta': {...}, 'bert.encoder.layer.8.attention.output.LayerNorm.beta': {...}, 'bert.encoder.layer.8.output.LayerNorm.beta': {...}, 'bert.encoder.layer.9.attention.output.LayerNorm.beta': {...}, 'bert.encoder.layer.9.output.LayerNorm.beta': {...}, 'cls.predictions.transform.LayerNorm.beta': {...}}`
* `bert.encoder.layer.11.attention.output.LayerNorm.beta` -> `{'bert.embeddings.LayerNorm.beta': 'bert.embeddings.LayerNorm.bias', 'bert.encoder.layer.0.attention.output.LayerNorm.beta': {...}, 'bert.encoder.layer.0.output.LayerNorm.beta': {...}, 'bert.encoder.layer.1.attention.output.LayerNorm.beta': {...}, 'bert.encoder.layer.1.output.LayerNorm.beta': {...}, 'bert.encoder.layer.10.attention.output.LayerNorm.beta': {...}, 'bert.encoder.layer.10.output.LayerNorm.beta': {...}, 'bert.encoder.layer.11.attention.output.LayerNorm.beta': {...}, 'bert.encoder.layer.11.output.LayerNorm.beta': {...}, 'bert.encoder.layer.2.attention.output.LayerNorm.beta': {...}, 'bert.encoder.layer.2.output.LayerNorm.beta': {...}, 'bert.encoder.layer.3.attention.output.LayerNorm.beta': {...}, 'bert.encoder.layer.3.output.LayerNorm.beta': {...}, 'bert.encoder.layer.4.attention.output.LayerNorm.beta': {...}, 'bert.encoder.layer.4.output.LayerNorm.beta': {...}, 'bert.encoder.layer.5.attention.output.LayerNorm.beta': {...}, 'bert.encoder.layer.5.output.LayerNorm.beta': {...}, 'bert.encoder.layer.6.attention.output.LayerNorm.beta': {...}, 'bert.encoder.layer.6.output.LayerNorm.beta': {...}, 'bert.encoder.layer.7.attention.output.LayerNorm.beta': {...}, 'bert.encoder.layer.7.output.LayerNorm.beta': {...}, 'bert.encoder.layer.8.attention.output.LayerNorm.beta': {...}, 'bert.encoder.layer.8.output.LayerNorm.beta': {...}, 'bert.encoder.layer.9.attention.output.LayerNorm.beta': {...}, 'bert.encoder.layer.9.output.LayerNorm.beta': {...}, 'cls.predictions.transform.LayerNorm.beta': {...}}`
* `bert.encoder.layer.11.output.LayerNorm.beta` -> `{'bert.embeddings.LayerNorm.beta': 'bert.embeddings.LayerNorm.bias', 'bert.encoder.layer.0.attention.output.LayerNorm.beta': {...}, 'bert.encoder.layer.0.output.LayerNorm.beta': {...}, 'bert.encoder.layer.1.attention.output.LayerNorm.beta': {...}, 'bert.encoder.layer.1.output.LayerNorm.beta': {...}, 'bert.encoder.layer.10.attention.output.LayerNorm.beta': {...}, 'bert.encoder.layer.10.output.LayerNorm.beta': {...}, 'bert.encoder.layer.11.attention.output.LayerNorm.beta': {...}, 'bert.encoder.layer.11.output.LayerNorm.beta': {...}, 'bert.encoder.layer.2.attention.output.LayerNorm.beta': {...}, 'bert.encoder.layer.2.output.LayerNorm.beta': {...}, 'bert.encoder.layer.3.attention.output.LayerNorm.beta': {...}, 'bert.encoder.layer.3.output.LayerNorm.beta': {...}, 'bert.encoder.layer.4.attention.output.LayerNorm.beta': {...}, 'bert.encoder.layer.4.output.LayerNorm.beta': {...}, 'bert.encoder.layer.5.attention.output.LayerNorm.beta': {...}, 'bert.encoder.layer.5.output.LayerNorm.beta': {...}, 'bert.encoder.layer.6.attention.output.LayerNorm.beta': {...}, 'bert.encoder.layer.6.output.LayerNorm.beta': {...}, 'bert.encoder.layer.7.attention.output.LayerNorm.beta': {...}, 'bert.encoder.layer.7.output.LayerNorm.beta': {...}, 'bert.encoder.layer.8.attention.output.LayerNorm.beta': {...}, 'bert.encoder.layer.8.output.LayerNorm.beta': {...}, 'bert.encoder.layer.9.attention.output.LayerNorm.beta': {...}, 'bert.encoder.layer.9.output.LayerNorm.beta': {...}, 'cls.predictions.transform.LayerNorm.beta': {...}}`
* `bert.encoder.layer.2.attention.output.LayerNorm.beta` -> `{'bert.embeddings.LayerNorm.beta': 'bert.embeddings.LayerNorm.bias', 'bert.encoder.layer.0.attention.output.LayerNorm.beta': {...}, 'bert.encoder.layer.0.output.LayerNorm.beta': {...}, 'bert.encoder.layer.1.attention.output.LayerNorm.beta': {...}, 'bert.encoder.layer.1.output.LayerNorm.beta': {...}, 'bert.encoder.layer.10.attention.output.LayerNorm.beta': {...}, 'bert.encoder.layer.10.output.LayerNorm.beta': {...}, 'bert.encoder.layer.11.attention.output.LayerNorm.beta': {...}, 'bert.encoder.layer.11.output.LayerNorm.beta': {...}, 'bert.encoder.layer.2.attention.output.LayerNorm.beta': {...}, 'bert.encoder.layer.2.output.LayerNorm.beta': {...}, 'bert.encoder.layer.3.attention.output.LayerNorm.beta': {...}, 'bert.encoder.layer.3.output.LayerNorm.beta': {...}, 'bert.encoder.layer.4.attention.output.LayerNorm.beta': {...}, 'bert.encoder.layer.4.output.LayerNorm.beta': {...}, 'bert.encoder.layer.5.attention.output.LayerNorm.beta': {...}, 'bert.encoder.layer.5.output.LayerNorm.beta': {...}, 'bert.encoder.layer.6.attention.output.LayerNorm.beta': {...}, 'bert.encoder.layer.6.output.LayerNorm.beta': {...}, 'bert.encoder.layer.7.attention.output.LayerNorm.beta': {...}, 'bert.encoder.layer.7.output.LayerNorm.beta': {...}, 'bert.encoder.layer.8.attention.output.LayerNorm.beta': {...}, 'bert.encoder.layer.8.output.LayerNorm.beta': {...}, 'bert.encoder.layer.9.attention.output.LayerNorm.beta': {...}, 'bert.encoder.layer.9.output.LayerNorm.beta': {...}, 'cls.predictions.transform.LayerNorm.beta': {...}}`
* `bert.encoder.layer.2.output.LayerNorm.beta` -> `{'bert.embeddings.LayerNorm.beta': 'bert.embeddings.LayerNorm.bias', 'bert.encoder.layer.0.attention.output.LayerNorm.beta': {...}, 'bert.encoder.layer.0.output.LayerNorm.beta': {...}, 'bert.encoder.layer.1.attention.output.LayerNorm.beta': {...}, 'bert.encoder.layer.1.output.LayerNorm.beta': {...}, 'bert.encoder.layer.10.attention.output.LayerNorm.beta': {...}, 'bert.encoder.layer.10.output.LayerNorm.beta': {...}, 'bert.encoder.layer.11.attention.output.LayerNorm.beta': {...}, 'bert.encoder.layer.11.output.LayerNorm.beta': {...}, 'bert.encoder.layer.2.attention.output.LayerNorm.beta': {...}, 'bert.encoder.layer.2.output.LayerNorm.beta': {...}, 'bert.encoder.layer.3.attention.output.LayerNorm.beta': {...}, 'bert.encoder.layer.3.output.LayerNorm.beta': {...}, 'bert.encoder.layer.4.attention.output.LayerNorm.beta': {...}, 'bert.encoder.layer.4.output.LayerNorm.beta': {...}, 'bert.encoder.layer.5.attention.output.LayerNorm.beta': {...}, 'bert.encoder.layer.5.output.LayerNorm.beta': {...}, 'bert.encoder.layer.6.attention.output.LayerNorm.beta': {...}, 'bert.encoder.layer.6.output.LayerNorm.beta': {...}, 'bert.encoder.layer.7.attention.output.LayerNorm.beta': {...}, 'bert.encoder.layer.7.output.LayerNorm.beta': {...}, 'bert.encoder.layer.8.attention.output.LayerNorm.beta': {...}, 'bert.encoder.layer.8.output.LayerNorm.beta': {...}, 'bert.encoder.layer.9.attention.output.LayerNorm.beta': {...}, 'bert.encoder.layer.9.output.LayerNorm.beta': {...}, 'cls.predictions.transform.LayerNorm.beta': {...}}`
* `bert.encoder.layer.3.attention.output.LayerNorm.beta` -> `{'bert.embeddings.LayerNorm.beta': 'bert.embeddings.LayerNorm.bias', 'bert.encoder.layer.0.attention.output.LayerNorm.beta': {...}, 'bert.encoder.layer.0.output.LayerNorm.beta': {...}, 'bert.encoder.layer.1.attention.output.LayerNorm.beta': {...}, 'bert.encoder.layer.1.output.LayerNorm.beta': {...}, 'bert.encoder.layer.10.attention.output.LayerNorm.beta': {...}, 'bert.encoder.layer.10.output.LayerNorm.beta': {...}, 'bert.encoder.layer.11.attention.output.LayerNorm.beta': {...}, 'bert.encoder.layer.11.output.LayerNorm.beta': {...}, 'bert.encoder.layer.2.attention.output.LayerNorm.beta': {...}, 'bert.encoder.layer.2.output.LayerNorm.beta': {...}, 'bert.encoder.layer.3.attention.output.LayerNorm.beta': {...}, 'bert.encoder.layer.3.output.LayerNorm.beta': {...}, 'bert.encoder.layer.4.attention.output.LayerNorm.beta': {...}, 'bert.encoder.layer.4.output.LayerNorm.beta': {...}, 'bert.encoder.layer.5.attention.output.LayerNorm.beta': {...}, 'bert.encoder.layer.5.output.LayerNorm.beta': {...}, 'bert.encoder.layer.6.attention.output.LayerNorm.beta': {...}, 'bert.encoder.layer.6.output.LayerNorm.beta': {...}, 'bert.encoder.layer.7.attention.output.LayerNorm.beta': {...}, 'bert.encoder.layer.7.output.LayerNorm.beta': {...}, 'bert.encoder.layer.8.attention.output.LayerNorm.beta': {...}, 'bert.encoder.layer.8.output.LayerNorm.beta': {...}, 'bert.encoder.layer.9.attention.output.LayerNorm.beta': {...}, 'bert.encoder.layer.9.output.LayerNorm.beta': {...}, 'cls.predictions.transform.LayerNorm.beta': {...}}`
* `bert.encoder.layer.3.output.LayerNorm.beta` -> `{'bert.embeddings.LayerNorm.beta': 'bert.embeddings.LayerNorm.bias', 'bert.encoder.layer.0.attention.output.LayerNorm.beta': {...}, 'bert.encoder.layer.0.output.LayerNorm.beta': {...}, 'bert.encoder.layer.1.attention.output.LayerNorm.beta': {...}, 'bert.encoder.layer.1.output.LayerNorm.beta': {...}, 'bert.encoder.layer.10.attention.output.LayerNorm.beta': {...}, 'bert.encoder.layer.10.output.LayerNorm.beta': {...}, 'bert.encoder.layer.11.attention.output.LayerNorm.beta': {...}, 'bert.encoder.layer.11.output.LayerNorm.beta': {...}, 'bert.encoder.layer.2.attention.output.LayerNorm.beta': {...}, 'bert.encoder.layer.2.output.LayerNorm.beta': {...}, 'bert.encoder.layer.3.attention.output.LayerNorm.beta': {...}, 'bert.encoder.layer.3.output.LayerNorm.beta': {...}, 'bert.encoder.layer.4.attention.output.LayerNorm.beta': {...}, 'bert.encoder.layer.4.output.LayerNorm.beta': {...}, 'bert.encoder.layer.5.attention.output.LayerNorm.beta': {...}, 'bert.encoder.layer.5.output.LayerNorm.beta': {...}, 'bert.encoder.layer.6.attention.output.LayerNorm.beta': {...}, 'bert.encoder.layer.6.output.LayerNorm.beta': {...}, 'bert.encoder.layer.7.attention.output.LayerNorm.beta': {...}, 'bert.encoder.layer.7.output.LayerNorm.beta': {...}, 'bert.encoder.layer.8.attention.output.LayerNorm.beta': {...}, 'bert.encoder.layer.8.output.LayerNorm.beta': {...}, 'bert.encoder.layer.9.attention.output.LayerNorm.beta': {...}, 'bert.encoder.layer.9.output.LayerNorm.beta': {...}, 'cls.predictions.transform.LayerNorm.beta': {...}}`
* `bert.encoder.layer.4.attention.output.LayerNorm.beta` -> `{'bert.embeddings.LayerNorm.beta': 'bert.embeddings.LayerNorm.bias', 'bert.encoder.layer.0.attention.output.LayerNorm.beta': {...}, 'bert.encoder.layer.0.output.LayerNorm.beta': {...}, 'bert.encoder.layer.1.attention.output.LayerNorm.beta': {...}, 'bert.encoder.layer.1.output.LayerNorm.beta': {...}, 'bert.encoder.layer.10.attention.output.LayerNorm.beta': {...}, 'bert.encoder.layer.10.output.LayerNorm.beta': {...}, 'bert.encoder.layer.11.attention.output.LayerNorm.beta': {...}, 'bert.encoder.layer.11.output.LayerNorm.beta': {...}, 'bert.encoder.layer.2.attention.output.LayerNorm.beta': {...}, 'bert.encoder.layer.2.output.LayerNorm.beta': {...}, 'bert.encoder.layer.3.attention.output.LayerNorm.beta': {...}, 'bert.encoder.layer.3.output.LayerNorm.beta': {...}, 'bert.encoder.layer.4.attention.output.LayerNorm.beta': {...}, 'bert.encoder.layer.4.output.LayerNorm.beta': {...}, 'bert.encoder.layer.5.attention.output.LayerNorm.beta': {...}, 'bert.encoder.layer.5.output.LayerNorm.beta': {...}, 'bert.encoder.layer.6.attention.output.LayerNorm.beta': {...}, 'bert.encoder.layer.6.output.LayerNorm.beta': {...}, 'bert.encoder.layer.7.attention.output.LayerNorm.beta': {...}, 'bert.encoder.layer.7.output.LayerNorm.beta': {...}, 'bert.encoder.layer.8.attention.output.LayerNorm.beta': {...}, 'bert.encoder.layer.8.output.LayerNorm.beta': {...}, 'bert.encoder.layer.9.attention.output.LayerNorm.beta': {...}, 'bert.encoder.layer.9.output.LayerNorm.beta': {...}, 'cls.predictions.transform.LayerNorm.beta': {...}}`
* `bert.encoder.layer.4.output.LayerNorm.beta` -> `{'bert.embeddings.LayerNorm.beta': 'bert.embeddings.LayerNorm.bias', 'bert.encoder.layer.0.attention.output.LayerNorm.beta': {...}, 'bert.encoder.layer.0.output.LayerNorm.beta': {...}, 'bert.encoder.layer.1.attention.output.LayerNorm.beta': {...}, 'bert.encoder.layer.1.output.LayerNorm.beta': {...}, 'bert.encoder.layer.10.attention.output.LayerNorm.beta': {...}, 'bert.encoder.layer.10.output.LayerNorm.beta': {...}, 'bert.encoder.layer.11.attention.output.LayerNorm.beta': {...}, 'bert.encoder.layer.11.output.LayerNorm.beta': {...}, 'bert.encoder.layer.2.attention.output.LayerNorm.beta': {...}, 'bert.encoder.layer.2.output.LayerNorm.beta': {...}, 'bert.encoder.layer.3.attention.output.LayerNorm.beta': {...}, 'bert.encoder.layer.3.output.LayerNorm.beta': {...}, 'bert.encoder.layer.4.attention.output.LayerNorm.beta': {...}, 'bert.encoder.layer.4.output.LayerNorm.beta': {...}, 'bert.encoder.layer.5.attention.output.LayerNorm.beta': {...}, 'bert.encoder.layer.5.output.LayerNorm.beta': {...}, 'bert.encoder.layer.6.attention.output.LayerNorm.beta': {...}, 'bert.encoder.layer.6.output.LayerNorm.beta': {...}, 'bert.encoder.layer.7.attention.output.LayerNorm.beta': {...}, 'bert.encoder.layer.7.output.LayerNorm.beta': {...}, 'bert.encoder.layer.8.attention.output.LayerNorm.beta': {...}, 'bert.encoder.layer.8.output.LayerNorm.beta': {...}, 'bert.encoder.layer.9.attention.output.LayerNorm.beta': {...}, 'bert.encoder.layer.9.output.LayerNorm.beta': {...}, 'cls.predictions.transform.LayerNorm.beta': {...}}`
* `bert.encoder.layer.5.attention.output.LayerNorm.beta` -> `{'bert.embeddings.LayerNorm.beta': 'bert.embeddings.LayerNorm.bias', 'bert.encoder.layer.0.attention.output.LayerNorm.beta': {...}, 'bert.encoder.layer.0.output.LayerNorm.beta': {...}, 'bert.encoder.layer.1.attention.output.LayerNorm.beta': {...}, 'bert.encoder.layer.1.output.LayerNorm.beta': {...}, 'bert.encoder.layer.10.attention.output.LayerNorm.beta': {...}, 'bert.encoder.layer.10.output.LayerNorm.beta': {...}, 'bert.encoder.layer.11.attention.output.LayerNorm.beta': {...}, 'bert.encoder.layer.11.output.LayerNorm.beta': {...}, 'bert.encoder.layer.2.attention.output.LayerNorm.beta': {...}, 'bert.encoder.layer.2.output.LayerNorm.beta': {...}, 'bert.encoder.layer.3.attention.output.LayerNorm.beta': {...}, 'bert.encoder.layer.3.output.LayerNorm.beta': {...}, 'bert.encoder.layer.4.attention.output.LayerNorm.beta': {...}, 'bert.encoder.layer.4.output.LayerNorm.beta': {...}, 'bert.encoder.layer.5.attention.output.LayerNorm.beta': {...}, 'bert.encoder.layer.5.output.LayerNorm.beta': {...}, 'bert.encoder.layer.6.attention.output.LayerNorm.beta': {...}, 'bert.encoder.layer.6.output.LayerNorm.beta': {...}, 'bert.encoder.layer.7.attention.output.LayerNorm.beta': {...}, 'bert.encoder.layer.7.output.LayerNorm.beta': {...}, 'bert.encoder.layer.8.attention.output.LayerNorm.beta': {...}, 'bert.encoder.layer.8.output.LayerNorm.beta': {...}, 'bert.encoder.layer.9.attention.output.LayerNorm.beta': {...}, 'bert.encoder.layer.9.output.LayerNorm.beta': {...}, 'cls.predictions.transform.LayerNorm.beta': {...}}`
* `bert.encoder.layer.5.output.LayerNorm.beta` -> `{'bert.embeddings.LayerNorm.beta': 'bert.embeddings.LayerNorm.bias', 'bert.encoder.layer.0.attention.output.LayerNorm.beta': {...}, 'bert.encoder.layer.0.output.LayerNorm.beta': {...}, 'bert.encoder.layer.1.attention.output.LayerNorm.beta': {...}, 'bert.encoder.layer.1.output.LayerNorm.beta': {...}, 'bert.encoder.layer.10.attention.output.LayerNorm.beta': {...}, 'bert.encoder.layer.10.output.LayerNorm.beta': {...}, 'bert.encoder.layer.11.attention.output.LayerNorm.beta': {...}, 'bert.encoder.layer.11.output.LayerNorm.beta': {...}, 'bert.encoder.layer.2.attention.output.LayerNorm.beta': {...}, 'bert.encoder.layer.2.output.LayerNorm.beta': {...}, 'bert.encoder.layer.3.attention.output.LayerNorm.beta': {...}, 'bert.encoder.layer.3.output.LayerNorm.beta': {...}, 'bert.encoder.layer.4.attention.output.LayerNorm.beta': {...}, 'bert.encoder.layer.4.output.LayerNorm.beta': {...}, 'bert.encoder.layer.5.attention.output.LayerNorm.beta': {...}, 'bert.encoder.layer.5.output.LayerNorm.beta': {...}, 'bert.encoder.layer.6.attention.output.LayerNorm.beta': {...}, 'bert.encoder.layer.6.output.LayerNorm.beta': {...}, 'bert.encoder.layer.7.attention.output.LayerNorm.beta': {...}, 'bert.encoder.layer.7.output.LayerNorm.beta': {...}, 'bert.encoder.layer.8.attention.output.LayerNorm.beta': {...}, 'bert.encoder.layer.8.output.LayerNorm.beta': {...}, 'bert.encoder.layer.9.attention.output.LayerNorm.beta': {...}, 'bert.encoder.layer.9.output.LayerNorm.beta': {...}, 'cls.predictions.transform.LayerNorm.beta': {...}}`
* `bert.encoder.layer.6.attention.output.LayerNorm.beta` -> `{'bert.embeddings.LayerNorm.beta': 'bert.embeddings.LayerNorm.bias', 'bert.encoder.layer.0.attention.output.LayerNorm.beta': {...}, 'bert.encoder.layer.0.output.LayerNorm.beta': {...}, 'bert.encoder.layer.1.attention.output.LayerNorm.beta': {...}, 'bert.encoder.layer.1.output.LayerNorm.beta': {...}, 'bert.encoder.layer.10.attention.output.LayerNorm.beta': {...}, 'bert.encoder.layer.10.output.LayerNorm.beta': {...}, 'bert.encoder.layer.11.attention.output.LayerNorm.beta': {...}, 'bert.encoder.layer.11.output.LayerNorm.beta': {...}, 'bert.encoder.layer.2.attention.output.LayerNorm.beta': {...}, 'bert.encoder.layer.2.output.LayerNorm.beta': {...}, 'bert.encoder.layer.3.attention.output.LayerNorm.beta': {...}, 'bert.encoder.layer.3.output.LayerNorm.beta': {...}, 'bert.encoder.layer.4.attention.output.LayerNorm.beta': {...}, 'bert.encoder.layer.4.output.LayerNorm.beta': {...}, 'bert.encoder.layer.5.attention.output.LayerNorm.beta': {...}, 'bert.encoder.layer.5.output.LayerNorm.beta': {...}, 'bert.encoder.layer.6.attention.output.LayerNorm.beta': {...}, 'bert.encoder.layer.6.output.LayerNorm.beta': {...}, 'bert.encoder.layer.7.attention.output.LayerNorm.beta': {...}, 'bert.encoder.layer.7.output.LayerNorm.beta': {...}, 'bert.encoder.layer.8.attention.output.LayerNorm.beta': {...}, 'bert.encoder.layer.8.output.LayerNorm.beta': {...}, 'bert.encoder.layer.9.attention.output.LayerNorm.beta': {...}, 'bert.encoder.layer.9.output.LayerNorm.beta': {...}, 'cls.predictions.transform.LayerNorm.beta': {...}}`
* `bert.encoder.layer.6.output.LayerNorm.beta` -> `{'bert.embeddings.LayerNorm.beta': 'bert.embeddings.LayerNorm.bias', 'bert.encoder.layer.0.attention.output.LayerNorm.beta': {...}, 'bert.encoder.layer.0.output.LayerNorm.beta': {...}, 'bert.encoder.layer.1.attention.output.LayerNorm.beta': {...}, 'bert.encoder.layer.1.output.LayerNorm.beta': {...}, 'bert.encoder.layer.10.attention.output.LayerNorm.beta': {...}, 'bert.encoder.layer.10.output.LayerNorm.beta': {...}, 'bert.encoder.layer.11.attention.output.LayerNorm.beta': {...}, 'bert.encoder.layer.11.output.LayerNorm.beta': {...}, 'bert.encoder.layer.2.attention.output.LayerNorm.beta': {...}, 'bert.encoder.layer.2.output.LayerNorm.beta': {...}, 'bert.encoder.layer.3.attention.output.LayerNorm.beta': {...}, 'bert.encoder.layer.3.output.LayerNorm.beta': {...}, 'bert.encoder.layer.4.attention.output.LayerNorm.beta': {...}, 'bert.encoder.layer.4.output.LayerNorm.beta': {...}, 'bert.encoder.layer.5.attention.output.LayerNorm.beta': {...}, 'bert.encoder.layer.5.output.LayerNorm.beta': {...}, 'bert.encoder.layer.6.attention.output.LayerNorm.beta': {...}, 'bert.encoder.layer.6.output.LayerNorm.beta': {...}, 'bert.encoder.layer.7.attention.output.LayerNorm.beta': {...}, 'bert.encoder.layer.7.output.LayerNorm.beta': {...}, 'bert.encoder.layer.8.attention.output.LayerNorm.beta': {...}, 'bert.encoder.layer.8.output.LayerNorm.beta': {...}, 'bert.encoder.layer.9.attention.output.LayerNorm.beta': {...}, 'bert.encoder.layer.9.output.LayerNorm.beta': {...}, 'cls.predictions.transform.LayerNorm.beta': {...}}`
* `bert.encoder.layer.7.attention.output.LayerNorm.beta` -> `{'bert.embeddings.LayerNorm.beta': 'bert.embeddings.LayerNorm.bias', 'bert.encoder.layer.0.attention.output.LayerNorm.beta': {...}, 'bert.encoder.layer.0.output.LayerNorm.beta': {...}, 'bert.encoder.layer.1.attention.output.LayerNorm.beta': {...}, 'bert.encoder.layer.1.output.LayerNorm.beta': {...}, 'bert.encoder.layer.10.attention.output.LayerNorm.beta': {...}, 'bert.encoder.layer.10.output.LayerNorm.beta': {...}, 'bert.encoder.layer.11.attention.output.LayerNorm.beta': {...}, 'bert.encoder.layer.11.output.LayerNorm.beta': {...}, 'bert.encoder.layer.2.attention.output.LayerNorm.beta': {...}, 'bert.encoder.layer.2.output.LayerNorm.beta': {...}, 'bert.encoder.layer.3.attention.output.LayerNorm.beta': {...}, 'bert.encoder.layer.3.output.LayerNorm.beta': {...}, 'bert.encoder.layer.4.attention.output.LayerNorm.beta': {...}, 'bert.encoder.layer.4.output.LayerNorm.beta': {...}, 'bert.encoder.layer.5.attention.output.LayerNorm.beta': {...}, 'bert.encoder.layer.5.output.LayerNorm.beta': {...}, 'bert.encoder.layer.6.attention.output.LayerNorm.beta': {...}, 'bert.encoder.layer.6.output.LayerNorm.beta': {...}, 'bert.encoder.layer.7.attention.output.LayerNorm.beta': {...}, 'bert.encoder.layer.7.output.LayerNorm.beta': {...}, 'bert.encoder.layer.8.attention.output.LayerNorm.beta': {...}, 'bert.encoder.layer.8.output.LayerNorm.beta': {...}, 'bert.encoder.layer.9.attention.output.LayerNorm.beta': {...}, 'bert.encoder.layer.9.output.LayerNorm.beta': {...}, 'cls.predictions.transform.LayerNorm.beta': {...}}`
* `bert.encoder.layer.7.output.LayerNorm.beta` -> `{'bert.embeddings.LayerNorm.beta': 'bert.embeddings.LayerNorm.bias', 'bert.encoder.layer.0.attention.output.LayerNorm.beta': {...}, 'bert.encoder.layer.0.output.LayerNorm.beta': {...}, 'bert.encoder.layer.1.attention.output.LayerNorm.beta': {...}, 'bert.encoder.layer.1.output.LayerNorm.beta': {...}, 'bert.encoder.layer.10.attention.output.LayerNorm.beta': {...}, 'bert.encoder.layer.10.output.LayerNorm.beta': {...}, 'bert.encoder.layer.11.attention.output.LayerNorm.beta': {...}, 'bert.encoder.layer.11.output.LayerNorm.beta': {...}, 'bert.encoder.layer.2.attention.output.LayerNorm.beta': {...}, 'bert.encoder.layer.2.output.LayerNorm.beta': {...}, 'bert.encoder.layer.3.attention.output.LayerNorm.beta': {...}, 'bert.encoder.layer.3.output.LayerNorm.beta': {...}, 'bert.encoder.layer.4.attention.output.LayerNorm.beta': {...}, 'bert.encoder.layer.4.output.LayerNorm.beta': {...}, 'bert.encoder.layer.5.attention.output.LayerNorm.beta': {...}, 'bert.encoder.layer.5.output.LayerNorm.beta': {...}, 'bert.encoder.layer.6.attention.output.LayerNorm.beta': {...}, 'bert.encoder.layer.6.output.LayerNorm.beta': {...}, 'bert.encoder.layer.7.attention.output.LayerNorm.beta': {...}, 'bert.encoder.layer.7.output.LayerNorm.beta': {...}, 'bert.encoder.layer.8.attention.output.LayerNorm.beta': {...}, 'bert.encoder.layer.8.output.LayerNorm.beta': {...}, 'bert.encoder.layer.9.attention.output.LayerNorm.beta': {...}, 'bert.encoder.layer.9.output.LayerNorm.beta': {...}, 'cls.predictions.transform.LayerNorm.beta': {...}}`
* `bert.encoder.layer.8.attention.output.LayerNorm.beta` -> `{'bert.embeddings.LayerNorm.beta': 'bert.embeddings.LayerNorm.bias', 'bert.encoder.layer.0.attention.output.LayerNorm.beta': {...}, 'bert.encoder.layer.0.output.LayerNorm.beta': {...}, 'bert.encoder.layer.1.attention.output.LayerNorm.beta': {...}, 'bert.encoder.layer.1.output.LayerNorm.beta': {...}, 'bert.encoder.layer.10.attention.output.LayerNorm.beta': {...}, 'bert.encoder.layer.10.output.LayerNorm.beta': {...}, 'bert.encoder.layer.11.attention.output.LayerNorm.beta': {...}, 'bert.encoder.layer.11.output.LayerNorm.beta': {...}, 'bert.encoder.layer.2.attention.output.LayerNorm.beta': {...}, 'bert.encoder.layer.2.output.LayerNorm.beta': {...}, 'bert.encoder.layer.3.attention.output.LayerNorm.beta': {...}, 'bert.encoder.layer.3.output.LayerNorm.beta': {...}, 'bert.encoder.layer.4.attention.output.LayerNorm.beta': {...}, 'bert.encoder.layer.4.output.LayerNorm.beta': {...}, 'bert.encoder.layer.5.attention.output.LayerNorm.beta': {...}, 'bert.encoder.layer.5.output.LayerNorm.beta': {...}, 'bert.encoder.layer.6.attention.output.LayerNorm.beta': {...}, 'bert.encoder.layer.6.output.LayerNorm.beta': {...}, 'bert.encoder.layer.7.attention.output.LayerNorm.beta': {...}, 'bert.encoder.layer.7.output.LayerNorm.beta': {...}, 'bert.encoder.layer.8.attention.output.LayerNorm.beta': {...}, 'bert.encoder.layer.8.output.LayerNorm.beta': {...}, 'bert.encoder.layer.9.attention.output.LayerNorm.beta': {...}, 'bert.encoder.layer.9.output.LayerNorm.beta': {...}, 'cls.predictions.transform.LayerNorm.beta': {...}}`
* `bert.encoder.layer.8.output.LayerNorm.beta` -> `{'bert.embeddings.LayerNorm.beta': 'bert.embeddings.LayerNorm.bias', 'bert.encoder.layer.0.attention.output.LayerNorm.beta': {...}, 'bert.encoder.layer.0.output.LayerNorm.beta': {...}, 'bert.encoder.layer.1.attention.output.LayerNorm.beta': {...}, 'bert.encoder.layer.1.output.LayerNorm.beta': {...}, 'bert.encoder.layer.10.attention.output.LayerNorm.beta': {...}, 'bert.encoder.layer.10.output.LayerNorm.beta': {...}, 'bert.encoder.layer.11.attention.output.LayerNorm.beta': {...}, 'bert.encoder.layer.11.output.LayerNorm.beta': {...}, 'bert.encoder.layer.2.attention.output.LayerNorm.beta': {...}, 'bert.encoder.layer.2.output.LayerNorm.beta': {...}, 'bert.encoder.layer.3.attention.output.LayerNorm.beta': {...}, 'bert.encoder.layer.3.output.LayerNorm.beta': {...}, 'bert.encoder.layer.4.attention.output.LayerNorm.beta': {...}, 'bert.encoder.layer.4.output.LayerNorm.beta': {...}, 'bert.encoder.layer.5.attention.output.LayerNorm.beta': {...}, 'bert.encoder.layer.5.output.LayerNorm.beta': {...}, 'bert.encoder.layer.6.attention.output.LayerNorm.beta': {...}, 'bert.encoder.layer.6.output.LayerNorm.beta': {...}, 'bert.encoder.layer.7.attention.output.LayerNorm.beta': {...}, 'bert.encoder.layer.7.output.LayerNorm.beta': {...}, 'bert.encoder.layer.8.attention.output.LayerNorm.beta': {...}, 'bert.encoder.layer.8.output.LayerNorm.beta': {...}, 'bert.encoder.layer.9.attention.output.LayerNorm.beta': {...}, 'bert.encoder.layer.9.output.LayerNorm.beta': {...}, 'cls.predictions.transform.LayerNorm.beta': {...}}`
* `bert.encoder.layer.9.attention.output.LayerNorm.beta` -> `{'bert.embeddings.LayerNorm.beta': 'bert.embeddings.LayerNorm.bias', 'bert.encoder.layer.0.attention.output.LayerNorm.beta': {...}, 'bert.encoder.layer.0.output.LayerNorm.beta': {...}, 'bert.encoder.layer.1.attention.output.LayerNorm.beta': {...}, 'bert.encoder.layer.1.output.LayerNorm.beta': {...}, 'bert.encoder.layer.10.attention.output.LayerNorm.beta': {...}, 'bert.encoder.layer.10.output.LayerNorm.beta': {...}, 'bert.encoder.layer.11.attention.output.LayerNorm.beta': {...}, 'bert.encoder.layer.11.output.LayerNorm.beta': {...}, 'bert.encoder.layer.2.attention.output.LayerNorm.beta': {...}, 'bert.encoder.layer.2.output.LayerNorm.beta': {...}, 'bert.encoder.layer.3.attention.output.LayerNorm.beta': {...}, 'bert.encoder.layer.3.output.LayerNorm.beta': {...}, 'bert.encoder.layer.4.attention.output.LayerNorm.beta': {...}, 'bert.encoder.layer.4.output.LayerNorm.beta': {...}, 'bert.encoder.layer.5.attention.output.LayerNorm.beta': {...}, 'bert.encoder.layer.5.output.LayerNorm.beta': {...}, 'bert.encoder.layer.6.attention.output.LayerNorm.beta': {...}, 'bert.encoder.layer.6.output.LayerNorm.beta': {...}, 'bert.encoder.layer.7.attention.output.LayerNorm.beta': {...}, 'bert.encoder.layer.7.output.LayerNorm.beta': {...}, 'bert.encoder.layer.8.attention.output.LayerNorm.beta': {...}, 'bert.encoder.layer.8.output.LayerNorm.beta': {...}, 'bert.encoder.layer.9.attention.output.LayerNorm.beta': {...}, 'bert.encoder.layer.9.output.LayerNorm.beta': {...}, 'cls.predictions.transform.LayerNorm.beta': {...}}`
* `bert.encoder.layer.9.output.LayerNorm.beta` -> `{'bert.embeddings.LayerNorm.beta': 'bert.embeddings.LayerNorm.bias', 'bert.encoder.layer.0.attention.output.LayerNorm.beta': {...}, 'bert.encoder.layer.0.output.LayerNorm.beta': {...}, 'bert.encoder.layer.1.attention.output.LayerNorm.beta': {...}, 'bert.encoder.layer.1.output.LayerNorm.beta': {...}, 'bert.encoder.layer.10.attention.output.LayerNorm.beta': {...}, 'bert.encoder.layer.10.output.LayerNorm.beta': {...}, 'bert.encoder.layer.11.attention.output.LayerNorm.beta': {...}, 'bert.encoder.layer.11.output.LayerNorm.beta': {...}, 'bert.encoder.layer.2.attention.output.LayerNorm.beta': {...}, 'bert.encoder.layer.2.output.LayerNorm.beta': {...}, 'bert.encoder.layer.3.attention.output.LayerNorm.beta': {...}, 'bert.encoder.layer.3.output.LayerNorm.beta': {...}, 'bert.encoder.layer.4.attention.output.LayerNorm.beta': {...}, 'bert.encoder.layer.4.output.LayerNorm.beta': {...}, 'bert.encoder.layer.5.attention.output.LayerNorm.beta': {...}, 'bert.encoder.layer.5.output.LayerNorm.beta': {...}, 'bert.encoder.layer.6.attention.output.LayerNorm.beta': {...}, 'bert.encoder.layer.6.output.LayerNorm.beta': {...}, 'bert.encoder.layer.7.attention.output.LayerNorm.beta': {...}, 'bert.encoder.layer.7.output.LayerNorm.beta': {...}, 'bert.encoder.layer.8.attention.output.LayerNorm.beta': {...}, 'bert.encoder.layer.8.output.LayerNorm.beta': {...}, 'bert.encoder.layer.9.attention.output.LayerNorm.beta': {...}, 'bert.encoder.layer.9.output.LayerNorm.beta': {...}, 'cls.predictions.transform.LayerNorm.beta': {...}}`
* `cls.predictions.transform.LayerNorm.beta` -> `{'bert.embeddings.LayerNorm.beta': 'bert.embeddings.LayerNorm.bias', 'bert.encoder.layer.0.attention.output.LayerNorm.beta': {...}, 'bert.encoder.layer.0.output.LayerNorm.beta': {...}, 'bert.encoder.layer.1.attention.output.LayerNorm.beta': {...}, 'bert.encoder.layer.1.output.LayerNorm.beta': {...}, 'bert.encoder.layer.10.attention.output.LayerNorm.beta': {...}, 'bert.encoder.layer.10.output.LayerNorm.beta': {...}, 'bert.encoder.layer.11.attention.output.LayerNorm.beta': {...}, 'bert.encoder.layer.11.output.LayerNorm.beta': {...}, 'bert.encoder.layer.2.attention.output.LayerNorm.beta': {...}, 'bert.encoder.layer.2.output.LayerNorm.beta': {...}, 'bert.encoder.layer.3.attention.output.LayerNorm.beta': {...}, 'bert.encoder.layer.3.output.LayerNorm.beta': {...}, 'bert.encoder.layer.4.attention.output.LayerNorm.beta': {...}, 'bert.encoder.layer.4.output.LayerNorm.beta': {...}, 'bert.encoder.layer.5.attention.output.LayerNorm.beta': {...}, 'bert.encoder.layer.5.output.LayerNorm.beta': {...}, 'bert.encoder.layer.6.attention.output.LayerNorm.beta': {...}, 'bert.encoder.layer.6.output.LayerNorm.beta': {...}, 'bert.encoder.layer.7.attention.output.LayerNorm.beta': {...}, 'bert.encoder.layer.7.output.LayerNorm.beta': {...}, 'bert.encoder.layer.8.attention.output.LayerNorm.beta': {...}, 'bert.encoder.layer.8.output.LayerNorm.beta': {...}, 'bert.encoder.layer.9.attention.output.LayerNorm.beta': {...}, 'bert.encoder.layer.9.output.LayerNorm.beta': {...}, 'cls.predictions.transform.LayerNorm.beta': {...}}`
If you are using a model from the Hub, consider submitting a PR to adjust these weights and help future users.
Some weights of the model checkpoint at bert-base-uncased were not used when initializing BertModel: ['cls.predictions.bias', 'cls.predictions.transform.LayerNorm.bias', 'cls.predictions.transform.LayerNorm.weight', 'cls.predictions.transform.dense.bias', 'cls.predictions.transform.dense.weight', 'cls.seq_relationship.bias', 'cls.seq_relationship.weight']
- This IS expected if you are initializing BertModel from the checkpoint of a model trained on another task or with another architecture (e.g. initializing a BertForSequenceClassification model from a BertForPreTraining model).
- This IS NOT expected if you are initializing BertModel from the checkpoint of a model that you expect to be exactly identical (initializing a BertForSequenceClassification model from a BertForSequenceClassification model).
All the weights of BertModel were initialized from the model checkpoint at bert-base-uncased.
If your task is similar to the task the model of the checkpoint was trained on, you can already use BertModel for predictions without further training.
/home/impulse/wang2/msa/.mmsa-reference/papers/HSCL/src/modules/encoders.py:123: UserWarning: enable_nested_tensor is True, but self.use_nested_tensor is False because encoder_layer.self_attn.batch_first was not True(use batch_first for better inference performance)
  self.transformer_encoder = TransformerEncoder(encoder_layers, nlayers)
--------------------------------------------------
Epoch  1 | Time 7.0908 sec | Valid Loss 1.1794 | Test Loss 1.1070
--------------------------------------------------
MAE:  1.107041
Correlation Coefficient:  0.5534765818907366
mult_acc_7:  0.25072886297376096
mult_acc_5:  0.26822157434402333
F1 score all/non0: 0.7048/0.7353 over 686/656
Accuracy all/non0: 0.7259/0.753
--------------------------------------------------
Saved model at pre_trained_models/MM.pt!
--------------------------------------------------
Epoch  2 | Time 6.8442 sec | Valid Loss 0.8724 | Test Loss 0.8850
--------------------------------------------------
MAE:  0.8849612
Correlation Coefficient:  0.7341187108185749
mult_acc_7:  0.3556851311953353
mult_acc_5:  0.37755102040816324
F1 score all/non0: 0.8033/0.8272 over 686/656
Accuracy all/non0: 0.8047/0.8277
--------------------------------------------------
Saved model at pre_trained_models/MM.pt!
--------------------------------------------------
Epoch  3 | Time 6.9021 sec | Valid Loss 0.8184 | Test Loss 0.8152
--------------------------------------------------
MAE:  0.815237
Correlation Coefficient:  0.7712497300164882
mult_acc_7:  0.38629737609329445
mult_acc_5:  0.4198250728862974
F1 score all/non0: 0.831/0.8466 over 686/656
Accuracy all/non0: 0.8309/0.846
--------------------------------------------------
Saved model at pre_trained_models/MM.pt!
--------------------------------------------------
Epoch  4 | Time 6.8079 sec | Valid Loss 1.0985 | Test Loss 0.9316
--------------------------------------------------
--------------------------------------------------
Epoch  5 | Time 6.7817 sec | Valid Loss 0.8600 | Test Loss 0.8486
--------------------------------------------------
--------------------------------------------------
Epoch  6 | Time 6.7920 sec | Valid Loss 0.7660 | Test Loss 0.8108
--------------------------------------------------
MAE:  0.8107627
Correlation Coefficient:  0.7647060010730635
mult_acc_7:  0.42419825072886297
mult_acc_5:  0.48833819241982507
F1 score all/non0: 0.8094/0.824 over 686/656
Accuracy all/non0: 0.809/0.8232
--------------------------------------------------
Saved model at pre_trained_models/MM.pt!
--------------------------------------------------
Epoch  7 | Time 6.8227 sec | Valid Loss 0.8597 | Test Loss 0.9337
--------------------------------------------------
--------------------------------------------------
Epoch  8 | Time 6.7947 sec | Valid Loss 0.7809 | Test Loss 0.7880
--------------------------------------------------
--------------------------------------------------
Epoch  9 | Time 6.8094 sec | Valid Loss 0.7237 | Test Loss 0.7477
--------------------------------------------------
MAE:  0.74771374
Correlation Coefficient:  0.782184143416848
mult_acc_7:  0.45626822157434405
mult_acc_5:  0.5276967930029155
F1 score all/non0: 0.8078/0.8224 over 686/656
Accuracy all/non0: 0.8076/0.8216
--------------------------------------------------
Saved model at pre_trained_models/MM.pt!
--------------------------------------------------
Epoch 10 | Time 6.8139 sec | Valid Loss 0.7857 | Test Loss 0.8139
--------------------------------------------------
--------------------------------------------------
Epoch 11 | Time 6.8048 sec | Valid Loss 0.7359 | Test Loss 0.7277
--------------------------------------------------
--------------------------------------------------
Epoch 12 | Time 6.8999 sec | Valid Loss 0.7238 | Test Loss 0.7226
--------------------------------------------------
--------------------------------------------------
Epoch 13 | Time 6.7823 sec | Valid Loss 0.7351 | Test Loss 0.7287
--------------------------------------------------
--------------------------------------------------
Epoch 14 | Time 6.7472 sec | Valid Loss 0.7393 | Test Loss 0.7274
--------------------------------------------------
--------------------------------------------------
Epoch 15 | Time 6.7952 sec | Valid Loss 0.7332 | Test Loss 0.7189
--------------------------------------------------
--------------------------------------------------
Epoch 16 | Time 6.8203 sec | Valid Loss 0.7230 | Test Loss 0.7098
--------------------------------------------------
MAE:  0.7098482
Correlation Coefficient:  0.7958640813605891
mult_acc_7:  0.4752186588921283
mult_acc_5:  0.5364431486880467
F1 score all/non0: 0.8179/0.8394 over 686/656
Accuracy all/non0: 0.8192/0.8399
--------------------------------------------------
Saved model at pre_trained_models/MM.pt!
--------------------------------------------------
Epoch 17 | Time 6.8172 sec | Valid Loss 0.7269 | Test Loss 0.7110
--------------------------------------------------
--------------------------------------------------
Epoch 18 | Time 6.7938 sec | Valid Loss 0.7230 | Test Loss 0.7104
--------------------------------------------------
--------------------------------------------------
Epoch 19 | Time 6.8153 sec | Valid Loss 0.7279 | Test Loss 0.7203
--------------------------------------------------
--------------------------------------------------
Epoch 20 | Time 6.7832 sec | Valid Loss 0.7357 | Test Loss 0.7363
--------------------------------------------------
MAE:  0.7098482
Correlation Coefficient:  0.7958640813605891
mult_acc_7:  0.4752186588921283
mult_acc_5:  0.5364431486880467
F1 score all/non0: 0.8179/0.8394 over 686/656
Accuracy all/non0: 0.8192/0.8399
--------------------------------------------------
