/home/impulse/wang2/msa/.mmsa-reference/env/shim/transformers/deepspeed.py:24: FutureWarning: transformers.deepspeed module is deprecated and will be removed in a future version. Please import deepspeed modules directly from transformers.integrations
  warnings.warn(
/home/impulse/wang2/msa/.venv/lib/python3.12/site-packages/torch/__init__.py:1323: UserWarning: torch.set_default_tensor_type() is deprecated as of PyTorch 2.1, please use torch.set_default_dtype() and torch.set_default_device() as alternatives. (Triggered internally at /pytorch/torch/csrc/tensor/python_tensor.cpp:434.)
  _C._set_default_tensor_type(t)
Start loading the data....
loading file vocab.txt from cache at /home/impulse/.cache/huggingface/hub/models--bert-base-uncased/snapshots/86b5e0934494bd15c9632b12f734a8a67f723594/vocab.txt
loading file added_tokens.json from cache at None
loading file special_tokens_map.json from cache at None
loading file tokenizer_config.json from cache at /home/impulse/.cache/huggingface/hub/models--bert-base-uncased/snapshots/86b5e0934494bd15c9632b12f734a8a67f723594/tokenizer_config.json
loading file tokenizer.json from cache at /home/impulse/.cache/huggingface/hub/models--bert-base-uncased/snapshots/86b5e0934494bd15c9632b12f734a8a67f723594/tokenizer.json
loading configuration file config.json from cache at /home/impulse/.cache/huggingface/hub/models--bert-base-uncased/snapshots/86b5e0934494bd15c9632b12f734a8a67f723594/config.json
Model config BertConfig {
  "_name_or_path": "bert-base-uncased",
  "architectures": [
    "BertForMaskedLM"
  ],
  "attention_probs_dropout_prob": 0.1,
  "classifier_dropout": null,
  "gradient_checkpointing": false,
  "hidden_act": "gelu",
  "hidden_dropout_prob": 0.1,
  "hidden_size": 768,
  "initializer_range": 0.02,
  "intermediate_size": 3072,
  "layer_norm_eps": 1e-12,
  "max_position_embeddings": 512,
  "model_type": "bert",
  "num_attention_heads": 12,
  "num_hidden_layers": 12,
  "pad_token_id": 0,
  "position_embedding_type": "absolute",
  "transformers_version": "4.44.2",
  "type_vocab_size": 2,
  "use_cache": true,
  "vocab_size": 30522
}

/home/impulse/wang2/msa/.mmsa-reference/env/shim/transformers/tokenization_utils_base.py:1601: FutureWarning: `clean_up_tokenization_spaces` was not set. It will be set to `True` by default. This behavior will be depracted in transformers v4.45, and will be then set to `False` by default. For more details check this issue: https://github.com/huggingface/transformers/issues/31884
  warnings.warn(
train
Training data loaded!
loading file vocab.txt from cache at /home/impulse/.cache/huggingface/hub/models--bert-base-uncased/snapshots/86b5e0934494bd15c9632b12f734a8a67f723594/vocab.txt
loading file added_tokens.json from cache at None
loading file special_tokens_map.json from cache at None
loading file tokenizer_config.json from cache at /home/impulse/.cache/huggingface/hub/models--bert-base-uncased/snapshots/86b5e0934494bd15c9632b12f734a8a67f723594/tokenizer_config.json
loading file tokenizer.json from cache at /home/impulse/.cache/huggingface/hub/models--bert-base-uncased/snapshots/86b5e0934494bd15c9632b12f734a8a67f723594/tokenizer.json
loading configuration file config.json from cache at /home/impulse/.cache/huggingface/hub/models--bert-base-uncased/snapshots/86b5e0934494bd15c9632b12f734a8a67f723594/config.json
Model config BertConfig {
  "_name_or_path": "bert-base-uncased",
  "architectures": [
    "BertForMaskedLM"
  ],
  "attention_probs_dropout_prob": 0.1,
  "classifier_dropout": null,
  "gradient_checkpointing": false,
  "hidden_act": "gelu",
  "hidden_dropout_prob": 0.1,
  "hidden_size": 768,
  "initializer_range": 0.02,
  "intermediate_size": 3072,
  "layer_norm_eps": 1e-12,
  "max_position_embeddings": 512,
  "model_type": "bert",
  "num_attention_heads": 12,
  "num_hidden_layers": 12,
  "pad_token_id": 0,
  "position_embedding_type": "absolute",
  "transformers_version": "4.44.2",
  "type_vocab_size": 2,
  "use_cache": true,
  "vocab_size": 30522
}

valid
Validation data loaded!
loading file vocab.txt from cache at /home/impulse/.cache/huggingface/hub/models--bert-base-uncased/snapshots/86b5e0934494bd15c9632b12f734a8a67f723594/vocab.txt
loading file added_tokens.json from cache at None
loading file special_tokens_map.json from cache at None
loading file tokenizer_config.json from cache at /home/impulse/.cache/huggingface/hub/models--bert-base-uncased/snapshots/86b5e0934494bd15c9632b12f734a8a67f723594/tokenizer_config.json
loading file tokenizer.json from cache at /home/impulse/.cache/huggingface/hub/models--bert-base-uncased/snapshots/86b5e0934494bd15c9632b12f734a8a67f723594/tokenizer.json
loading configuration file config.json from cache at /home/impulse/.cache/huggingface/hub/models--bert-base-uncased/snapshots/86b5e0934494bd15c9632b12f734a8a67f723594/config.json
Model config BertConfig {
  "_name_or_path": "bert-base-uncased",
  "architectures": [
    "BertForMaskedLM"
  ],
  "attention_probs_dropout_prob": 0.1,
  "classifier_dropout": null,
  "gradient_checkpointing": false,
  "hidden_act": "gelu",
  "hidden_dropout_prob": 0.1,
  "hidden_size": 768,
  "initializer_range": 0.02,
  "intermediate_size": 3072,
  "layer_norm_eps": 1e-12,
  "max_position_embeddings": 512,
  "model_type": "bert",
  "num_attention_heads": 12,
  "num_hidden_layers": 12,
  "pad_token_id": 0,
  "position_embedding_type": "absolute",
  "transformers_version": "4.44.2",
  "type_vocab_size": 2,
  "use_cache": true,
  "vocab_size": 30522
}

test
Test data loaded!
Finish loading the data....
loading configuration file config.json from cache at /home/impulse/.cache/huggingface/hub/models--bert-base-uncased/snapshots/86b5e0934494bd15c9632b12f734a8a67f723594/config.json
Model config BertConfig {
  "architectures": [
    "BertForMaskedLM"
  ],
  "attention_probs_dropout_prob": 0.1,
  "classifier_dropout": null,
  "gradient_checkpointing": false,
  "hidden_act": "gelu",
  "hidden_dropout_prob": 0.1,
  "hidden_size": 768,
  "initializer_range": 0.02,
  "intermediate_size": 3072,
  "layer_norm_eps": 1e-12,
  "max_position_embeddings": 512,
  "model_type": "bert",
  "num_attention_heads": 12,
  "num_hidden_layers": 12,
  "pad_token_id": 0,
  "position_embedding_type": "absolute",
  "transformers_version": "4.44.2",
  "type_vocab_size": 2,
  "use_cache": true,
  "vocab_size": 30522
}

loading weights file model.safetensors from cache at /home/impulse/.cache/huggingface/hub/models--bert-base-uncased/snapshots/86b5e0934494bd15c9632b12f734a8a67f723594/model.safetensors
A pretrained model of type `BertModel` contains parameters that have been renamed internally (a few are listed below but more are present in the model):
* `bert.embeddings.LayerNorm.gamma` -> `bert.embeddings.LayerNorm.weight`
* `bert.encoder.layer.0.attention.output.LayerNorm.gamma` -> `{'bert.embeddings.LayerNorm.gamma': 'bert.embeddings.LayerNorm.weight', 'bert.encoder.layer.0.attention.output.LayerNorm.gamma': {...}, 'bert.encoder.layer.0.output.LayerNorm.gamma': {...}, 'bert.encoder.layer.1.attention.output.LayerNorm.gamma': {...}, 'bert.encoder.layer.1.output.LayerNorm.gamma': {...}, 'bert.encoder.layer.10.attention.output.LayerNorm.gamma': {...}, 'bert.encoder.layer.10.output.LayerNorm.gamma': {...}, 'bert.encoder.layer.11.attention.output.LayerNorm.gamma': {...}, 'bert.encoder.layer.11.output.LayerNorm.gamma': {...}, 'bert.encoder.layer.2.attention.output.LayerNorm.gamma': {...}, 'bert.encoder.layer.2.output.LayerNorm.gamma': {...}, 'bert.encoder.layer.3.attention.output.LayerNorm.gamma': {...}, 'bert.encoder.layer.3.output.LayerNorm.gamma': {...}, 'bert.encoder.layer.4.attention.output.LayerNorm.gamma': {...}, 'bert.encoder.layer.4.output.LayerNorm.gamma': {...}, 'bert.encoder.layer.5.attention.output.LayerNorm.gamma': {...}, 'bert.encoder.layer.5.output.LayerNorm.gamma': {...}, 'bert.encoder.layer.6.attention.output.LayerNorm.gamma': {...}, 'bert.encoder.layer.6.output.LayerNorm.gamma': {...}, 'bert.encoder.layer.7.attention.output.LayerNorm.gamma': {...}, 'bert.encoder.layer.7.output.LayerNorm.gamma': {...}, 'bert.encoder.layer.8.attention.output.LayerNorm.gamma': {...}, 'bert.encoder.layer.8.output.LayerNorm.gamma': {...}, 'bert.encoder.layer.9.attention.output.LayerNorm.gamma': {...}, 'bert.encoder.layer.9.output.LayerNorm.gamma': {...}, 'cls.predictions.transform.LayerNorm.gamma': {...}}`
* `bert.encoder.layer.0.output.LayerNorm.gamma` -> `{'bert.embeddings.LayerNorm.gamma': 'bert.embeddings.LayerNorm.weight', 'bert.encoder.layer.0.attention.output.LayerNorm.gamma': {...}, 'bert.encoder.layer.0.output.LayerNorm.gamma': {...}, 'bert.encoder.layer.1.attention.output.LayerNorm.gamma': {...}, 'bert.encoder.layer.1.output.LayerNorm.gamma': {...}, 'bert.encoder.layer.10.attention.output.LayerNorm.gamma': {...}, 'bert.encoder.layer.10.output.LayerNorm.gamma': {...}, 'bert.encoder.layer.11.attention.output.LayerNorm.gamma': {...}, 'bert.encoder.layer.11.output.LayerNorm.gamma': {...}, 'bert.encoder.layer.2.attention.output.LayerNorm.gamma': {...}, 'bert.encoder.layer.2.output.LayerNorm.gamma': {...}, 'bert.encoder.layer.3.attention.output.LayerNorm.gamma': {...}, 'bert.encoder.layer.3.output.LayerNorm.gamma': {...}, 'bert.encoder.layer.4.attention.output.LayerNorm.gamma': {...}, 'bert.encoder.layer.4.output.LayerNorm.gamma': {...}, 'bert.encoder.layer.5.attention.output.LayerNorm.gamma': {...}, 'bert.encoder.layer.5.output.LayerNorm.gamma': {...}, 'bert.encoder.layer.6.attention.output.LayerNorm.gamma': {...}, 'bert.encoder.layer.6.output.LayerNorm.gamma': {...}, 'bert.encoder.layer.7.attention.output.LayerNorm.gamma': {...}, 'bert.encoder.layer.7.output.LayerNorm.gamma': {...}, 'bert.encoder.layer.8.attention.output.LayerNorm.gamma': {...}, 'bert.encoder.layer.8.output.LayerNorm.gamma': {...}, 'bert.encoder.layer.9.attention.output.LayerNorm.gamma': {...}, 'bert.encoder.layer.9.output.LayerNorm.gamma': {...}, 'cls.predictions.transform.LayerNorm.gamma': {...}}`
* `bert.encoder.layer.1.attention.output.LayerNorm.gamma` -> `{'bert.embeddings.LayerNorm.gamma': 'bert.embeddings.LayerNorm.weight', 'bert.encoder.layer.0.attention.output.LayerNorm.gamma': {...}, 'bert.encoder.layer.0.output.LayerNorm.gamma': {...}, 'bert.encoder.layer.1.attention.output.LayerNorm.gamma': {...}, 'bert.encoder.layer.1.output.LayerNorm.gamma': {...}, 'bert.encoder.layer.10.attention.output.LayerNorm.gamma': {...}, 'bert.encoder.layer.10.output.LayerNorm.gamma': {...}, 'bert.encoder.layer.11.attention.output.LayerNorm.gamma': {...}, 'bert.encoder.layer.11.output.LayerNorm.gamma': {...}, 'bert.encoder.layer.2.attention.output.LayerNorm.gamma': {...}, 'bert.encoder.layer.2.output.LayerNorm.gamma': {...}, 'bert.encoder.layer.3.attention.output.LayerNorm.gamma': {...}, 'bert.encoder.layer.3.output.LayerNorm.gamma': {...}, 'bert.encoder.layer.4.attention.output.LayerNorm.gamma': {...}, 'bert.encoder.layer.4.output.LayerNorm.gamma': {...}, 'bert.encoder.layer.5.attention.output.LayerNorm.gamma': {...}, 'bert.encoder.layer.5.output.LayerNorm.gamma': {...}, 'bert.encoder.layer.6.attention.output.LayerNorm.gamma': {...}, 'bert.encoder.layer.6.output.LayerNorm.gamma': {...}, 'bert.encoder.layer.7.attention.output.LayerNorm.gamma': {...}, 'bert.encoder.layer.7.output.LayerNorm.gamma': {...}, 'bert.encoder.layer.8.attention.output.LayerNorm.gamma': {...}, 'bert.encoder.layer.8.output.LayerNorm.gamma': {...}, 'bert.encoder.layer.9.attention.output.LayerNorm.gamma': {...}, 'bert.encoder.layer.9.output.LayerNorm.gamma': {...}, 'cls.predictions.transform.LayerNorm.gamma': {...}}`
* `bert.encoder.layer.1.output.LayerNorm.gamma` -> `{'bert.embeddings.LayerNorm.gamma': 'bert.embeddings.LayerNorm.weight', 'bert.encoder.layer.0.attention.output.LayerNorm.gamma': {...}, 'bert.encoder.layer.0.output.LayerNorm.gamma': {...}, 'bert.encoder.layer.1.attention.output.LayerNorm.gamma': {...}, 'bert.encoder.layer.1.output.LayerNorm.gamma': {...}, 'bert.encoder.layer.10.attention.output.LayerNorm.gamma': {...}, 'bert.encoder.layer.10.output.LayerNorm.gamma': {...}, 'bert.encoder.layer.11.attention.output.LayerNorm.gamma': {...}, 'bert.encoder.layer.11.output.LayerNorm.gamma': {...}, 'bert.encoder.layer.2.attention.output.LayerNorm.gamma': {...}, 'bert.encoder.layer.2.output.LayerNorm.gamma': {...}, 'bert.encoder.layer.3.attention.output.LayerNorm.gamma': {...}, 'bert.encoder.layer.3.output.LayerNorm.gamma': {...}, 'bert.encoder.layer.4.attention.output.LayerNorm.gamma': {...}, 'bert.encoder.layer.4.output.LayerNorm.gamma': {...}, 'bert.encoder.layer.5.attention.output.LayerNorm.gamma': {...}, 'bert.encoder.layer.5.output.LayerNorm.gamma': {...}, 'bert.encoder.layer.6.attention.output.LayerNorm.gamma': {...}, 'bert.encoder.layer.6.output.LayerNorm.gamma': {...}, 'bert.encoder.layer.7.attention.output.LayerNorm.gamma': {...}, 'bert.encoder.layer.7.output.LayerNorm.gamma': {...}, 'bert.encoder.layer.8.attention.output.LayerNorm.gamma': {...}, 'bert.encoder.layer.8.output.LayerNorm.gamma': {...}, 'bert.encoder.layer.9.attention.output.LayerNorm.gamma': {...}, 'bert.encoder.layer.9.output.LayerNorm.gamma': {...}, 'cls.predictions.transform.LayerNorm.gamma': {...}}`
* `bert.encoder.layer.10.attention.output.LayerNorm.gamma` -> `{'bert.embeddings.LayerNorm.gamma': 'bert.embeddings.LayerNorm.weight', 'bert.encoder.layer.0.attention.output.LayerNorm.gamma': {...}, 'bert.encoder.layer.0.output.LayerNorm.gamma': {...}, 'bert.encoder.layer.1.attention.output.LayerNorm.gamma': {...}, 'bert.encoder.layer.1.output.LayerNorm.gamma': {...}, 'bert.encoder.layer.10.attention.output.LayerNorm.gamma': {...}, 'bert.encoder.layer.10.output.LayerNorm.gamma': {...}, 'bert.encoder.layer.11.attention.output.LayerNorm.gamma': {...}, 'bert.encoder.layer.11.output.LayerNorm.gamma': {...}, 'bert.encoder.layer.2.attention.output.LayerNorm.gamma': {...}, 'bert.encoder.layer.2.output.LayerNorm.gamma': {...}, 'bert.encoder.layer.3.attention.output.LayerNorm.gamma': {...}, 'bert.encoder.layer.3.output.LayerNorm.gamma': {...}, 'bert.encoder.layer.4.attention.output.LayerNorm.gamma': {...}, 'bert.encoder.layer.4.output.LayerNorm.gamma': {...}, 'bert.encoder.layer.5.attention.output.LayerNorm.gamma': {...}, 'bert.encoder.layer.5.output.LayerNorm.gamma': {...}, 'bert.encoder.layer.6.attention.output.LayerNorm.gamma': {...}, 'bert.encoder.layer.6.output.LayerNorm.gamma': {...}, 'bert.encoder.layer.7.attention.output.LayerNorm.gamma': {...}, 'bert.encoder.layer.7.output.LayerNorm.gamma': {...}, 'bert.encoder.layer.8.attention.output.LayerNorm.gamma': {...}, 'bert.encoder.layer.8.output.LayerNorm.gamma': {...}, 'bert.encoder.layer.9.attention.output.LayerNorm.gamma': {...}, 'bert.encoder.layer.9.output.LayerNorm.gamma': {...}, 'cls.predictions.transform.LayerNorm.gamma': {...}}`
* `bert.encoder.layer.10.output.LayerNorm.gamma` -> `{'bert.embeddings.LayerNorm.gamma': 'bert.embeddings.LayerNorm.weight', 'bert.encoder.layer.0.attention.output.LayerNorm.gamma': {...}, 'bert.encoder.layer.0.output.LayerNorm.gamma': {...}, 'bert.encoder.layer.1.attention.output.LayerNorm.gamma': {...}, 'bert.encoder.layer.1.output.LayerNorm.gamma': {...}, 'bert.encoder.layer.10.attention.output.LayerNorm.gamma': {...}, 'bert.encoder.layer.10.output.LayerNorm.gamma': {...}, 'bert.encoder.layer.11.attention.output.LayerNorm.gamma': {...}, 'bert.encoder.layer.11.output.LayerNorm.gamma': {...}, 'bert.encoder.layer.2.attention.output.LayerNorm.gamma': {...}, 'bert.encoder.layer.2.output.LayerNorm.gamma': {...}, 'bert.encoder.layer.3.attention.output.LayerNorm.gamma': {...}, 'bert.encoder.layer.3.output.LayerNorm.gamma': {...}, 'bert.encoder.layer.4.attention.output.LayerNorm.gamma': {...}, 'bert.encoder.layer.4.output.LayerNorm.gamma': {...}, 'bert.encoder.layer.5.attention.output.LayerNorm.gamma': {...}, 'bert.encoder.layer.5.output.LayerNorm.gamma': {...}, 'bert.encoder.layer.6.attention.output.LayerNorm.gamma': {...}, 'bert.encoder.layer.6.output.LayerNorm.gamma': {...}, 'bert.encoder.layer.7.attention.output.LayerNorm.gamma': {...}, 'bert.encoder.layer.7.output.LayerNorm.gamma': {...}, 'bert.encoder.layer.8.attention.output.LayerNorm.gamma': {...}, 'bert.encoder.layer.8.output.LayerNorm.gamma': {...}, 'bert.encoder.layer.9.attention.output.LayerNorm.gamma': {...}, 'bert.encoder.layer.9.output.LayerNorm.gamma': {...}, 'cls.predictions.transform.LayerNorm.gamma': {...}}`
* `bert.encoder.layer.11.attention.output.LayerNorm.gamma` -> `{'bert.embeddings.LayerNorm.gamma': 'bert.embeddings.LayerNorm.weight', 'bert.encoder.layer.0.attention.output.LayerNorm.gamma': {...}, 'bert.encoder.layer.0.output.LayerNorm.gamma': {...}, 'bert.encoder.layer.1.attention.output.LayerNorm.gamma': {...}, 'bert.encoder.layer.1.output.LayerNorm.gamma': {...}, 'bert.encoder.layer.10.attention.output.LayerNorm.gamma': {...}, 'bert.encoder.layer.10.output.LayerNorm.gamma': {...}, 'bert.encoder.layer.11.attention.output.LayerNorm.gamma': {...}, 'bert.encoder.layer.11.output.LayerNorm.gamma': {...}, 'bert.encoder.layer.2.attention.output.LayerNorm.gamma': {...}, 'bert.encoder.layer.2.output.LayerNorm.gamma': {...}, 'bert.encoder.layer.3.attention.output.LayerNorm.gamma': {...}, 'bert.encoder.layer.3.output.LayerNorm.gamma': {...}, 'bert.encoder.layer.4.attention.output.LayerNorm.gamma': {...}, 'bert.encoder.layer.4.output.LayerNorm.gamma': {...}, 'bert.encoder.layer.5.attention.output.LayerNorm.gamma': {...}, 'bert.encoder.layer.5.output.LayerNorm.gamma': {...}, 'bert.encoder.layer.6.attention.output.LayerNorm.gamma': {...}, 'bert.encoder.layer.6.output.LayerNorm.gamma': {...}, 'bert.encoder.layer.7.attention.output.LayerNorm.gamma': {...}, 'bert.encoder.layer.7.output.LayerNorm.gamma': {...}, 'bert.encoder.layer.8.attention.output.LayerNorm.gamma': {...}, 'bert.encoder.layer.8.output.LayerNorm.gamma': {...}, 'bert.encoder.layer.9.attention.output.LayerNorm.gamma': {...}, 'bert.encoder.layer.9.output.LayerNorm.gamma': {...}, 'cls.predictions.transform.LayerNorm.gamma': {...}}`
* `bert.encoder.layer.11.output.LayerNorm.gamma` -> `{'bert.embeddings.LayerNorm.gamma': 'bert.embeddings.LayerNorm.weight', 'bert.encoder.layer.0.attention.output.LayerNorm.gamma': {...}, 'bert.encoder.layer.0.output.LayerNorm.gamma': {...}, 'bert.encoder.layer.1.attention.output.LayerNorm.gamma': {...}, 'bert.encoder.layer.1.output.LayerNorm.gamma': {...}, 'bert.encoder.layer.10.attention.output.LayerNorm.gamma': {...}, 'bert.encoder.layer.10.output.LayerNorm.gamma': {...}, 'bert.encoder.layer.11.attention.output.LayerNorm.gamma': {...}, 'bert.encoder.layer.11.output.LayerNorm.gamma': {...}, 'bert.encoder.layer.2.attention.output.LayerNorm.gamma': {...}, 'bert.encoder.layer.2.output.LayerNorm.gamma': {...}, 'bert.encoder.layer.3.attention.output.LayerNorm.gamma': {...}, 'bert.encoder.layer.3.output.LayerNorm.gamma': {...}, 'bert.encoder.layer.4.attention.output.LayerNorm.gamma': {...}, 'bert.encoder.layer.4.output.LayerNorm.gamma': {...}, 'bert.encoder.layer.5.attention.output.LayerNorm.gamma': {...}, 'bert.encoder.layer.5.output.LayerNorm.gamma': {...}, 'bert.encoder.layer.6.attention.output.LayerNorm.gamma': {...}, 'bert.encoder.layer.6.output.LayerNorm.gamma': {...}, 'bert.encoder.layer.7.attention.output.LayerNorm.gamma': {...}, 'bert.encoder.layer.7.output.LayerNorm.gamma': {...}, 'bert.encoder.layer.8.attention.output.LayerNorm.gamma': {...}, 'bert.encoder.layer.8.output.LayerNorm.gamma': {...}, 'bert.encoder.layer.9.attention.output.LayerNorm.gamma': {...}, 'bert.encoder.layer.9.output.LayerNorm.gamma': {...}, 'cls.predictions.transform.LayerNorm.gamma': {...}}`
* `bert.encoder.layer.2.attention.output.LayerNorm.gamma` -> `{'bert.embeddings.LayerNorm.gamma': 'bert.embeddings.LayerNorm.weight', 'bert.encoder.layer.0.attention.output.LayerNorm.gamma': {...}, 'bert.encoder.layer.0.output.LayerNorm.gamma': {...}, 'bert.encoder.layer.1.attention.output.LayerNorm.gamma': {...}, 'bert.encoder.layer.1.output.LayerNorm.gamma': {...}, 'bert.encoder.layer.10.attention.output.LayerNorm.gamma': {...}, 'bert.encoder.layer.10.output.LayerNorm.gamma': {...}, 'bert.encoder.layer.11.attention.output.LayerNorm.gamma': {...}, 'bert.encoder.layer.11.output.LayerNorm.gamma': {...}, 'bert.encoder.layer.2.attention.output.LayerNorm.gamma': {...}, 'bert.encoder.layer.2.output.LayerNorm.gamma': {...}, 'bert.encoder.layer.3.attention.output.LayerNorm.gamma': {...}, 'bert.encoder.layer.3.output.LayerNorm.gamma': {...}, 'bert.encoder.layer.4.attention.output.LayerNorm.gamma': {...}, 'bert.encoder.layer.4.output.LayerNorm.gamma': {...}, 'bert.encoder.layer.5.attention.output.LayerNorm.gamma': {...}, 'bert.encoder.layer.5.output.LayerNorm.gamma': {...}, 'bert.encoder.layer.6.attention.output.LayerNorm.gamma': {...}, 'bert.encoder.layer.6.output.LayerNorm.gamma': {...}, 'bert.encoder.layer.7.attention.output.LayerNorm.gamma': {...}, 'bert.encoder.layer.7.output.LayerNorm.gamma': {...}, 'bert.encoder.layer.8.attention.output.LayerNorm.gamma': {...}, 'bert.encoder.layer.8.output.LayerNorm.gamma': {...}, 'bert.encoder.layer.9.attention.output.LayerNorm.gamma': {...}, 'bert.encoder.layer.9.output.LayerNorm.gamma': {...}, 'cls.predictions.transform.LayerNorm.gamma': {...}}`
* `bert.encoder.layer.2.output.LayerNorm.gamma` -> `{'bert.embeddings.LayerNorm.gamma': 'bert.embeddings.LayerNorm.weight', 'bert.encoder.layer.0.attention.output.LayerNorm.gamma': {...}, 'bert.encoder.layer.0.output.LayerNorm.gamma': {...}, 'bert.encoder.layer.1.attention.output.LayerNorm.gamma': {...}, 'bert.encoder.layer.1.output.LayerNorm.gamma': {...}, 'bert.encoder.layer.10.attention.output.LayerNorm.gamma': {...}, 'bert.encoder.layer.10.output.LayerNorm.gamma': {...}, 'bert.encoder.layer.11.attention.output.LayerNorm.gamma': {...}, 'bert.encoder.layer.11.output.LayerNorm.gamma': {...}, 'bert.encoder.layer.2.attention.output.LayerNorm.gamma': {...}, 'bert.encoder.layer.2.output.LayerNorm.gamma': {...}, 'bert.encoder.layer.3.attention.output.LayerNorm.gamma': {...}, 'bert.encoder.layer.3.output.LayerNorm.gamma': {...}, 'bert.encoder.layer.4.attention.output.LayerNorm.gamma': {...}, 'bert.encoder.layer.4.output.LayerNorm.gamma': {...}, 'bert.encoder.layer.5.attention.output.LayerNorm.gamma': {...}, 'bert.encoder.layer.5.output.LayerNorm.gamma': {...}, 'bert.encoder.layer.6.attention.output.LayerNorm.gamma': {...}, 'bert.encoder.layer.6.output.LayerNorm.gamma': {...}, 'bert.encoder.layer.7.attention.output.LayerNorm.gamma': {...}, 'bert.encoder.layer.7.output.LayerNorm.gamma': {...}, 'bert.encoder.layer.8.attention.output.LayerNorm.gamma': {...}, 'bert.encoder.layer.8.output.LayerNorm.gamma': {...}, 'bert.encoder.layer.9.attention.output.LayerNorm.gamma': {...}, 'bert.encoder.layer.9.output.LayerNorm.gamma': {...}, 'cls.predictions.transform.LayerNorm.gamma': {...}}`
* `bert.encoder.layer.3.attention.output.LayerNorm.gamma` -> `{'bert.embeddings.LayerNorm.gamma': 'bert.embeddings.LayerNorm.weight', 'bert.encoder.layer.0.attention.output.LayerNorm.gamma': {...}, 'bert.encoder.layer.0.output.LayerNorm.gamma': {...}, 'bert.encoder.layer.1.attention.output.LayerNorm.gamma': {...}, 'bert.encoder.layer.1.output.LayerNorm.gamma': {...}, 'bert.encoder.layer.10.attention.output.LayerNorm.gamma': {...}, 'bert.encoder.layer.10.output.LayerNorm.gamma': {...}, 'bert.encoder.layer.11.attention.output.LayerNorm.gamma': {...}, 'bert.encoder.layer.11.output.LayerNorm.gamma': {...}, 'bert.encoder.layer.2.attention.output.LayerNorm.gamma': {...}, 'bert.encoder.layer.2.output.LayerNorm.gamma': {...}, 'bert.encoder.layer.3.attention.output.LayerNorm.gamma': {...}, 'bert.encoder.layer.3.output.LayerNorm.gamma': {...}, 'bert.encoder.layer.4.attention.output.LayerNorm.gamma': {...}, 'bert.encoder.layer.4.output.LayerNorm.gamma': {...}, 'bert.encoder.layer.5.attention.output.LayerNorm.gamma': {...}, 'bert.encoder.layer.5.output.LayerNorm.gamma': {...}, 'bert.encoder.layer.6.attention.output.LayerNorm.gamma': {...}, 'bert.encoder.layer.6.output.LayerNorm.gamma': {...}, 'bert.encoder.layer.7.attention.output.LayerNorm.gamma': {...}, 'bert.encoder.layer.7.output.LayerNorm.gamma': {...}, 'bert.encoder.layer.8.attention.output.LayerNorm.gamma': {...}, 'bert.encoder.layer.8.output.LayerNorm.gamma': {...}, 'bert.encoder.layer.9.attention.output.LayerNorm.gamma': {...}, 'bert.encoder.layer.9.output.LayerNorm.gamma': {...}, 'cls.predictions.transform.LayerNorm.gamma': {...}}`
* `bert.encoder.layer.3.output.LayerNorm.gamma` -> `{'bert.embeddings.LayerNorm.gamma': 'bert.embeddings.LayerNorm.weight', 'bert.encoder.layer.0.attention.output.LayerNorm.gamma': {...}, 'bert.encoder.layer.0.output.LayerNorm.gamma': {...}, 'bert.encoder.layer.1.attention.output.LayerNorm.gamma': {...}, 'bert.encoder.layer.1.output.LayerNorm.gamma': {...}, 'bert.encoder.layer.10.attention.output.LayerNorm.gamma': {...}, 'bert.encoder.layer.10.output.LayerNorm.gamma': {...}, 'bert.encoder.layer.11.attention.output.LayerNorm.gamma': {...}, 'bert.encoder.layer.11.output.LayerNorm.gamma': {...}, 'bert.encoder.layer.2.attention.output.LayerNorm.gamma': {...}, 'bert.encoder.layer.2.output.LayerNorm.gamma': {...}, 'bert.encoder.layer.3.attention.output.LayerNorm.gamma': {...}, 'bert.encoder.layer.3.output.LayerNorm.gamma': {...}, 'bert.encoder.layer.4.attention.output.LayerNorm.gamma': {...}, 'bert.encoder.layer.4.output.LayerNorm.gamma': {...}, 'bert.encoder.layer.5.attention.output.LayerNorm.gamma': {...}, 'bert.encoder.layer.5.output.LayerNorm.gamma': {...}, 'bert.encoder.layer.6.attention.output.LayerNorm.gamma': {...}, 'bert.encoder.layer.6.output.LayerNorm.gamma': {...}, 'bert.encoder.layer.7.attention.output.LayerNorm.gamma': {...}, 'bert.encoder.layer.7.output.LayerNorm.gamma': {...}, 'bert.encoder.layer.8.attention.output.LayerNorm.gamma': {...}, 'bert.encoder.layer.8.output.LayerNorm.gamma': {...}, 'bert.encoder.layer.9.attention.output.LayerNorm.gamma': {...}, 'bert.encoder.layer.9.output.LayerNorm.gamma': {...}, 'cls.predictions.transform.LayerNorm.gamma': {...}}`
* `bert.encoder.layer.4.attention.output.LayerNorm.gamma` -> `{'bert.embeddings.LayerNorm.gamma': 'bert.embeddings.LayerNorm.weight', 'bert.encoder.layer.0.attention.output.LayerNorm.gamma': {...}, 'bert.encoder.layer.0.output.LayerNorm.gamma': {...}, 'bert.encoder.layer.1.attention.output.LayerNorm.gamma': {...}, 'bert.encoder.layer.1.output.LayerNorm.gamma': {...}, 'bert.encoder.layer.10.attention.output.LayerNorm.gamma': {...}, 'bert.encoder.layer.10.output.LayerNorm.gamma': {...}, 'bert.encoder.layer.11.attention.output.LayerNorm.gamma': {...}, 'bert.encoder.layer.11.output.LayerNorm.gamma': {...}, 'bert.encoder.layer.2.attention.output.LayerNorm.gamma': {...}, 'bert.encoder.layer.2.output.LayerNorm.gamma': {...}, 'bert.encoder.layer.3.attention.output.LayerNorm.gamma': {...}, 'bert.encoder.layer.3.output.LayerNorm.gamma': {...}, 'bert.encoder.layer.4.attention.output.LayerNorm.gamma': {...}, 'bert.encoder.layer.4.output.LayerNorm.gamma': {...}, 'bert.encoder.layer.5.attention.output.LayerNorm.gamma': {...}, 'bert.encoder.layer.5.output.LayerNorm.gamma': {...}, 'bert.encoder.layer.6.attention.output.LayerNorm.gamma': {...}, 'bert.encoder.layer.6.output.LayerNorm.gamma': {...}, 'bert.encoder.layer.7.attention.output.LayerNorm.gamma': {...}, 'bert.encoder.layer.7.output.LayerNorm.gamma': {...}, 'bert.encoder.layer.8.attention.output.LayerNorm.gamma': {...}, 'bert.encoder.layer.8.output.LayerNorm.gamma': {...}, 'bert.encoder.layer.9.attention.output.LayerNorm.gamma': {...}, 'bert.encoder.layer.9.output.LayerNorm.gamma': {...}, 'cls.predictions.transform.LayerNorm.gamma': {...}}`
* `bert.encoder.layer.4.output.LayerNorm.gamma` -> `{'bert.embeddings.LayerNorm.gamma': 'bert.embeddings.LayerNorm.weight', 'bert.encoder.layer.0.attention.output.LayerNorm.gamma': {...}, 'bert.encoder.layer.0.output.LayerNorm.gamma': {...}, 'bert.encoder.layer.1.attention.output.LayerNorm.gamma': {...}, 'bert.encoder.layer.1.output.LayerNorm.gamma': {...}, 'bert.encoder.layer.10.attention.output.LayerNorm.gamma': {...}, 'bert.encoder.layer.10.output.LayerNorm.gamma': {...}, 'bert.encoder.layer.11.attention.output.LayerNorm.gamma': {...}, 'bert.encoder.layer.11.output.LayerNorm.gamma': {...}, 'bert.encoder.layer.2.attention.output.LayerNorm.gamma': {...}, 'bert.encoder.layer.2.output.LayerNorm.gamma': {...}, 'bert.encoder.layer.3.attention.output.LayerNorm.gamma': {...}, 'bert.encoder.layer.3.output.LayerNorm.gamma': {...}, 'bert.encoder.layer.4.attention.output.LayerNorm.gamma': {...}, 'bert.encoder.layer.4.output.LayerNorm.gamma': {...}, 'bert.encoder.layer.5.attention.output.LayerNorm.gamma': {...}, 'bert.encoder.layer.5.output.LayerNorm.gamma': {...}, 'bert.encoder.layer.6.attention.output.LayerNorm.gamma': {...}, 'bert.encoder.layer.6.output.LayerNorm.gamma': {...}, 'bert.encoder.layer.7.attention.output.LayerNorm.gamma': {...}, 'bert.encoder.layer.7.output.LayerNorm.gamma': {...}, 'bert.encoder.layer.8.attention.output.LayerNorm.gamma': {...}, 'bert.encoder.layer.8.output.LayerNorm.gamma': {...}, 'bert.encoder.layer.9.attention.output.LayerNorm.gamma': {...}, 'bert.encoder.layer.9.output.LayerNorm.gamma': {...}, 'cls.predictions.transform.LayerNorm.gamma': {...}}`
* `bert.encoder.layer.5.attention.output.LayerNorm.gamma` -> `{'bert.embeddings.LayerNorm.gamma': 'bert.embeddings.LayerNorm.weight', 'bert.encoder.layer.0.attention.output.LayerNorm.gamma': {...}, 'bert.encoder.layer.0.output.LayerNorm.gamma': {...}, 'bert.encoder.layer.1.attention.output.LayerNorm.gamma': {...}, 'bert.encoder.layer.1.output.LayerNorm.gamma': {...}, 'bert.encoder.layer.10.attention.output.LayerNorm.gamma': {...}, 'bert.encoder.layer.10.output.LayerNorm.gamma': {...}, 'bert.encoder.layer.11.attention.output.LayerNorm.gamma': {...}, 'bert.encoder.layer.11.output.LayerNorm.gamma': {...}, 'bert.encoder.layer.2.attention.output.LayerNorm.gamma': {...}, 'bert.encoder.layer.2.output.LayerNorm.gamma': {...}, 'bert.encoder.layer.3.attention.output.LayerNorm.gamma': {...}, 'bert.encoder.layer.3.output.LayerNorm.gamma': {...}, 'bert.encoder.layer.4.attention.output.LayerNorm.gamma': {...}, 'bert.encoder.layer.4.output.LayerNorm.gamma': {...}, 'bert.encoder.layer.5.attention.output.LayerNorm.gamma': {...}, 'bert.encoder.layer.5.output.LayerNorm.gamma': {...}, 'bert.encoder.layer.6.attention.output.LayerNorm.gamma': {...}, 'bert.encoder.layer.6.output.LayerNorm.gamma': {...}, 'bert.encoder.layer.7.attention.output.LayerNorm.gamma': {...}, 'bert.encoder.layer.7.output.LayerNorm.gamma': {...}, 'bert.encoder.layer.8.attention.output.LayerNorm.gamma': {...}, 'bert.encoder.layer.8.output.LayerNorm.gamma': {...}, 'bert.encoder.layer.9.attention.output.LayerNorm.gamma': {...}, 'bert.encoder.layer.9.output.LayerNorm.gamma': {...}, 'cls.predictions.transform.LayerNorm.gamma': {...}}`
* `bert.encoder.layer.5.output.LayerNorm.gamma` -> `{'bert.embeddings.LayerNorm.gamma': 'bert.embeddings.LayerNorm.weight', 'bert.encoder.layer.0.attention.output.LayerNorm.gamma': {...}, 'bert.encoder.layer.0.output.LayerNorm.gamma': {...}, 'bert.encoder.layer.1.attention.output.LayerNorm.gamma': {...}, 'bert.encoder.layer.1.output.LayerNorm.gamma': {...}, 'bert.encoder.layer.10.attention.output.LayerNorm.gamma': {...}, 'bert.encoder.layer.10.output.LayerNorm.gamma': {...}, 'bert.encoder.layer.11.attention.output.LayerNorm.gamma': {...}, 'bert.encoder.layer.11.output.LayerNorm.gamma': {...}, 'bert.encoder.layer.2.attention.output.LayerNorm.gamma': {...}, 'bert.encoder.layer.2.output.LayerNorm.gamma': {...}, 'bert.encoder.layer.3.attention.output.LayerNorm.gamma': {...}, 'bert.encoder.layer.3.output.LayerNorm.gamma': {...}, 'bert.encoder.layer.4.attention.output.LayerNorm.gamma': {...}, 'bert.encoder.layer.4.output.LayerNorm.gamma': {...}, 'bert.encoder.layer.5.attention.output.LayerNorm.gamma': {...}, 'bert.encoder.layer.5.output.LayerNorm.gamma': {...}, 'bert.encoder.layer.6.attention.output.LayerNorm.gamma': {...}, 'bert.encoder.layer.6.output.LayerNorm.gamma': {...}, 'bert.encoder.layer.7.attention.output.LayerNorm.gamma': {...}, 'bert.encoder.layer.7.output.LayerNorm.gamma': {...}, 'bert.encoder.layer.8.attention.output.LayerNorm.gamma': {...}, 'bert.encoder.layer.8.output.LayerNorm.gamma': {...}, 'bert.encoder.layer.9.attention.output.LayerNorm.gamma': {...}, 'bert.encoder.layer.9.output.LayerNorm.gamma': {...}, 'cls.predictions.transform.LayerNorm.gamma': {...}}`
* `bert.encoder.layer.6.attention.output.LayerNorm.gamma` -> `{'bert.embeddings.LayerNorm.gamma': 'bert.embeddings.LayerNorm.weight', 'bert.encoder.layer.0.attention.output.LayerNorm.gamma': {...}, 'bert.encoder.layer.0.output.LayerNorm.gamma': {...}, 'bert.encoder.layer.1.attention.output.LayerNorm.gamma': {...}, 'bert.encoder.layer.1.output.LayerNorm.gamma': {...}, 'bert.encoder.layer.10.attention.output.LayerNorm.gamma': {...}, 'bert.encoder.layer.10.output.LayerNorm.gamma': {...}, 'bert.encoder.layer.11.attention.output.LayerNorm.gamma': {...}, 'bert.encoder.layer.11.output.LayerNorm.gamma': {...}, 'bert.encoder.layer.2.attention.output.LayerNorm.gamma': {...}, 'bert.encoder.layer.2.output.LayerNorm.gamma': {...}, 'bert.encoder.layer.3.attention.output.LayerNorm.gamma': {...}, 'bert.encoder.layer.3.output.LayerNorm.gamma': {...}, 'bert.encoder.layer.4.attention.output.LayerNorm.gamma': {...}, 'bert.encoder.layer.4.output.LayerNorm.gamma': {...}, 'bert.encoder.layer.5.attention.output.LayerNorm.gamma': {...}, 'bert.encoder.layer.5.output.LayerNorm.gamma': {...}, 'bert.encoder.layer.6.attention.output.LayerNorm.gamma': {...}, 'bert.encoder.layer.6.output.LayerNorm.gamma': {...}, 'bert.encoder.layer.7.attention.output.LayerNorm.gamma': {...}, 'bert.encoder.layer.7.output.LayerNorm.gamma': {...}, 'bert.encoder.layer.8.attention.output.LayerNorm.gamma': {...}, 'bert.encoder.layer.8.output.LayerNorm.gamma': {...}, 'bert.encoder.layer.9.attention.output.LayerNorm.gamma': {...}, 'bert.encoder.layer.9.output.LayerNorm.gamma': {...}, 'cls.predictions.transform.LayerNorm.gamma': {...}}`
* `bert.encoder.layer.6.output.LayerNorm.gamma` -> `{'bert.embeddings.LayerNorm.gamma': 'bert.embeddings.LayerNorm.weight', 'bert.encoder.layer.0.attention.output.LayerNorm.gamma': {...}, 'bert.encoder.layer.0.output.LayerNorm.gamma': {...}, 'bert.encoder.layer.1.attention.output.LayerNorm.gamma': {...}, 'bert.encoder.layer.1.output.LayerNorm.gamma': {...}, 'bert.encoder.layer.10.attention.output.LayerNorm.gamma': {...}, 'bert.encoder.layer.10.output.LayerNorm.gamma': {...}, 'bert.encoder.layer.11.attention.output.LayerNorm.gamma': {...}, 'bert.encoder.layer.11.output.LayerNorm.gamma': {...}, 'bert.encoder.layer.2.attention.output.LayerNorm.gamma': {...}, 'bert.encoder.layer.2.output.LayerNorm.gamma': {...}, 'bert.encoder.layer.3.attention.output.LayerNorm.gamma': {...}, 'bert.encoder.layer.3.output.LayerNorm.gamma': {...}, 'bert.encoder.layer.4.attention.output.LayerNorm.gamma': {...}, 'bert.encoder.layer.4.output.LayerNorm.gamma': {...}, 'bert.encoder.layer.5.attention.output.LayerNorm.gamma': {...}, 'bert.encoder.layer.5.output.LayerNorm.gamma': {...}, 'bert.encoder.layer.6.attention.output.LayerNorm.gamma': {...}, 'bert.encoder.layer.6.output.LayerNorm.gamma': {...}, 'bert.encoder.layer.7.attention.output.LayerNorm.gamma': {...}, 'bert.encoder.layer.7.output.LayerNorm.gamma': {...}, 'bert.encoder.layer.8.attention.output.LayerNorm.gamma': {...}, 'bert.encoder.layer.8.output.LayerNorm.gamma': {...}, 'bert.encoder.layer.9.attention.output.LayerNorm.gamma': {...}, 'bert.encoder.layer.9.output.LayerNorm.gamma': {...}, 'cls.predictions.transform.LayerNorm.gamma': {...}}`
* `bert.encoder.layer.7.attention.output.LayerNorm.gamma` -> `{'bert.embeddings.LayerNorm.gamma': 'bert.embeddings.LayerNorm.weight', 'bert.encoder.layer.0.attention.output.LayerNorm.gamma': {...}, 'bert.encoder.layer.0.output.LayerNorm.gamma': {...}, 'bert.encoder.layer.1.attention.output.LayerNorm.gamma': {...}, 'bert.encoder.layer.1.output.LayerNorm.gamma': {...}, 'bert.encoder.layer.10.attention.output.LayerNorm.gamma': {...}, 'bert.encoder.layer.10.output.LayerNorm.gamma': {...}, 'bert.encoder.layer.11.attention.output.LayerNorm.gamma': {...}, 'bert.encoder.layer.11.output.LayerNorm.gamma': {...}, 'bert.encoder.layer.2.attention.output.LayerNorm.gamma': {...}, 'bert.encoder.layer.2.output.LayerNorm.gamma': {...}, 'bert.encoder.layer.3.attention.output.LayerNorm.gamma': {...}, 'bert.encoder.layer.3.output.LayerNorm.gamma': {...}, 'bert.encoder.layer.4.attention.output.LayerNorm.gamma': {...}, 'bert.encoder.layer.4.output.LayerNorm.gamma': {...}, 'bert.encoder.layer.5.attention.output.LayerNorm.gamma': {...}, 'bert.encoder.layer.5.output.LayerNorm.gamma': {...}, 'bert.encoder.layer.6.attention.output.LayerNorm.gamma': {...}, 'bert.encoder.layer.6.output.LayerNorm.gamma': {...}, 'bert.encoder.layer.7.attention.output.LayerNorm.gamma': {...}, 'bert.encoder.layer.7.output.LayerNorm.gamma': {...}, 'bert.encoder.layer.8.attention.output.LayerNorm.gamma': {...}, 'bert.encoder.layer.8.output.LayerNorm.gamma': {...}, 'bert.encoder.layer.9.attention.output.LayerNorm.gamma': {...}, 'bert.encoder.layer.9.output.LayerNorm.gamma': {...}, 'cls.predictions.transform.LayerNorm.gamma': {...}}`
* `bert.encoder.layer.7.output.LayerNorm.gamma` -> `{'bert.embeddings.LayerNorm.gamma': 'bert.embeddings.LayerNorm.weight', 'bert.encoder.layer.0.attention.output.LayerNorm.gamma': {...}, 'bert.encoder.layer.0.output.LayerNorm.gamma': {...}, 'bert.encoder.layer.1.attention.output.LayerNorm.gamma': {...}, 'bert.encoder.layer.1.output.LayerNorm.gamma': {...}, 'bert.encoder.layer.10.attention.output.LayerNorm.gamma': {...}, 'bert.encoder.layer.10.output.LayerNorm.gamma': {...}, 'bert.encoder.layer.11.attention.output.LayerNorm.gamma': {...}, 'bert.encoder.layer.11.output.LayerNorm.gamma': {...}, 'bert.encoder.layer.2.attention.output.LayerNorm.gamma': {...}, 'bert.encoder.layer.2.output.LayerNorm.gamma': {...}, 'bert.encoder.layer.3.attention.output.LayerNorm.gamma': {...}, 'bert.encoder.layer.3.output.LayerNorm.gamma': {...}, 'bert.encoder.layer.4.attention.output.LayerNorm.gamma': {...}, 'bert.encoder.layer.4.output.LayerNorm.gamma': {...}, 'bert.encoder.layer.5.attention.output.LayerNorm.gamma': {...}, 'bert.encoder.layer.5.output.LayerNorm.gamma': {...}, 'bert.encoder.layer.6.attention.output.LayerNorm.gamma': {...}, 'bert.encoder.layer.6.output.LayerNorm.gamma': {...}, 'bert.encoder.layer.7.attention.output.LayerNorm.gamma': {...}, 'bert.encoder.layer.7.output.LayerNorm.gamma': {...}, 'bert.encoder.layer.8.attention.output.LayerNorm.gamma': {...}, 'bert.encoder.layer.8.output.LayerNorm.gamma': {...}, 'bert.encoder.layer.9.attention.output.LayerNorm.gamma': {...}, 'bert.encoder.layer.9.output.LayerNorm.gamma': {...}, 'cls.predictions.transform.LayerNorm.gamma': {...}}`
* `bert.encoder.layer.8.attention.output.LayerNorm.gamma` -> `{'bert.embeddings.LayerNorm.gamma': 'bert.embeddings.LayerNorm.weight', 'bert.encoder.layer.0.attention.output.LayerNorm.gamma': {...}, 'bert.encoder.layer.0.output.LayerNorm.gamma': {...}, 'bert.encoder.layer.1.attention.output.LayerNorm.gamma': {...}, 'bert.encoder.layer.1.output.LayerNorm.gamma': {...}, 'bert.encoder.layer.10.attention.output.LayerNorm.gamma': {...}, 'bert.encoder.layer.10.output.LayerNorm.gamma': {...}, 'bert.encoder.layer.11.attention.output.LayerNorm.gamma': {...}, 'bert.encoder.layer.11.output.LayerNorm.gamma': {...}, 'bert.encoder.layer.2.attention.output.LayerNorm.gamma': {...}, 'bert.encoder.layer.2.output.LayerNorm.gamma': {...}, 'bert.encoder.layer.3.attention.output.LayerNorm.gamma': {...}, 'bert.encoder.layer.3.output.LayerNorm.gamma': {...}, 'bert.encoder.layer.4.attention.output.LayerNorm.gamma': {...}, 'bert.encoder.layer.4.output.LayerNorm.gamma': {...}, 'bert.encoder.layer.5.attention.output.LayerNorm.gamma': {...}, 'bert.encoder.layer.5.output.LayerNorm.gamma': {...}, 'bert.encoder.layer.6.attention.output.LayerNorm.gamma': {...}, 'bert.encoder.layer.6.output.LayerNorm.gamma': {...}, 'bert.encoder.layer.7.attention.output.LayerNorm.gamma': {...}, 'bert.encoder.layer.7.output.LayerNorm.gamma': {...}, 'bert.encoder.layer.8.attention.output.LayerNorm.gamma': {...}, 'bert.encoder.layer.8.output.LayerNorm.gamma': {...}, 'bert.encoder.layer.9.attention.output.LayerNorm.gamma': {...}, 'bert.encoder.layer.9.output.LayerNorm.gamma': {...}, 'cls.predictions.transform.LayerNorm.gamma': {...}}`
* `bert.encoder.layer.8.output.LayerNorm.gamma` -> `{'bert.embeddings.LayerNorm.gamma': 'bert.embeddings.LayerNorm.weight', 'bert.encoder.layer.0.attention.output.LayerNorm.gamma': {...}, 'bert.encoder.layer.0.output.LayerNorm.gamma': {...}, 'bert.encoder.layer.1.attention.output.LayerNorm.gamma': {...}, 'bert.encoder.layer.1.output.LayerNorm.gamma': {...}, 'bert.encoder.layer.10.attention.output.LayerNorm.gamma': {...}, 'bert.encoder.layer.10.output.LayerNorm.gamma': {...}, 'bert.encoder.layer.11.attention.output.LayerNorm.gamma': {...}, 'bert.encoder.layer.11.output.LayerNorm.gamma': {...}, 'bert.encoder.layer.2.attention.output.LayerNorm.gamma': {...}, 'bert.encoder.layer.2.output.LayerNorm.gamma': {...}, 'bert.encoder.layer.3.attention.output.LayerNorm.gamma': {...}, 'bert.encoder.layer.3.output.LayerNorm.gamma': {...}, 'bert.encoder.layer.4.attention.output.LayerNorm.gamma': {...}, 'bert.encoder.layer.4.output.LayerNorm.gamma': {...}, 'bert.encoder.layer.5.attention.output.LayerNorm.gamma': {...}, 'bert.encoder.layer.5.output.LayerNorm.gamma': {...}, 'bert.encoder.layer.6.attention.output.LayerNorm.gamma': {...}, 'bert.encoder.layer.6.output.LayerNorm.gamma': {...}, 'bert.encoder.layer.7.attention.output.LayerNorm.gamma': {...}, 'bert.encoder.layer.7.output.LayerNorm.gamma': {...}, 'bert.encoder.layer.8.attention.output.LayerNorm.gamma': {...}, 'bert.encoder.layer.8.output.LayerNorm.gamma': {...}, 'bert.encoder.layer.9.attention.output.LayerNorm.gamma': {...}, 'bert.encoder.layer.9.output.LayerNorm.gamma': {...}, 'cls.predictions.transform.LayerNorm.gamma': {...}}`
* `bert.encoder.layer.9.attention.output.LayerNorm.gamma` -> `{'bert.embeddings.LayerNorm.gamma': 'bert.embeddings.LayerNorm.weight', 'bert.encoder.layer.0.attention.output.LayerNorm.gamma': {...}, 'bert.encoder.layer.0.output.LayerNorm.gamma': {...}, 'bert.encoder.layer.1.attention.output.LayerNorm.gamma': {...}, 'bert.encoder.layer.1.output.LayerNorm.gamma': {...}, 'bert.encoder.layer.10.attention.output.LayerNorm.gamma': {...}, 'bert.encoder.layer.10.output.LayerNorm.gamma': {...}, 'bert.encoder.layer.11.attention.output.LayerNorm.gamma': {...}, 'bert.encoder.layer.11.output.LayerNorm.gamma': {...}, 'bert.encoder.layer.2.attention.output.LayerNorm.gamma': {...}, 'bert.encoder.layer.2.output.LayerNorm.gamma': {...}, 'bert.encoder.layer.3.attention.output.LayerNorm.gamma': {...}, 'bert.encoder.layer.3.output.LayerNorm.gamma': {...}, 'bert.encoder.layer.4.attention.output.LayerNorm.gamma': {...}, 'bert.encoder.layer.4.output.LayerNorm.gamma': {...}, 'bert.encoder.layer.5.attention.output.LayerNorm.gamma': {...}, 'bert.encoder.layer.5.output.LayerNorm.gamma': {...}, 'bert.encoder.layer.6.attention.output.LayerNorm.gamma': {...}, 'bert.encoder.layer.6.output.LayerNorm.gamma': {...}, 'bert.encoder.layer.7.attention.output.LayerNorm.gamma': {...}, 'bert.encoder.layer.7.output.LayerNorm.gamma': {...}, 'bert.encoder.layer.8.attention.output.LayerNorm.gamma': {...}, 'bert.encoder.layer.8.output.LayerNorm.gamma': {...}, 'bert.encoder.layer.9.attention.output.LayerNorm.gamma': {...}, 'bert.encoder.layer.9.output.LayerNorm.gamma': {...}, 'cls.predictions.transform.LayerNorm.gamma': {...}}`
* `bert.encoder.layer.9.output.LayerNorm.gamma` -> `{'bert.embeddings.LayerNorm.gamma': 'bert.embeddings.LayerNorm.weight', 'bert.encoder.layer.0.attention.output.LayerNorm.gamma': {...}, 'bert.encoder.layer.0.output.LayerNorm.gamma': {...}, 'bert.encoder.layer.1.attention.output.LayerNorm.gamma': {...}, 'bert.encoder.layer.1.output.LayerNorm.gamma': {...}, 'bert.encoder.layer.10.attention.output.LayerNorm.gamma': {...}, 'bert.encoder.layer.10.output.LayerNorm.gamma': {...}, 'bert.encoder.layer.11.attention.output.LayerNorm.gamma': {...}, 'bert.encoder.layer.11.output.LayerNorm.gamma': {...}, 'bert.encoder.layer.2.attention.output.LayerNorm.gamma': {...}, 'bert.encoder.layer.2.output.LayerNorm.gamma': {...}, 'bert.encoder.layer.3.attention.output.LayerNorm.gamma': {...}, 'bert.encoder.layer.3.output.LayerNorm.gamma': {...}, 'bert.encoder.layer.4.attention.output.LayerNorm.gamma': {...}, 'bert.encoder.layer.4.output.LayerNorm.gamma': {...}, 'bert.encoder.layer.5.attention.output.LayerNorm.gamma': {...}, 'bert.encoder.layer.5.output.LayerNorm.gamma': {...}, 'bert.encoder.layer.6.attention.output.LayerNorm.gamma': {...}, 'bert.encoder.layer.6.output.LayerNorm.gamma': {...}, 'bert.encoder.layer.7.attention.output.LayerNorm.gamma': {...}, 'bert.encoder.layer.7.output.LayerNorm.gamma': {...}, 'bert.encoder.layer.8.attention.output.LayerNorm.gamma': {...}, 'bert.encoder.layer.8.output.LayerNorm.gamma': {...}, 'bert.encoder.layer.9.attention.output.LayerNorm.gamma': {...}, 'bert.encoder.layer.9.output.LayerNorm.gamma': {...}, 'cls.predictions.transform.LayerNorm.gamma': {...}}`
* `cls.predictions.transform.LayerNorm.gamma` -> `{'bert.embeddings.LayerNorm.gamma': 'bert.embeddings.LayerNorm.weight', 'bert.encoder.layer.0.attention.output.LayerNorm.gamma': {...}, 'bert.encoder.layer.0.output.LayerNorm.gamma': {...}, 'bert.encoder.layer.1.attention.output.LayerNorm.gamma': {...}, 'bert.encoder.layer.1.output.LayerNorm.gamma': {...}, 'bert.encoder.layer.10.attention.output.LayerNorm.gamma': {...}, 'bert.encoder.layer.10.output.LayerNorm.gamma': {...}, 'bert.encoder.layer.11.attention.output.LayerNorm.gamma': {...}, 'bert.encoder.layer.11.output.LayerNorm.gamma': {...}, 'bert.encoder.layer.2.attention.output.LayerNorm.gamma': {...}, 'bert.encoder.layer.2.output.LayerNorm.gamma': {...}, 'bert.encoder.layer.3.attention.output.LayerNorm.gamma': {...}, 'bert.encoder.layer.3.output.LayerNorm.gamma': {...}, 'bert.encoder.layer.4.attention.output.LayerNorm.gamma': {...}, 'bert.encoder.layer.4.output.LayerNorm.gamma': {...}, 'bert.encoder.layer.5.attention.output.LayerNorm.gamma': {...}, 'bert.encoder.layer.5.output.LayerNorm.gamma': {...}, 'bert.encoder.layer.6.attention.output.LayerNorm.gamma': {...}, 'bert.encoder.layer.6.output.LayerNorm.gamma': {...}, 'bert.encoder.layer.7.attention.output.LayerNorm.gamma': {...}, 'bert.encoder.layer.7.output.LayerNorm.gamma': {...}, 'bert.encoder.layer.8.attention.output.LayerNorm.gamma': {...}, 'bert.encoder.layer.8.output.LayerNorm.gamma': {...}, 'bert.encoder.layer.9.attention.output.LayerNorm.gamma': {...}, 'bert.encoder.layer.9.output.LayerNorm.gamma': {...}, 'cls.predictions.transform.LayerNorm.gamma': {...}}`
* `bert.embeddings.LayerNorm.beta` -> `bert.embeddings.LayerNorm.bias`
* `bert.encoder.layer.0.attention.output.LayerNorm.beta` -> `{'bert.embeddings.LayerNorm.beta': 'bert.embeddings.LayerNorm.bias', 'bert.encoder.layer.0.attention.output.LayerNorm.beta': {...}, 'bert.encoder.layer.0.output.LayerNorm.beta': {...}, 'bert.encoder.layer.1.attention.output.LayerNorm.beta': {...}, 'bert.encoder.layer.1.output.LayerNorm.beta': {...}, 'bert.encoder.layer.10.attention.output.LayerNorm.beta': {...}, 'bert.encoder.layer.10.output.LayerNorm.beta': {...}, 'bert.encoder.layer.11.attention.output.LayerNorm.beta': {...}, 'bert.encoder.layer.11.output.LayerNorm.beta': {...}, 'bert.encoder.layer.2.attention.output.LayerNorm.beta': {...}, 'bert.encoder.layer.2.output.LayerNorm.beta': {...}, 'bert.encoder.layer.3.attention.output.LayerNorm.beta': {...}, 'bert.encoder.layer.3.output.LayerNorm.beta': {...}, 'bert.encoder.layer.4.attention.output.LayerNorm.beta': {...}, 'bert.encoder.layer.4.output.LayerNorm.beta': {...}, 'bert.encoder.layer.5.attention.output.LayerNorm.beta': {...}, 'bert.encoder.layer.5.output.LayerNorm.beta': {...}, 'bert.encoder.layer.6.attention.output.LayerNorm.beta': {...}, 'bert.encoder.layer.6.output.LayerNorm.beta': {...}, 'bert.encoder.layer.7.attention.output.LayerNorm.beta': {...}, 'bert.encoder.layer.7.output.LayerNorm.beta': {...}, 'bert.encoder.layer.8.attention.output.LayerNorm.beta': {...}, 'bert.encoder.layer.8.output.LayerNorm.beta': {...}, 'bert.encoder.layer.9.attention.output.LayerNorm.beta': {...}, 'bert.encoder.layer.9.output.LayerNorm.beta': {...}, 'cls.predictions.transform.LayerNorm.beta': {...}}`
* `bert.encoder.layer.0.output.LayerNorm.beta` -> `{'bert.embeddings.LayerNorm.beta': 'bert.embeddings.LayerNorm.bias', 'bert.encoder.layer.0.attention.output.LayerNorm.beta': {...}, 'bert.encoder.layer.0.output.LayerNorm.beta': {...}, 'bert.encoder.layer.1.attention.output.LayerNorm.beta': {...}, 'bert.encoder.layer.1.output.LayerNorm.beta': {...}, 'bert.encoder.layer.10.attention.output.LayerNorm.beta': {...}, 'bert.encoder.layer.10.output.LayerNorm.beta': {...}, 'bert.encoder.layer.11.attention.output.LayerNorm.beta': {...}, 'bert.encoder.layer.11.output.LayerNorm.beta': {...}, 'bert.encoder.layer.2.attention.output.LayerNorm.beta': {...}, 'bert.encoder.layer.2.output.LayerNorm.beta': {...}, 'bert.encoder.layer.3.attention.output.LayerNorm.beta': {...}, 'bert.encoder.layer.3.output.LayerNorm.beta': {...}, 'bert.encoder.layer.4.attention.output.LayerNorm.beta': {...}, 'bert.encoder.layer.4.output.LayerNorm.beta': {...}, 'bert.encoder.layer.5.attention.output.LayerNorm.beta': {...}, 'bert.encoder.layer.5.output.LayerNorm.beta': {...}, 'bert.encoder.layer.6.attention.output.LayerNorm.beta': {...}, 'bert.encoder.layer.6.output.LayerNorm.beta': {...}, 'bert.encoder.layer.7.attention.output.LayerNorm.beta': {...}, 'bert.encoder.layer.7.output.LayerNorm.beta': {...}, 'bert.encoder.layer.8.attention.output.LayerNorm.beta': {...}, 'bert.encoder.layer.8.output.LayerNorm.beta': {...}, 'bert.encoder.layer.9.attention.output.LayerNorm.beta': {...}, 'bert.encoder.layer.9.output.LayerNorm.beta': {...}, 'cls.predictions.transform.LayerNorm.beta': {...}}`
* `bert.encoder.layer.1.attention.output.LayerNorm.beta` -> `{'bert.embeddings.LayerNorm.beta': 'bert.embeddings.LayerNorm.bias', 'bert.encoder.layer.0.attention.output.LayerNorm.beta': {...}, 'bert.encoder.layer.0.output.LayerNorm.beta': {...}, 'bert.encoder.layer.1.attention.output.LayerNorm.beta': {...}, 'bert.encoder.layer.1.output.LayerNorm.beta': {...}, 'bert.encoder.layer.10.attention.output.LayerNorm.beta': {...}, 'bert.encoder.layer.10.output.LayerNorm.beta': {...}, 'bert.encoder.layer.11.attention.output.LayerNorm.beta': {...}, 'bert.encoder.layer.11.output.LayerNorm.beta': {...}, 'bert.encoder.layer.2.attention.output.LayerNorm.beta': {...}, 'bert.encoder.layer.2.output.LayerNorm.beta': {...}, 'bert.encoder.layer.3.attention.output.LayerNorm.beta': {...}, 'bert.encoder.layer.3.output.LayerNorm.beta': {...}, 'bert.encoder.layer.4.attention.output.LayerNorm.beta': {...}, 'bert.encoder.layer.4.output.LayerNorm.beta': {...}, 'bert.encoder.layer.5.attention.output.LayerNorm.beta': {...}, 'bert.encoder.layer.5.output.LayerNorm.beta': {...}, 'bert.encoder.layer.6.attention.output.LayerNorm.beta': {...}, 'bert.encoder.layer.6.output.LayerNorm.beta': {...}, 'bert.encoder.layer.7.attention.output.LayerNorm.beta': {...}, 'bert.encoder.layer.7.output.LayerNorm.beta': {...}, 'bert.encoder.layer.8.attention.output.LayerNorm.beta': {...}, 'bert.encoder.layer.8.output.LayerNorm.beta': {...}, 'bert.encoder.layer.9.attention.output.LayerNorm.beta': {...}, 'bert.encoder.layer.9.output.LayerNorm.beta': {...}, 'cls.predictions.transform.LayerNorm.beta': {...}}`
* `bert.encoder.layer.1.output.LayerNorm.beta` -> `{'bert.embeddings.LayerNorm.beta': 'bert.embeddings.LayerNorm.bias', 'bert.encoder.layer.0.attention.output.LayerNorm.beta': {...}, 'bert.encoder.layer.0.output.LayerNorm.beta': {...}, 'bert.encoder.layer.1.attention.output.LayerNorm.beta': {...}, 'bert.encoder.layer.1.output.LayerNorm.beta': {...}, 'bert.encoder.layer.10.attention.output.LayerNorm.beta': {...}, 'bert.encoder.layer.10.output.LayerNorm.beta': {...}, 'bert.encoder.layer.11.attention.output.LayerNorm.beta': {...}, 'bert.encoder.layer.11.output.LayerNorm.beta': {...}, 'bert.encoder.layer.2.attention.output.LayerNorm.beta': {...}, 'bert.encoder.layer.2.output.LayerNorm.beta': {...}, 'bert.encoder.layer.3.attention.output.LayerNorm.beta': {...}, 'bert.encoder.layer.3.output.LayerNorm.beta': {...}, 'bert.encoder.layer.4.attention.output.LayerNorm.beta': {...}, 'bert.encoder.layer.4.output.LayerNorm.beta': {...}, 'bert.encoder.layer.5.attention.output.LayerNorm.beta': {...}, 'bert.encoder.layer.5.output.LayerNorm.beta': {...}, 'bert.encoder.layer.6.attention.output.LayerNorm.beta': {...}, 'bert.encoder.layer.6.output.LayerNorm.beta': {...}, 'bert.encoder.layer.7.attention.output.LayerNorm.beta': {...}, 'bert.encoder.layer.7.output.LayerNorm.beta': {...}, 'bert.encoder.layer.8.attention.output.LayerNorm.beta': {...}, 'bert.encoder.layer.8.output.LayerNorm.beta': {...}, 'bert.encoder.layer.9.attention.output.LayerNorm.beta': {...}, 'bert.encoder.layer.9.output.LayerNorm.beta': {...}, 'cls.predictions.transform.LayerNorm.beta': {...}}`
* `bert.encoder.layer.10.attention.output.LayerNorm.beta` -> `{'bert.embeddings.LayerNorm.beta': 'bert.embeddings.LayerNorm.bias', 'bert.encoder.layer.0.attention.output.LayerNorm.beta': {...}, 'bert.encoder.layer.0.output.LayerNorm.beta': {...}, 'bert.encoder.layer.1.attention.output.LayerNorm.beta': {...}, 'bert.encoder.layer.1.output.LayerNorm.beta': {...}, 'bert.encoder.layer.10.attention.output.LayerNorm.beta': {...}, 'bert.encoder.layer.10.output.LayerNorm.beta': {...}, 'bert.encoder.layer.11.attention.output.LayerNorm.beta': {...}, 'bert.encoder.layer.11.output.LayerNorm.beta': {...}, 'bert.encoder.layer.2.attention.output.LayerNorm.beta': {...}, 'bert.encoder.layer.2.output.LayerNorm.beta': {...}, 'bert.encoder.layer.3.attention.output.LayerNorm.beta': {...}, 'bert.encoder.layer.3.output.LayerNorm.beta': {...}, 'bert.encoder.layer.4.attention.output.LayerNorm.beta': {...}, 'bert.encoder.layer.4.output.LayerNorm.beta': {...}, 'bert.encoder.layer.5.attention.output.LayerNorm.beta': {...}, 'bert.encoder.layer.5.output.LayerNorm.beta': {...}, 'bert.encoder.layer.6.attention.output.LayerNorm.beta': {...}, 'bert.encoder.layer.6.output.LayerNorm.beta': {...}, 'bert.encoder.layer.7.attention.output.LayerNorm.beta': {...}, 'bert.encoder.layer.7.output.LayerNorm.beta': {...}, 'bert.encoder.layer.8.attention.output.LayerNorm.beta': {...}, 'bert.encoder.layer.8.output.LayerNorm.beta': {...}, 'bert.encoder.layer.9.attention.output.LayerNorm.beta': {...}, 'bert.encoder.layer.9.output.LayerNorm.beta': {...}, 'cls.predictions.transform.LayerNorm.beta': {...}}`
* `bert.encoder.layer.10.output.LayerNorm.beta` -> `{'bert.embeddings.LayerNorm.beta': 'bert.embeddings.LayerNorm.bias', 'bert.encoder.layer.0.attention.output.LayerNorm.beta': {...}, 'bert.encoder.layer.0.output.LayerNorm.beta': {...}, 'bert.encoder.layer.1.attention.output.LayerNorm.beta': {...}, 'bert.encoder.layer.1.output.LayerNorm.beta': {...}, 'bert.encoder.layer.10.attention.output.LayerNorm.beta': {...}, 'bert.encoder.layer.10.output.LayerNorm.beta': {...}, 'bert.encoder.layer.11.attention.output.LayerNorm.beta': {...}, 'bert.encoder.layer.11.output.LayerNorm.beta': {...}, 'bert.encoder.layer.2.attention.output.LayerNorm.beta': {...}, 'bert.encoder.layer.2.output.LayerNorm.beta': {...}, 'bert.encoder.layer.3.attention.output.LayerNorm.beta': {...}, 'bert.encoder.layer.3.output.LayerNorm.beta': {...}, 'bert.encoder.layer.4.attention.output.LayerNorm.beta': {...}, 'bert.encoder.layer.4.output.LayerNorm.beta': {...}, 'bert.encoder.layer.5.attention.output.LayerNorm.beta': {...}, 'bert.encoder.layer.5.output.LayerNorm.beta': {...}, 'bert.encoder.layer.6.attention.output.LayerNorm.beta': {...}, 'bert.encoder.layer.6.output.LayerNorm.beta': {...}, 'bert.encoder.layer.7.attention.output.LayerNorm.beta': {...}, 'bert.encoder.layer.7.output.LayerNorm.beta': {...}, 'bert.encoder.layer.8.attention.output.LayerNorm.beta': {...}, 'bert.encoder.layer.8.output.LayerNorm.beta': {...}, 'bert.encoder.layer.9.attention.output.LayerNorm.beta': {...}, 'bert.encoder.layer.9.output.LayerNorm.beta': {...}, 'cls.predictions.transform.LayerNorm.beta': {...}}`
* `bert.encoder.layer.11.attention.output.LayerNorm.beta` -> `{'bert.embeddings.LayerNorm.beta': 'bert.embeddings.LayerNorm.bias', 'bert.encoder.layer.0.attention.output.LayerNorm.beta': {...}, 'bert.encoder.layer.0.output.LayerNorm.beta': {...}, 'bert.encoder.layer.1.attention.output.LayerNorm.beta': {...}, 'bert.encoder.layer.1.output.LayerNorm.beta': {...}, 'bert.encoder.layer.10.attention.output.LayerNorm.beta': {...}, 'bert.encoder.layer.10.output.LayerNorm.beta': {...}, 'bert.encoder.layer.11.attention.output.LayerNorm.beta': {...}, 'bert.encoder.layer.11.output.LayerNorm.beta': {...}, 'bert.encoder.layer.2.attention.output.LayerNorm.beta': {...}, 'bert.encoder.layer.2.output.LayerNorm.beta': {...}, 'bert.encoder.layer.3.attention.output.LayerNorm.beta': {...}, 'bert.encoder.layer.3.output.LayerNorm.beta': {...}, 'bert.encoder.layer.4.attention.output.LayerNorm.beta': {...}, 'bert.encoder.layer.4.output.LayerNorm.beta': {...}, 'bert.encoder.layer.5.attention.output.LayerNorm.beta': {...}, 'bert.encoder.layer.5.output.LayerNorm.beta': {...}, 'bert.encoder.layer.6.attention.output.LayerNorm.beta': {...}, 'bert.encoder.layer.6.output.LayerNorm.beta': {...}, 'bert.encoder.layer.7.attention.output.LayerNorm.beta': {...}, 'bert.encoder.layer.7.output.LayerNorm.beta': {...}, 'bert.encoder.layer.8.attention.output.LayerNorm.beta': {...}, 'bert.encoder.layer.8.output.LayerNorm.beta': {...}, 'bert.encoder.layer.9.attention.output.LayerNorm.beta': {...}, 'bert.encoder.layer.9.output.LayerNorm.beta': {...}, 'cls.predictions.transform.LayerNorm.beta': {...}}`
* `bert.encoder.layer.11.output.LayerNorm.beta` -> `{'bert.embeddings.LayerNorm.beta': 'bert.embeddings.LayerNorm.bias', 'bert.encoder.layer.0.attention.output.LayerNorm.beta': {...}, 'bert.encoder.layer.0.output.LayerNorm.beta': {...}, 'bert.encoder.layer.1.attention.output.LayerNorm.beta': {...}, 'bert.encoder.layer.1.output.LayerNorm.beta': {...}, 'bert.encoder.layer.10.attention.output.LayerNorm.beta': {...}, 'bert.encoder.layer.10.output.LayerNorm.beta': {...}, 'bert.encoder.layer.11.attention.output.LayerNorm.beta': {...}, 'bert.encoder.layer.11.output.LayerNorm.beta': {...}, 'bert.encoder.layer.2.attention.output.LayerNorm.beta': {...}, 'bert.encoder.layer.2.output.LayerNorm.beta': {...}, 'bert.encoder.layer.3.attention.output.LayerNorm.beta': {...}, 'bert.encoder.layer.3.output.LayerNorm.beta': {...}, 'bert.encoder.layer.4.attention.output.LayerNorm.beta': {...}, 'bert.encoder.layer.4.output.LayerNorm.beta': {...}, 'bert.encoder.layer.5.attention.output.LayerNorm.beta': {...}, 'bert.encoder.layer.5.output.LayerNorm.beta': {...}, 'bert.encoder.layer.6.attention.output.LayerNorm.beta': {...}, 'bert.encoder.layer.6.output.LayerNorm.beta': {...}, 'bert.encoder.layer.7.attention.output.LayerNorm.beta': {...}, 'bert.encoder.layer.7.output.LayerNorm.beta': {...}, 'bert.encoder.layer.8.attention.output.LayerNorm.beta': {...}, 'bert.encoder.layer.8.output.LayerNorm.beta': {...}, 'bert.encoder.layer.9.attention.output.LayerNorm.beta': {...}, 'bert.encoder.layer.9.output.LayerNorm.beta': {...}, 'cls.predictions.transform.LayerNorm.beta': {...}}`
* `bert.encoder.layer.2.attention.output.LayerNorm.beta` -> `{'bert.embeddings.LayerNorm.beta': 'bert.embeddings.LayerNorm.bias', 'bert.encoder.layer.0.attention.output.LayerNorm.beta': {...}, 'bert.encoder.layer.0.output.LayerNorm.beta': {...}, 'bert.encoder.layer.1.attention.output.LayerNorm.beta': {...}, 'bert.encoder.layer.1.output.LayerNorm.beta': {...}, 'bert.encoder.layer.10.attention.output.LayerNorm.beta': {...}, 'bert.encoder.layer.10.output.LayerNorm.beta': {...}, 'bert.encoder.layer.11.attention.output.LayerNorm.beta': {...}, 'bert.encoder.layer.11.output.LayerNorm.beta': {...}, 'bert.encoder.layer.2.attention.output.LayerNorm.beta': {...}, 'bert.encoder.layer.2.output.LayerNorm.beta': {...}, 'bert.encoder.layer.3.attention.output.LayerNorm.beta': {...}, 'bert.encoder.layer.3.output.LayerNorm.beta': {...}, 'bert.encoder.layer.4.attention.output.LayerNorm.beta': {...}, 'bert.encoder.layer.4.output.LayerNorm.beta': {...}, 'bert.encoder.layer.5.attention.output.LayerNorm.beta': {...}, 'bert.encoder.layer.5.output.LayerNorm.beta': {...}, 'bert.encoder.layer.6.attention.output.LayerNorm.beta': {...}, 'bert.encoder.layer.6.output.LayerNorm.beta': {...}, 'bert.encoder.layer.7.attention.output.LayerNorm.beta': {...}, 'bert.encoder.layer.7.output.LayerNorm.beta': {...}, 'bert.encoder.layer.8.attention.output.LayerNorm.beta': {...}, 'bert.encoder.layer.8.output.LayerNorm.beta': {...}, 'bert.encoder.layer.9.attention.output.LayerNorm.beta': {...}, 'bert.encoder.layer.9.output.LayerNorm.beta': {...}, 'cls.predictions.transform.LayerNorm.beta': {...}}`
* `bert.encoder.layer.2.output.LayerNorm.beta` -> `{'bert.embeddings.LayerNorm.beta': 'bert.embeddings.LayerNorm.bias', 'bert.encoder.layer.0.attention.output.LayerNorm.beta': {...}, 'bert.encoder.layer.0.output.LayerNorm.beta': {...}, 'bert.encoder.layer.1.attention.output.LayerNorm.beta': {...}, 'bert.encoder.layer.1.output.LayerNorm.beta': {...}, 'bert.encoder.layer.10.attention.output.LayerNorm.beta': {...}, 'bert.encoder.layer.10.output.LayerNorm.beta': {...}, 'bert.encoder.layer.11.attention.output.LayerNorm.beta': {...}, 'bert.encoder.layer.11.output.LayerNorm.beta': {...}, 'bert.encoder.layer.2.attention.output.LayerNorm.beta': {...}, 'bert.encoder.layer.2.output.LayerNorm.beta': {...}, 'bert.encoder.layer.3.attention.output.LayerNorm.beta': {...}, 'bert.encoder.layer.3.output.LayerNorm.beta': {...}, 'bert.encoder.layer.4.attention.output.LayerNorm.beta': {...}, 'bert.encoder.layer.4.output.LayerNorm.beta': {...}, 'bert.encoder.layer.5.attention.output.LayerNorm.beta': {...}, 'bert.encoder.layer.5.output.LayerNorm.beta': {...}, 'bert.encoder.layer.6.attention.output.LayerNorm.beta': {...}, 'bert.encoder.layer.6.output.LayerNorm.beta': {...}, 'bert.encoder.layer.7.attention.output.LayerNorm.beta': {...}, 'bert.encoder.layer.7.output.LayerNorm.beta': {...}, 'bert.encoder.layer.8.attention.output.LayerNorm.beta': {...}, 'bert.encoder.layer.8.output.LayerNorm.beta': {...}, 'bert.encoder.layer.9.attention.output.LayerNorm.beta': {...}, 'bert.encoder.layer.9.output.LayerNorm.beta': {...}, 'cls.predictions.transform.LayerNorm.beta': {...}}`
* `bert.encoder.layer.3.attention.output.LayerNorm.beta` -> `{'bert.embeddings.LayerNorm.beta': 'bert.embeddings.LayerNorm.bias', 'bert.encoder.layer.0.attention.output.LayerNorm.beta': {...}, 'bert.encoder.layer.0.output.LayerNorm.beta': {...}, 'bert.encoder.layer.1.attention.output.LayerNorm.beta': {...}, 'bert.encoder.layer.1.output.LayerNorm.beta': {...}, 'bert.encoder.layer.10.attention.output.LayerNorm.beta': {...}, 'bert.encoder.layer.10.output.LayerNorm.beta': {...}, 'bert.encoder.layer.11.attention.output.LayerNorm.beta': {...}, 'bert.encoder.layer.11.output.LayerNorm.beta': {...}, 'bert.encoder.layer.2.attention.output.LayerNorm.beta': {...}, 'bert.encoder.layer.2.output.LayerNorm.beta': {...}, 'bert.encoder.layer.3.attention.output.LayerNorm.beta': {...}, 'bert.encoder.layer.3.output.LayerNorm.beta': {...}, 'bert.encoder.layer.4.attention.output.LayerNorm.beta': {...}, 'bert.encoder.layer.4.output.LayerNorm.beta': {...}, 'bert.encoder.layer.5.attention.output.LayerNorm.beta': {...}, 'bert.encoder.layer.5.output.LayerNorm.beta': {...}, 'bert.encoder.layer.6.attention.output.LayerNorm.beta': {...}, 'bert.encoder.layer.6.output.LayerNorm.beta': {...}, 'bert.encoder.layer.7.attention.output.LayerNorm.beta': {...}, 'bert.encoder.layer.7.output.LayerNorm.beta': {...}, 'bert.encoder.layer.8.attention.output.LayerNorm.beta': {...}, 'bert.encoder.layer.8.output.LayerNorm.beta': {...}, 'bert.encoder.layer.9.attention.output.LayerNorm.beta': {...}, 'bert.encoder.layer.9.output.LayerNorm.beta': {...}, 'cls.predictions.transform.LayerNorm.beta': {...}}`
* `bert.encoder.layer.3.output.LayerNorm.beta` -> `{'bert.embeddings.LayerNorm.beta': 'bert.embeddings.LayerNorm.bias', 'bert.encoder.layer.0.attention.output.LayerNorm.beta': {...}, 'bert.encoder.layer.0.output.LayerNorm.beta': {...}, 'bert.encoder.layer.1.attention.output.LayerNorm.beta': {...}, 'bert.encoder.layer.1.output.LayerNorm.beta': {...}, 'bert.encoder.layer.10.attention.output.LayerNorm.beta': {...}, 'bert.encoder.layer.10.output.LayerNorm.beta': {...}, 'bert.encoder.layer.11.attention.output.LayerNorm.beta': {...}, 'bert.encoder.layer.11.output.LayerNorm.beta': {...}, 'bert.encoder.layer.2.attention.output.LayerNorm.beta': {...}, 'bert.encoder.layer.2.output.LayerNorm.beta': {...}, 'bert.encoder.layer.3.attention.output.LayerNorm.beta': {...}, 'bert.encoder.layer.3.output.LayerNorm.beta': {...}, 'bert.encoder.layer.4.attention.output.LayerNorm.beta': {...}, 'bert.encoder.layer.4.output.LayerNorm.beta': {...}, 'bert.encoder.layer.5.attention.output.LayerNorm.beta': {...}, 'bert.encoder.layer.5.output.LayerNorm.beta': {...}, 'bert.encoder.layer.6.attention.output.LayerNorm.beta': {...}, 'bert.encoder.layer.6.output.LayerNorm.beta': {...}, 'bert.encoder.layer.7.attention.output.LayerNorm.beta': {...}, 'bert.encoder.layer.7.output.LayerNorm.beta': {...}, 'bert.encoder.layer.8.attention.output.LayerNorm.beta': {...}, 'bert.encoder.layer.8.output.LayerNorm.beta': {...}, 'bert.encoder.layer.9.attention.output.LayerNorm.beta': {...}, 'bert.encoder.layer.9.output.LayerNorm.beta': {...}, 'cls.predictions.transform.LayerNorm.beta': {...}}`
* `bert.encoder.layer.4.attention.output.LayerNorm.beta` -> `{'bert.embeddings.LayerNorm.beta': 'bert.embeddings.LayerNorm.bias', 'bert.encoder.layer.0.attention.output.LayerNorm.beta': {...}, 'bert.encoder.layer.0.output.LayerNorm.beta': {...}, 'bert.encoder.layer.1.attention.output.LayerNorm.beta': {...}, 'bert.encoder.layer.1.output.LayerNorm.beta': {...}, 'bert.encoder.layer.10.attention.output.LayerNorm.beta': {...}, 'bert.encoder.layer.10.output.LayerNorm.beta': {...}, 'bert.encoder.layer.11.attention.output.LayerNorm.beta': {...}, 'bert.encoder.layer.11.output.LayerNorm.beta': {...}, 'bert.encoder.layer.2.attention.output.LayerNorm.beta': {...}, 'bert.encoder.layer.2.output.LayerNorm.beta': {...}, 'bert.encoder.layer.3.attention.output.LayerNorm.beta': {...}, 'bert.encoder.layer.3.output.LayerNorm.beta': {...}, 'bert.encoder.layer.4.attention.output.LayerNorm.beta': {...}, 'bert.encoder.layer.4.output.LayerNorm.beta': {...}, 'bert.encoder.layer.5.attention.output.LayerNorm.beta': {...}, 'bert.encoder.layer.5.output.LayerNorm.beta': {...}, 'bert.encoder.layer.6.attention.output.LayerNorm.beta': {...}, 'bert.encoder.layer.6.output.LayerNorm.beta': {...}, 'bert.encoder.layer.7.attention.output.LayerNorm.beta': {...}, 'bert.encoder.layer.7.output.LayerNorm.beta': {...}, 'bert.encoder.layer.8.attention.output.LayerNorm.beta': {...}, 'bert.encoder.layer.8.output.LayerNorm.beta': {...}, 'bert.encoder.layer.9.attention.output.LayerNorm.beta': {...}, 'bert.encoder.layer.9.output.LayerNorm.beta': {...}, 'cls.predictions.transform.LayerNorm.beta': {...}}`
* `bert.encoder.layer.4.output.LayerNorm.beta` -> `{'bert.embeddings.LayerNorm.beta': 'bert.embeddings.LayerNorm.bias', 'bert.encoder.layer.0.attention.output.LayerNorm.beta': {...}, 'bert.encoder.layer.0.output.LayerNorm.beta': {...}, 'bert.encoder.layer.1.attention.output.LayerNorm.beta': {...}, 'bert.encoder.layer.1.output.LayerNorm.beta': {...}, 'bert.encoder.layer.10.attention.output.LayerNorm.beta': {...}, 'bert.encoder.layer.10.output.LayerNorm.beta': {...}, 'bert.encoder.layer.11.attention.output.LayerNorm.beta': {...}, 'bert.encoder.layer.11.output.LayerNorm.beta': {...}, 'bert.encoder.layer.2.attention.output.LayerNorm.beta': {...}, 'bert.encoder.layer.2.output.LayerNorm.beta': {...}, 'bert.encoder.layer.3.attention.output.LayerNorm.beta': {...}, 'bert.encoder.layer.3.output.LayerNorm.beta': {...}, 'bert.encoder.layer.4.attention.output.LayerNorm.beta': {...}, 'bert.encoder.layer.4.output.LayerNorm.beta': {...}, 'bert.encoder.layer.5.attention.output.LayerNorm.beta': {...}, 'bert.encoder.layer.5.output.LayerNorm.beta': {...}, 'bert.encoder.layer.6.attention.output.LayerNorm.beta': {...}, 'bert.encoder.layer.6.output.LayerNorm.beta': {...}, 'bert.encoder.layer.7.attention.output.LayerNorm.beta': {...}, 'bert.encoder.layer.7.output.LayerNorm.beta': {...}, 'bert.encoder.layer.8.attention.output.LayerNorm.beta': {...}, 'bert.encoder.layer.8.output.LayerNorm.beta': {...}, 'bert.encoder.layer.9.attention.output.LayerNorm.beta': {...}, 'bert.encoder.layer.9.output.LayerNorm.beta': {...}, 'cls.predictions.transform.LayerNorm.beta': {...}}`
* `bert.encoder.layer.5.attention.output.LayerNorm.beta` -> `{'bert.embeddings.LayerNorm.beta': 'bert.embeddings.LayerNorm.bias', 'bert.encoder.layer.0.attention.output.LayerNorm.beta': {...}, 'bert.encoder.layer.0.output.LayerNorm.beta': {...}, 'bert.encoder.layer.1.attention.output.LayerNorm.beta': {...}, 'bert.encoder.layer.1.output.LayerNorm.beta': {...}, 'bert.encoder.layer.10.attention.output.LayerNorm.beta': {...}, 'bert.encoder.layer.10.output.LayerNorm.beta': {...}, 'bert.encoder.layer.11.attention.output.LayerNorm.beta': {...}, 'bert.encoder.layer.11.output.LayerNorm.beta': {...}, 'bert.encoder.layer.2.attention.output.LayerNorm.beta': {...}, 'bert.encoder.layer.2.output.LayerNorm.beta': {...}, 'bert.encoder.layer.3.attention.output.LayerNorm.beta': {...}, 'bert.encoder.layer.3.output.LayerNorm.beta': {...}, 'bert.encoder.layer.4.attention.output.LayerNorm.beta': {...}, 'bert.encoder.layer.4.output.LayerNorm.beta': {...}, 'bert.encoder.layer.5.attention.output.LayerNorm.beta': {...}, 'bert.encoder.layer.5.output.LayerNorm.beta': {...}, 'bert.encoder.layer.6.attention.output.LayerNorm.beta': {...}, 'bert.encoder.layer.6.output.LayerNorm.beta': {...}, 'bert.encoder.layer.7.attention.output.LayerNorm.beta': {...}, 'bert.encoder.layer.7.output.LayerNorm.beta': {...}, 'bert.encoder.layer.8.attention.output.LayerNorm.beta': {...}, 'bert.encoder.layer.8.output.LayerNorm.beta': {...}, 'bert.encoder.layer.9.attention.output.LayerNorm.beta': {...}, 'bert.encoder.layer.9.output.LayerNorm.beta': {...}, 'cls.predictions.transform.LayerNorm.beta': {...}}`
* `bert.encoder.layer.5.output.LayerNorm.beta` -> `{'bert.embeddings.LayerNorm.beta': 'bert.embeddings.LayerNorm.bias', 'bert.encoder.layer.0.attention.output.LayerNorm.beta': {...}, 'bert.encoder.layer.0.output.LayerNorm.beta': {...}, 'bert.encoder.layer.1.attention.output.LayerNorm.beta': {...}, 'bert.encoder.layer.1.output.LayerNorm.beta': {...}, 'bert.encoder.layer.10.attention.output.LayerNorm.beta': {...}, 'bert.encoder.layer.10.output.LayerNorm.beta': {...}, 'bert.encoder.layer.11.attention.output.LayerNorm.beta': {...}, 'bert.encoder.layer.11.output.LayerNorm.beta': {...}, 'bert.encoder.layer.2.attention.output.LayerNorm.beta': {...}, 'bert.encoder.layer.2.output.LayerNorm.beta': {...}, 'bert.encoder.layer.3.attention.output.LayerNorm.beta': {...}, 'bert.encoder.layer.3.output.LayerNorm.beta': {...}, 'bert.encoder.layer.4.attention.output.LayerNorm.beta': {...}, 'bert.encoder.layer.4.output.LayerNorm.beta': {...}, 'bert.encoder.layer.5.attention.output.LayerNorm.beta': {...}, 'bert.encoder.layer.5.output.LayerNorm.beta': {...}, 'bert.encoder.layer.6.attention.output.LayerNorm.beta': {...}, 'bert.encoder.layer.6.output.LayerNorm.beta': {...}, 'bert.encoder.layer.7.attention.output.LayerNorm.beta': {...}, 'bert.encoder.layer.7.output.LayerNorm.beta': {...}, 'bert.encoder.layer.8.attention.output.LayerNorm.beta': {...}, 'bert.encoder.layer.8.output.LayerNorm.beta': {...}, 'bert.encoder.layer.9.attention.output.LayerNorm.beta': {...}, 'bert.encoder.layer.9.output.LayerNorm.beta': {...}, 'cls.predictions.transform.LayerNorm.beta': {...}}`
* `bert.encoder.layer.6.attention.output.LayerNorm.beta` -> `{'bert.embeddings.LayerNorm.beta': 'bert.embeddings.LayerNorm.bias', 'bert.encoder.layer.0.attention.output.LayerNorm.beta': {...}, 'bert.encoder.layer.0.output.LayerNorm.beta': {...}, 'bert.encoder.layer.1.attention.output.LayerNorm.beta': {...}, 'bert.encoder.layer.1.output.LayerNorm.beta': {...}, 'bert.encoder.layer.10.attention.output.LayerNorm.beta': {...}, 'bert.encoder.layer.10.output.LayerNorm.beta': {...}, 'bert.encoder.layer.11.attention.output.LayerNorm.beta': {...}, 'bert.encoder.layer.11.output.LayerNorm.beta': {...}, 'bert.encoder.layer.2.attention.output.LayerNorm.beta': {...}, 'bert.encoder.layer.2.output.LayerNorm.beta': {...}, 'bert.encoder.layer.3.attention.output.LayerNorm.beta': {...}, 'bert.encoder.layer.3.output.LayerNorm.beta': {...}, 'bert.encoder.layer.4.attention.output.LayerNorm.beta': {...}, 'bert.encoder.layer.4.output.LayerNorm.beta': {...}, 'bert.encoder.layer.5.attention.output.LayerNorm.beta': {...}, 'bert.encoder.layer.5.output.LayerNorm.beta': {...}, 'bert.encoder.layer.6.attention.output.LayerNorm.beta': {...}, 'bert.encoder.layer.6.output.LayerNorm.beta': {...}, 'bert.encoder.layer.7.attention.output.LayerNorm.beta': {...}, 'bert.encoder.layer.7.output.LayerNorm.beta': {...}, 'bert.encoder.layer.8.attention.output.LayerNorm.beta': {...}, 'bert.encoder.layer.8.output.LayerNorm.beta': {...}, 'bert.encoder.layer.9.attention.output.LayerNorm.beta': {...}, 'bert.encoder.layer.9.output.LayerNorm.beta': {...}, 'cls.predictions.transform.LayerNorm.beta': {...}}`
* `bert.encoder.layer.6.output.LayerNorm.beta` -> `{'bert.embeddings.LayerNorm.beta': 'bert.embeddings.LayerNorm.bias', 'bert.encoder.layer.0.attention.output.LayerNorm.beta': {...}, 'bert.encoder.layer.0.output.LayerNorm.beta': {...}, 'bert.encoder.layer.1.attention.output.LayerNorm.beta': {...}, 'bert.encoder.layer.1.output.LayerNorm.beta': {...}, 'bert.encoder.layer.10.attention.output.LayerNorm.beta': {...}, 'bert.encoder.layer.10.output.LayerNorm.beta': {...}, 'bert.encoder.layer.11.attention.output.LayerNorm.beta': {...}, 'bert.encoder.layer.11.output.LayerNorm.beta': {...}, 'bert.encoder.layer.2.attention.output.LayerNorm.beta': {...}, 'bert.encoder.layer.2.output.LayerNorm.beta': {...}, 'bert.encoder.layer.3.attention.output.LayerNorm.beta': {...}, 'bert.encoder.layer.3.output.LayerNorm.beta': {...}, 'bert.encoder.layer.4.attention.output.LayerNorm.beta': {...}, 'bert.encoder.layer.4.output.LayerNorm.beta': {...}, 'bert.encoder.layer.5.attention.output.LayerNorm.beta': {...}, 'bert.encoder.layer.5.output.LayerNorm.beta': {...}, 'bert.encoder.layer.6.attention.output.LayerNorm.beta': {...}, 'bert.encoder.layer.6.output.LayerNorm.beta': {...}, 'bert.encoder.layer.7.attention.output.LayerNorm.beta': {...}, 'bert.encoder.layer.7.output.LayerNorm.beta': {...}, 'bert.encoder.layer.8.attention.output.LayerNorm.beta': {...}, 'bert.encoder.layer.8.output.LayerNorm.beta': {...}, 'bert.encoder.layer.9.attention.output.LayerNorm.beta': {...}, 'bert.encoder.layer.9.output.LayerNorm.beta': {...}, 'cls.predictions.transform.LayerNorm.beta': {...}}`
* `bert.encoder.layer.7.attention.output.LayerNorm.beta` -> `{'bert.embeddings.LayerNorm.beta': 'bert.embeddings.LayerNorm.bias', 'bert.encoder.layer.0.attention.output.LayerNorm.beta': {...}, 'bert.encoder.layer.0.output.LayerNorm.beta': {...}, 'bert.encoder.layer.1.attention.output.LayerNorm.beta': {...}, 'bert.encoder.layer.1.output.LayerNorm.beta': {...}, 'bert.encoder.layer.10.attention.output.LayerNorm.beta': {...}, 'bert.encoder.layer.10.output.LayerNorm.beta': {...}, 'bert.encoder.layer.11.attention.output.LayerNorm.beta': {...}, 'bert.encoder.layer.11.output.LayerNorm.beta': {...}, 'bert.encoder.layer.2.attention.output.LayerNorm.beta': {...}, 'bert.encoder.layer.2.output.LayerNorm.beta': {...}, 'bert.encoder.layer.3.attention.output.LayerNorm.beta': {...}, 'bert.encoder.layer.3.output.LayerNorm.beta': {...}, 'bert.encoder.layer.4.attention.output.LayerNorm.beta': {...}, 'bert.encoder.layer.4.output.LayerNorm.beta': {...}, 'bert.encoder.layer.5.attention.output.LayerNorm.beta': {...}, 'bert.encoder.layer.5.output.LayerNorm.beta': {...}, 'bert.encoder.layer.6.attention.output.LayerNorm.beta': {...}, 'bert.encoder.layer.6.output.LayerNorm.beta': {...}, 'bert.encoder.layer.7.attention.output.LayerNorm.beta': {...}, 'bert.encoder.layer.7.output.LayerNorm.beta': {...}, 'bert.encoder.layer.8.attention.output.LayerNorm.beta': {...}, 'bert.encoder.layer.8.output.LayerNorm.beta': {...}, 'bert.encoder.layer.9.attention.output.LayerNorm.beta': {...}, 'bert.encoder.layer.9.output.LayerNorm.beta': {...}, 'cls.predictions.transform.LayerNorm.beta': {...}}`
* `bert.encoder.layer.7.output.LayerNorm.beta` -> `{'bert.embeddings.LayerNorm.beta': 'bert.embeddings.LayerNorm.bias', 'bert.encoder.layer.0.attention.output.LayerNorm.beta': {...}, 'bert.encoder.layer.0.output.LayerNorm.beta': {...}, 'bert.encoder.layer.1.attention.output.LayerNorm.beta': {...}, 'bert.encoder.layer.1.output.LayerNorm.beta': {...}, 'bert.encoder.layer.10.attention.output.LayerNorm.beta': {...}, 'bert.encoder.layer.10.output.LayerNorm.beta': {...}, 'bert.encoder.layer.11.attention.output.LayerNorm.beta': {...}, 'bert.encoder.layer.11.output.LayerNorm.beta': {...}, 'bert.encoder.layer.2.attention.output.LayerNorm.beta': {...}, 'bert.encoder.layer.2.output.LayerNorm.beta': {...}, 'bert.encoder.layer.3.attention.output.LayerNorm.beta': {...}, 'bert.encoder.layer.3.output.LayerNorm.beta': {...}, 'bert.encoder.layer.4.attention.output.LayerNorm.beta': {...}, 'bert.encoder.layer.4.output.LayerNorm.beta': {...}, 'bert.encoder.layer.5.attention.output.LayerNorm.beta': {...}, 'bert.encoder.layer.5.output.LayerNorm.beta': {...}, 'bert.encoder.layer.6.attention.output.LayerNorm.beta': {...}, 'bert.encoder.layer.6.output.LayerNorm.beta': {...}, 'bert.encoder.layer.7.attention.output.LayerNorm.beta': {...}, 'bert.encoder.layer.7.output.LayerNorm.beta': {...}, 'bert.encoder.layer.8.attention.output.LayerNorm.beta': {...}, 'bert.encoder.layer.8.output.LayerNorm.beta': {...}, 'bert.encoder.layer.9.attention.output.LayerNorm.beta': {...}, 'bert.encoder.layer.9.output.LayerNorm.beta': {...}, 'cls.predictions.transform.LayerNorm.beta': {...}}`
* `bert.encoder.layer.8.attention.output.LayerNorm.beta` -> `{'bert.embeddings.LayerNorm.beta': 'bert.embeddings.LayerNorm.bias', 'bert.encoder.layer.0.attention.output.LayerNorm.beta': {...}, 'bert.encoder.layer.0.output.LayerNorm.beta': {...}, 'bert.encoder.layer.1.attention.output.LayerNorm.beta': {...}, 'bert.encoder.layer.1.output.LayerNorm.beta': {...}, 'bert.encoder.layer.10.attention.output.LayerNorm.beta': {...}, 'bert.encoder.layer.10.output.LayerNorm.beta': {...}, 'bert.encoder.layer.11.attention.output.LayerNorm.beta': {...}, 'bert.encoder.layer.11.output.LayerNorm.beta': {...}, 'bert.encoder.layer.2.attention.output.LayerNorm.beta': {...}, 'bert.encoder.layer.2.output.LayerNorm.beta': {...}, 'bert.encoder.layer.3.attention.output.LayerNorm.beta': {...}, 'bert.encoder.layer.3.output.LayerNorm.beta': {...}, 'bert.encoder.layer.4.attention.output.LayerNorm.beta': {...}, 'bert.encoder.layer.4.output.LayerNorm.beta': {...}, 'bert.encoder.layer.5.attention.output.LayerNorm.beta': {...}, 'bert.encoder.layer.5.output.LayerNorm.beta': {...}, 'bert.encoder.layer.6.attention.output.LayerNorm.beta': {...}, 'bert.encoder.layer.6.output.LayerNorm.beta': {...}, 'bert.encoder.layer.7.attention.output.LayerNorm.beta': {...}, 'bert.encoder.layer.7.output.LayerNorm.beta': {...}, 'bert.encoder.layer.8.attention.output.LayerNorm.beta': {...}, 'bert.encoder.layer.8.output.LayerNorm.beta': {...}, 'bert.encoder.layer.9.attention.output.LayerNorm.beta': {...}, 'bert.encoder.layer.9.output.LayerNorm.beta': {...}, 'cls.predictions.transform.LayerNorm.beta': {...}}`
* `bert.encoder.layer.8.output.LayerNorm.beta` -> `{'bert.embeddings.LayerNorm.beta': 'bert.embeddings.LayerNorm.bias', 'bert.encoder.layer.0.attention.output.LayerNorm.beta': {...}, 'bert.encoder.layer.0.output.LayerNorm.beta': {...}, 'bert.encoder.layer.1.attention.output.LayerNorm.beta': {...}, 'bert.encoder.layer.1.output.LayerNorm.beta': {...}, 'bert.encoder.layer.10.attention.output.LayerNorm.beta': {...}, 'bert.encoder.layer.10.output.LayerNorm.beta': {...}, 'bert.encoder.layer.11.attention.output.LayerNorm.beta': {...}, 'bert.encoder.layer.11.output.LayerNorm.beta': {...}, 'bert.encoder.layer.2.attention.output.LayerNorm.beta': {...}, 'bert.encoder.layer.2.output.LayerNorm.beta': {...}, 'bert.encoder.layer.3.attention.output.LayerNorm.beta': {...}, 'bert.encoder.layer.3.output.LayerNorm.beta': {...}, 'bert.encoder.layer.4.attention.output.LayerNorm.beta': {...}, 'bert.encoder.layer.4.output.LayerNorm.beta': {...}, 'bert.encoder.layer.5.attention.output.LayerNorm.beta': {...}, 'bert.encoder.layer.5.output.LayerNorm.beta': {...}, 'bert.encoder.layer.6.attention.output.LayerNorm.beta': {...}, 'bert.encoder.layer.6.output.LayerNorm.beta': {...}, 'bert.encoder.layer.7.attention.output.LayerNorm.beta': {...}, 'bert.encoder.layer.7.output.LayerNorm.beta': {...}, 'bert.encoder.layer.8.attention.output.LayerNorm.beta': {...}, 'bert.encoder.layer.8.output.LayerNorm.beta': {...}, 'bert.encoder.layer.9.attention.output.LayerNorm.beta': {...}, 'bert.encoder.layer.9.output.LayerNorm.beta': {...}, 'cls.predictions.transform.LayerNorm.beta': {...}}`
* `bert.encoder.layer.9.attention.output.LayerNorm.beta` -> `{'bert.embeddings.LayerNorm.beta': 'bert.embeddings.LayerNorm.bias', 'bert.encoder.layer.0.attention.output.LayerNorm.beta': {...}, 'bert.encoder.layer.0.output.LayerNorm.beta': {...}, 'bert.encoder.layer.1.attention.output.LayerNorm.beta': {...}, 'bert.encoder.layer.1.output.LayerNorm.beta': {...}, 'bert.encoder.layer.10.attention.output.LayerNorm.beta': {...}, 'bert.encoder.layer.10.output.LayerNorm.beta': {...}, 'bert.encoder.layer.11.attention.output.LayerNorm.beta': {...}, 'bert.encoder.layer.11.output.LayerNorm.beta': {...}, 'bert.encoder.layer.2.attention.output.LayerNorm.beta': {...}, 'bert.encoder.layer.2.output.LayerNorm.beta': {...}, 'bert.encoder.layer.3.attention.output.LayerNorm.beta': {...}, 'bert.encoder.layer.3.output.LayerNorm.beta': {...}, 'bert.encoder.layer.4.attention.output.LayerNorm.beta': {...}, 'bert.encoder.layer.4.output.LayerNorm.beta': {...}, 'bert.encoder.layer.5.attention.output.LayerNorm.beta': {...}, 'bert.encoder.layer.5.output.LayerNorm.beta': {...}, 'bert.encoder.layer.6.attention.output.LayerNorm.beta': {...}, 'bert.encoder.layer.6.output.LayerNorm.beta': {...}, 'bert.encoder.layer.7.attention.output.LayerNorm.beta': {...}, 'bert.encoder.layer.7.output.LayerNorm.beta': {...}, 'bert.encoder.layer.8.attention.output.LayerNorm.beta': {...}, 'bert.encoder.layer.8.output.LayerNorm.beta': {...}, 'bert.encoder.layer.9.attention.output.LayerNorm.beta': {...}, 'bert.encoder.layer.9.output.LayerNorm.beta': {...}, 'cls.predictions.transform.LayerNorm.beta': {...}}`
* `bert.encoder.layer.9.output.LayerNorm.beta` -> `{'bert.embeddings.LayerNorm.beta': 'bert.embeddings.LayerNorm.bias', 'bert.encoder.layer.0.attention.output.LayerNorm.beta': {...}, 'bert.encoder.layer.0.output.LayerNorm.beta': {...}, 'bert.encoder.layer.1.attention.output.LayerNorm.beta': {...}, 'bert.encoder.layer.1.output.LayerNorm.beta': {...}, 'bert.encoder.layer.10.attention.output.LayerNorm.beta': {...}, 'bert.encoder.layer.10.output.LayerNorm.beta': {...}, 'bert.encoder.layer.11.attention.output.LayerNorm.beta': {...}, 'bert.encoder.layer.11.output.LayerNorm.beta': {...}, 'bert.encoder.layer.2.attention.output.LayerNorm.beta': {...}, 'bert.encoder.layer.2.output.LayerNorm.beta': {...}, 'bert.encoder.layer.3.attention.output.LayerNorm.beta': {...}, 'bert.encoder.layer.3.output.LayerNorm.beta': {...}, 'bert.encoder.layer.4.attention.output.LayerNorm.beta': {...}, 'bert.encoder.layer.4.output.LayerNorm.beta': {...}, 'bert.encoder.layer.5.attention.output.LayerNorm.beta': {...}, 'bert.encoder.layer.5.output.LayerNorm.beta': {...}, 'bert.encoder.layer.6.attention.output.LayerNorm.beta': {...}, 'bert.encoder.layer.6.output.LayerNorm.beta': {...}, 'bert.encoder.layer.7.attention.output.LayerNorm.beta': {...}, 'bert.encoder.layer.7.output.LayerNorm.beta': {...}, 'bert.encoder.layer.8.attention.output.LayerNorm.beta': {...}, 'bert.encoder.layer.8.output.LayerNorm.beta': {...}, 'bert.encoder.layer.9.attention.output.LayerNorm.beta': {...}, 'bert.encoder.layer.9.output.LayerNorm.beta': {...}, 'cls.predictions.transform.LayerNorm.beta': {...}}`
* `cls.predictions.transform.LayerNorm.beta` -> `{'bert.embeddings.LayerNorm.beta': 'bert.embeddings.LayerNorm.bias', 'bert.encoder.layer.0.attention.output.LayerNorm.beta': {...}, 'bert.encoder.layer.0.output.LayerNorm.beta': {...}, 'bert.encoder.layer.1.attention.output.LayerNorm.beta': {...}, 'bert.encoder.layer.1.output.LayerNorm.beta': {...}, 'bert.encoder.layer.10.attention.output.LayerNorm.beta': {...}, 'bert.encoder.layer.10.output.LayerNorm.beta': {...}, 'bert.encoder.layer.11.attention.output.LayerNorm.beta': {...}, 'bert.encoder.layer.11.output.LayerNorm.beta': {...}, 'bert.encoder.layer.2.attention.output.LayerNorm.beta': {...}, 'bert.encoder.layer.2.output.LayerNorm.beta': {...}, 'bert.encoder.layer.3.attention.output.LayerNorm.beta': {...}, 'bert.encoder.layer.3.output.LayerNorm.beta': {...}, 'bert.encoder.layer.4.attention.output.LayerNorm.beta': {...}, 'bert.encoder.layer.4.output.LayerNorm.beta': {...}, 'bert.encoder.layer.5.attention.output.LayerNorm.beta': {...}, 'bert.encoder.layer.5.output.LayerNorm.beta': {...}, 'bert.encoder.layer.6.attention.output.LayerNorm.beta': {...}, 'bert.encoder.layer.6.output.LayerNorm.beta': {...}, 'bert.encoder.layer.7.attention.output.LayerNorm.beta': {...}, 'bert.encoder.layer.7.output.LayerNorm.beta': {...}, 'bert.encoder.layer.8.attention.output.LayerNorm.beta': {...}, 'bert.encoder.layer.8.output.LayerNorm.beta': {...}, 'bert.encoder.layer.9.attention.output.LayerNorm.beta': {...}, 'bert.encoder.layer.9.output.LayerNorm.beta': {...}, 'cls.predictions.transform.LayerNorm.beta': {...}}`
If you are using a model from the Hub, consider submitting a PR to adjust these weights and help future users.
Some weights of the model checkpoint at bert-base-uncased were not used when initializing BertModel: ['cls.predictions.bias', 'cls.predictions.transform.LayerNorm.bias', 'cls.predictions.transform.LayerNorm.weight', 'cls.predictions.transform.dense.bias', 'cls.predictions.transform.dense.weight', 'cls.seq_relationship.bias', 'cls.seq_relationship.weight']
- This IS expected if you are initializing BertModel from the checkpoint of a model trained on another task or with another architecture (e.g. initializing a BertForSequenceClassification model from a BertForPreTraining model).
- This IS NOT expected if you are initializing BertModel from the checkpoint of a model that you expect to be exactly identical (initializing a BertForSequenceClassification model from a BertForSequenceClassification model).
All the weights of BertModel were initialized from the model checkpoint at bert-base-uncased.
If your task is similar to the task the model of the checkpoint was trained on, you can already use BertModel for predictions without further training.
/home/impulse/wang2/msa/.mmsa-reference/papers/HSCL/src/modules/encoders.py:123: UserWarning: enable_nested_tensor is True, but self.use_nested_tensor is False because encoder_layer.self_attn.batch_first was not True(use batch_first for better inference performance)
  self.transformer_encoder = TransformerEncoder(encoder_layers, nlayers)
--------------------------------------------------
Epoch  1 | Time 7.0851 sec | Valid Loss 1.1825 | Test Loss 1.1080
--------------------------------------------------
MAE:  1.1080021
Correlation Coefficient:  0.5535661403717289
mult_acc_7:  0.24927113702623907
mult_acc_5:  0.26676384839650147
F1 score all/non0: 0.7048/0.7353 over 686/656
Accuracy all/non0: 0.7259/0.753
--------------------------------------------------
Saved model at pre_trained_models/MM.pt!
--------------------------------------------------
Epoch  2 | Time 6.8529 sec | Valid Loss 0.8616 | Test Loss 0.8989
--------------------------------------------------
MAE:  0.898879
Correlation Coefficient:  0.7369664017835673
mult_acc_7:  0.3469387755102041
mult_acc_5:  0.3717201166180758
F1 score all/non0: 0.8057/0.8283 over 686/656
Accuracy all/non0: 0.8076/0.8293
--------------------------------------------------
Saved model at pre_trained_models/MM.pt!
--------------------------------------------------
Epoch  3 | Time 6.9469 sec | Valid Loss 0.8153 | Test Loss 0.7729
--------------------------------------------------
MAE:  0.77294546
Correlation Coefficient:  0.7718957020105164
mult_acc_7:  0.40233236151603496
mult_acc_5:  0.4402332361516035
F1 score all/non0: 0.8178/0.8442 over 686/656
Accuracy all/non0: 0.8207/0.846
--------------------------------------------------
Saved model at pre_trained_models/MM.pt!
--------------------------------------------------
Epoch  4 | Time 6.8939 sec | Valid Loss 0.8722 | Test Loss 0.8558
--------------------------------------------------
--------------------------------------------------
Epoch  5 | Time 6.8116 sec | Valid Loss 0.7345 | Test Loss 0.7424
--------------------------------------------------
MAE:  0.74236155
Correlation Coefficient:  0.7802683213656462
mult_acc_7:  0.4329446064139942
mult_acc_5:  0.5072886297376094
F1 score all/non0: 0.8344/0.8518 over 686/656
Accuracy all/non0: 0.8353/0.8521
--------------------------------------------------
Saved model at pre_trained_models/MM.pt!
--------------------------------------------------
Epoch  6 | Time 6.8351 sec | Valid Loss 0.8076 | Test Loss 0.7969
--------------------------------------------------
--------------------------------------------------
Epoch  7 | Time 6.8883 sec | Valid Loss 0.7375 | Test Loss 0.7590
--------------------------------------------------
--------------------------------------------------
Epoch  8 | Time 6.8397 sec | Valid Loss 0.7753 | Test Loss 0.7909
--------------------------------------------------
--------------------------------------------------
Epoch  9 | Time 6.8415 sec | Valid Loss 0.7178 | Test Loss 0.7516
--------------------------------------------------
--------------------------------------------------
Epoch 10 | Time 6.8216 sec | Valid Loss 0.7481 | Test Loss 0.7877
--------------------------------------------------
--------------------------------------------------
Epoch 11 | Time 6.8154 sec | Valid Loss 0.7434 | Test Loss 0.7373
--------------------------------------------------
--------------------------------------------------
Epoch 12 | Time 6.9339 sec | Valid Loss 0.6952 | Test Loss 0.7162
--------------------------------------------------
MAE:  0.7162183
Correlation Coefficient:  0.7962115379021989
mult_acc_7:  0.46647230320699706
mult_acc_5:  0.5291545189504373
F1 score all/non0: 0.8245/0.8445 over 686/656
Accuracy all/non0: 0.8251/0.8445
--------------------------------------------------
Saved model at pre_trained_models/MM.pt!
--------------------------------------------------
Epoch 13 | Time 6.8264 sec | Valid Loss 0.7197 | Test Loss 0.7464
--------------------------------------------------
--------------------------------------------------
Epoch 14 | Time 6.8173 sec | Valid Loss 0.6964 | Test Loss 0.7014
--------------------------------------------------
--------------------------------------------------
Epoch 15 | Time 6.8454 sec | Valid Loss 0.6885 | Test Loss 0.7019
--------------------------------------------------
MAE:  0.7018907
Correlation Coefficient:  0.7998849066887004
mult_acc_7:  0.4897959183673469
mult_acc_5:  0.5524781341107872
F1 score all/non0: 0.824/0.8441 over 686/656
Accuracy all/non0: 0.8251/0.8445
--------------------------------------------------
Saved model at pre_trained_models/MM.pt!
--------------------------------------------------
Epoch 16 | Time 6.8742 sec | Valid Loss 0.6966 | Test Loss 0.7037
--------------------------------------------------
--------------------------------------------------
Epoch 17 | Time 6.8187 sec | Valid Loss 0.6976 | Test Loss 0.7036
--------------------------------------------------
--------------------------------------------------
Epoch 18 | Time 6.8307 sec | Valid Loss 0.7044 | Test Loss 0.7212
--------------------------------------------------
--------------------------------------------------
Epoch 19 | Time 6.8430 sec | Valid Loss 0.6947 | Test Loss 0.7035
--------------------------------------------------
--------------------------------------------------
Epoch 20 | Time 6.8105 sec | Valid Loss 0.6970 | Test Loss 0.7133
--------------------------------------------------
MAE:  0.7018907
Correlation Coefficient:  0.7998849066887004
mult_acc_7:  0.4897959183673469
mult_acc_5:  0.5524781341107872
F1 score all/non0: 0.824/0.8441 over 686/656
Accuracy all/non0: 0.8251/0.8445
--------------------------------------------------
